Archive member included to satisfy reference by file (symbol)

d:/program files (x86)/arm gnu toolchain arm-none-eabi/12.2 rel1/bin/../lib/gcc/arm-none-eabi/12.2.1/thumb/v6-m/nofp\libgcc.a(_dvmd_tls.o)
                              CMakeFiles/test.dir/D_/Pico/pico-sdk/src/rp2_common/pico_divider/divider.S.obj (__aeabi_idiv0)
d:/program files (x86)/arm gnu toolchain arm-none-eabi/12.2 rel1/bin/../lib/gcc/arm-none-eabi/12.2.1/thumb/v6-m/nofp\libg.a(libc_a-calloc.o)
                              CMakeFiles/test.dir/D_/Pico/pico-sdk/src/rp2_common/pico_malloc/pico_malloc.c.obj (calloc)
d:/program files (x86)/arm gnu toolchain arm-none-eabi/12.2 rel1/bin/../lib/gcc/arm-none-eabi/12.2.1/thumb/v6-m/nofp\libg.a(libc_a-callocr.o)
                              d:/program files (x86)/arm gnu toolchain arm-none-eabi/12.2 rel1/bin/../lib/gcc/arm-none-eabi/12.2.1/thumb/v6-m/nofp\libg.a(libc_a-calloc.o) (_calloc_r)
d:/program files (x86)/arm gnu toolchain arm-none-eabi/12.2 rel1/bin/../lib/gcc/arm-none-eabi/12.2.1/thumb/v6-m/nofp\libg.a(libc_a-malloc.o)
                              CMakeFiles/test.dir/D_/Pico/pico-sdk/src/rp2_common/pico_malloc/pico_malloc.c.obj (malloc)
d:/program files (x86)/arm gnu toolchain arm-none-eabi/12.2 rel1/bin/../lib/gcc/arm-none-eabi/12.2.1/thumb/v6-m/nofp\libg.a(libc_a-mallocr.o)
                              d:/program files (x86)/arm gnu toolchain arm-none-eabi/12.2 rel1/bin/../lib/gcc/arm-none-eabi/12.2.1/thumb/v6-m/nofp\libg.a(libc_a-callocr.o) (_malloc_r)
d:/program files (x86)/arm gnu toolchain arm-none-eabi/12.2 rel1/bin/../lib/gcc/arm-none-eabi/12.2.1/thumb/v6-m/nofp\libg.a(libc_a-mlock.o)
                              d:/program files (x86)/arm gnu toolchain arm-none-eabi/12.2 rel1/bin/../lib/gcc/arm-none-eabi/12.2.1/thumb/v6-m/nofp\libg.a(libc_a-mallocr.o) (__malloc_lock)
d:/program files (x86)/arm gnu toolchain arm-none-eabi/12.2 rel1/bin/../lib/gcc/arm-none-eabi/12.2.1/thumb/v6-m/nofp\libg.a(libc_a-realloc.o)
                              CMakeFiles/test.dir/D_/Pico/pico-sdk/src/rp2_common/pico_malloc/pico_malloc.c.obj (realloc)
d:/program files (x86)/arm gnu toolchain arm-none-eabi/12.2 rel1/bin/../lib/gcc/arm-none-eabi/12.2.1/thumb/v6-m/nofp\libg.a(libc_a-reallocr.o)
                              d:/program files (x86)/arm gnu toolchain arm-none-eabi/12.2 rel1/bin/../lib/gcc/arm-none-eabi/12.2.1/thumb/v6-m/nofp\libg.a(libc_a-realloc.o) (_realloc_r)
d:/program files (x86)/arm gnu toolchain arm-none-eabi/12.2 rel1/bin/../lib/gcc/arm-none-eabi/12.2.1/thumb/v6-m/nofp\libg.a(libc_a-ctype_.o)
                              CMakeFiles/test.dir/D_/Pico/pico-sdk/lib/tinyusb/src/tusb.c.obj (_ctype_)
d:/program files (x86)/arm gnu toolchain arm-none-eabi/12.2 rel1/bin/../lib/gcc/arm-none-eabi/12.2.1/thumb/v6-m/nofp\libg.a(libc_a-memmove.o)
                              d:/program files (x86)/arm gnu toolchain arm-none-eabi/12.2 rel1/bin/../lib/gcc/arm-none-eabi/12.2.1/thumb/v6-m/nofp\libg.a(libc_a-reallocr.o) (memmove)
d:/program files (x86)/arm gnu toolchain arm-none-eabi/12.2 rel1/bin/../lib/gcc/arm-none-eabi/12.2.1/thumb/v6-m/nofp\libg.a(libc_a-impure.o)
                              d:/program files (x86)/arm gnu toolchain arm-none-eabi/12.2 rel1/bin/../lib/gcc/arm-none-eabi/12.2.1/thumb/v6-m/nofp\libg.a(libc_a-calloc.o) (_impure_ptr)
d:/program files (x86)/arm gnu toolchain arm-none-eabi/12.2 rel1/bin/../lib/gcc/arm-none-eabi/12.2.1/thumb/v6-m/nofp\libg.a(libc_a-sbrkr.o)
                              d:/program files (x86)/arm gnu toolchain arm-none-eabi/12.2 rel1/bin/../lib/gcc/arm-none-eabi/12.2.1/thumb/v6-m/nofp\libg.a(libc_a-mallocr.o) (_sbrk_r)
d:/program files (x86)/arm gnu toolchain arm-none-eabi/12.2 rel1/bin/../lib/gcc/arm-none-eabi/12.2.1/thumb/v6-m/nofp\libg.a(libc_a-errno.o)
                              d:/program files (x86)/arm gnu toolchain arm-none-eabi/12.2 rel1/bin/../lib/gcc/arm-none-eabi/12.2.1/thumb/v6-m/nofp\libg.a(libc_a-callocr.o) (__errno)
d:/program files (x86)/arm gnu toolchain arm-none-eabi/12.2 rel1/bin/../lib/gcc/arm-none-eabi/12.2.1/thumb/v6-m/nofp\libg.a(libc_a-init.o)
                              d:/program files (x86)/arm gnu toolchain arm-none-eabi/12.2 rel1/bin/../lib/gcc/arm-none-eabi/12.2.1/thumb/v6-m/nofp/crt0.o (__libc_init_array)
d:/program files (x86)/arm gnu toolchain arm-none-eabi/12.2 rel1/bin/../lib/gcc/arm-none-eabi/12.2.1/thumb/v6-m/nofp\libg.a(libc_a-lock.o)
                              d:/program files (x86)/arm gnu toolchain arm-none-eabi/12.2 rel1/bin/../lib/gcc/arm-none-eabi/12.2.1/thumb/v6-m/nofp\libg.a(libc_a-mlock.o) (__retarget_lock_acquire_recursive)
d:/program files (x86)/arm gnu toolchain arm-none-eabi/12.2 rel1/bin/../lib/gcc/arm-none-eabi/12.2.1/thumb/v6-m/nofp\libg.a(libc_a-sysconf.o)
                              d:/program files (x86)/arm gnu toolchain arm-none-eabi/12.2 rel1/bin/../lib/gcc/arm-none-eabi/12.2.1/thumb/v6-m/nofp\libg.a(libc_a-mallocr.o) (sysconf)
[...]
Memory Configuration

Name             Origin             Length             Attributes
FLASH            0x10000000         0x00200000         xr
RAM              0x20000000         0x00040000         xrw
SCRATCH_X        0x20040000         0x00001000         xrw
SCRATCH_Y        0x20041000         0x00001000         xrw
*default*        0x00000000         0xffffffff

Linker script and memory map

LOAD d:/program files (x86)/arm gnu toolchain arm-none-eabi/12.2 rel1/bin/../lib/gcc/arm-none-eabi/12.2.1/thumb/v6-m/nofp/crti.o
LOAD d:/program files (x86)/arm gnu toolchain arm-none-eabi/12.2 rel1/bin/../lib/gcc/arm-none-eabi/12.2.1/thumb/v6-m/nofp/crtbegin.o
LOAD d:/program files (x86)/arm gnu toolchain arm-none-eabi/12.2 rel1/bin/../lib/gcc/arm-none-eabi/12.2.1/thumb/v6-m/nofp/crt0.o

.flash_begin    0x10000000        0x0
                0x10000000                __flash_binary_start = .

.boot2          0x10000000      0x100
                0x10000000                __boot2_start__ = .
 *(.boot2)
 .boot2         0x10000000      0x100 C:\Users\junso\AppData\Local\Temp\ccpf5Asi.o
                0x10000100                __boot2_end__ = .
                0x00000001                ASSERT (((__boot2_end__ - __boot2_start__) == 0x100), ERROR: Pico second stage bootloader must be 256 bytes in size)

.text           0x10000100     0x6e08
                0x10000100                __logical_binary_start = .
 *(.vectors)
 .vectors       0x10000100       0xd4 CMakeFiles/test.dir/D_/Pico/pico-sdk/src/rp2_common/pico_standard_link/crt0.S.obj
                0x10000100                __VECTOR_TABLE
                0x10000100                __vectors
                0x100001c0                isr_invalid
                0x100001c0                __default_isrs_start
                0x100001c2                isr_nmi
                0x100001c4                isr_hardfault
                0x100001c6                isr_svcall
                0x100001c8                isr_pendsv
                0x100001ca                isr_systick
                0x100001cc                isr_irq23
                0x100001cc                isr_irq18
                0x100001cc                isr_irq11
                0x100001cc                isr_irq28
                0x100001cc                isr_irq19
                0x100001cc                isr_irq0
                0x100001cc                isr_irq6
                0x100001cc                isr_irq5
                0x100001cc                isr_irq12
                0x100001cc                isr_irq22
                0x100001cc                isr_irq31
                0x100001cc                isr_irq17
                0x100001cc                isr_irq27
                0x100001cc                isr_irq30
                0x100001cc                isr_irq2
                0x100001cc                isr_irq10
                0x100001cc                isr_irq8
                0x100001cc                isr_irq24
                0x100001cc                isr_irq1
                0x100001cc                isr_irq7
                0x100001cc                isr_irq21
                0x100001cc                isr_irq20
                0x100001cc                isr_irq15
                0x100001cc                isr_irq25
                0x100001cc                isr_irq13
                0x100001cc                __unhandled_user_irq
                0x100001cc                isr_irq4
                0x100001cc                isr_irq16
                0x100001cc                isr_irq29
                0x100001cc                isr_irq26
                0x100001cc                __default_isrs_end
                0x100001cc                isr_irq3
                0x100001cc                isr_irq14
                0x100001cc                isr_irq9
                0x100001d2                unhandled_user_irq_num_in_r0
 *(.binary_info_header)
 .binary_info_header
                0x100001d4       0x14 CMakeFiles/test.dir/D_/Pico/pico-sdk/src/rp2_common/pico_standard_link/crt0.S.obj
                0x100001e8                __binary_info_header_end = .
 *(.reset)
 .reset         0x100001e8       0xa8 CMakeFiles/test.dir/D_/Pico/pico-sdk/src/rp2_common/pico_standard_link/crt0.S.obj
                0x100001e8                _entry_point
                0x10000266                __get_current_exception
 .reset         0x10000290       0x30 CMakeFiles/test.dir/D_/Pico/pico-sdk/src/rp2_common/pico_standard_link/binary_info.c.obj
 *(.init)
 .init          0x100002c0        0x4 d:/program files (x86)/arm gnu toolchain arm-none-eabi/12.2 rel1/bin/../lib/gcc/arm-none-eabi/12.2.1/thumb/v6-m/nofp/crti.o
                0x100002c0                _init
 *(EXCLUDE_FILE(*libm.a: *libc.a:*lib_a-mem*.o *libgcc.a:) .text*)
 .text.register_tm_clones
                0x100002c4       0x28 d:/program files (x86)/arm gnu toolchain arm-none-eabi/12.2 rel1/bin/../lib/gcc/arm-none-eabi/12.2.1/thumb/v6-m/nofp/crtbegin.o
 .text.frame_dummy
                0x100002ec       0x24 d:/program files (x86)/arm gnu toolchain arm-none-eabi/12.2 rel1/bin/../lib/gcc/arm-none-eabi/12.2.1/thumb/v6-m/nofp/crtbegin.o
 .text.main     0x10000310       0x14 CMakeFiles/test.dir/test.c.obj
                0x10000310                main
 .text.hw_claim_lock
                0x10000324       0x18 CMakeFiles/test.dir/D_/Pico/pico-sdk/src/rp2_common/hardware_claim/claim.c.obj
                0x10000324                hw_claim_lock
 .text.hw_claim_unlock
                0x1000033c       0x14 CMakeFiles/test.dir/D_/Pico/pico-sdk/src/rp2_common/hardware_claim/claim.c.obj
                0x1000033c                hw_claim_unlock
 .text.hw_claim_or_assert
                0x10000350       0x32 CMakeFiles/test.dir/D_/Pico/pico-sdk/src/rp2_common/hardware_claim/claim.c.obj
                0x10000350                hw_claim_or_assert
 .text.hw_claim_unused_from_range
                0x10000382       0x50 CMakeFiles/test.dir/D_/Pico/pico-sdk/src/rp2_common/hardware_claim/claim.c.obj
                0x10000382                hw_claim_unused_from_range
 *fill*         0x100003d2        0x2 
 .text.running_on_fpga
                0x100003d4       0x14 CMakeFiles/test.dir/D_/Pico/pico-sdk/src/rp2_common/pico_platform/platform.c.obj
                0x100003d4                running_on_fpga
 .text.spin_locks_reset
                0x100003e8       0x20 CMakeFiles/test.dir/D_/Pico/pico-sdk/src/rp2_common/hardware_sync/sync.c.obj
                0x100003e8                spin_locks_reset
 .text.next_striped_spin_lock_num
                0x10000408       0x1c CMakeFiles/test.dir/D_/Pico/pico-sdk/src/rp2_common/hardware_sync/sync.c.obj
                0x10000408                next_striped_spin_lock_num
 .text.spin_lock_claim_unused
                0x10000424       0x24 CMakeFiles/test.dir/D_/Pico/pico-sdk/src/rp2_common/hardware_sync/sync.c.obj
                0x10000424                spin_lock_claim_unused
 .text.set_raw_irq_handler_and_unlock
                0x10000448       0x28 CMakeFiles/test.dir/D_/Pico/pico-sdk/src/rp2_common/hardware_irq/irq.c.obj
 .text.resolve_branch
                0x10000470       0x30 CMakeFiles/test.dir/D_/Pico/pico-sdk/src/rp2_common/hardware_irq/irq.c.obj
 .text.make_branch
                0x100004a0       0x48 CMakeFiles/test.dir/D_/Pico/pico-sdk/src/rp2_common/hardware_irq/irq.c.obj
 .text.insert_branch_and_link
                0x100004e8       0x40 CMakeFiles/test.dir/D_/Pico/pico-sdk/src/rp2_common/hardware_irq/irq.c.obj
 .text.irq_is_enabled
                0x10000528       0x18 CMakeFiles/test.dir/D_/Pico/pico-sdk/src/rp2_common/hardware_irq/irq.c.obj
                0x10000528                irq_is_enabled
 .text.irq_set_mask_enabled
                0x10000540       0x20 CMakeFiles/test.dir/D_/Pico/pico-sdk/src/rp2_common/hardware_irq/irq.c.obj
                0x10000540                irq_set_mask_enabled
 .text.irq_set_enabled
                0x10000560        0xe CMakeFiles/test.dir/D_/Pico/pico-sdk/src/rp2_common/hardware_irq/irq.c.obj
                0x10000560                irq_set_enabled
 *fill*         0x1000056e        0x2 
 .text.irq_set_pending
                0x10000570       0x10 CMakeFiles/test.dir/D_/Pico/pico-sdk/src/rp2_common/hardware_irq/irq.c.obj
                0x10000570                irq_set_pending
 .text.irq_get_vtable_handler
                0x10000580       0x10 CMakeFiles/test.dir/D_/Pico/pico-sdk/src/rp2_common/hardware_irq/irq.c.obj
                0x10000580                irq_get_vtable_handler
 .text.irq_has_shared_handler
                0x10000590       0x24 CMakeFiles/test.dir/D_/Pico/pico-sdk/src/rp2_common/hardware_irq/irq.c.obj
                0x10000590                irq_has_shared_handler
 .text.irq_set_exclusive_handler
                0x100005b4       0x54 CMakeFiles/test.dir/D_/Pico/pico-sdk/src/rp2_common/hardware_irq/irq.c.obj
                0x100005b4                irq_set_exclusive_handler
 .text.irq_add_shared_handler
                0x10000608      0x210 CMakeFiles/test.dir/D_/Pico/pico-sdk/src/rp2_common/hardware_irq/irq.c.obj
                0x10000608                irq_add_shared_handler
 .text.irq_remove_handler
                0x10000818      0x188 CMakeFiles/test.dir/D_/Pico/pico-sdk/src/rp2_common/hardware_irq/irq.c.obj
                0x10000818                irq_remove_handler
 .text.irq_add_tail_to_free_list
                0x100009a0       0xf0 CMakeFiles/test.dir/D_/Pico/pico-sdk/src/rp2_common/hardware_irq/irq.c.obj
                0x100009a0                irq_add_tail_to_free_list
 .text.irq_init_priorities
                0x10000a90       0x1c CMakeFiles/test.dir/D_/Pico/pico-sdk/src/rp2_common/hardware_irq/irq.c.obj
                0x10000a90                irq_init_priorities
 .text.user_irq_claim_unused
                0x10000aac       0x30 CMakeFiles/test.dir/D_/Pico/pico-sdk/src/rp2_common/hardware_irq/irq.c.obj
                0x10000aac                user_irq_claim_unused
 .text.lock_init
                0x10000adc       0x10 CMakeFiles/test.dir/D_/Pico/pico-sdk/src/common/pico_sync/lock_core.c.obj
                0x10000adc                lock_init
 .text.time_reached
                0x10000aec       0x28 CMakeFiles/test.dir/D_/Pico/pico-sdk/src/common/pico_time/time.c.obj
 .text.get_entry
                0x10000b14       0x38 CMakeFiles/test.dir/D_/Pico/pico-sdk/src/common/pico_time/time.c.obj
 .text.timer_pool_entry_comparator
                0x10000b4c       0x2e CMakeFiles/test.dir/D_/Pico/pico-sdk/src/common/pico_time/time.c.obj
                0x10000b4c                timer_pool_entry_comparator
 *fill*         0x10000b7a        0x2 
 .text.update_us_since_boot
                0x10000b7c       0x24 CMakeFiles/test.dir/D_/Pico/pico-sdk/src/common/pico_time/time.c.obj
 .text.delayed_by_us
                0x10000ba0       0x36 CMakeFiles/test.dir/D_/Pico/pico-sdk/src/common/pico_time/time.c.obj
 *fill*         0x10000bd6        0x2 
 .text.ph_get_node
                0x10000bd8       0x30 CMakeFiles/test.dir/D_/Pico/pico-sdk/src/common/pico_time/time.c.obj
 .text.ph_contains_node
                0x10000c08       0x1e CMakeFiles/test.dir/D_/Pico/pico-sdk/src/common/pico_time/time.c.obj
 .text.ph_new_node
                0x10000c26       0x28 CMakeFiles/test.dir/D_/Pico/pico-sdk/src/common/pico_time/time.c.obj
 *fill*         0x10000c4e        0x2 
 .text.ph_add_child_node
                0x10000c50       0x6c CMakeFiles/test.dir/D_/Pico/pico-sdk/src/common/pico_time/time.c.obj
 .text.ph_merge_nodes
                0x10000cbc       0x3e CMakeFiles/test.dir/D_/Pico/pico-sdk/src/common/pico_time/time.c.obj
 *fill*         0x10000cfa        0x2 
 .text.ph_insert_node
                0x10000cfc       0x3c CMakeFiles/test.dir/D_/Pico/pico-sdk/src/common/pico_time/time.c.obj
 .text.ph_free_node
                0x10000d38       0x3c CMakeFiles/test.dir/D_/Pico/pico-sdk/src/common/pico_time/time.c.obj
 .text.get_entry_id_high
                0x10000d74       0x30 CMakeFiles/test.dir/D_/Pico/pico-sdk/src/common/pico_time/time.c.obj
 .text.alarm_pool_post_alloc_init
                0x10000da4       0x40 CMakeFiles/test.dir/D_/Pico/pico-sdk/src/common/pico_time/time.c.obj
 .text.sleep_until_callback
                0x10000de4       0x30 CMakeFiles/test.dir/D_/Pico/pico-sdk/src/common/pico_time/time.c.obj
 .text.get_absolute_time
                0x10000e14       0x22 CMakeFiles/test.dir/D_/Pico/pico-sdk/src/common/pico_time/time.c.obj
 *fill*         0x10000e36        0x2 
 .text.add_alarm_under_lock
                0x10000e38       0x94 CMakeFiles/test.dir/D_/Pico/pico-sdk/src/common/pico_time/time.c.obj
 .text.alarm_pool_alarm_callback
                0x10000ecc      0x20c CMakeFiles/test.dir/D_/Pico/pico-sdk/src/common/pico_time/time.c.obj
 .text.alarm_pool_init_default
                0x100010d8       0x38 CMakeFiles/test.dir/D_/Pico/pico-sdk/src/common/pico_time/time.c.obj
                0x100010d8                alarm_pool_init_default
 .text.alarm_pool_get_default
                0x10001110       0x2c CMakeFiles/test.dir/D_/Pico/pico-sdk/src/common/pico_time/time.c.obj
                0x10001110                alarm_pool_get_default
 .text.alarm_pool_add_alarm_at
                0x1000113c      0x10e CMakeFiles/test.dir/D_/Pico/pico-sdk/src/common/pico_time/time.c.obj
                0x1000113c                alarm_pool_add_alarm_at
 .text.add_alarm_at
                0x1000124a       0x2e CMakeFiles/test.dir/D_/Pico/pico-sdk/src/common/pico_time/time.c.obj
 .text.alarm_pool_cancel_alarm
                0x10001278       0xa0 CMakeFiles/test.dir/D_/Pico/pico-sdk/src/common/pico_time/time.c.obj
                0x10001278                alarm_pool_cancel_alarm
 .text.cancel_alarm
                0x10001318       0x10 CMakeFiles/test.dir/D_/Pico/pico-sdk/src/common/pico_time/time.c.obj
 .text.best_effort_wfe_or_timeout
                0x10001328       0x38 CMakeFiles/test.dir/D_/Pico/pico-sdk/src/common/pico_time/time.c.obj
                0x10001328                best_effort_wfe_or_timeout
 .text.hardware_alarm_irq_handler
                0x10001360       0x88 CMakeFiles/test.dir/D_/Pico/pico-sdk/src/rp2_common/hardware_timer/timer.c.obj
 .text.hardware_alarm_claim
                0x100013e8       0x18 CMakeFiles/test.dir/D_/Pico/pico-sdk/src/rp2_common/hardware_timer/timer.c.obj
                0x100013e8                hardware_alarm_claim
 .text.time_us_64
                0x10001400       0x18 CMakeFiles/test.dir/D_/Pico/pico-sdk/src/rp2_common/hardware_timer/timer.c.obj
                0x10001400                time_us_64
 .text.hardware_alarm_set_callback
                0x10001418       0x90 CMakeFiles/test.dir/D_/Pico/pico-sdk/src/rp2_common/hardware_timer/timer.c.obj
                0x10001418                hardware_alarm_set_callback
 .text.hardware_alarm_set_target
                0x100014a8       0xe8 CMakeFiles/test.dir/D_/Pico/pico-sdk/src/rp2_common/hardware_timer/timer.c.obj
                0x100014a8                hardware_alarm_set_target
 .text.hardware_alarm_cancel
                0x10001590       0x40 CMakeFiles/test.dir/D_/Pico/pico-sdk/src/rp2_common/hardware_timer/timer.c.obj
                0x10001590                hardware_alarm_cancel
 .text.ph_get_node
                0x100015d0       0x30 CMakeFiles/test.dir/D_/Pico/pico-sdk/src/common/pico_util/pheap.c.obj
 .text.ph_add_child_node
                0x10001600       0x6c CMakeFiles/test.dir/D_/Pico/pico-sdk/src/common/pico_util/pheap.c.obj
 .text.ph_merge_nodes
                0x1000166c       0x3e CMakeFiles/test.dir/D_/Pico/pico-sdk/src/common/pico_util/pheap.c.obj
 .text.ph_clear
                0x100016aa       0x34 CMakeFiles/test.dir/D_/Pico/pico-sdk/src/common/pico_util/pheap.c.obj
                0x100016aa                ph_clear
 .text.ph_post_alloc_init
                0x100016de        0xe CMakeFiles/test.dir/D_/Pico/pico-sdk/src/common/pico_util/pheap.c.obj
                0x100016de                ph_post_alloc_init
 .text.ph_merge_two_pass
                0x100016ec       0x5c CMakeFiles/test.dir/D_/Pico/pico-sdk/src/common/pico_util/pheap.c.obj
                0x100016ec                ph_merge_two_pass
 .text.ph_remove_any_head
                0x10001748       0xa4 CMakeFiles/test.dir/D_/Pico/pico-sdk/src/common/pico_util/pheap.c.obj
 .text.ph_remove_head
                0x100017ec       0x14 CMakeFiles/test.dir/D_/Pico/pico-sdk/src/common/pico_util/pheap.c.obj
                0x100017ec                ph_remove_head
 .text.ph_remove_and_free_node
                0x10001800       0xa0 CMakeFiles/test.dir/D_/Pico/pico-sdk/src/common/pico_util/pheap.c.obj
                0x10001800                ph_remove_and_free_node
 .text.update_us_since_boot
                0x100018a0       0x24 CMakeFiles/test.dir/D_/Pico/pico-sdk/src/common/pico_sync/mutex.c.obj
 .text.delayed_by_ms
                0x100018c4       0x46 CMakeFiles/test.dir/D_/Pico/pico-sdk/src/common/pico_sync/mutex.c.obj
 .text.get_absolute_time
                0x1000190a       0x22 CMakeFiles/test.dir/D_/Pico/pico-sdk/src/common/pico_sync/mutex.c.obj
 .text.make_timeout_time_ms
                0x1000192c       0x20 CMakeFiles/test.dir/D_/Pico/pico-sdk/src/common/pico_sync/mutex.c.obj
 .text.mutex_init
                0x1000194c       0x1a CMakeFiles/test.dir/D_/Pico/pico-sdk/src/common/pico_sync/mutex.c.obj
                0x1000194c                mutex_init
 .text.recursive_mutex_init
                0x10001966       0x1e CMakeFiles/test.dir/D_/Pico/pico-sdk/src/common/pico_sync/mutex.c.obj
                0x10001966                recursive_mutex_init
 .text.critical_section_init_with_lock_num
                0x10001984       0x14 CMakeFiles/test.dir/D_/Pico/pico-sdk/src/common/pico_sync/critical_section.c.obj
                0x10001984                critical_section_init_with_lock_num
 .text.critical_section_init
                0x10001998       0x14 CMakeFiles/test.dir/D_/Pico/pico-sdk/src/common/pico_sync/critical_section.c.obj
                0x10001998                critical_section_init
 .text._exit    0x100019ac        0x4 CMakeFiles/test.dir/D_/Pico/pico-sdk/src/rp2_common/pico_runtime/runtime.c.obj
                0x100019ac                _exit
 .text.exit     0x100019b0        0x6 CMakeFiles/test.dir/D_/Pico/pico-sdk/src/rp2_common/pico_runtime/runtime.c.obj
                0x100019b0                exit
 *fill*         0x100019b6        0x2 
 .text.__assert_func
                0x100019b8       0x38 CMakeFiles/test.dir/D_/Pico/pico-sdk/src/rp2_common/pico_runtime/runtime.c.obj
                0x100019b8                __assert_func
 .text.runtime_init
                0x100019f0       0xf8 CMakeFiles/test.dir/D_/Pico/pico-sdk/src/rp2_common/pico_runtime/runtime.c.obj
                0x100019f0                runtime_init
 .text.panic    0x10001ae8       0x30 CMakeFiles/test.dir/D_/Pico/pico-sdk/src/rp2_common/pico_runtime/runtime.c.obj
                0x10001ae8                panic
 .text.clock_configure
                0x10001b18      0x104 CMakeFiles/test.dir/D_/Pico/pico-sdk/src/rp2_common/hardware_clocks/clocks.c.obj
                0x10001b18                clock_configure
 .text.clocks_init
                0x10001c1c      0x100 CMakeFiles/test.dir/D_/Pico/pico-sdk/src/rp2_common/hardware_clocks/clocks.c.obj
                0x10001c1c                clocks_init
 .text.pll_init
                0x10001d1c      0x140 CMakeFiles/test.dir/D_/Pico/pico-sdk/src/rp2_common/hardware_pll/pll.c.obj
                0x10001d1c                pll_init
 .text.watchdog_start_tick
                0x10001e5c       0x10 CMakeFiles/test.dir/D_/Pico/pico-sdk/src/rp2_common/hardware_watchdog/watchdog.c.obj
                0x10001e5c                watchdog_start_tick
 .text.watchdog_update
                0x10001e6c       0x14 CMakeFiles/test.dir/D_/Pico/pico-sdk/src/rp2_common/hardware_watchdog/watchdog.c.obj
                0x10001e6c                watchdog_update
 .text._watchdog_enable
                0x10001e80       0x78 CMakeFiles/test.dir/D_/Pico/pico-sdk/src/rp2_common/hardware_watchdog/watchdog.c.obj
                0x10001e80                _watchdog_enable
 .text.watchdog_reboot
                0x10001ef8       0x48 CMakeFiles/test.dir/D_/Pico/pico-sdk/src/rp2_common/hardware_watchdog/watchdog.c.obj
                0x10001ef8                watchdog_reboot
 .text.xosc_init
                0x10001f40       0x28 CMakeFiles/test.dir/D_/Pico/pico-sdk/src/rp2_common/hardware_xosc/xosc.c.obj
                0x10001f40                xosc_init
 .text._out_null
                0x10001f68        0x2 CMakeFiles/test.dir/D_/Pico/pico-sdk/src/rp2_common/pico_printf/printf.c.obj
 .text._out_fct
                0x10001f6a        0xe CMakeFiles/test.dir/D_/Pico/pico-sdk/src/rp2_common/pico_printf/printf.c.obj
 .text._atoi    0x10001f78       0x24 CMakeFiles/test.dir/D_/Pico/pico-sdk/src/rp2_common/pico_printf/printf.c.obj
 .text._out_rev
                0x10001f9c       0xae CMakeFiles/test.dir/D_/Pico/pico-sdk/src/rp2_common/pico_printf/printf.c.obj
 .text._ntoa_format
                0x1000204a      0x110 CMakeFiles/test.dir/D_/Pico/pico-sdk/src/rp2_common/pico_printf/printf.c.obj
 .text._ntoa_long
                0x1000215a       0xbc CMakeFiles/test.dir/D_/Pico/pico-sdk/src/rp2_common/pico_printf/printf.c.obj
 .text._ntoa_long_long
                0x10002216      0x10e CMakeFiles/test.dir/D_/Pico/pico-sdk/src/rp2_common/pico_printf/printf.c.obj
 .text._etoa    0x10002324      0x420 CMakeFiles/test.dir/D_/Pico/pico-sdk/src/rp2_common/pico_printf/printf.c.obj
 .text._ftoa    0x10002744      0x354 CMakeFiles/test.dir/D_/Pico/pico-sdk/src/rp2_common/pico_printf/printf.c.obj
 .text._vsnprintf
                0x10002a98      0x65c CMakeFiles/test.dir/D_/Pico/pico-sdk/src/rp2_common/pico_printf/printf.c.obj
 .text.vfctprintf
                0x100030f4       0x20 CMakeFiles/test.dir/D_/Pico/pico-sdk/src/rp2_common/pico_printf/printf.c.obj
                0x100030f4                vfctprintf
 .text          0x10003114       0x10 CMakeFiles/test.dir/D_/Pico/pico-sdk/src/rp2_common/pico_bit_ops/bit_ops_aeabi.S.obj
 .text.rom_func_lookup
                0x10003124       0x10 CMakeFiles/test.dir/D_/Pico/pico-sdk/src/rp2_common/pico_bootrom/bootrom.c.obj
                0x10003124                rom_func_lookup
 .text.rom_data_lookup
                0x10003134       0x10 CMakeFiles/test.dir/D_/Pico/pico-sdk/src/rp2_common/pico_bootrom/bootrom.c.obj
                0x10003134                rom_data_lookup
 .text.rom_funcs_lookup
                0x10003144       0x36 CMakeFiles/test.dir/D_/Pico/pico-sdk/src/rp2_common/pico_bootrom/bootrom.c.obj
                0x10003144                rom_funcs_lookup
 *fill*         0x1000317a        0x2 
 .text.__wrap___aeabi_idiv
                0x1000317c       0x50 CMakeFiles/test.dir/D_/Pico/pico-sdk/src/rp2_common/pico_divider/divider.S.obj
                0x1000317c                __wrap___aeabi_idivmod
                0x1000317c                divmod_s32s32
                0x1000317c                div_s32s32
                0x1000317c                __wrap___aeabi_idiv
                0x10003184                divmod_s32s32_unsafe
                0x100031b0                divmod_s32s32_savestate
 .text.__wrap___aeabi_uidiv
                0x100031cc       0x4c CMakeFiles/test.dir/D_/Pico/pico-sdk/src/rp2_common/pico_divider/divider.S.obj
                0x100031cc                __wrap___aeabi_uidiv
                0x100031cc                __wrap___aeabi_uidivmod
                0x100031cc                div_u32u32
                0x100031cc                divmod_u32u32
                0x100031d4                divmod_u32u32_unsafe
                0x100031fc                divmod_u32u32_savestate
 .text.__wrap___aeabi_ldiv
                0x10003218      0x434 CMakeFiles/test.dir/D_/Pico/pico-sdk/src/rp2_common/pico_divider/divider.S.obj
                0x10003218                div_s64s64
                0x10003218                divmod_s64s64
                0x10003218                __wrap___aeabi_ldivmod
                0x10003250                divmod_u64u64
                0x10003250                div_u64u64
                0x10003250                __wrap___aeabi_uldivmod
                0x10003260                divmod_u64u64_savestate
                0x10003288                divmod_s64s64_unsafe
                0x10003310                divmod_u64u64_unsafe
 .text.__wrap___aeabi_darithmetic
                0x1000364c       0x80 CMakeFiles/test.dir/D_/Pico/pico-sdk/src/rp2_common/pico_double/double_aeabi.S.obj
                0x1000364c                __wrap___aeabi_drsub
                0x10003652                __wrap___aeabi_dsub
                0x10003664                __wrap___aeabi_dadd
                0x10003676                __wrap___aeabi_ddiv
                0x100036b2                __wrap___aeabi_dmul
 .text.__wrap___aeabi_cdcmple
                0x100036cc       0x6c CMakeFiles/test.dir/D_/Pico/pico-sdk/src/rp2_common/pico_double/double_aeabi.S.obj
                0x100036cc                __wrap___aeabi_cdrcmple
                0x100036dc                __wrap___aeabi_cdcmpeq
                0x100036dc                __wrap___aeabi_cdcmple
 .text.__wrap___aeabi_dcmplt
                0x10003738        0xc CMakeFiles/test.dir/D_/Pico/pico-sdk/src/rp2_common/pico_double/double_aeabi.S.obj
                0x10003738                __wrap___aeabi_dcmplt
 .text.__wrap___aeabi_dcmple
                0x10003744       0x10 CMakeFiles/test.dir/D_/Pico/pico-sdk/src/rp2_common/pico_double/double_aeabi.S.obj
                0x10003744                __wrap___aeabi_dcmple
 .text.__wrap___aeabi_dcmpge
                0x10003754       0x10 CMakeFiles/test.dir/D_/Pico/pico-sdk/src/rp2_common/pico_double/double_aeabi.S.obj
                0x10003754                __wrap___aeabi_dcmpge
 .text.__wrap___aeabi_dcmpgt
                0x10003764        0xa CMakeFiles/test.dir/D_/Pico/pico-sdk/src/rp2_common/pico_double/double_aeabi.S.obj
                0x10003764                __wrap___aeabi_dcmpgt
 .text.__wrap___aeabi_dcmpun
                0x1000376e       0x1c CMakeFiles/test.dir/D_/Pico/pico-sdk/src/rp2_common/pico_double/double_aeabi.S.obj
                0x1000376e                __wrap___aeabi_dcmpun
 *fill*         0x1000378a        0x2 
 .text.__wrap___aeabi_i2d
                0x1000378c       0x38 CMakeFiles/test.dir/D_/Pico/pico-sdk/src/rp2_common/pico_double/double_aeabi.S.obj
                0x1000378c                __wrap___aeabi_ui2d
                0x10003794                __wrap___aeabi_i2d
 .text.__wrap___aeabi_d2iz
                0x100037c4       0x48 CMakeFiles/test.dir/D_/Pico/pico-sdk/src/rp2_common/pico_double/double_aeabi.S.obj
                0x100037c4                double2int_z
                0x100037c4                __wrap___aeabi_d2iz
 .text.__wrap___aeabi_d2uiz
                0x1000380c       0x18 CMakeFiles/test.dir/D_/Pico/pico-sdk/src/rp2_common/pico_double/double_aeabi.S.obj
                0x1000380c                __wrap___aeabi_d2uiz
                0x1000380c                double2uint
 .text.__aeabi_double_init
                0x10003824       0xcc CMakeFiles/test.dir/D_/Pico/pico-sdk/src/rp2_common/pico_double/double_init_rom.c.obj
                0x10003824                __aeabi_double_init
 .text.double_table_shim_on_use_helper
                0x100038f0       0x34 CMakeFiles/test.dir/D_/Pico/pico-sdk/src/rp2_common/pico_double/double_v1_rom_shim.S.obj
                0x100038f0                double_table_shim_on_use_helper
 .text.__wrap___aeabi_dsub
                0x10003924       0x10 CMakeFiles/test.dir/D_/Pico/pico-sdk/src/rp2_common/pico_double/double_v1_rom_shim.S.obj
                0x10003924                drsub_shim
                0x1000392a                dsub_shim
 .text.dadd_shim
                0x10003934      0x15c CMakeFiles/test.dir/D_/Pico/pico-sdk/src/rp2_common/pico_double/double_v1_rom_shim.S.obj
                0x10003934                dadd_shim
 .text.dmul_shim
                0x10003a90      0x15c CMakeFiles/test.dir/D_/Pico/pico-sdk/src/rp2_common/pico_double/double_v1_rom_shim.S.obj
                0x10003a90                dmul_shim
 .text.ddiv_shim
                0x10003bec      0x1b0 CMakeFiles/test.dir/D_/Pico/pico-sdk/src/rp2_common/pico_double/double_v1_rom_shim.S.obj
                0x10003bec                ddiv_shim
 .text.double2uint_shim
                0x10003d9c        0xe CMakeFiles/test.dir/D_/Pico/pico-sdk/src/rp2_common/pico_double/double_v1_rom_shim.S.obj
                0x10003d9c                double2uint_shim
                0x10003d9e                double2ufix_shim
 *fill*         0x10003daa        0x2 
 .text.double2uint64_shim
                0x10003dac       0x70 CMakeFiles/test.dir/D_/Pico/pico-sdk/src/rp2_common/pico_double/double_v1_rom_shim.S.obj
                0x10003dac                double2uint64_shim
                0x10003dae                double2ufix64_shim
                0x10003dce                d2fix_a
 .text.dunpacks
                0x10003e1c       0x3c CMakeFiles/test.dir/D_/Pico/pico-sdk/src/rp2_common/pico_double/double_v1_rom_shim.S.obj
                0x10003e1c                dunpacks
 .text.__aeabi_lmul
                0x10003e58       0x32 CMakeFiles/test.dir/D_/Pico/pico-sdk/src/rp2_common/pico_int64_ops/pico_int64_ops_aeabi.S.obj
                0x10003e58                __wrap___aeabi_lmul
 *fill*         0x10003e8a        0x2 
 .text.__aeabi_float_init
                0x10003e8c       0xfc CMakeFiles/test.dir/D_/Pico/pico-sdk/src/rp2_common/pico_float/float_init_rom.c.obj
                0x10003e8c                __aeabi_float_init
 .text.float_table_shim_on_use_helper
                0x10003f88       0x34 CMakeFiles/test.dir/D_/Pico/pico-sdk/src/rp2_common/pico_float/float_v1_rom_shim.S.obj
                0x10003f88                float_table_shim_on_use_helper
 .text          0x10003fbc       0x10 CMakeFiles/test.dir/D_/Pico/pico-sdk/src/rp2_common/pico_mem_ops/mem_ops_aeabi.S.obj
                0x10003fbc                __aeabi_mem_init
 .text.memset   0x10003fcc        0xc CMakeFiles/test.dir/D_/Pico/pico-sdk/src/rp2_common/pico_mem_ops/mem_ops_aeabi.S.obj
                0x10003fcc                __wrap_memset
 .text.memcpy   0x10003fd8        0xc CMakeFiles/test.dir/D_/Pico/pico-sdk/src/rp2_common/pico_mem_ops/mem_ops_aeabi.S.obj
                0x10003fd8                __wrap_memcpy
                0x10003fd8                __wrap___aeabi_memcpy
 .text.stdio_out_chars_no_crlf
                0x10003fe4        0xe CMakeFiles/test.dir/D_/Pico/pico-sdk/src/rp2_common/pico_stdio/stdio.c.obj
 *fill*         0x10003ff2        0x2 
 .text.stdio_out_chars_crlf
                0x10003ff4       0x80 CMakeFiles/test.dir/D_/Pico/pico-sdk/src/rp2_common/pico_stdio/stdio.c.obj
 .text.stdio_stack_buffer_flush
                0x10004074       0x44 CMakeFiles/test.dir/D_/Pico/pico-sdk/src/rp2_common/pico_stdio/stdio.c.obj
 .text.stdio_buffered_printer
                0x100040b8       0x20 CMakeFiles/test.dir/D_/Pico/pico-sdk/src/rp2_common/pico_stdio/stdio.c.obj
 .text.stdout_serialize_begin
                0x100040d8       0x30 CMakeFiles/test.dir/D_/Pico/pico-sdk/src/rp2_common/pico_stdio/stdio.c.obj
                0x100040d8                stdout_serialize_begin
 .text.stdout_serialize_end
                0x10004108       0x10 CMakeFiles/test.dir/D_/Pico/pico-sdk/src/rp2_common/pico_stdio/stdio.c.obj
                0x10004108                stdout_serialize_end
 .text.stdio_put_string
                0x10004118       0x98 CMakeFiles/test.dir/D_/Pico/pico-sdk/src/rp2_common/pico_stdio/stdio.c.obj
 .text.stdio_set_driver_enabled
                0x100041b0       0x2c CMakeFiles/test.dir/D_/Pico/pico-sdk/src/rp2_common/pico_stdio/stdio.c.obj
                0x100041b0                stdio_set_driver_enabled
 .text.stdio_flush
                0x100041dc       0x20 CMakeFiles/test.dir/D_/Pico/pico-sdk/src/rp2_common/pico_stdio/stdio.c.obj
                0x100041dc                stdio_flush
 .text.__wrap_puts
                0x100041fc       0x1e CMakeFiles/test.dir/D_/Pico/pico-sdk/src/rp2_common/pico_stdio/stdio.c.obj
                0x100041fc                __wrap_puts
 *fill*         0x1000421a        0x2 
 .text.__wrap_vprintf
                0x1000421c       0x44 CMakeFiles/test.dir/D_/Pico/pico-sdk/src/rp2_common/pico_stdio/stdio.c.obj
                0x1000421c                __wrap_vprintf
 .text.__wrap_printf
                0x10004260       0x18 CMakeFiles/test.dir/D_/Pico/pico-sdk/src/rp2_common/pico_stdio/stdio.c.obj
                0x10004260                __wrap_printf
 .text.stdio_init_all
                0x10004278        0x8 CMakeFiles/test.dir/D_/Pico/pico-sdk/src/rp2_common/pico_stdio/stdio.c.obj
                0x10004278                stdio_init_all
 .text.resetd_init
                0x10004280        0x2 CMakeFiles/test.dir/D_/Pico/pico-sdk/src/rp2_common/pico_stdio_usb/reset_interface.c.obj
 *fill*         0x10004282        0x2 
 .text.resetd_reset
                0x10004284        0xc CMakeFiles/test.dir/D_/Pico/pico-sdk/src/rp2_common/pico_stdio_usb/reset_interface.c.obj
 .text.resetd_open
                0x10004290       0x34 CMakeFiles/test.dir/D_/Pico/pico-sdk/src/rp2_common/pico_stdio_usb/reset_interface.c.obj
 .text.resetd_xfer_cb
                0x100042c4        0x4 CMakeFiles/test.dir/D_/Pico/pico-sdk/src/rp2_common/pico_stdio_usb/reset_interface.c.obj
 .text.reset_usb_boot
                0x100042c8       0x18 CMakeFiles/test.dir/D_/Pico/pico-sdk/src/rp2_common/pico_stdio_usb/reset_interface.c.obj
 .text.resetd_control_xfer_cb
                0x100042e0       0x5c CMakeFiles/test.dir/D_/Pico/pico-sdk/src/rp2_common/pico_stdio_usb/reset_interface.c.obj
 .text.usbd_app_driver_get_cb
                0x1000433c        0xc CMakeFiles/test.dir/D_/Pico/pico-sdk/src/rp2_common/pico_stdio_usb/reset_interface.c.obj
                0x1000433c                usbd_app_driver_get_cb
 .text.tud_cdc_line_coding_cb
                0x10004348       0x28 CMakeFiles/test.dir/D_/Pico/pico-sdk/src/rp2_common/pico_stdio_usb/reset_interface.c.obj
                0x10004348                tud_cdc_line_coding_cb
 .text.stdio_usb_in_chars
                0x10004370       0x70 CMakeFiles/test.dir/D_/Pico/pico-sdk/src/rp2_common/pico_stdio_usb/stdio_usb.c.obj
                0x10004370                stdio_usb_in_chars
 .text.low_priority_worker_irq
                0x100043e0       0x20 CMakeFiles/test.dir/D_/Pico/pico-sdk/src/rp2_common/pico_stdio_usb/stdio_usb.c.obj
 .text.stdio_usb_out_chars
                0x10004400       0xd4 CMakeFiles/test.dir/D_/Pico/pico-sdk/src/rp2_common/pico_stdio_usb/stdio_usb.c.obj
 .text.update_us_since_boot
                0x100044d4       0x24 CMakeFiles/test.dir/D_/Pico/pico-sdk/src/rp2_common/pico_stdio_usb/stdio_usb.c.obj
 .text.get_absolute_time
                0x100044f8       0x22 CMakeFiles/test.dir/D_/Pico/pico-sdk/src/rp2_common/pico_stdio_usb/stdio_usb.c.obj
 .text.delayed_by_us
                0x1000451a       0x36 CMakeFiles/test.dir/D_/Pico/pico-sdk/src/rp2_common/pico_stdio_usb/stdio_usb.c.obj
 .text.timer_task
                0x10004550       0x40 CMakeFiles/test.dir/D_/Pico/pico-sdk/src/rp2_common/pico_stdio_usb/stdio_usb.c.obj
 .text.usb_irq  0x10004590       0x10 CMakeFiles/test.dir/D_/Pico/pico-sdk/src/rp2_common/pico_stdio_usb/stdio_usb.c.obj
 .text.alarm_pool_add_alarm_in_us
                0x100045a0       0x3a CMakeFiles/test.dir/D_/Pico/pico-sdk/src/rp2_common/pico_stdio_usb/stdio_usb.c.obj
 .text.add_alarm_in_us
                0x100045da       0x2e CMakeFiles/test.dir/D_/Pico/pico-sdk/src/rp2_common/pico_stdio_usb/stdio_usb.c.obj
 .text.stdio_usb_init
                0x10004608       0x98 CMakeFiles/test.dir/D_/Pico/pico-sdk/src/rp2_common/pico_stdio_usb/stdio_usb.c.obj
                0x10004608                stdio_usb_init
 .text.tud_descriptor_device_cb
                0x100046a0        0x8 CMakeFiles/test.dir/D_/Pico/pico-sdk/src/rp2_common/pico_stdio_usb/stdio_usb_descriptors.c.obj
                0x100046a0                tud_descriptor_device_cb
 .text.tud_descriptor_configuration_cb
                0x100046a8        0x8 CMakeFiles/test.dir/D_/Pico/pico-sdk/src/rp2_common/pico_stdio_usb/stdio_usb_descriptors.c.obj
                0x100046a8                tud_descriptor_configuration_cb
 .text.tud_descriptor_string_cb
                0x100046b0       0x6c CMakeFiles/test.dir/D_/Pico/pico-sdk/src/rp2_common/pico_stdio_usb/stdio_usb_descriptors.c.obj
                0x100046b0                tud_descriptor_string_cb
 .text.hw_endpoint_get_by_addr
                0x1000471c       0x18 CMakeFiles/test.dir/D_/Pico/pico-sdk/lib/tinyusb/src/portable/raspberrypi/rp2040/dcd_rp2040.c.obj
 .text.reset_ep0_pid
                0x10004734       0x28 CMakeFiles/test.dir/D_/Pico/pico-sdk/lib/tinyusb/src/portable/raspberrypi/rp2040/dcd_rp2040.c.obj
 .text._hw_endpoint_alloc
                0x1000475c       0x70 CMakeFiles/test.dir/D_/Pico/pico-sdk/lib/tinyusb/src/portable/raspberrypi/rp2040/dcd_rp2040.c.obj
 .text.hw_endpoint_init
                0x100047cc       0x88 CMakeFiles/test.dir/D_/Pico/pico-sdk/lib/tinyusb/src/portable/raspberrypi/rp2040/dcd_rp2040.c.obj
 .text.reset_non_control_endpoints
                0x10004854       0x40 CMakeFiles/test.dir/D_/Pico/pico-sdk/lib/tinyusb/src/portable/raspberrypi/rp2040/dcd_rp2040.c.obj
 .text.hw_handle_buff_status
                0x10004894       0x8c CMakeFiles/test.dir/D_/Pico/pico-sdk/lib/tinyusb/src/portable/raspberrypi/rp2040/dcd_rp2040.c.obj
 .text.dcd_rp2040_irq
                0x10004920       0xc0 CMakeFiles/test.dir/D_/Pico/pico-sdk/lib/tinyusb/src/portable/raspberrypi/rp2040/dcd_rp2040.c.obj
 .text.hw_endpoint_xfer
                0x100049e0       0x14 CMakeFiles/test.dir/D_/Pico/pico-sdk/lib/tinyusb/src/portable/raspberrypi/rp2040/dcd_rp2040.c.obj
 .text.dcd_int_enable
                0x100049f4       0x2c CMakeFiles/test.dir/D_/Pico/pico-sdk/lib/tinyusb/src/portable/raspberrypi/rp2040/dcd_rp2040.c.obj
                0x100049f4                dcd_int_enable
 .text.dcd_set_address
                0x10004a20       0x2c CMakeFiles/test.dir/D_/Pico/pico-sdk/lib/tinyusb/src/portable/raspberrypi/rp2040/dcd_rp2040.c.obj
                0x10004a20                dcd_set_address
 .text.dcd_connect
                0x10004a4c       0x10 CMakeFiles/test.dir/D_/Pico/pico-sdk/lib/tinyusb/src/portable/raspberrypi/rp2040/dcd_rp2040.c.obj
                0x10004a4c                dcd_connect
 .text.dcd_init
                0x10004a5c       0x7c CMakeFiles/test.dir/D_/Pico/pico-sdk/lib/tinyusb/src/portable/raspberrypi/rp2040/dcd_rp2040.c.obj
                0x10004a5c                dcd_init
 .text.dcd_edpt0_status_complete
                0x10004ad8       0x1c CMakeFiles/test.dir/D_/Pico/pico-sdk/lib/tinyusb/src/portable/raspberrypi/rp2040/dcd_rp2040.c.obj
                0x10004ad8                dcd_edpt0_status_complete
 .text.dcd_edpt_open
                0x10004af4       0x40 CMakeFiles/test.dir/D_/Pico/pico-sdk/lib/tinyusb/src/portable/raspberrypi/rp2040/dcd_rp2040.c.obj
                0x10004af4                dcd_edpt_open
 .text.dcd_edpt_close_all
                0x10004b34        0x8 CMakeFiles/test.dir/D_/Pico/pico-sdk/lib/tinyusb/src/portable/raspberrypi/rp2040/dcd_rp2040.c.obj
                0x10004b34                dcd_edpt_close_all
 .text.dcd_edpt_xfer
                0x10004b3c       0x30 CMakeFiles/test.dir/D_/Pico/pico-sdk/lib/tinyusb/src/portable/raspberrypi/rp2040/dcd_rp2040.c.obj
                0x10004b3c                dcd_edpt_xfer
 .text.dcd_edpt_stall
                0x10004b6c       0x2c CMakeFiles/test.dir/D_/Pico/pico-sdk/lib/tinyusb/src/portable/raspberrypi/rp2040/dcd_rp2040.c.obj
                0x10004b6c                dcd_edpt_stall
 .text.dcd_edpt_clear_stall
                0x10004b98       0x20 CMakeFiles/test.dir/D_/Pico/pico-sdk/lib/tinyusb/src/portable/raspberrypi/rp2040/dcd_rp2040.c.obj
                0x10004b98                dcd_edpt_clear_stall
 .text.prepare_ep_buffer
                0x10004bb8       0x6c CMakeFiles/test.dir/D_/Pico/pico-sdk/lib/tinyusb/src/portable/raspberrypi/rp2040/rp2040_usb.c.obj
 .text.sync_ep_buffer
                0x10004c24       0x78 CMakeFiles/test.dir/D_/Pico/pico-sdk/lib/tinyusb/src/portable/raspberrypi/rp2040/rp2040_usb.c.obj
 .text._hw_endpoint_xfer_sync
                0x10004c9c       0x28 CMakeFiles/test.dir/D_/Pico/pico-sdk/lib/tinyusb/src/portable/raspberrypi/rp2040/rp2040_usb.c.obj
 .text.rp2040_usb_init
                0x10004cc4       0x4c CMakeFiles/test.dir/D_/Pico/pico-sdk/lib/tinyusb/src/portable/raspberrypi/rp2040/rp2040_usb.c.obj
                0x10004cc4                rp2040_usb_init
 .text.hw_endpoint_reset_transfer
                0x10004d10        0xc CMakeFiles/test.dir/D_/Pico/pico-sdk/lib/tinyusb/src/portable/raspberrypi/rp2040/rp2040_usb.c.obj
                0x10004d10                hw_endpoint_reset_transfer
 .text._hw_endpoint_buffer_control_update32
                0x10004d1c       0x58 CMakeFiles/test.dir/D_/Pico/pico-sdk/lib/tinyusb/src/portable/raspberrypi/rp2040/rp2040_usb.c.obj
                0x10004d1c                _hw_endpoint_buffer_control_update32
 .text._hw_endpoint_start_next_buffer
                0x10004d74       0x74 CMakeFiles/test.dir/D_/Pico/pico-sdk/lib/tinyusb/src/portable/raspberrypi/rp2040/rp2040_usb.c.obj
 .text.hw_endpoint_xfer_start
                0x10004de8       0x48 CMakeFiles/test.dir/D_/Pico/pico-sdk/lib/tinyusb/src/portable/raspberrypi/rp2040/rp2040_usb.c.obj
                0x10004de8                hw_endpoint_xfer_start
 .text.hw_endpoint_xfer_continue
                0x10004e30       0x38 CMakeFiles/test.dir/D_/Pico/pico-sdk/lib/tinyusb/src/portable/raspberrypi/rp2040/rp2040_usb.c.obj
                0x10004e30                hw_endpoint_xfer_continue
 .text.configuration_reset
                0x10004e68       0x84 CMakeFiles/test.dir/D_/Pico/pico-sdk/lib/tinyusb/src/device/usbd.c.obj
 .text.osal_queue_receive
                0x10004eec       0x30 CMakeFiles/test.dir/D_/Pico/pico-sdk/lib/tinyusb/src/device/usbd.c.obj
 .text.usbd_reset
                0x10004f1c        0xc CMakeFiles/test.dir/D_/Pico/pico-sdk/lib/tinyusb/src/device/usbd.c.obj
 .text.invoke_class_control
                0x10004f28       0x1a CMakeFiles/test.dir/D_/Pico/pico-sdk/lib/tinyusb/src/device/usbd.c.obj
 *fill*         0x10004f42        0x2 
 .text.process_set_config
                0x10004f44      0x1b0 CMakeFiles/test.dir/D_/Pico/pico-sdk/lib/tinyusb/src/device/usbd.c.obj
 .text.process_get_descriptor
                0x100050f4       0xec CMakeFiles/test.dir/D_/Pico/pico-sdk/lib/tinyusb/src/device/usbd.c.obj
 .text.osal_queue_send
                0x100051e0       0x4c CMakeFiles/test.dir/D_/Pico/pico-sdk/lib/tinyusb/src/device/usbd.c.obj
 .text.tud_mounted
                0x1000522c       0x10 CMakeFiles/test.dir/D_/Pico/pico-sdk/lib/tinyusb/src/device/usbd.c.obj
                0x1000522c                tud_mounted
 .text.tud_suspended
                0x1000523c       0x10 CMakeFiles/test.dir/D_/Pico/pico-sdk/lib/tinyusb/src/device/usbd.c.obj
                0x1000523c                tud_suspended
 .text.tud_inited
                0x1000524c        0xc CMakeFiles/test.dir/D_/Pico/pico-sdk/lib/tinyusb/src/device/usbd.c.obj
                0x1000524c                tud_inited
 .text.tud_init
                0x10005258       0xcc CMakeFiles/test.dir/D_/Pico/pico-sdk/lib/tinyusb/src/device/usbd.c.obj
                0x10005258                tud_init
 .text.dcd_event_handler
                0x10005324       0xd4 CMakeFiles/test.dir/D_/Pico/pico-sdk/lib/tinyusb/src/device/usbd.c.obj
                0x10005324                dcd_event_handler
 .text.dcd_event_bus_signal
                0x100053f8       0x26 CMakeFiles/test.dir/D_/Pico/pico-sdk/lib/tinyusb/src/device/usbd.c.obj
                0x100053f8                dcd_event_bus_signal
 .text.dcd_event_bus_reset
                0x1000541e       0x2a CMakeFiles/test.dir/D_/Pico/pico-sdk/lib/tinyusb/src/device/usbd.c.obj
                0x1000541e                dcd_event_bus_reset
 .text.dcd_event_setup_received
                0x10005448       0x34 CMakeFiles/test.dir/D_/Pico/pico-sdk/lib/tinyusb/src/device/usbd.c.obj
                0x10005448                dcd_event_setup_received
 .text.dcd_event_xfer_complete
                0x1000547c       0x44 CMakeFiles/test.dir/D_/Pico/pico-sdk/lib/tinyusb/src/device/usbd.c.obj
                0x1000547c                dcd_event_xfer_complete
 .text.usbd_edpt_open
                0x100054c0       0x58 CMakeFiles/test.dir/D_/Pico/pico-sdk/lib/tinyusb/src/device/usbd.c.obj
                0x100054c0                usbd_edpt_open
 .text.usbd_open_edpt_pair
                0x10005518       0x8c CMakeFiles/test.dir/D_/Pico/pico-sdk/lib/tinyusb/src/device/usbd.c.obj
                0x10005518                usbd_open_edpt_pair
 .text.usbd_edpt_claim
                0x100055a4       0x8c CMakeFiles/test.dir/D_/Pico/pico-sdk/lib/tinyusb/src/device/usbd.c.obj
                0x100055a4                usbd_edpt_claim
 .text.usbd_edpt_release
                0x10005630       0x60 CMakeFiles/test.dir/D_/Pico/pico-sdk/lib/tinyusb/src/device/usbd.c.obj
                0x10005630                usbd_edpt_release
 .text.usbd_edpt_xfer
                0x10005690       0x80 CMakeFiles/test.dir/D_/Pico/pico-sdk/lib/tinyusb/src/device/usbd.c.obj
                0x10005690                usbd_edpt_xfer
 .text.usbd_edpt_stall
                0x10005710       0x40 CMakeFiles/test.dir/D_/Pico/pico-sdk/lib/tinyusb/src/device/usbd.c.obj
                0x10005710                usbd_edpt_stall
 .text.usbd_edpt_clear_stall
                0x10005750       0x40 CMakeFiles/test.dir/D_/Pico/pico-sdk/lib/tinyusb/src/device/usbd.c.obj
                0x10005750                usbd_edpt_clear_stall
 .text.usbd_edpt_stalled
                0x10005790       0x1c CMakeFiles/test.dir/D_/Pico/pico-sdk/lib/tinyusb/src/device/usbd.c.obj
                0x10005790                usbd_edpt_stalled
 .text.process_control_request
                0x100057ac      0x3b0 CMakeFiles/test.dir/D_/Pico/pico-sdk/lib/tinyusb/src/device/usbd.c.obj
 .text.tud_task
                0x10005b5c      0x1f0 CMakeFiles/test.dir/D_/Pico/pico-sdk/lib/tinyusb/src/device/usbd.c.obj
                0x10005b5c                tud_task
 .text._status_stage_xact
                0x10005d4c       0x1a CMakeFiles/test.dir/D_/Pico/pico-sdk/lib/tinyusb/src/device/usbd_control.c.obj
 *fill*         0x10005d66        0x2 
 .text._data_stage_xact
                0x10005d68       0x58 CMakeFiles/test.dir/D_/Pico/pico-sdk/lib/tinyusb/src/device/usbd_control.c.obj
 .text.tud_control_status
                0x10005dc0       0x28 CMakeFiles/test.dir/D_/Pico/pico-sdk/lib/tinyusb/src/device/usbd_control.c.obj
                0x10005dc0                tud_control_status
 .text.tud_control_xfer
                0x10005de8       0x98 CMakeFiles/test.dir/D_/Pico/pico-sdk/lib/tinyusb/src/device/usbd_control.c.obj
                0x10005de8                tud_control_xfer
 .text.usbd_control_reset
                0x10005e80       0x14 CMakeFiles/test.dir/D_/Pico/pico-sdk/lib/tinyusb/src/device/usbd_control.c.obj
                0x10005e80                usbd_control_reset
 .text.usbd_control_set_complete_callback
                0x10005e94        0xc CMakeFiles/test.dir/D_/Pico/pico-sdk/lib/tinyusb/src/device/usbd_control.c.obj
                0x10005e94                usbd_control_set_complete_callback
 .text.usbd_control_set_request
                0x10005ea0       0x1c CMakeFiles/test.dir/D_/Pico/pico-sdk/lib/tinyusb/src/device/usbd_control.c.obj
                0x10005ea0                usbd_control_set_request
 .text.usbd_control_xfer_cb
                0x10005ebc       0xe8 CMakeFiles/test.dir/D_/Pico/pico-sdk/lib/tinyusb/src/device/usbd_control.c.obj
                0x10005ebc                usbd_control_xfer_cb
 .text._prep_out_transaction
                0x10005fa4       0x46 CMakeFiles/test.dir/D_/Pico/pico-sdk/lib/tinyusb/src/class/cdc/cdc_device.c.obj
 *fill*         0x10005fea        0x2 
 .text.tud_cdc_n_connected
                0x10005fec       0x38 CMakeFiles/test.dir/D_/Pico/pico-sdk/lib/tinyusb/src/class/cdc/cdc_device.c.obj
                0x10005fec                tud_cdc_n_connected
 .text.tud_cdc_n_available
                0x10006024       0x18 CMakeFiles/test.dir/D_/Pico/pico-sdk/lib/tinyusb/src/class/cdc/cdc_device.c.obj
                0x10006024                tud_cdc_n_available
 .text.tud_cdc_n_read
                0x1000603c       0x28 CMakeFiles/test.dir/D_/Pico/pico-sdk/lib/tinyusb/src/class/cdc/cdc_device.c.obj
                0x1000603c                tud_cdc_n_read
 .text.tud_cdc_n_write_flush
                0x10006064       0xcc CMakeFiles/test.dir/D_/Pico/pico-sdk/lib/tinyusb/src/class/cdc/cdc_device.c.obj
                0x10006064                tud_cdc_n_write_flush
 .text.tud_cdc_n_write
                0x10006130       0x38 CMakeFiles/test.dir/D_/Pico/pico-sdk/lib/tinyusb/src/class/cdc/cdc_device.c.obj
                0x10006130                tud_cdc_n_write
 .text.tud_cdc_n_write_available
                0x10006168       0x1c CMakeFiles/test.dir/D_/Pico/pico-sdk/lib/tinyusb/src/class/cdc/cdc_device.c.obj
                0x10006168                tud_cdc_n_write_available
 .text.cdcd_init
                0x10006184       0xbc CMakeFiles/test.dir/D_/Pico/pico-sdk/lib/tinyusb/src/class/cdc/cdc_device.c.obj
                0x10006184                cdcd_init
 .text.cdcd_reset
                0x10006240       0x44 CMakeFiles/test.dir/D_/Pico/pico-sdk/lib/tinyusb/src/class/cdc/cdc_device.c.obj
                0x10006240                cdcd_reset
 .text.cdcd_open
                0x10006284       0xf0 CMakeFiles/test.dir/D_/Pico/pico-sdk/lib/tinyusb/src/class/cdc/cdc_device.c.obj
                0x10006284                cdcd_open
 .text.cdcd_control_xfer_cb
                0x10006374      0x134 CMakeFiles/test.dir/D_/Pico/pico-sdk/lib/tinyusb/src/class/cdc/cdc_device.c.obj
                0x10006374                cdcd_control_xfer_cb
 .text.cdcd_xfer_cb
                0x100064a8      0x144 CMakeFiles/test.dir/D_/Pico/pico-sdk/lib/tinyusb/src/class/cdc/cdc_device.c.obj
                0x100064a8                cdcd_xfer_cb
 .text.tusb_init
                0x100065ec       0x24 CMakeFiles/test.dir/D_/Pico/pico-sdk/lib/tinyusb/src/tusb.c.obj
                0x100065ec                tusb_init
 .text.tusb_inited
                0x10006610        0xe CMakeFiles/test.dir/D_/Pico/pico-sdk/lib/tinyusb/src/tusb.c.obj
                0x10006610                tusb_inited
 *fill*         0x1000661e        0x2 
 .text.tu_edpt_validate
                0x10006620       0xa8 CMakeFiles/test.dir/D_/Pico/pico-sdk/lib/tinyusb/src/tusb.c.obj
                0x10006620                tu_edpt_validate
 .text.tu_edpt_bind_driver
                0x100066c8       0x2a CMakeFiles/test.dir/D_/Pico/pico-sdk/lib/tinyusb/src/tusb.c.obj
                0x100066c8                tu_edpt_bind_driver
 .text.advance_pointer
                0x100066f2       0x18 CMakeFiles/test.dir/D_/Pico/pico-sdk/lib/tinyusb/src/common/tusb_fifo.c.obj
 .text.backward_pointer
                0x1000670a       0x1e CMakeFiles/test.dir/D_/Pico/pico-sdk/lib/tinyusb/src/common/tusb_fifo.c.obj
 .text.get_relative_pointer
                0x10006728       0x10 CMakeFiles/test.dir/D_/Pico/pico-sdk/lib/tinyusb/src/common/tusb_fifo.c.obj
 .text._tu_fifo_peek
                0x10006738       0x50 CMakeFiles/test.dir/D_/Pico/pico-sdk/lib/tinyusb/src/common/tusb_fifo.c.obj
 .text._ff_pull_const_addr
                0x10006788       0x4c CMakeFiles/test.dir/D_/Pico/pico-sdk/lib/tinyusb/src/common/tusb_fifo.c.obj
 .text._ff_pull_n
                0x100067d4      0x10c CMakeFiles/test.dir/D_/Pico/pico-sdk/lib/tinyusb/src/common/tusb_fifo.c.obj
 .text._tu_fifo_peek_n
                0x100068e0       0x5e CMakeFiles/test.dir/D_/Pico/pico-sdk/lib/tinyusb/src/common/tusb_fifo.c.obj
 .text._tu_fifo_read_n
                0x1000693e       0x4e CMakeFiles/test.dir/D_/Pico/pico-sdk/lib/tinyusb/src/common/tusb_fifo.c.obj
 .text._ff_push_const_addr
                0x1000698c       0x40 CMakeFiles/test.dir/D_/Pico/pico-sdk/lib/tinyusb/src/common/tusb_fifo.c.obj
 .text._ff_push_n
                0x100069cc      0x108 CMakeFiles/test.dir/D_/Pico/pico-sdk/lib/tinyusb/src/common/tusb_fifo.c.obj
 .text._tu_fifo_write_n
                0x10006ad4       0x9e CMakeFiles/test.dir/D_/Pico/pico-sdk/lib/tinyusb/src/common/tusb_fifo.c.obj
 .text.tu_fifo_config
                0x10006b72       0x72 CMakeFiles/test.dir/D_/Pico/pico-sdk/lib/tinyusb/src/common/tusb_fifo.c.obj
                0x10006b72                tu_fifo_config
 .text.tu_fifo_count
                0x10006be4       0x26 CMakeFiles/test.dir/D_/Pico/pico-sdk/lib/tinyusb/src/common/tusb_fifo.c.obj
                0x10006be4                tu_fifo_count
 .text.tu_fifo_empty
                0x10006c0a        0xe CMakeFiles/test.dir/D_/Pico/pico-sdk/lib/tinyusb/src/common/tusb_fifo.c.obj
                0x10006c0a                tu_fifo_empty
 .text.tu_fifo_remaining
                0x10006c18       0x20 CMakeFiles/test.dir/D_/Pico/pico-sdk/lib/tinyusb/src/common/tusb_fifo.c.obj
                0x10006c18                tu_fifo_remaining
 .text.tu_fifo_read
                0x10006c38       0x42 CMakeFiles/test.dir/D_/Pico/pico-sdk/lib/tinyusb/src/common/tusb_fifo.c.obj
                0x10006c38                tu_fifo_read
 .text.tu_fifo_read_n
                0x10006c7a        0xa CMakeFiles/test.dir/D_/Pico/pico-sdk/lib/tinyusb/src/common/tusb_fifo.c.obj
                0x10006c7a                tu_fifo_read_n
 .text.tu_fifo_write
                0x10006c84       0x6a CMakeFiles/test.dir/D_/Pico/pico-sdk/lib/tinyusb/src/common/tusb_fifo.c.obj
                0x10006c84                tu_fifo_write
 .text.tu_fifo_write_n
                0x10006cee        0xa CMakeFiles/test.dir/D_/Pico/pico-sdk/lib/tinyusb/src/common/tusb_fifo.c.obj
                0x10006cee                tu_fifo_write_n
 .text.tu_fifo_clear
                0x10006cf8       0x4c CMakeFiles/test.dir/D_/Pico/pico-sdk/lib/tinyusb/src/common/tusb_fifo.c.obj
                0x10006cf8                tu_fifo_clear
 .text.tu_fifo_set_overwritable
                0x10006d44       0x3c CMakeFiles/test.dir/D_/Pico/pico-sdk/lib/tinyusb/src/common/tusb_fifo.c.obj
                0x10006d44                tu_fifo_set_overwritable
 .text._retrieve_unique_id_on_boot
                0x10006d80       0x10 CMakeFiles/test.dir/D_/Pico/pico-sdk/src/rp2_common/pico_unique_id/unique_id.c.obj
 .text.pico_get_unique_board_id_string
                0x10006d90       0x5c CMakeFiles/test.dir/D_/Pico/pico-sdk/src/rp2_common/pico_unique_id/unique_id.c.obj
                0x10006d90                pico_get_unique_board_id_string
 .text.flash_get_unique_id
                0x10006dec       0x46 CMakeFiles/test.dir/D_/Pico/pico-sdk/src/rp2_common/hardware_flash/flash.c.obj
                0x10006dec                flash_get_unique_id
 *fill*         0x10006e32        0x2 
 .text.strlen   0x10006e34       0x5c d:/program files (x86)/arm gnu toolchain arm-none-eabi/12.2 rel1/bin/../lib/gcc/arm-none-eabi/12.2.1/thumb/v6-m/nofp\libg.a(libc_a-strlen-stub.o)
                0x10006e34                strlen
 *(.fini)
 .fini          0x10006e90        0x4 d:/program files (x86)/arm gnu toolchain arm-none-eabi/12.2 rel1/bin/../lib/gcc/arm-none-eabi/12.2.1/thumb/v6-m/nofp/crti.o
                0x10006e90                _fini
 *fill*         0x10006e94        0x4 
 .fini.__stub   0x10006e98       0x70 linker stubs
 *crtbegin.o(.ctors)
 *crtbegin?.o(.ctors)
 *(EXCLUDE_FILE(*crtend.o *crtend?.o) .ctors)
 *(SORT_BY_NAME(.ctors.*))
 *(.ctors)
 *crtbegin.o(.dtors)
 *crtbegin?.o(.dtors)
 *(EXCLUDE_FILE(*crtend.o *crtend?.o) .dtors)
 *(SORT_BY_NAME(.dtors.*))
 *(.dtors)
 *(.eh_frame*)
 .eh_frame      0x10006f08        0x0 d:/program files (x86)/arm gnu toolchain arm-none-eabi/12.2 rel1/bin/../lib/gcc/arm-none-eabi/12.2.1/thumb/v6-m/nofp/crtbegin.o
                0x10006f08                . = ALIGN (0x4)

.glue_7         0x10006f08        0x0
 .glue_7        0x10006f08        0x0 linker stubs

.glue_7t        0x10006f08        0x0
 .glue_7t       0x10006f08        0x0 linker stubs

.vfp11_veneer   0x10006f08        0x0
 .vfp11_veneer  0x10006f08        0x0 linker stubs

.v4_bx          0x10006f08        0x0
 .v4_bx         0x10006f08        0x0 linker stubs

.iplt           0x10006f08        0x0
 .iplt          0x10006f08        0x0 d:/program files (x86)/arm gnu toolchain arm-none-eabi/12.2 rel1/bin/../lib/gcc/arm-none-eabi/12.2.1/thumb/v6-m/nofp/crtbegin.o

.rodata         0x10006f08     0x158c
 *(EXCLUDE_FILE(*libm.a: *libc.a:*lib_a-mem*.o *libgcc.a:) .rodata*)
 .rodata.main.str1.4
                0x10006f08        0xe CMakeFiles/test.dir/test.c.obj
 *fill*         0x10006f16        0x2 
 .rodata.spin_lock_claim_unused.str1.4
                0x10006f18       0x1b CMakeFiles/test.dir/D_/Pico/pico-sdk/src/rp2_common/hardware_sync/sync.c.obj
 *fill*         0x10006f33        0x1 
 .rodata.resolve_branch.str1.4
                0x10006f34       0x4b CMakeFiles/test.dir/D_/Pico/pico-sdk/src/rp2_common/hardware_irq/irq.c.obj
 *fill*         0x10006f7f        0x1 
 .rodata.make_branch.str1.4
                0x10006f80       0x30 CMakeFiles/test.dir/D_/Pico/pico-sdk/src/rp2_common/hardware_irq/irq.c.obj
 .rodata.insert_branch_and_link.str1.4
                0x10006fb0       0x10 CMakeFiles/test.dir/D_/Pico/pico-sdk/src/rp2_common/hardware_irq/irq.c.obj
 .rodata.irq_set_exclusive_handler.str1.4
                0x10006fc0       0x36 CMakeFiles/test.dir/D_/Pico/pico-sdk/src/rp2_common/hardware_irq/irq.c.obj
 *fill*         0x10006ff6        0x2 
 .rodata.irq_add_shared_handler.str1.4
                0x10006ff8       0xc2 CMakeFiles/test.dir/D_/Pico/pico-sdk/src/rp2_common/hardware_irq/irq.c.obj
 *fill*         0x100070ba        0x2 
 .rodata.irq_remove_handler.str1.4
                0x100070bc       0x2a CMakeFiles/test.dir/D_/Pico/pico-sdk/src/rp2_common/hardware_irq/irq.c.obj
 *fill*         0x100070e6        0x2 
 .rodata.irq_add_tail_to_free_list.str1.4
                0x100070e8       0x3a CMakeFiles/test.dir/D_/Pico/pico-sdk/src/rp2_common/hardware_irq/irq.c.obj
 *fill*         0x10007122        0x2 
 .rodata.user_irq_claim_unused.str1.4
                0x10007124       0x1b CMakeFiles/test.dir/D_/Pico/pico-sdk/src/rp2_common/hardware_irq/irq.c.obj
 *fill*         0x1000713f        0x1 
 .rodata.__func__.0
                0x10007140       0x1a CMakeFiles/test.dir/D_/Pico/pico-sdk/src/rp2_common/hardware_irq/irq.c.obj
 *fill*         0x1000715a        0x2 
 .rodata.__func__.1
                0x1000715c       0x17 CMakeFiles/test.dir/D_/Pico/pico-sdk/src/rp2_common/hardware_irq/irq.c.obj
 *fill*         0x10007173        0x1 
 .rodata.__func__.2
                0x10007174       0x13 CMakeFiles/test.dir/D_/Pico/pico-sdk/src/rp2_common/hardware_irq/irq.c.obj
 *fill*         0x10007187        0x1 
 .rodata.__func__.3
                0x10007188        0xc CMakeFiles/test.dir/D_/Pico/pico-sdk/src/rp2_common/hardware_irq/irq.c.obj
 .rodata.__func__.4
                0x10007194        0xf CMakeFiles/test.dir/D_/Pico/pico-sdk/src/rp2_common/hardware_irq/irq.c.obj
 *fill*         0x100071a3        0x1 
 .rodata.__func__.5
                0x100071a4       0x17 CMakeFiles/test.dir/D_/Pico/pico-sdk/src/rp2_common/hardware_irq/irq.c.obj
 *fill*         0x100071bb        0x1 
 .rodata.__func__.6
                0x100071bc       0x1a CMakeFiles/test.dir/D_/Pico/pico-sdk/src/rp2_common/hardware_irq/irq.c.obj
 *fill*         0x100071d6        0x2 
 .rodata.get_entry.str1.4
                0x100071d8       0x51 CMakeFiles/test.dir/D_/Pico/pico-sdk/src/common/pico_time/time.c.obj
 *fill*         0x10007229        0x3 
 .rodata.update_us_since_boot.str1.4
                0x1000722c       0x57 CMakeFiles/test.dir/D_/Pico/pico-sdk/src/common/pico_time/time.c.obj
 *fill*         0x10007283        0x1 
 .rodata.ph_get_node.str1.4
                0x10007284       0x5c CMakeFiles/test.dir/D_/Pico/pico-sdk/src/common/pico_time/time.c.obj
 .rodata.ph_add_child_node.str1.4
                0x100072e0       0x2e CMakeFiles/test.dir/D_/Pico/pico-sdk/src/common/pico_time/time.c.obj
 *fill*         0x1000730e        0x2 
 .rodata.ph_insert_node.str1.4
                0x10007310        0x3 CMakeFiles/test.dir/D_/Pico/pico-sdk/src/common/pico_time/time.c.obj
 *fill*         0x10007313        0x1 
 .rodata.ph_free_node.str1.4
                0x10007314       0x22 CMakeFiles/test.dir/D_/Pico/pico-sdk/src/common/pico_time/time.c.obj
 *fill*         0x10007336        0x2 
 .rodata.add_alarm_under_lock.str1.4
                0x10007338       0x28 CMakeFiles/test.dir/D_/Pico/pico-sdk/src/common/pico_time/time.c.obj
 .rodata.alarm_pool_alarm_callback.str1.4
                0x10007360       0x60 CMakeFiles/test.dir/D_/Pico/pico-sdk/src/common/pico_time/time.c.obj
 .rodata.alarm_pool_get_default.str1.4
                0x100073c0       0x21 CMakeFiles/test.dir/D_/Pico/pico-sdk/src/common/pico_time/time.c.obj
 *fill*         0x100073e1        0x3 
 .rodata.alarm_pool_cancel_alarm.str1.4
                0x100073e4       0x27 CMakeFiles/test.dir/D_/Pico/pico-sdk/src/common/pico_time/time.c.obj
 *fill*         0x1000740b        0x1 
 .rodata.__func__.1
                0x1000740c       0x18 CMakeFiles/test.dir/D_/Pico/pico-sdk/src/common/pico_time/time.c.obj
 .rodata.__func__.3
                0x10007424       0x17 CMakeFiles/test.dir/D_/Pico/pico-sdk/src/common/pico_time/time.c.obj
 *fill*         0x1000743b        0x1 
 .rodata.__func__.4
                0x1000743c       0x12 CMakeFiles/test.dir/D_/Pico/pico-sdk/src/common/pico_time/time.c.obj
 *fill*         0x1000744e        0x2 
 .rodata.__func__.5
                0x10007450        0xd CMakeFiles/test.dir/D_/Pico/pico-sdk/src/common/pico_time/time.c.obj
 *fill*         0x1000745d        0x3 
 .rodata.__func__.6
                0x10007460       0x12 CMakeFiles/test.dir/D_/Pico/pico-sdk/src/common/pico_time/time.c.obj
 *fill*         0x10007472        0x2 
 .rodata.__func__.7
                0x10007474        0xf CMakeFiles/test.dir/D_/Pico/pico-sdk/src/common/pico_time/time.c.obj
 *fill*         0x10007483        0x1 
 .rodata.__func__.8
                0x10007484        0xc CMakeFiles/test.dir/D_/Pico/pico-sdk/src/common/pico_time/time.c.obj
 .rodata.__func__.9
                0x10007490       0x15 CMakeFiles/test.dir/D_/Pico/pico-sdk/src/common/pico_time/time.c.obj
 *fill*         0x100074a5        0x3 
 .rodata.__func__.10
                0x100074a8       0x15 CMakeFiles/test.dir/D_/Pico/pico-sdk/src/common/pico_time/time.c.obj
 *fill*         0x100074bd        0x3 
 .rodata.__func__.11
                0x100074c0       0x1a CMakeFiles/test.dir/D_/Pico/pico-sdk/src/common/pico_time/time.c.obj
 *fill*         0x100074da        0x2 
 .rodata.__func__.12
                0x100074dc        0xa CMakeFiles/test.dir/D_/Pico/pico-sdk/src/common/pico_time/time.c.obj
 *fill*         0x100074e6        0x2 
 .rodata.hardware_alarm_claim.str1.4
                0x100074e8       0x22 CMakeFiles/test.dir/D_/Pico/pico-sdk/src/rp2_common/hardware_timer/timer.c.obj
 *fill*         0x1000750a        0x2 
 .rodata.hardware_alarm_set_target.str1.4
                0x1000750c       0x5b CMakeFiles/test.dir/D_/Pico/pico-sdk/src/rp2_common/hardware_timer/timer.c.obj
 *fill*         0x10007567        0x1 
 .rodata.__func__.0
                0x10007568       0x1a CMakeFiles/test.dir/D_/Pico/pico-sdk/src/rp2_common/hardware_timer/timer.c.obj
 .rodata.ph_get_node.str1.4
                0x10007582       0x5c CMakeFiles/test.dir/D_/Pico/pico-sdk/src/common/pico_util/pheap.c.obj
 .rodata.ph_add_child_node.str1.4
                0x10007582       0x2e CMakeFiles/test.dir/D_/Pico/pico-sdk/src/common/pico_util/pheap.c.obj
 *fill*         0x10007582        0x2 
 .rodata.ph_remove_any_head.str1.4
                0x10007584       0x84 CMakeFiles/test.dir/D_/Pico/pico-sdk/src/common/pico_util/pheap.c.obj
 .rodata.ph_remove_and_free_node.str1.4
                0x10007608       0x1e CMakeFiles/test.dir/D_/Pico/pico-sdk/src/common/pico_util/pheap.c.obj
                                 0x26 (size before relaxing)
 *fill*         0x10007626        0x2 
 .rodata.__func__.0
                0x10007628       0x18 CMakeFiles/test.dir/D_/Pico/pico-sdk/src/common/pico_util/pheap.c.obj
 .rodata.__func__.1
                0x10007640       0x13 CMakeFiles/test.dir/D_/Pico/pico-sdk/src/common/pico_util/pheap.c.obj
 *fill*         0x10007653        0x1 
 .rodata.__func__.2
                0x10007654       0x12 CMakeFiles/test.dir/D_/Pico/pico-sdk/src/common/pico_util/pheap.c.obj
 *fill*         0x10007666        0x2 
 .rodata.__func__.3
                0x10007668        0xc CMakeFiles/test.dir/D_/Pico/pico-sdk/src/common/pico_util/pheap.c.obj
 .rodata.update_us_since_boot.str1.4
                0x10007674       0x57 CMakeFiles/test.dir/D_/Pico/pico-sdk/src/common/pico_sync/mutex.c.obj
 .rodata.str1.4
                0x10007674       0x81 CMakeFiles/test.dir/D_/Pico/pico-sdk/src/common/pico_sync/mutex.c.obj
 *fill*         0x100076f5        0x3 
 .rodata.__func__.1
                0x100076f8        0xb CMakeFiles/test.dir/D_/Pico/pico-sdk/src/common/pico_sync/mutex.c.obj
 *fill*         0x10007703        0x1 
 .rodata.__func__.3
                0x10007704       0x18 CMakeFiles/test.dir/D_/Pico/pico-sdk/src/common/pico_sync/mutex.c.obj
 .rodata.__func__.4
                0x1000771c       0x15 CMakeFiles/test.dir/D_/Pico/pico-sdk/src/common/pico_sync/mutex.c.obj
 *fill*         0x10007731        0x3 
 .rodata.__assert_func.str1.4
                0x10007734       0x3f CMakeFiles/test.dir/D_/Pico/pico-sdk/src/rp2_common/pico_runtime/runtime.c.obj
                                 0x43 (size before relaxing)
 *fill*         0x10007773        0x1 
 .rodata.runtime_init.str1.4
                0x10007774       0x57 CMakeFiles/test.dir/D_/Pico/pico-sdk/src/rp2_common/pico_runtime/runtime.c.obj
 *fill*         0x100077cb        0x1 
 .rodata.panic.str1.4
                0x100077cc       0x12 CMakeFiles/test.dir/D_/Pico/pico-sdk/src/rp2_common/pico_runtime/runtime.c.obj
 *fill*         0x100077de        0x2 
 .rodata.__func__.1
                0x100077e0        0xd CMakeFiles/test.dir/D_/Pico/pico-sdk/src/rp2_common/pico_runtime/runtime.c.obj
 *fill*         0x100077ed        0x3 
 .rodata.clock_configure.str1.4
                0x100077f0       0x4d CMakeFiles/test.dir/D_/Pico/pico-sdk/src/rp2_common/hardware_clocks/clocks.c.obj
 *fill*         0x1000783d        0x3 
 .rodata.__func__.1
                0x10007840       0x10 CMakeFiles/test.dir/D_/Pico/pico-sdk/src/rp2_common/hardware_clocks/clocks.c.obj
 .rodata.pll_init.str1.4
                0x10007850      0x12f CMakeFiles/test.dir/D_/Pico/pico-sdk/src/rp2_common/hardware_pll/pll.c.obj
 *fill*         0x1000797f        0x1 
 .rodata.__func__.0
                0x10007980        0x9 CMakeFiles/test.dir/D_/Pico/pico-sdk/src/rp2_common/hardware_pll/pll.c.obj
 *fill*         0x10007989        0x3 
 .rodata._ftoa.str1.4
                0x1000798c       0x15 CMakeFiles/test.dir/D_/Pico/pico-sdk/src/rp2_common/pico_printf/printf.c.obj
 *fill*         0x100079a1        0x3 
 .rodata._vsnprintf
                0x100079a4      0x19c CMakeFiles/test.dir/D_/Pico/pico-sdk/src/rp2_common/pico_printf/printf.c.obj
 .rodata.pow10.0
                0x10007b40       0x50 CMakeFiles/test.dir/D_/Pico/pico-sdk/src/rp2_common/pico_printf/printf.c.obj
 .rodata.__aeabi_double_init.str1.4
                0x10007b90       0x9e CMakeFiles/test.dir/D_/Pico/pico-sdk/src/rp2_common/pico_double/double_init_rom.c.obj
 *fill*         0x10007c2e        0x2 
 .rodata.__func__.0
                0x10007c30       0x14 CMakeFiles/test.dir/D_/Pico/pico-sdk/src/rp2_common/pico_double/double_init_rom.c.obj
 .rodata.__aeabi_float_init.str1.4
                0x10007c44       0x70 CMakeFiles/test.dir/D_/Pico/pico-sdk/src/rp2_common/pico_float/float_init_rom.c.obj
                                 0x74 (size before relaxing)
 .rodata.__func__.0
                0x10007cb4       0x13 CMakeFiles/test.dir/D_/Pico/pico-sdk/src/rp2_common/pico_float/float_init_rom.c.obj
 *fill*         0x10007cc7        0x1 
 .rodata.str1.4
                0x10007cc8       0x40 CMakeFiles/test.dir/D_/Pico/pico-sdk/src/rp2_common/pico_standard_link/binary_info.c.obj
 .rodata.__bi_81
                0x10007d08        0xc CMakeFiles/test.dir/D_/Pico/pico-sdk/src/rp2_common/pico_standard_link/binary_info.c.obj
 .rodata.__bi_75
                0x10007d14        0xc CMakeFiles/test.dir/D_/Pico/pico-sdk/src/rp2_common/pico_standard_link/binary_info.c.obj
 .rodata.__bi_56
                0x10007d20        0xc CMakeFiles/test.dir/D_/Pico/pico-sdk/src/rp2_common/pico_standard_link/binary_info.c.obj
 .rodata.__bi_44
                0x10007d2c        0xc CMakeFiles/test.dir/D_/Pico/pico-sdk/src/rp2_common/pico_standard_link/binary_info.c.obj
 .rodata.crlf_str.3
                0x10007d38        0x2 CMakeFiles/test.dir/D_/Pico/pico-sdk/src/rp2_common/pico_stdio/stdio.c.obj
 *fill*         0x10007d3a        0x2 
 .rodata._resetd_driver
                0x10007d3c       0x18 CMakeFiles/test.dir/D_/Pico/pico-sdk/src/rp2_common/pico_stdio_usb/reset_interface.c.obj
 .rodata.update_us_since_boot.str1.4
                0x10007d54       0x57 CMakeFiles/test.dir/D_/Pico/pico-sdk/src/rp2_common/pico_stdio_usb/stdio_usb.c.obj
 .rodata.timer_task.str1.4
                0x10007d54       0x63 CMakeFiles/test.dir/D_/Pico/pico-sdk/src/rp2_common/pico_stdio_usb/stdio_usb.c.obj
 *fill*         0x10007db7        0x1 
 .rodata.__func__.0
                0x10007db8       0x15 CMakeFiles/test.dir/D_/Pico/pico-sdk/src/rp2_common/pico_stdio_usb/stdio_usb.c.obj
 *fill*         0x10007dcd        0x3 
 .rodata.__func__.1
                0x10007dd0        0xb CMakeFiles/test.dir/D_/Pico/pico-sdk/src/rp2_common/pico_stdio_usb/stdio_usb.c.obj
 *fill*         0x10007ddb        0x1 
 .rodata.str1.4
                0x10007ddc       0x13 CMakeFiles/test.dir/D_/Pico/pico-sdk/src/rp2_common/pico_stdio_usb/stdio_usb.c.obj
 *fill*         0x10007def        0x1 
 .rodata.__bi_118.2
                0x10007df0        0xc CMakeFiles/test.dir/D_/Pico/pico-sdk/src/rp2_common/pico_stdio_usb/stdio_usb.c.obj
 .rodata.str1.4
                0x10007dfc       0x2a CMakeFiles/test.dir/D_/Pico/pico-sdk/src/rp2_common/pico_stdio_usb/stdio_usb_descriptors.c.obj
 *fill*         0x10007e26        0x2 
 .rodata.usbd_desc_str
                0x10007e28       0x18 CMakeFiles/test.dir/D_/Pico/pico-sdk/src/rp2_common/pico_stdio_usb/stdio_usb_descriptors.c.obj
 .rodata.usbd_desc_cfg
                0x10007e40       0x54 CMakeFiles/test.dir/D_/Pico/pico-sdk/src/rp2_common/pico_stdio_usb/stdio_usb_descriptors.c.obj
 .rodata.usbd_desc_device
                0x10007e94       0x12 CMakeFiles/test.dir/D_/Pico/pico-sdk/src/rp2_common/pico_stdio_usb/stdio_usb_descriptors.c.obj
 *fill*         0x10007ea6        0x2 
 .rodata._hw_endpoint_alloc.str1.4
                0x10007ea8       0xad CMakeFiles/test.dir/D_/Pico/pico-sdk/lib/tinyusb/src/portable/raspberrypi/rp2040/dcd_rp2040.c.obj
 *fill*         0x10007f55        0x3 
 .rodata.dcd_rp2040_irq.str1.4
                0x10007f58       0x14 CMakeFiles/test.dir/D_/Pico/pico-sdk/lib/tinyusb/src/portable/raspberrypi/rp2040/dcd_rp2040.c.obj
 .rodata.dcd_int_enable.str1.4
                0x10007f6c        0xc CMakeFiles/test.dir/D_/Pico/pico-sdk/lib/tinyusb/src/portable/raspberrypi/rp2040/dcd_rp2040.c.obj
 .rodata.__func__.0
                0x10007f78        0xe CMakeFiles/test.dir/D_/Pico/pico-sdk/lib/tinyusb/src/portable/raspberrypi/rp2040/dcd_rp2040.c.obj
 *fill*         0x10007f86        0x2 
 .rodata.__func__.1
                0x10007f88        0xe CMakeFiles/test.dir/D_/Pico/pico-sdk/lib/tinyusb/src/portable/raspberrypi/rp2040/dcd_rp2040.c.obj
 *fill*         0x10007f96        0x2 
 .rodata.__func__.3
                0x10007f98       0x10 CMakeFiles/test.dir/D_/Pico/pico-sdk/lib/tinyusb/src/portable/raspberrypi/rp2040/dcd_rp2040.c.obj
 .rodata.__func__.5
                0x10007fa8        0xf CMakeFiles/test.dir/D_/Pico/pico-sdk/lib/tinyusb/src/portable/raspberrypi/rp2040/dcd_rp2040.c.obj
 *fill*         0x10007fb7        0x1 
 .rodata.__func__.6
                0x10007fb8       0x13 CMakeFiles/test.dir/D_/Pico/pico-sdk/lib/tinyusb/src/portable/raspberrypi/rp2040/dcd_rp2040.c.obj
 *fill*         0x10007fcb        0x1 
 .rodata.__func__.7
                0x10007fcc        0x9 CMakeFiles/test.dir/D_/Pico/pico-sdk/lib/tinyusb/src/portable/raspberrypi/rp2040/dcd_rp2040.c.obj
 *fill*         0x10007fd5        0x3 
 .rodata.sync_ep_buffer.str1.4
                0x10007fd8       0x89 CMakeFiles/test.dir/D_/Pico/pico-sdk/lib/tinyusb/src/portable/raspberrypi/rp2040/rp2040_usb.c.obj
 *fill*         0x10008061        0x3 
 .rodata._hw_endpoint_buffer_control_update32.str1.4
                0x10008064       0x1f CMakeFiles/test.dir/D_/Pico/pico-sdk/lib/tinyusb/src/portable/raspberrypi/rp2040/rp2040_usb.c.obj
 *fill*         0x10008083        0x1 
 .rodata.hw_endpoint_xfer_start.str1.4
                0x10008084       0x38 CMakeFiles/test.dir/D_/Pico/pico-sdk/lib/tinyusb/src/portable/raspberrypi/rp2040/rp2040_usb.c.obj
 .rodata.hw_endpoint_xfer_continue.str1.4
                0x100080bc       0x29 CMakeFiles/test.dir/D_/Pico/pico-sdk/lib/tinyusb/src/portable/raspberrypi/rp2040/rp2040_usb.c.obj
 *fill*         0x100080e5        0x3 
 .rodata.__func__.0
                0x100080e8        0xf CMakeFiles/test.dir/D_/Pico/pico-sdk/lib/tinyusb/src/portable/raspberrypi/rp2040/rp2040_usb.c.obj
 *fill*         0x100080f7        0x1 
 .rodata.str1.4
                0x100080f8        0x7 CMakeFiles/test.dir/D_/Pico/pico-sdk/lib/tinyusb/src/portable/raspberrypi/rp2040/rp2040_usb.c.obj
 *fill*         0x100080ff        0x1 
 .rodata.process_set_config.str1.4
                0x10008100       0x17 CMakeFiles/test.dir/D_/Pico/pico-sdk/lib/tinyusb/src/device/usbd.c.obj
 *fill*         0x10008117        0x1 
 .rodata.process_get_descriptor
                0x10008118       0x40 CMakeFiles/test.dir/D_/Pico/pico-sdk/lib/tinyusb/src/device/usbd.c.obj
 .rodata.process_control_request
                0x10008158       0x28 CMakeFiles/test.dir/D_/Pico/pico-sdk/lib/tinyusb/src/device/usbd.c.obj
 .rodata.tud_task
                0x10008180       0x24 CMakeFiles/test.dir/D_/Pico/pico-sdk/lib/tinyusb/src/device/usbd.c.obj
 .rodata.__func__.2
                0x100081a4        0xf CMakeFiles/test.dir/D_/Pico/pico-sdk/lib/tinyusb/src/device/usbd.c.obj
 *fill*         0x100081b3        0x1 
 .rodata.__func__.3
                0x100081b4        0xf CMakeFiles/test.dir/D_/Pico/pico-sdk/lib/tinyusb/src/device/usbd.c.obj
 *fill*         0x100081c3        0x1 
 .rodata.__func__.4
                0x100081c4       0x14 CMakeFiles/test.dir/D_/Pico/pico-sdk/lib/tinyusb/src/device/usbd.c.obj
 .rodata.__func__.5
                0x100081d8       0x10 CMakeFiles/test.dir/D_/Pico/pico-sdk/lib/tinyusb/src/device/usbd.c.obj
 .rodata.__func__.6
                0x100081e8       0x17 CMakeFiles/test.dir/D_/Pico/pico-sdk/lib/tinyusb/src/device/usbd.c.obj
 *fill*         0x100081ff        0x1 
 .rodata.__func__.7
                0x10008200       0x13 CMakeFiles/test.dir/D_/Pico/pico-sdk/lib/tinyusb/src/device/usbd.c.obj
 *fill*         0x10008213        0x1 
 .rodata.__func__.8
                0x10008214       0x18 CMakeFiles/test.dir/D_/Pico/pico-sdk/lib/tinyusb/src/device/usbd.c.obj
 .rodata.__func__.9
                0x1000822c        0x9 CMakeFiles/test.dir/D_/Pico/pico-sdk/lib/tinyusb/src/device/usbd.c.obj
 *fill*         0x10008235        0x3 
 .rodata._usbd_driver
                0x10008238       0x18 CMakeFiles/test.dir/D_/Pico/pico-sdk/lib/tinyusb/src/device/usbd.c.obj
 .rodata.tud_control_xfer.str1.4
                0x10008250       0x17 CMakeFiles/test.dir/D_/Pico/pico-sdk/lib/tinyusb/src/device/usbd_control.c.obj
 .rodata.__func__.0
                0x10008250       0x15 CMakeFiles/test.dir/D_/Pico/pico-sdk/lib/tinyusb/src/device/usbd_control.c.obj
 *fill*         0x10008265        0x3 
 .rodata.__func__.1
                0x10008268       0x11 CMakeFiles/test.dir/D_/Pico/pico-sdk/lib/tinyusb/src/device/usbd_control.c.obj
 .rodata.tud_cdc_n_write_flush.str1.4
                0x10008279       0x17 CMakeFiles/test.dir/D_/Pico/pico-sdk/lib/tinyusb/src/class/cdc/cdc_device.c.obj
 *fill*         0x10008279        0x3 
 .rodata.__func__.0
                0x1000827c        0xd CMakeFiles/test.dir/D_/Pico/pico-sdk/lib/tinyusb/src/class/cdc/cdc_device.c.obj
 *fill*         0x10008289        0x3 
 .rodata.__func__.1
                0x1000828c        0xa CMakeFiles/test.dir/D_/Pico/pico-sdk/lib/tinyusb/src/class/cdc/cdc_device.c.obj
 *fill*         0x10008296        0x2 
 .rodata.__func__.2
                0x10008298       0x16 CMakeFiles/test.dir/D_/Pico/pico-sdk/lib/tinyusb/src/class/cdc/cdc_device.c.obj
 .rodata.tusb_init.str1.4
                0x100082ae       0x17 CMakeFiles/test.dir/D_/Pico/pico-sdk/lib/tinyusb/src/tusb.c.obj
 *fill*         0x100082ae        0x2 
 .rodata.__func__.0
                0x100082b0       0x11 CMakeFiles/test.dir/D_/Pico/pico-sdk/lib/tinyusb/src/tusb.c.obj
 *fill*         0x100082c1        0x3 
 .rodata.__func__.1
                0x100082c4        0xa CMakeFiles/test.dir/D_/Pico/pico-sdk/lib/tinyusb/src/tusb.c.obj
 *fill*         0x100082ce        0x2 
 .rodata.pico_get_unique_board_id_string.str1.4
                0x100082d0       0x43 CMakeFiles/test.dir/D_/Pico/pico-sdk/src/rp2_common/pico_unique_id/unique_id.c.obj
 *fill*         0x10008313        0x1 
 .rodata.__func__.0
                0x10008314       0x20 CMakeFiles/test.dir/D_/Pico/pico-sdk/src/rp2_common/pico_unique_id/unique_id.c.obj
 .rodata.str1.4
                0x10008334      0x14e CMakeFiles/test.dir/D_/Pico/pico-sdk/src/rp2_common/hardware_flash/flash.c.obj
 *fill*         0x10008482        0x2 
 .rodata.__func__.0
                0x10008484        0xd CMakeFiles/test.dir/D_/Pico/pico-sdk/src/rp2_common/hardware_flash/flash.c.obj
                0x10008494                . = ALIGN (0x4)
 *fill*         0x10008491        0x3 
 *(SORT_BY_ALIGNMENT(SORT_BY_NAME(.flashdata*)))
                0x10008494                . = ALIGN (0x4)

.rel.dyn        0x10008494        0x0
 .rel.iplt      0x10008494        0x0 d:/program files (x86)/arm gnu toolchain arm-none-eabi/12.2 rel1/bin/../lib/gcc/arm-none-eabi/12.2.1/thumb/v6-m/nofp/crtbegin.o

.ARM.extab
 *(.ARM.extab* .gnu.linkonce.armextab.*)
                0x10008494                __exidx_start = .

.ARM.exidx
 *(.ARM.exidx* .gnu.linkonce.armexidx.*)
                0x10008494                __exidx_end = .
                0x10008494                . = ALIGN (0x4)
                0x10008494                __binary_info_start = .

.binary_info    0x10008494       0x24
 *(.binary_info.keep.*)
 .binary_info.keep.__bi_ptr81
                0x10008494        0x4 CMakeFiles/test.dir/D_/Pico/pico-sdk/src/rp2_common/pico_standard_link/binary_info.c.obj
 .binary_info.keep.__bi_ptr75
                0x10008498        0x4 CMakeFiles/test.dir/D_/Pico/pico-sdk/src/rp2_common/pico_standard_link/binary_info.c.obj
 .binary_info.keep.__bi_ptr56
                0x1000849c        0x4 CMakeFiles/test.dir/D_/Pico/pico-sdk/src/rp2_common/pico_standard_link/binary_info.c.obj
 .binary_info.keep.__bi_ptr50
                0x100084a0        0x4 CMakeFiles/test.dir/D_/Pico/pico-sdk/src/rp2_common/pico_standard_link/binary_info.c.obj
 .binary_info.keep.__bi_ptr44
                0x100084a4        0x4 CMakeFiles/test.dir/D_/Pico/pico-sdk/src/rp2_common/pico_standard_link/binary_info.c.obj
 .binary_info.keep.__bi_ptr38
                0x100084a8        0x4 CMakeFiles/test.dir/D_/Pico/pico-sdk/src/rp2_common/pico_standard_link/binary_info.c.obj
 .binary_info.keep.__bi_ptr30
                0x100084ac        0x4 CMakeFiles/test.dir/D_/Pico/pico-sdk/src/rp2_common/pico_standard_link/binary_info.c.obj
 .binary_info.keep.__bi_ptr22
                0x100084b0        0x4 CMakeFiles/test.dir/D_/Pico/pico-sdk/src/rp2_common/pico_standard_link/binary_info.c.obj
 *(.binary_info.*)
 .binary_info.__bi_ptr118
                0x100084b4        0x4 CMakeFiles/test.dir/D_/Pico/pico-sdk/src/rp2_common/pico_stdio_usb/stdio_usb.c.obj
                0x100084b8                __binary_info_end = .
                0x100084b8                . = ALIGN (0x4)
                0x100084b8                __etext = .

.ram_vector_table
                0x20000000       0xc0
 *(.ram_vector_table)
 .ram_vector_table
                0x20000000       0xc0 CMakeFiles/test.dir/D_/Pico/pico-sdk/src/rp2_common/pico_runtime/runtime.c.obj
                0x20000000                ram_vector_table

.data           0x200000c0      0x3f0 load address 0x100084b8
                0x200000c0                __data_start__ = .
 *(vtable)
 *(.time_critical*)
 .time_critical.mutex_enter_blocking
                0x200000c0       0x48 CMakeFiles/test.dir/D_/Pico/pico-sdk/src/common/pico_sync/mutex.c.obj
                0x200000c0                mutex_enter_blocking
 .time_critical.mutex_try_enter
                0x20000108       0x46 CMakeFiles/test.dir/D_/Pico/pico-sdk/src/common/pico_sync/mutex.c.obj
                0x20000108                mutex_try_enter
 *fill*         0x2000014e        0x2 
 .time_critical.mutex_enter_block_until
                0x20000150       0x8c CMakeFiles/test.dir/D_/Pico/pico-sdk/src/common/pico_sync/mutex.c.obj
                0x20000150                mutex_enter_block_until
 .time_critical.mutex_enter_timeout_ms
                0x200001dc       0x1a CMakeFiles/test.dir/D_/Pico/pico-sdk/src/common/pico_sync/mutex.c.obj
                0x200001dc                mutex_enter_timeout_ms
 *fill*         0x200001f6        0x2 
 .time_critical.mutex_exit
                0x200001f8       0x4c CMakeFiles/test.dir/D_/Pico/pico-sdk/src/common/pico_sync/mutex.c.obj
                0x200001f8                mutex_exit
 .time_critical.flash_init_boot2_copyout
                0x20000244       0x30 CMakeFiles/test.dir/D_/Pico/pico-sdk/src/rp2_common/hardware_flash/flash.c.obj
 .time_critical.flash_enable_xip_via_boot2
                0x20000274        0xc CMakeFiles/test.dir/D_/Pico/pico-sdk/src/rp2_common/hardware_flash/flash.c.obj
 .time_critical.flash_cs_force
                0x20000280       0x28 CMakeFiles/test.dir/D_/Pico/pico-sdk/src/rp2_common/hardware_flash/flash.c.obj
 .time_critical.flash_do_cmd
                0x200002a8       0xd8 CMakeFiles/test.dir/D_/Pico/pico-sdk/src/rp2_common/hardware_flash/flash.c.obj
                0x200002a8                flash_do_cmd
 *(.text*)
 .text          0x20000380        0x4 d:/program files (x86)/arm gnu toolchain arm-none-eabi/12.2 rel1/bin/../lib/gcc/arm-none-eabi/12.2.1/thumb/v6-m/nofp\libgcc.a(_dvmd_tls.o)
                0x20000380                __aeabi_idiv0
                0x20000380                __aeabi_ldiv0
 *fill*         0x20000384        0x4 
 .text.__stub   0x20000388       0x30 linker stubs
                0x200003b8                . = ALIGN (0x4)
 *(.rodata*)
                0x200003b8                . = ALIGN (0x4)
 *(.data*)
 .data.striped_spin_lock_num
                0x200003b8        0x1 CMakeFiles/test.dir/D_/Pico/pico-sdk/src/rp2_common/hardware_sync/sync.c.obj
 *fill*         0x200003b9        0x3 
 .data          0x200003bc       0x48 CMakeFiles/test.dir/D_/Pico/pico-sdk/src/rp2_common/hardware_irq/irq_handler_chain.S.obj
                0x200003bc                irq_handler_chain_slots
                0x200003ec                irq_handler_chain_first_slot
                0x200003f6                irq_handler_chain_remove_tail
 .data.default_alarm_pool
                0x20000404       0x18 CMakeFiles/test.dir/D_/Pico/pico-sdk/src/common/pico_time/time.c.obj
 .data.default_alarm_pool_heap
                0x2000041c       0x10 CMakeFiles/test.dir/D_/Pico/pico-sdk/src/common/pico_time/time.c.obj
 *fill*         0x2000042c        0x4 
 .data.aeabi_bits_funcs
                0x20000430       0x10 CMakeFiles/test.dir/D_/Pico/pico-sdk/src/rp2_common/pico_bit_ops/bit_ops_aeabi.S.obj
                0x20000430                aeabi_bits_funcs
                0x20000440                aeabi_bits_funcs_end
 .data.aeabi_mem_funcs
                0x20000440       0x10 CMakeFiles/test.dir/D_/Pico/pico-sdk/src/rp2_common/pico_mem_ops/mem_ops_aeabi.S.obj
                0x20000440                aeabi_mem_funcs
                0x20000450                aeabi_mem_funcs_end
 .data.stdio_usb
                0x20000450       0x14 CMakeFiles/test.dir/D_/Pico/pico-sdk/src/rp2_common/pico_stdio_usb/stdio_usb.c.obj
                0x20000450                stdio_usb
 .data.ep_dir_string
                0x20000464        0x8 CMakeFiles/test.dir/D_/Pico/pico-sdk/lib/tinyusb/src/portable/raspberrypi/rp2040/rp2040_usb.c.obj
                0x20000464                ep_dir_string
 .data._usbd_qdef
                0x2000046c       0x24 CMakeFiles/test.dir/D_/Pico/pico-sdk/lib/tinyusb/src/device/usbd.c.obj
                0x2000046c                _usbd_qdef
                0x20000490                . = ALIGN (0x4)
 *(.after_data.*)
                0x20000490                . = ALIGN (0x4)
                0x20000490                PROVIDE (__mutex_array_start = .)
 *(SORT_BY_NAME(.mutex_array.*))
 *(.mutex_array)
 .mutex_array   0x20000490        0x8 CMakeFiles/test.dir/D_/Pico/pico-sdk/src/rp2_common/pico_stdio/stdio.c.obj
                0x20000498                PROVIDE (__mutex_array_end = .)
                0x20000498                . = ALIGN (0x4)
                0x20000498                PROVIDE (__preinit_array_start = .)
 *(SORT_BY_NAME(.preinit_array.*))
 .preinit_array.00001
                0x20000498        0x4 CMakeFiles/test.dir/D_/Pico/pico-sdk/src/rp2_common/pico_mem_ops/mem_ops_aeabi.S.obj
 .preinit_array.00010
                0x2000049c        0x4 CMakeFiles/test.dir/D_/Pico/pico-sdk/src/rp2_common/pico_bit_ops/bit_ops_aeabi.S.obj
 .preinit_array.00020
                0x200004a0        0x4 CMakeFiles/test.dir/D_/Pico/pico-sdk/src/rp2_common/pico_double/double_aeabi.S.obj
 .preinit_array.00020
                0x200004a4        0x4 CMakeFiles/test.dir/D_/Pico/pico-sdk/src/rp2_common/pico_float/float_aeabi.S.obj
 *(.preinit_array)
                0x200004a8                PROVIDE (__preinit_array_end = .)
                0x200004a8                . = ALIGN (0x4)
                0x200004a8                PROVIDE (__init_array_start = .)
 *(SORT_BY_NAME(.init_array.*))
 *(.init_array)
 .init_array    0x200004a8        0x4 d:/program files (x86)/arm gnu toolchain arm-none-eabi/12.2 rel1/bin/../lib/gcc/arm-none-eabi/12.2.1/thumb/v6-m/nofp/crtbegin.o
 .init_array    0x200004ac        0x4 CMakeFiles/test.dir/D_/Pico/pico-sdk/src/rp2_common/pico_unique_id/unique_id.c.obj
                0x200004b0                PROVIDE (__init_array_end = .)
                0x200004b0                . = ALIGN (0x4)
                [!provide]                PROVIDE (__fini_array_start = .)
 *(SORT_BY_NAME(.fini_array.*))
 *(.fini_array)
                [!provide]                PROVIDE (__fini_array_end = .)
 *(.jcr)
                0x200004b0                . = ALIGN (0x4)
                0x200004b0                __data_end__ = .

.tm_clone_table
                0x200004b0        0x0 load address 0x100088a8
 .tm_clone_table
                0x200004b0        0x0 d:/program files (x86)/arm gnu toolchain arm-none-eabi/12.2 rel1/bin/../lib/gcc/arm-none-eabi/12.2.1/thumb/v6-m/nofp/crtbegin.o
 .tm_clone_table
                0x200004b0        0x0 d:/program files (x86)/arm gnu toolchain arm-none-eabi/12.2 rel1/bin/../lib/gcc/arm-none-eabi/12.2.1/thumb/v6-m/nofp/crtend.o

.igot.plt       0x200004b0        0x0 load address 0x100088a8
 .igot.plt      0x200004b0        0x0 d:/program files (x86)/arm gnu toolchain arm-none-eabi/12.2 rel1/bin/../lib/gcc/arm-none-eabi/12.2.1/thumb/v6-m/nofp/crtbegin.o

.uninitialized_data
                0x200004b0        0x0 load address 0x100088a8
                0x200004b0                . = ALIGN (0x4)
 *(.uninitialized_data*)

.scratch_x      0x20040000        0x0 load address 0x100088a8
                0x20040000                __scratch_x_start__ = .
 *(.scratch_x.*)
                0x20040000                . = ALIGN (0x4)
                0x20040000                __scratch_x_end__ = .
                0x100088a8                __scratch_x_source__ = LOADADDR (.scratch_x)

.scratch_y      0x20041000        0x0 load address 0x100088a8
                0x20041000                __scratch_y_start__ = .
 *(.scratch_y.*)
                0x20041000                . = ALIGN (0x4)
                0x20041000                __scratch_y_end__ = .
                0x100088a8                __scratch_y_source__ = LOADADDR (.scratch_y)

.bss            0x200004b0      0xd80
                0x200004b0                . = ALIGN (0x4)
                0x200004b0                __bss_start__ = .
 *(SORT_BY_ALIGNMENT(SORT_BY_NAME(.bss*)))
 .bss.default_alarm_pool_entries
                0x200004b0      0x100 CMakeFiles/test.dir/D_/Pico/pico-sdk/src/common/pico_time/time.c.obj
 .bss.last_avail_time.3
                0x200005b0        0x8 CMakeFiles/test.dir/D_/Pico/pico-sdk/src/rp2_common/pico_stdio_usb/stdio_usb.c.obj
 .bss._app_driver
                0x200005b8        0x4 CMakeFiles/test.dir/D_/Pico/pico-sdk/lib/tinyusb/src/device/usbd.c.obj
 .bss._cdcd_itf
                0x200005bc      0x2d8 CMakeFiles/test.dir/D_/Pico/pico-sdk/lib/tinyusb/src/class/cdc/cdc_device.c.obj
 .bss._ctrl_xfer
                0x20000894       0x14 CMakeFiles/test.dir/D_/Pico/pico-sdk/lib/tinyusb/src/device/usbd_control.c.obj
 .bss._ubsd_mutexdef
                0x200008a8        0x8 CMakeFiles/test.dir/D_/Pico/pico-sdk/lib/tinyusb/src/device/usbd.c.obj
 .bss._usbd_ctrl_buf
                0x200008b0       0x40 CMakeFiles/test.dir/D_/Pico/pico-sdk/lib/tinyusb/src/device/usbd_control.c.obj
 .bss._usbd_dev
                0x200008f0       0x53 CMakeFiles/test.dir/D_/Pico/pico-sdk/lib/tinyusb/src/device/usbd.c.obj
 *fill*         0x20000943        0x1 
 .bss._usbd_mutex
                0x20000944        0x4 CMakeFiles/test.dir/D_/Pico/pico-sdk/lib/tinyusb/src/device/usbd.c.obj
 .bss._usbd_q   0x20000948        0x4 CMakeFiles/test.dir/D_/Pico/pico-sdk/lib/tinyusb/src/device/usbd.c.obj
 .bss._usbd_qdef_buf
                0x2000094c       0xc0 CMakeFiles/test.dir/D_/Pico/pico-sdk/lib/tinyusb/src/device/usbd.c.obj
                0x2000094c                _usbd_qdef_buf
 .bss.alarm_callbacks
                0x20000a0c       0x10 CMakeFiles/test.dir/D_/Pico/pico-sdk/src/rp2_common/hardware_timer/timer.c.obj
 .bss.boot2_copyout
                0x20000a1c      0x100 CMakeFiles/test.dir/D_/Pico/pico-sdk/src/rp2_common/hardware_flash/flash.c.obj
 .bss.claimed   0x20000b1c        0x4 CMakeFiles/test.dir/D_/Pico/pico-sdk/src/rp2_common/hardware_sync/sync.c.obj
 .bss.configured_freq
                0x20000b20       0x28 CMakeFiles/test.dir/D_/Pico/pico-sdk/src/rp2_common/hardware_clocks/clocks.c.obj
 .bss.default_alarm_pool_entry_ids_high
                0x20000b48       0x10 CMakeFiles/test.dir/D_/Pico/pico-sdk/src/common/pico_time/time.c.obj
 .bss.default_alarm_pool_heap_nodes
                0x20000b58       0x30 CMakeFiles/test.dir/D_/Pico/pico-sdk/src/common/pico_time/time.c.obj
 .bss.desc_str.0
                0x20000b88       0x28 CMakeFiles/test.dir/D_/Pico/pico-sdk/src/rp2_common/pico_stdio_usb/stdio_usb_descriptors.c.obj
 .bss.drivers   0x20000bb0        0x4 CMakeFiles/test.dir/D_/Pico/pico-sdk/src/rp2_common/pico_stdio/stdio.c.obj
 .bss.filter    0x20000bb4        0x4 CMakeFiles/test.dir/D_/Pico/pico-sdk/src/rp2_common/pico_stdio/stdio.c.obj
 .bss.hw_endpoints
                0x20000bb8      0x400 CMakeFiles/test.dir/D_/Pico/pico-sdk/lib/tinyusb/src/portable/raspberrypi/rp2040/dcd_rp2040.c.obj
 .bss.load_value
                0x20000fb8        0x4 CMakeFiles/test.dir/D_/Pico/pico-sdk/src/rp2_common/hardware_watchdog/watchdog.c.obj
 .bss.next_buffer_ptr
                0x20000fbc        0x4 CMakeFiles/test.dir/D_/Pico/pico-sdk/lib/tinyusb/src/portable/raspberrypi/rp2040/dcd_rp2040.c.obj
 .bss.object.0  0x20000fc0       0x18 d:/program files (x86)/arm gnu toolchain arm-none-eabi/12.2 rel1/bin/../lib/gcc/arm-none-eabi/12.2.1/thumb/v6-m/nofp/crtbegin.o
 .bss.pools     0x20000fd8       0x10 CMakeFiles/test.dir/D_/Pico/pico-sdk/src/common/pico_time/time.c.obj
 .bss.retrieved_id
                0x20000fe8        0x8 CMakeFiles/test.dir/D_/Pico/pico-sdk/src/rp2_common/pico_unique_id/unique_id.c.obj
 .bss.sd_table  0x20000ff0      0x100 CMakeFiles/test.dir/D_/Pico/pico-sdk/src/rp2_common/pico_double/double_init_rom.c.obj
                0x20000ff0                sd_table
 .bss.sf_clz_func
                0x200010f0        0x4 CMakeFiles/test.dir/D_/Pico/pico-sdk/src/rp2_common/pico_double/double_init_rom.c.obj
                0x200010f0                sf_clz_func
 .bss.sf_table  0x200010f4      0x100 CMakeFiles/test.dir/D_/Pico/pico-sdk/src/rp2_common/pico_float/float_init_rom.c.obj
                0x200010f4                sf_table
 .bss.sleep_notifier
                0x200011f4        0x4 CMakeFiles/test.dir/D_/Pico/pico-sdk/src/common/pico_time/time.c.obj
 .bss.stdio_usb_mutex
                0x200011f8        0x8 CMakeFiles/test.dir/D_/Pico/pico-sdk/src/rp2_common/pico_stdio_usb/stdio_usb.c.obj
 .bss.target_hi
                0x20001200       0x10 CMakeFiles/test.dir/D_/Pico/pico-sdk/src/rp2_common/hardware_timer/timer.c.obj
 .bss.usbd_serial_str
                0x20001210       0x11 CMakeFiles/test.dir/D_/Pico/pico-sdk/src/rp2_common/pico_stdio_usb/stdio_usb_descriptors.c.obj
 *fill*         0x20001221        0x3 
 .bss.user_irq_claimed
                0x20001224        0x2 CMakeFiles/test.dir/D_/Pico/pico-sdk/src/rp2_common/hardware_irq/irq.c.obj
 .bss._app_driver_count
                0x20001226        0x1 CMakeFiles/test.dir/D_/Pico/pico-sdk/lib/tinyusb/src/device/usbd.c.obj
 .bss._usbd_initialized
                0x20001227        0x1 CMakeFiles/test.dir/D_/Pico/pico-sdk/lib/tinyusb/src/device/usbd.c.obj