Archive member included to satisfy reference by file (symbol)

d:/program files (x86)/arm gnu toolchain arm-none-eabi/12.2 rel1/bin/../lib/gcc/arm-none-eabi/12.2.1/thumb/v6-m/nofp\libgcc.a(_dvmd_tls.o)
                              CMakeFiles/test2.dir/D_/Pico/pico-sdk/src/rp2_common/pico_divider/divider.S.obj (__aeabi_idiv0)
d:/program files (x86)/arm gnu toolchain arm-none-eabi/12.2 rel1/bin/../lib/gcc/arm-none-eabi/12.2.1/thumb/v6-m/nofp\libg.a(libc_a-calloc.o)
                              CMakeFiles/test2.dir/D_/Pico/pico-sdk/src/rp2_common/pico_malloc/pico_malloc.c.obj (calloc)
d:/program files (x86)/arm gnu toolchain arm-none-eabi/12.2 rel1/bin/../lib/gcc/arm-none-eabi/12.2.1/thumb/v6-m/nofp\libg.a(libc_a-callocr.o)
                              d:/program files (x86)/arm gnu toolchain arm-none-eabi/12.2 rel1/bin/../lib/gcc/arm-none-eabi/12.2.1/thumb/v6-m/nofp\libg.a(libc_a-calloc.o) (_calloc_r)
d:/program files (x86)/arm gnu toolchain arm-none-eabi/12.2 rel1/bin/../lib/gcc/arm-none-eabi/12.2.1/thumb/v6-m/nofp\libg.a(libc_a-malloc.o)
                              CMakeFiles/test2.dir/D_/Pico/pico-sdk/src/rp2_common/pico_malloc/pico_malloc.c.obj (malloc)
d:/program files (x86)/arm gnu toolchain arm-none-eabi/12.2 rel1/bin/../lib/gcc/arm-none-eabi/12.2.1/thumb/v6-m/nofp\libg.a(libc_a-mallocr.o)
                              d:/program files (x86)/arm gnu toolchain arm-none-eabi/12.2 rel1/bin/../lib/gcc/arm-none-eabi/12.2.1/thumb/v6-m/nofp\libg.a(libc_a-callocr.o) (_malloc_r)
d:/program files (x86)/arm gnu toolchain arm-none-eabi/12.2 rel1/bin/../lib/gcc/arm-none-eabi/12.2.1/thumb/v6-m/nofp\libg.a(libc_a-mlock.o)
                              d:/program files (x86)/arm gnu toolchain arm-none-eabi/12.2 rel1/bin/../lib/gcc/arm-none-eabi/12.2.1/thumb/v6-m/nofp\libg.a(libc_a-mallocr.o) (__malloc_lock)
d:/program files (x86)/arm gnu toolchain arm-none-eabi/12.2 rel1/bin/../lib/gcc/arm-none-eabi/12.2.1/thumb/v6-m/nofp\libg.a(libc_a-realloc.o)
                              CMakeFiles/test2.dir/D_/Pico/pico-sdk/src/rp2_common/pico_malloc/pico_malloc.c.obj (realloc)
d:/program files (x86)/arm gnu toolchain arm-none-eabi/12.2 rel1/bin/../lib/gcc/arm-none-eabi/12.2.1/thumb/v6-m/nofp\libg.a(libc_a-reallocr.o)
                              d:/program files (x86)/arm gnu toolchain arm-none-eabi/12.2 rel1/bin/../lib/gcc/arm-none-eabi/12.2.1/thumb/v6-m/nofp\libg.a(libc_a-realloc.o) (_realloc_r)
d:/program files (x86)/arm gnu toolchain arm-none-eabi/12.2 rel1/bin/../lib/gcc/arm-none-eabi/12.2.1/thumb/v6-m/nofp\libg.a(libc_a-ctype_.o)
                              CMakeFiles/test2.dir/D_/Pico/pico-sdk/lib/tinyusb/src/tusb.c.obj (_ctype_)
d:/program files (x86)/arm gnu toolchain arm-none-eabi/12.2 rel1/bin/../lib/gcc/arm-none-eabi/12.2.1/thumb/v6-m/nofp\libg.a(libc_a-memmove.o)
                              d:/program files (x86)/arm gnu toolchain arm-none-eabi/12.2 rel1/bin/../lib/gcc/arm-none-eabi/12.2.1/thumb/v6-m/nofp\libg.a(libc_a-reallocr.o) (memmove)
d:/program files (x86)/arm gnu toolchain arm-none-eabi/12.2 rel1/bin/../lib/gcc/arm-none-eabi/12.2.1/thumb/v6-m/nofp\libg.a(libc_a-impure.o)
                              d:/program files (x86)/arm gnu toolchain arm-none-eabi/12.2 rel1/bin/../lib/gcc/arm-none-eabi/12.2.1/thumb/v6-m/nofp\libg.a(libc_a-calloc.o) (_impure_ptr)
d:/program files (x86)/arm gnu toolchain arm-none-eabi/12.2 rel1/bin/../lib/gcc/arm-none-eabi/12.2.1/thumb/v6-m/nofp\libg.a(libc_a-sbrkr.o)
                              d:/program files (x86)/arm gnu toolchain arm-none-eabi/12.2 rel1/bin/../lib/gcc/arm-none-eabi/12.2.1/thumb/v6-m/nofp\libg.a(libc_a-mallocr.o) (_sbrk_r)
d:/program files (x86)/arm gnu toolchain arm-none-eabi/12.2 rel1/bin/../lib/gcc/arm-none-eabi/12.2.1/thumb/v6-m/nofp\libg.a(libc_a-errno.o)
                              d:/program files (x86)/arm gnu toolchain arm-none-eabi/12.2 rel1/bin/../lib/gcc/arm-none-eabi/12.2.1/thumb/v6-m/nofp\libg.a(libc_a-callocr.o) (__errno)
d:/program files (x86)/arm gnu toolchain arm-none-eabi/12.2 rel1/bin/../lib/gcc/arm-none-eabi/12.2.1/thumb/v6-m/nofp\libg.a(libc_a-init.o)
                              d:/program files (x86)/arm gnu toolchain arm-none-eabi/12.2 rel1/bin/../lib/gcc/arm-none-eabi/12.2.1/thumb/v6-m/nofp/crt0.o (__libc_init_array)
d:/program files (x86)/arm gnu toolchain arm-none-eabi/12.2 rel1/bin/../lib/gcc/arm-none-eabi/12.2.1/thumb/v6-m/nofp\libg.a(libc_a-lock.o)
                              d:/program files (x86)/arm gnu toolchain arm-none-eabi/12.2 rel1/bin/../lib/gcc/arm-none-eabi/12.2.1/thumb/v6-m/nofp\libg.a(libc_a-mlock.o) (__retarget_lock_acquire_recursive)
d:/program files (x86)/arm gnu toolchain arm-none-eabi/12.2 rel1/bin/../lib/gcc/arm-none-eabi/12.2.1/thumb/v6-m/nofp\libg.a(libc_a-sysconf.o)
                              d:/program files (x86)/arm gnu toolchain arm-none-eabi/12.2 rel1/bin/../lib/gcc/arm-none-eabi/12.2.1/thumb/v6-m/nofp\libg.a(libc_a-mallocr.o) (sysconf)
[...]
Memory Configuration

Name             Origin             Length             Attributes
FLASH            0x10000000         0x00200000         xr
RAM              0x20000000         0x00040000         xrw
SCRATCH_X        0x20040000         0x00001000         xrw
SCRATCH_Y        0x20041000         0x00001000         xrw
*default*        0x00000000         0xffffffff

Linker script and memory map

LOAD d:/program files (x86)/arm gnu toolchain arm-none-eabi/12.2 rel1/bin/../lib/gcc/arm-none-eabi/12.2.1/thumb/v6-m/nofp/crti.o
LOAD d:/program files (x86)/arm gnu toolchain arm-none-eabi/12.2 rel1/bin/../lib/gcc/arm-none-eabi/12.2.1/thumb/v6-m/nofp/crtbegin.o
LOAD d:/program files (x86)/arm gnu toolchain arm-none-eabi/12.2 rel1/bin/../lib/gcc/arm-none-eabi/12.2.1/thumb/v6-m/nofp/crt0.o

.flash_begin    0x10000000        0x0
                0x10000000                __flash_binary_start = .

.boot2          0x10000000      0x100
                0x10000000                __boot2_start__ = .
 *(.boot2)
 .boot2         0x10000000      0x100 C:\Users\junso\AppData\Local\Temp\cccikXBs.o
                0x10000100                __boot2_end__ = .
                0x00000001                ASSERT (((__boot2_end__ - __boot2_start__) == 0x100), ERROR: Pico second stage bootloader must be 256 bytes in size)

.text           0x10000100     0x70e8
                0x10000100                __logical_binary_start = .
 *(.vectors)
 .vectors       0x10000100       0xd4 CMakeFiles/test2.dir/D_/Pico/pico-sdk/src/rp2_common/pico_standard_link/crt0.S.obj
                0x10000100                __VECTOR_TABLE
                0x10000100                __vectors
                0x100001c0                isr_invalid
                0x100001c0                __default_isrs_start
                0x100001c2                isr_nmi
                0x100001c4                isr_hardfault
                0x100001c6                isr_svcall
                0x100001c8                isr_pendsv
                0x100001ca                isr_systick
                0x100001cc                isr_irq23
                0x100001cc                isr_irq18
                0x100001cc                isr_irq11
                0x100001cc                isr_irq28
                0x100001cc                isr_irq19
                0x100001cc                isr_irq0
                0x100001cc                isr_irq6
                0x100001cc                isr_irq5
                0x100001cc                isr_irq12
                0x100001cc                isr_irq22
                0x100001cc                isr_irq31
                0x100001cc                isr_irq17
                0x100001cc                isr_irq27
                0x100001cc                isr_irq30
                0x100001cc                isr_irq2
                0x100001cc                isr_irq10
                0x100001cc                isr_irq8
                0x100001cc                isr_irq24
                0x100001cc                isr_irq1
                0x100001cc                isr_irq7
                0x100001cc                isr_irq21
                0x100001cc                isr_irq20
                0x100001cc                isr_irq15
                0x100001cc                isr_irq25
                0x100001cc                isr_irq13
                0x100001cc                __unhandled_user_irq
                0x100001cc                isr_irq4
                0x100001cc                isr_irq16
                0x100001cc                isr_irq29
                0x100001cc                isr_irq26
                0x100001cc                __default_isrs_end
                0x100001cc                isr_irq3
                0x100001cc                isr_irq14
                0x100001cc                isr_irq9
                0x100001d2                unhandled_user_irq_num_in_r0
 *(.binary_info_header)
 .binary_info_header
                0x100001d4       0x14 CMakeFiles/test2.dir/D_/Pico/pico-sdk/src/rp2_common/pico_standard_link/crt0.S.obj
                0x100001e8                __binary_info_header_end = .
 *(.reset)
 .reset         0x100001e8       0xa8 CMakeFiles/test2.dir/D_/Pico/pico-sdk/src/rp2_common/pico_standard_link/crt0.S.obj
                0x100001e8                _entry_point
                0x10000266                __get_current_exception
 .reset         0x10000290       0x30 CMakeFiles/test2.dir/D_/Pico/pico-sdk/src/rp2_common/pico_standard_link/binary_info.c.obj
 *(.init)
 .init          0x100002c0        0x4 d:/program files (x86)/arm gnu toolchain arm-none-eabi/12.2 rel1/bin/../lib/gcc/arm-none-eabi/12.2.1/thumb/v6-m/nofp/crti.o
                0x100002c0                _init
 *(EXCLUDE_FILE(*libm.a: *libc.a:*lib_a-mem*.o *libgcc.a:) .text*)
 .text.register_tm_clones
                0x100002c4       0x28 d:/program files (x86)/arm gnu toolchain arm-none-eabi/12.2 rel1/bin/../lib/gcc/arm-none-eabi/12.2.1/thumb/v6-m/nofp/crtbegin.o
 .text.frame_dummy
                0x100002ec       0x24 d:/program files (x86)/arm gnu toolchain arm-none-eabi/12.2 rel1/bin/../lib/gcc/arm-none-eabi/12.2.1/thumb/v6-m/nofp/crtbegin.o
 .text._Z14alarm_callbacklPv
                0x10000310        0x6 CMakeFiles/test2.dir/test2.cpp.obj
                0x10000310                alarm_callback(long, void*)
 *fill*         0x10000316        0x2 
 .text._ZL20update_us_since_bootP15absolute_time_ty
                0x10000318       0x24 CMakeFiles/test2.dir/test2.cpp.obj
 .text.get_absolute_time
                0x1000033c       0x16 CMakeFiles/test2.dir/test2.cpp.obj
 .text.delayed_by_ms
                0x10000352       0x3e CMakeFiles/test2.dir/test2.cpp.obj
 .text.alarm_pool_add_alarm_in_ms
                0x10000390       0x3e CMakeFiles/test2.dir/test2.cpp.obj
 .text.add_alarm_in_ms
                0x100003ce       0x20 CMakeFiles/test2.dir/test2.cpp.obj
 *fill*         0x100003ee        0x2 
 .text.main     0x100003f0       0x5c CMakeFiles/test2.dir/test2.cpp.obj
                0x100003f0                main
 .text.gpio_set_function
                0x1000044c       0x30 CMakeFiles/test2.dir/D_/Pico/pico-sdk/src/rp2_common/hardware_gpio/gpio.c.obj
                0x1000044c                gpio_set_function
 .text.gpio_set_pulls
                0x1000047c       0x34 CMakeFiles/test2.dir/D_/Pico/pico-sdk/src/rp2_common/hardware_gpio/gpio.c.obj
                0x1000047c                gpio_set_pulls
 .text.hw_claim_lock
                0x100004b0       0x18 CMakeFiles/test2.dir/D_/Pico/pico-sdk/src/rp2_common/hardware_claim/claim.c.obj
                0x100004b0                hw_claim_lock
 .text.hw_claim_unlock
                0x100004c8       0x14 CMakeFiles/test2.dir/D_/Pico/pico-sdk/src/rp2_common/hardware_claim/claim.c.obj
                0x100004c8                hw_claim_unlock
 .text.hw_claim_or_assert
                0x100004dc       0x32 CMakeFiles/test2.dir/D_/Pico/pico-sdk/src/rp2_common/hardware_claim/claim.c.obj
                0x100004dc                hw_claim_or_assert
 .text.hw_claim_unused_from_range
                0x1000050e       0x50 CMakeFiles/test2.dir/D_/Pico/pico-sdk/src/rp2_common/hardware_claim/claim.c.obj
                0x1000050e                hw_claim_unused_from_range
 *fill*         0x1000055e        0x2 
 .text.running_on_fpga
                0x10000560       0x14 CMakeFiles/test2.dir/D_/Pico/pico-sdk/src/rp2_common/pico_platform/platform.c.obj
                0x10000560                running_on_fpga
 .text.spin_locks_reset
                0x10000574       0x20 CMakeFiles/test2.dir/D_/Pico/pico-sdk/src/rp2_common/hardware_sync/sync.c.obj
                0x10000574                spin_locks_reset
 .text.next_striped_spin_lock_num
                0x10000594       0x1c CMakeFiles/test2.dir/D_/Pico/pico-sdk/src/rp2_common/hardware_sync/sync.c.obj
                0x10000594                next_striped_spin_lock_num
 .text.spin_lock_claim_unused
                0x100005b0       0x24 CMakeFiles/test2.dir/D_/Pico/pico-sdk/src/rp2_common/hardware_sync/sync.c.obj
                0x100005b0                spin_lock_claim_unused
 .text.set_raw_irq_handler_and_unlock
                0x100005d4       0x28 CMakeFiles/test2.dir/D_/Pico/pico-sdk/src/rp2_common/hardware_irq/irq.c.obj
 .text.resolve_branch
                0x100005fc       0x30 CMakeFiles/test2.dir/D_/Pico/pico-sdk/src/rp2_common/hardware_irq/irq.c.obj
 .text.make_branch
                0x1000062c       0x48 CMakeFiles/test2.dir/D_/Pico/pico-sdk/src/rp2_common/hardware_irq/irq.c.obj
 .text.insert_branch_and_link
                0x10000674       0x40 CMakeFiles/test2.dir/D_/Pico/pico-sdk/src/rp2_common/hardware_irq/irq.c.obj
 .text.irq_is_enabled
                0x100006b4       0x18 CMakeFiles/test2.dir/D_/Pico/pico-sdk/src/rp2_common/hardware_irq/irq.c.obj
                0x100006b4                irq_is_enabled
 .text.irq_set_mask_enabled
                0x100006cc       0x20 CMakeFiles/test2.dir/D_/Pico/pico-sdk/src/rp2_common/hardware_irq/irq.c.obj
                0x100006cc                irq_set_mask_enabled
 .text.irq_set_enabled
                0x100006ec        0xe CMakeFiles/test2.dir/D_/Pico/pico-sdk/src/rp2_common/hardware_irq/irq.c.obj
                0x100006ec                irq_set_enabled
 *fill*         0x100006fa        0x2 
 .text.irq_set_pending
                0x100006fc       0x10 CMakeFiles/test2.dir/D_/Pico/pico-sdk/src/rp2_common/hardware_irq/irq.c.obj
                0x100006fc                irq_set_pending
 .text.irq_get_vtable_handler
                0x1000070c       0x10 CMakeFiles/test2.dir/D_/Pico/pico-sdk/src/rp2_common/hardware_irq/irq.c.obj
                0x1000070c                irq_get_vtable_handler
 .text.irq_has_shared_handler
                0x1000071c       0x24 CMakeFiles/test2.dir/D_/Pico/pico-sdk/src/rp2_common/hardware_irq/irq.c.obj
                0x1000071c                irq_has_shared_handler
 .text.irq_set_exclusive_handler
                0x10000740       0x54 CMakeFiles/test2.dir/D_/Pico/pico-sdk/src/rp2_common/hardware_irq/irq.c.obj
                0x10000740                irq_set_exclusive_handler
 .text.irq_add_shared_handler
                0x10000794      0x210 CMakeFiles/test2.dir/D_/Pico/pico-sdk/src/rp2_common/hardware_irq/irq.c.obj
                0x10000794                irq_add_shared_handler
 .text.irq_remove_handler
                0x100009a4      0x188 CMakeFiles/test2.dir/D_/Pico/pico-sdk/src/rp2_common/hardware_irq/irq.c.obj
                0x100009a4                irq_remove_handler
 .text.irq_add_tail_to_free_list
                0x10000b2c       0xf0 CMakeFiles/test2.dir/D_/Pico/pico-sdk/src/rp2_common/hardware_irq/irq.c.obj
                0x10000b2c                irq_add_tail_to_free_list
 .text.irq_init_priorities
                0x10000c1c       0x1c CMakeFiles/test2.dir/D_/Pico/pico-sdk/src/rp2_common/hardware_irq/irq.c.obj
                0x10000c1c                irq_init_priorities
 .text.user_irq_claim_unused
                0x10000c38       0x30 CMakeFiles/test2.dir/D_/Pico/pico-sdk/src/rp2_common/hardware_irq/irq.c.obj
                0x10000c38                user_irq_claim_unused
 .text.lock_init
                0x10000c68       0x10 CMakeFiles/test2.dir/D_/Pico/pico-sdk/src/common/pico_sync/lock_core.c.obj
                0x10000c68                lock_init
 .text.time_reached
                0x10000c78       0x28 CMakeFiles/test2.dir/D_/Pico/pico-sdk/src/common/pico_time/time.c.obj
 .text.get_entry
                0x10000ca0       0x38 CMakeFiles/test2.dir/D_/Pico/pico-sdk/src/common/pico_time/time.c.obj
 .text.timer_pool_entry_comparator
                0x10000cd8       0x2e CMakeFiles/test2.dir/D_/Pico/pico-sdk/src/common/pico_time/time.c.obj
                0x10000cd8                timer_pool_entry_comparator
 *fill*         0x10000d06        0x2 
 .text.update_us_since_boot
                0x10000d08       0x24 CMakeFiles/test2.dir/D_/Pico/pico-sdk/src/common/pico_time/time.c.obj
 .text.delayed_by_us
                0x10000d2c       0x36 CMakeFiles/test2.dir/D_/Pico/pico-sdk/src/common/pico_time/time.c.obj
 *fill*         0x10000d62        0x2 
 .text.ph_get_node
                0x10000d64       0x30 CMakeFiles/test2.dir/D_/Pico/pico-sdk/src/common/pico_time/time.c.obj
 .text.ph_contains_node
                0x10000d94       0x1e CMakeFiles/test2.dir/D_/Pico/pico-sdk/src/common/pico_time/time.c.obj
 .text.ph_new_node
                0x10000db2       0x28 CMakeFiles/test2.dir/D_/Pico/pico-sdk/src/common/pico_time/time.c.obj
 *fill*         0x10000dda        0x2 
 .text.ph_add_child_node
                0x10000ddc       0x6c CMakeFiles/test2.dir/D_/Pico/pico-sdk/src/common/pico_time/time.c.obj
 .text.ph_merge_nodes
                0x10000e48       0x3e CMakeFiles/test2.dir/D_/Pico/pico-sdk/src/common/pico_time/time.c.obj
 *fill*         0x10000e86        0x2 
 .text.ph_insert_node
                0x10000e88       0x3c CMakeFiles/test2.dir/D_/Pico/pico-sdk/src/common/pico_time/time.c.obj
 .text.ph_free_node
                0x10000ec4       0x3c CMakeFiles/test2.dir/D_/Pico/pico-sdk/src/common/pico_time/time.c.obj
 .text.get_entry_id_high
                0x10000f00       0x30 CMakeFiles/test2.dir/D_/Pico/pico-sdk/src/common/pico_time/time.c.obj
 .text.alarm_pool_post_alloc_init
                0x10000f30       0x40 CMakeFiles/test2.dir/D_/Pico/pico-sdk/src/common/pico_time/time.c.obj
 .text.sleep_until_callback
                0x10000f70       0x30 CMakeFiles/test2.dir/D_/Pico/pico-sdk/src/common/pico_time/time.c.obj
 .text.get_absolute_time
                0x10000fa0       0x22 CMakeFiles/test2.dir/D_/Pico/pico-sdk/src/common/pico_time/time.c.obj
 *fill*         0x10000fc2        0x2 
 .text.add_alarm_under_lock
                0x10000fc4       0x94 CMakeFiles/test2.dir/D_/Pico/pico-sdk/src/common/pico_time/time.c.obj
 .text.alarm_pool_alarm_callback
                0x10001058      0x20c CMakeFiles/test2.dir/D_/Pico/pico-sdk/src/common/pico_time/time.c.obj
 .text.alarm_pool_init_default
                0x10001264       0x38 CMakeFiles/test2.dir/D_/Pico/pico-sdk/src/common/pico_time/time.c.obj
                0x10001264                alarm_pool_init_default
 .text.alarm_pool_get_default
                0x1000129c       0x2c CMakeFiles/test2.dir/D_/Pico/pico-sdk/src/common/pico_time/time.c.obj
                0x1000129c                alarm_pool_get_default
 .text.alarm_pool_add_alarm_at
                0x100012c8      0x10e CMakeFiles/test2.dir/D_/Pico/pico-sdk/src/common/pico_time/time.c.obj
                0x100012c8                alarm_pool_add_alarm_at
 .text.add_alarm_at
                0x100013d6       0x2e CMakeFiles/test2.dir/D_/Pico/pico-sdk/src/common/pico_time/time.c.obj
 .text.alarm_pool_cancel_alarm
                0x10001404       0xa0 CMakeFiles/test2.dir/D_/Pico/pico-sdk/src/common/pico_time/time.c.obj
                0x10001404                alarm_pool_cancel_alarm
 .text.cancel_alarm
                0x100014a4       0x10 CMakeFiles/test2.dir/D_/Pico/pico-sdk/src/common/pico_time/time.c.obj
 .text.best_effort_wfe_or_timeout
                0x100014b4       0x38 CMakeFiles/test2.dir/D_/Pico/pico-sdk/src/common/pico_time/time.c.obj
                0x100014b4                best_effort_wfe_or_timeout
 .text.hardware_alarm_irq_handler
                0x100014ec       0x88 CMakeFiles/test2.dir/D_/Pico/pico-sdk/src/rp2_common/hardware_timer/timer.c.obj
 .text.hardware_alarm_claim
                0x10001574       0x18 CMakeFiles/test2.dir/D_/Pico/pico-sdk/src/rp2_common/hardware_timer/timer.c.obj
                0x10001574                hardware_alarm_claim
 .text.time_us_64
                0x1000158c       0x18 CMakeFiles/test2.dir/D_/Pico/pico-sdk/src/rp2_common/hardware_timer/timer.c.obj
                0x1000158c                time_us_64
 .text.hardware_alarm_set_callback
                0x100015a4       0x90 CMakeFiles/test2.dir/D_/Pico/pico-sdk/src/rp2_common/hardware_timer/timer.c.obj
                0x100015a4                hardware_alarm_set_callback
 .text.hardware_alarm_set_target
                0x10001634       0xe8 CMakeFiles/test2.dir/D_/Pico/pico-sdk/src/rp2_common/hardware_timer/timer.c.obj
                0x10001634                hardware_alarm_set_target
 .text.hardware_alarm_cancel
                0x1000171c       0x40 CMakeFiles/test2.dir/D_/Pico/pico-sdk/src/rp2_common/hardware_timer/timer.c.obj
                0x1000171c                hardware_alarm_cancel
 .text.ph_get_node
                0x1000175c       0x30 CMakeFiles/test2.dir/D_/Pico/pico-sdk/src/common/pico_util/pheap.c.obj
 .text.ph_add_child_node
                0x1000178c       0x6c CMakeFiles/test2.dir/D_/Pico/pico-sdk/src/common/pico_util/pheap.c.obj
 .text.ph_merge_nodes
                0x100017f8       0x3e CMakeFiles/test2.dir/D_/Pico/pico-sdk/src/common/pico_util/pheap.c.obj
 .text.ph_clear
                0x10001836       0x34 CMakeFiles/test2.dir/D_/Pico/pico-sdk/src/common/pico_util/pheap.c.obj
                0x10001836                ph_clear
 .text.ph_post_alloc_init
                0x1000186a        0xe CMakeFiles/test2.dir/D_/Pico/pico-sdk/src/common/pico_util/pheap.c.obj
                0x1000186a                ph_post_alloc_init
 .text.ph_merge_two_pass
                0x10001878       0x5c CMakeFiles/test2.dir/D_/Pico/pico-sdk/src/common/pico_util/pheap.c.obj
                0x10001878                ph_merge_two_pass
 .text.ph_remove_any_head
                0x100018d4       0xa4 CMakeFiles/test2.dir/D_/Pico/pico-sdk/src/common/pico_util/pheap.c.obj
 .text.ph_remove_head
                0x10001978       0x14 CMakeFiles/test2.dir/D_/Pico/pico-sdk/src/common/pico_util/pheap.c.obj
                0x10001978                ph_remove_head
 .text.ph_remove_and_free_node
                0x1000198c       0xa0 CMakeFiles/test2.dir/D_/Pico/pico-sdk/src/common/pico_util/pheap.c.obj
                0x1000198c                ph_remove_and_free_node
 .text.update_us_since_boot
                0x10001a2c       0x24 CMakeFiles/test2.dir/D_/Pico/pico-sdk/src/common/pico_sync/mutex.c.obj
 .text.delayed_by_ms
                0x10001a50       0x46 CMakeFiles/test2.dir/D_/Pico/pico-sdk/src/common/pico_sync/mutex.c.obj
 .text.get_absolute_time
                0x10001a96       0x22 CMakeFiles/test2.dir/D_/Pico/pico-sdk/src/common/pico_sync/mutex.c.obj
 .text.make_timeout_time_ms
                0x10001ab8       0x20 CMakeFiles/test2.dir/D_/Pico/pico-sdk/src/common/pico_sync/mutex.c.obj
 .text.mutex_init
                0x10001ad8       0x1a CMakeFiles/test2.dir/D_/Pico/pico-sdk/src/common/pico_sync/mutex.c.obj
                0x10001ad8                mutex_init
 .text.recursive_mutex_init
                0x10001af2       0x1e CMakeFiles/test2.dir/D_/Pico/pico-sdk/src/common/pico_sync/mutex.c.obj
                0x10001af2                recursive_mutex_init
 .text.critical_section_init_with_lock_num
                0x10001b10       0x14 CMakeFiles/test2.dir/D_/Pico/pico-sdk/src/common/pico_sync/critical_section.c.obj
                0x10001b10                critical_section_init_with_lock_num
 .text.critical_section_init
                0x10001b24       0x14 CMakeFiles/test2.dir/D_/Pico/pico-sdk/src/common/pico_sync/critical_section.c.obj
                0x10001b24                critical_section_init
 .text._exit    0x10001b38        0x4 CMakeFiles/test2.dir/D_/Pico/pico-sdk/src/rp2_common/pico_runtime/runtime.c.obj
                0x10001b38                _exit
 .text.exit     0x10001b3c        0x6 CMakeFiles/test2.dir/D_/Pico/pico-sdk/src/rp2_common/pico_runtime/runtime.c.obj
                0x10001b3c                exit
 *fill*         0x10001b42        0x2 
 .text.__assert_func
                0x10001b44       0x38 CMakeFiles/test2.dir/D_/Pico/pico-sdk/src/rp2_common/pico_runtime/runtime.c.obj
                0x10001b44                __assert_func
 .text.runtime_init
                0x10001b7c       0xf8 CMakeFiles/test2.dir/D_/Pico/pico-sdk/src/rp2_common/pico_runtime/runtime.c.obj
                0x10001b7c                runtime_init
 .text.panic    0x10001c74       0x30 CMakeFiles/test2.dir/D_/Pico/pico-sdk/src/rp2_common/pico_runtime/runtime.c.obj
                0x10001c74                panic
 .text.clock_configure
                0x10001ca4      0x104 CMakeFiles/test2.dir/D_/Pico/pico-sdk/src/rp2_common/hardware_clocks/clocks.c.obj
                0x10001ca4                clock_configure
 .text.clocks_init
                0x10001da8      0x100 CMakeFiles/test2.dir/D_/Pico/pico-sdk/src/rp2_common/hardware_clocks/clocks.c.obj
                0x10001da8                clocks_init
 .text.clock_get_hz
                0x10001ea8        0xc CMakeFiles/test2.dir/D_/Pico/pico-sdk/src/rp2_common/hardware_clocks/clocks.c.obj
                0x10001ea8                clock_get_hz
 .text.pll_init
                0x10001eb4      0x140 CMakeFiles/test2.dir/D_/Pico/pico-sdk/src/rp2_common/hardware_pll/pll.c.obj
                0x10001eb4                pll_init
 .text.watchdog_start_tick
                0x10001ff4       0x10 CMakeFiles/test2.dir/D_/Pico/pico-sdk/src/rp2_common/hardware_watchdog/watchdog.c.obj
                0x10001ff4                watchdog_start_tick
 .text.watchdog_update
                0x10002004       0x14 CMakeFiles/test2.dir/D_/Pico/pico-sdk/src/rp2_common/hardware_watchdog/watchdog.c.obj
                0x10002004                watchdog_update
 .text._watchdog_enable
                0x10002018       0x78 CMakeFiles/test2.dir/D_/Pico/pico-sdk/src/rp2_common/hardware_watchdog/watchdog.c.obj
                0x10002018                _watchdog_enable
 .text.watchdog_reboot
                0x10002090       0x48 CMakeFiles/test2.dir/D_/Pico/pico-sdk/src/rp2_common/hardware_watchdog/watchdog.c.obj
                0x10002090                watchdog_reboot
 .text.xosc_init
                0x100020d8       0x28 CMakeFiles/test2.dir/D_/Pico/pico-sdk/src/rp2_common/hardware_xosc/xosc.c.obj
                0x100020d8                xosc_init
 .text._out_null
                0x10002100        0x2 CMakeFiles/test2.dir/D_/Pico/pico-sdk/src/rp2_common/pico_printf/printf.c.obj
 .text._out_fct
                0x10002102        0xe CMakeFiles/test2.dir/D_/Pico/pico-sdk/src/rp2_common/pico_printf/printf.c.obj
 .text._atoi    0x10002110       0x24 CMakeFiles/test2.dir/D_/Pico/pico-sdk/src/rp2_common/pico_printf/printf.c.obj
 .text._out_rev
                0x10002134       0xae CMakeFiles/test2.dir/D_/Pico/pico-sdk/src/rp2_common/pico_printf/printf.c.obj
 .text._ntoa_format
                0x100021e2      0x110 CMakeFiles/test2.dir/D_/Pico/pico-sdk/src/rp2_common/pico_printf/printf.c.obj
 .text._ntoa_long
                0x100022f2       0xbc CMakeFiles/test2.dir/D_/Pico/pico-sdk/src/rp2_common/pico_printf/printf.c.obj
 .text._ntoa_long_long
                0x100023ae      0x10e CMakeFiles/test2.dir/D_/Pico/pico-sdk/src/rp2_common/pico_printf/printf.c.obj
 .text._etoa    0x100024bc      0x420 CMakeFiles/test2.dir/D_/Pico/pico-sdk/src/rp2_common/pico_printf/printf.c.obj
 .text._ftoa    0x100028dc      0x354 CMakeFiles/test2.dir/D_/Pico/pico-sdk/src/rp2_common/pico_printf/printf.c.obj
 .text._vsnprintf
                0x10002c30      0x65c CMakeFiles/test2.dir/D_/Pico/pico-sdk/src/rp2_common/pico_printf/printf.c.obj
 .text.vfctprintf
                0x1000328c       0x20 CMakeFiles/test2.dir/D_/Pico/pico-sdk/src/rp2_common/pico_printf/printf.c.obj
                0x1000328c                vfctprintf
 .text          0x100032ac       0x10 CMakeFiles/test2.dir/D_/Pico/pico-sdk/src/rp2_common/pico_bit_ops/bit_ops_aeabi.S.obj
 .text.rom_func_lookup
                0x100032bc       0x10 CMakeFiles/test2.dir/D_/Pico/pico-sdk/src/rp2_common/pico_bootrom/bootrom.c.obj
                0x100032bc                rom_func_lookup
 .text.rom_data_lookup
                0x100032cc       0x10 CMakeFiles/test2.dir/D_/Pico/pico-sdk/src/rp2_common/pico_bootrom/bootrom.c.obj
                0x100032cc                rom_data_lookup
 .text.rom_funcs_lookup
                0x100032dc       0x36 CMakeFiles/test2.dir/D_/Pico/pico-sdk/src/rp2_common/pico_bootrom/bootrom.c.obj
                0x100032dc                rom_funcs_lookup
 *fill*         0x10003312        0x2 
 .text.__wrap___aeabi_idiv
                0x10003314       0x50 CMakeFiles/test2.dir/D_/Pico/pico-sdk/src/rp2_common/pico_divider/divider.S.obj
                0x10003314                __wrap___aeabi_idivmod
                0x10003314                divmod_s32s32
                0x10003314                div_s32s32
                0x10003314                __wrap___aeabi_idiv
                0x1000331c                divmod_s32s32_unsafe
                0x10003348                divmod_s32s32_savestate
 .text.__wrap___aeabi_uidiv
                0x10003364       0x4c CMakeFiles/test2.dir/D_/Pico/pico-sdk/src/rp2_common/pico_divider/divider.S.obj
                0x10003364                __wrap___aeabi_uidiv
                0x10003364                __wrap___aeabi_uidivmod
                0x10003364                div_u32u32
                0x10003364                divmod_u32u32
                0x1000336c                divmod_u32u32_unsafe
                0x10003394                divmod_u32u32_savestate
 .text.__wrap___aeabi_ldiv
                0x100033b0      0x434 CMakeFiles/test2.dir/D_/Pico/pico-sdk/src/rp2_common/pico_divider/divider.S.obj
                0x100033b0                div_s64s64
                0x100033b0                divmod_s64s64
                0x100033b0                __wrap___aeabi_ldivmod
                0x100033e8                divmod_u64u64
                0x100033e8                div_u64u64
                0x100033e8                __wrap___aeabi_uldivmod
                0x100033f8                divmod_u64u64_savestate
                0x10003420                divmod_s64s64_unsafe
                0x100034a8                divmod_u64u64_unsafe
 .text.__wrap___aeabi_darithmetic
                0x100037e4       0x80 CMakeFiles/test2.dir/D_/Pico/pico-sdk/src/rp2_common/pico_double/double_aeabi.S.obj
                0x100037e4                __wrap___aeabi_drsub
                0x100037ea                __wrap___aeabi_dsub
                0x100037fc                __wrap___aeabi_dadd
                0x1000380e                __wrap___aeabi_ddiv
                0x1000384a                __wrap___aeabi_dmul
 .text.__wrap___aeabi_cdcmple
                0x10003864       0x6c CMakeFiles/test2.dir/D_/Pico/pico-sdk/src/rp2_common/pico_double/double_aeabi.S.obj
                0x10003864                __wrap___aeabi_cdrcmple
                0x10003874                __wrap___aeabi_cdcmpeq
                0x10003874                __wrap___aeabi_cdcmple
 .text.__wrap___aeabi_dcmplt
                0x100038d0        0xc CMakeFiles/test2.dir/D_/Pico/pico-sdk/src/rp2_common/pico_double/double_aeabi.S.obj
                0x100038d0                __wrap___aeabi_dcmplt
 .text.__wrap___aeabi_dcmple
                0x100038dc       0x10 CMakeFiles/test2.dir/D_/Pico/pico-sdk/src/rp2_common/pico_double/double_aeabi.S.obj
                0x100038dc                __wrap___aeabi_dcmple
 .text.__wrap___aeabi_dcmpge
                0x100038ec       0x10 CMakeFiles/test2.dir/D_/Pico/pico-sdk/src/rp2_common/pico_double/double_aeabi.S.obj
                0x100038ec                __wrap___aeabi_dcmpge
 .text.__wrap___aeabi_dcmpgt
                0x100038fc        0xa CMakeFiles/test2.dir/D_/Pico/pico-sdk/src/rp2_common/pico_double/double_aeabi.S.obj
                0x100038fc                __wrap___aeabi_dcmpgt
 .text.__wrap___aeabi_dcmpun
                0x10003906       0x1c CMakeFiles/test2.dir/D_/Pico/pico-sdk/src/rp2_common/pico_double/double_aeabi.S.obj
                0x10003906                __wrap___aeabi_dcmpun
 *fill*         0x10003922        0x2 
 .text.__wrap___aeabi_i2d
                0x10003924       0x38 CMakeFiles/test2.dir/D_/Pico/pico-sdk/src/rp2_common/pico_double/double_aeabi.S.obj
                0x10003924                __wrap___aeabi_ui2d
                0x1000392c                __wrap___aeabi_i2d
 .text.__wrap___aeabi_d2iz
                0x1000395c       0x48 CMakeFiles/test2.dir/D_/Pico/pico-sdk/src/rp2_common/pico_double/double_aeabi.S.obj
                0x1000395c                double2int_z
                0x1000395c                __wrap___aeabi_d2iz
 .text.__wrap___aeabi_d2uiz
                0x100039a4       0x18 CMakeFiles/test2.dir/D_/Pico/pico-sdk/src/rp2_common/pico_double/double_aeabi.S.obj
                0x100039a4                __wrap___aeabi_d2uiz
                0x100039a4                double2uint
 .text.__aeabi_double_init
                0x100039bc       0xcc CMakeFiles/test2.dir/D_/Pico/pico-sdk/src/rp2_common/pico_double/double_init_rom.c.obj
                0x100039bc                __aeabi_double_init
 .text.double_table_shim_on_use_helper
                0x10003a88       0x34 CMakeFiles/test2.dir/D_/Pico/pico-sdk/src/rp2_common/pico_double/double_v1_rom_shim.S.obj
                0x10003a88                double_table_shim_on_use_helper
 .text.__wrap___aeabi_dsub
                0x10003abc       0x10 CMakeFiles/test2.dir/D_/Pico/pico-sdk/src/rp2_common/pico_double/double_v1_rom_shim.S.obj
                0x10003abc                drsub_shim
                0x10003ac2                dsub_shim
 .text.dadd_shim
                0x10003acc      0x15c CMakeFiles/test2.dir/D_/Pico/pico-sdk/src/rp2_common/pico_double/double_v1_rom_shim.S.obj
                0x10003acc                dadd_shim
 .text.dmul_shim
                0x10003c28      0x15c CMakeFiles/test2.dir/D_/Pico/pico-sdk/src/rp2_common/pico_double/double_v1_rom_shim.S.obj
                0x10003c28                dmul_shim
 .text.ddiv_shim
                0x10003d84      0x1b0 CMakeFiles/test2.dir/D_/Pico/pico-sdk/src/rp2_common/pico_double/double_v1_rom_shim.S.obj
                0x10003d84                ddiv_shim
 .text.double2uint_shim
                0x10003f34        0xe CMakeFiles/test2.dir/D_/Pico/pico-sdk/src/rp2_common/pico_double/double_v1_rom_shim.S.obj
                0x10003f34                double2uint_shim
                0x10003f36                double2ufix_shim
 *fill*         0x10003f42        0x2 
 .text.double2uint64_shim
                0x10003f44       0x70 CMakeFiles/test2.dir/D_/Pico/pico-sdk/src/rp2_common/pico_double/double_v1_rom_shim.S.obj
                0x10003f44                double2uint64_shim
                0x10003f46                double2ufix64_shim
                0x10003f66                d2fix_a
 .text.dunpacks
                0x10003fb4       0x3c CMakeFiles/test2.dir/D_/Pico/pico-sdk/src/rp2_common/pico_double/double_v1_rom_shim.S.obj
                0x10003fb4                dunpacks
 .text.__aeabi_lmul
                0x10003ff0       0x32 CMakeFiles/test2.dir/D_/Pico/pico-sdk/src/rp2_common/pico_int64_ops/pico_int64_ops_aeabi.S.obj
                0x10003ff0                __wrap___aeabi_lmul
 *fill*         0x10004022        0x2 
 .text.__aeabi_float_init
                0x10004024       0xfc CMakeFiles/test2.dir/D_/Pico/pico-sdk/src/rp2_common/pico_float/float_init_rom.c.obj
                0x10004024                __aeabi_float_init
 .text.float_table_shim_on_use_helper
                0x10004120       0x34 CMakeFiles/test2.dir/D_/Pico/pico-sdk/src/rp2_common/pico_float/float_v1_rom_shim.S.obj
                0x10004120                float_table_shim_on_use_helper
 .text          0x10004154       0x10 CMakeFiles/test2.dir/D_/Pico/pico-sdk/src/rp2_common/pico_mem_ops/mem_ops_aeabi.S.obj
                0x10004154                __aeabi_mem_init
 .text.memset   0x10004164        0xc CMakeFiles/test2.dir/D_/Pico/pico-sdk/src/rp2_common/pico_mem_ops/mem_ops_aeabi.S.obj
                0x10004164                __wrap_memset
 .text.memcpy   0x10004170        0xc CMakeFiles/test2.dir/D_/Pico/pico-sdk/src/rp2_common/pico_mem_ops/mem_ops_aeabi.S.obj
                0x10004170                __wrap_memcpy
                0x10004170                __wrap___aeabi_memcpy
 .text.stdio_out_chars_no_crlf
                0x1000417c        0xe CMakeFiles/test2.dir/D_/Pico/pico-sdk/src/rp2_common/pico_stdio/stdio.c.obj
 *fill*         0x1000418a        0x2 
 .text.stdio_out_chars_crlf
                0x1000418c       0x80 CMakeFiles/test2.dir/D_/Pico/pico-sdk/src/rp2_common/pico_stdio/stdio.c.obj
 .text.stdio_stack_buffer_flush
                0x1000420c       0x44 CMakeFiles/test2.dir/D_/Pico/pico-sdk/src/rp2_common/pico_stdio/stdio.c.obj
 .text.stdio_buffered_printer
                0x10004250       0x20 CMakeFiles/test2.dir/D_/Pico/pico-sdk/src/rp2_common/pico_stdio/stdio.c.obj
 .text.stdout_serialize_begin
                0x10004270       0x30 CMakeFiles/test2.dir/D_/Pico/pico-sdk/src/rp2_common/pico_stdio/stdio.c.obj
                0x10004270                stdout_serialize_begin
 .text.stdout_serialize_end
                0x100042a0       0x10 CMakeFiles/test2.dir/D_/Pico/pico-sdk/src/rp2_common/pico_stdio/stdio.c.obj
                0x100042a0                stdout_serialize_end
 .text.stdio_put_string
                0x100042b0       0x98 CMakeFiles/test2.dir/D_/Pico/pico-sdk/src/rp2_common/pico_stdio/stdio.c.obj
 .text.stdio_set_driver_enabled
                0x10004348       0x2c CMakeFiles/test2.dir/D_/Pico/pico-sdk/src/rp2_common/pico_stdio/stdio.c.obj
                0x10004348                stdio_set_driver_enabled
 .text.stdio_flush
                0x10004374       0x20 CMakeFiles/test2.dir/D_/Pico/pico-sdk/src/rp2_common/pico_stdio/stdio.c.obj
                0x10004374                stdio_flush
 .text.__wrap_puts
                0x10004394       0x1e CMakeFiles/test2.dir/D_/Pico/pico-sdk/src/rp2_common/pico_stdio/stdio.c.obj
                0x10004394                __wrap_puts
 *fill*         0x100043b2        0x2 
 .text.__wrap_vprintf
                0x100043b4       0x44 CMakeFiles/test2.dir/D_/Pico/pico-sdk/src/rp2_common/pico_stdio/stdio.c.obj
                0x100043b4                __wrap_vprintf
 .text.__wrap_printf
                0x100043f8       0x18 CMakeFiles/test2.dir/D_/Pico/pico-sdk/src/rp2_common/pico_stdio/stdio.c.obj
                0x100043f8                __wrap_printf
 .text.stdio_init_all
                0x10004410        0x8 CMakeFiles/test2.dir/D_/Pico/pico-sdk/src/rp2_common/pico_stdio/stdio.c.obj
                0x10004410                stdio_init_all
 .text.resetd_init
                0x10004418        0x2 CMakeFiles/test2.dir/D_/Pico/pico-sdk/src/rp2_common/pico_stdio_usb/reset_interface.c.obj
 *fill*         0x1000441a        0x2 
 .text.resetd_reset
                0x1000441c        0xc CMakeFiles/test2.dir/D_/Pico/pico-sdk/src/rp2_common/pico_stdio_usb/reset_interface.c.obj
 .text.resetd_open
                0x10004428       0x34 CMakeFiles/test2.dir/D_/Pico/pico-sdk/src/rp2_common/pico_stdio_usb/reset_interface.c.obj
 .text.resetd_xfer_cb
                0x1000445c        0x4 CMakeFiles/test2.dir/D_/Pico/pico-sdk/src/rp2_common/pico_stdio_usb/reset_interface.c.obj
 .text.reset_usb_boot
                0x10004460       0x18 CMakeFiles/test2.dir/D_/Pico/pico-sdk/src/rp2_common/pico_stdio_usb/reset_interface.c.obj
 .text.resetd_control_xfer_cb
                0x10004478       0x5c CMakeFiles/test2.dir/D_/Pico/pico-sdk/src/rp2_common/pico_stdio_usb/reset_interface.c.obj
 .text.usbd_app_driver_get_cb
                0x100044d4        0xc CMakeFiles/test2.dir/D_/Pico/pico-sdk/src/rp2_common/pico_stdio_usb/reset_interface.c.obj
                0x100044d4                usbd_app_driver_get_cb
 .text.tud_cdc_line_coding_cb
                0x100044e0       0x28 CMakeFiles/test2.dir/D_/Pico/pico-sdk/src/rp2_common/pico_stdio_usb/reset_interface.c.obj
                0x100044e0                tud_cdc_line_coding_cb
 .text.stdio_usb_in_chars
                0x10004508       0x70 CMakeFiles/test2.dir/D_/Pico/pico-sdk/src/rp2_common/pico_stdio_usb/stdio_usb.c.obj
                0x10004508                stdio_usb_in_chars
 .text.low_priority_worker_irq
                0x10004578       0x20 CMakeFiles/test2.dir/D_/Pico/pico-sdk/src/rp2_common/pico_stdio_usb/stdio_usb.c.obj
 .text.stdio_usb_out_chars
                0x10004598       0xd4 CMakeFiles/test2.dir/D_/Pico/pico-sdk/src/rp2_common/pico_stdio_usb/stdio_usb.c.obj
 .text.update_us_since_boot
                0x1000466c       0x24 CMakeFiles/test2.dir/D_/Pico/pico-sdk/src/rp2_common/pico_stdio_usb/stdio_usb.c.obj
 .text.get_absolute_time
                0x10004690       0x22 CMakeFiles/test2.dir/D_/Pico/pico-sdk/src/rp2_common/pico_stdio_usb/stdio_usb.c.obj
 .text.delayed_by_us
                0x100046b2       0x36 CMakeFiles/test2.dir/D_/Pico/pico-sdk/src/rp2_common/pico_stdio_usb/stdio_usb.c.obj
 .text.timer_task
                0x100046e8       0x40 CMakeFiles/test2.dir/D_/Pico/pico-sdk/src/rp2_common/pico_stdio_usb/stdio_usb.c.obj
 .text.usb_irq  0x10004728       0x10 CMakeFiles/test2.dir/D_/Pico/pico-sdk/src/rp2_common/pico_stdio_usb/stdio_usb.c.obj
 .text.alarm_pool_add_alarm_in_us
                0x10004738       0x3a CMakeFiles/test2.dir/D_/Pico/pico-sdk/src/rp2_common/pico_stdio_usb/stdio_usb.c.obj
 .text.add_alarm_in_us
                0x10004772       0x2e CMakeFiles/test2.dir/D_/Pico/pico-sdk/src/rp2_common/pico_stdio_usb/stdio_usb.c.obj
 .text.stdio_usb_init
                0x100047a0       0x98 CMakeFiles/test2.dir/D_/Pico/pico-sdk/src/rp2_common/pico_stdio_usb/stdio_usb.c.obj
                0x100047a0                stdio_usb_init
 .text.tud_descriptor_device_cb
                0x10004838        0x8 CMakeFiles/test2.dir/D_/Pico/pico-sdk/src/rp2_common/pico_stdio_usb/stdio_usb_descriptors.c.obj
                0x10004838                tud_descriptor_device_cb
 .text.tud_descriptor_configuration_cb
                0x10004840        0x8 CMakeFiles/test2.dir/D_/Pico/pico-sdk/src/rp2_common/pico_stdio_usb/stdio_usb_descriptors.c.obj
                0x10004840                tud_descriptor_configuration_cb
 .text.tud_descriptor_string_cb
                0x10004848       0x6c CMakeFiles/test2.dir/D_/Pico/pico-sdk/src/rp2_common/pico_stdio_usb/stdio_usb_descriptors.c.obj
                0x10004848                tud_descriptor_string_cb
 .text.hw_endpoint_get_by_addr
                0x100048b4       0x18 CMakeFiles/test2.dir/D_/Pico/pico-sdk/lib/tinyusb/src/portable/raspberrypi/rp2040/dcd_rp2040.c.obj
 .text.reset_ep0_pid
                0x100048cc       0x28 CMakeFiles/test2.dir/D_/Pico/pico-sdk/lib/tinyusb/src/portable/raspberrypi/rp2040/dcd_rp2040.c.obj
 .text._hw_endpoint_alloc
                0x100048f4       0x70 CMakeFiles/test2.dir/D_/Pico/pico-sdk/lib/tinyusb/src/portable/raspberrypi/rp2040/dcd_rp2040.c.obj
 .text.hw_endpoint_init
                0x10004964       0x88 CMakeFiles/test2.dir/D_/Pico/pico-sdk/lib/tinyusb/src/portable/raspberrypi/rp2040/dcd_rp2040.c.obj
 .text.reset_non_control_endpoints
                0x100049ec       0x40 CMakeFiles/test2.dir/D_/Pico/pico-sdk/lib/tinyusb/src/portable/raspberrypi/rp2040/dcd_rp2040.c.obj
 .text.hw_handle_buff_status
                0x10004a2c       0x8c CMakeFiles/test2.dir/D_/Pico/pico-sdk/lib/tinyusb/src/portable/raspberrypi/rp2040/dcd_rp2040.c.obj
 .text.dcd_rp2040_irq
                0x10004ab8       0xc0 CMakeFiles/test2.dir/D_/Pico/pico-sdk/lib/tinyusb/src/portable/raspberrypi/rp2040/dcd_rp2040.c.obj
 .text.hw_endpoint_xfer
                0x10004b78       0x14 CMakeFiles/test2.dir/D_/Pico/pico-sdk/lib/tinyusb/src/portable/raspberrypi/rp2040/dcd_rp2040.c.obj
 .text.dcd_int_enable
                0x10004b8c       0x2c CMakeFiles/test2.dir/D_/Pico/pico-sdk/lib/tinyusb/src/portable/raspberrypi/rp2040/dcd_rp2040.c.obj
                0x10004b8c                dcd_int_enable
 .text.dcd_set_address
                0x10004bb8       0x2c CMakeFiles/test2.dir/D_/Pico/pico-sdk/lib/tinyusb/src/portable/raspberrypi/rp2040/dcd_rp2040.c.obj
                0x10004bb8                dcd_set_address
 .text.dcd_connect
                0x10004be4       0x10 CMakeFiles/test2.dir/D_/Pico/pico-sdk/lib/tinyusb/src/portable/raspberrypi/rp2040/dcd_rp2040.c.obj
                0x10004be4                dcd_connect
 .text.dcd_init
                0x10004bf4       0x7c CMakeFiles/test2.dir/D_/Pico/pico-sdk/lib/tinyusb/src/portable/raspberrypi/rp2040/dcd_rp2040.c.obj
                0x10004bf4                dcd_init
 .text.dcd_edpt0_status_complete
                0x10004c70       0x1c CMakeFiles/test2.dir/D_/Pico/pico-sdk/lib/tinyusb/src/portable/raspberrypi/rp2040/dcd_rp2040.c.obj
                0x10004c70                dcd_edpt0_status_complete
 .text.dcd_edpt_open
                0x10004c8c       0x40 CMakeFiles/test2.dir/D_/Pico/pico-sdk/lib/tinyusb/src/portable/raspberrypi/rp2040/dcd_rp2040.c.obj
                0x10004c8c                dcd_edpt_open
 .text.dcd_edpt_close_all
                0x10004ccc        0x8 CMakeFiles/test2.dir/D_/Pico/pico-sdk/lib/tinyusb/src/portable/raspberrypi/rp2040/dcd_rp2040.c.obj
                0x10004ccc                dcd_edpt_close_all
 .text.dcd_edpt_xfer
                0x10004cd4       0x30 CMakeFiles/test2.dir/D_/Pico/pico-sdk/lib/tinyusb/src/portable/raspberrypi/rp2040/dcd_rp2040.c.obj
                0x10004cd4                dcd_edpt_xfer
 .text.dcd_edpt_stall
                0x10004d04       0x2c CMakeFiles/test2.dir/D_/Pico/pico-sdk/lib/tinyusb/src/portable/raspberrypi/rp2040/dcd_rp2040.c.obj
                0x10004d04                dcd_edpt_stall
 .text.dcd_edpt_clear_stall
                0x10004d30       0x20 CMakeFiles/test2.dir/D_/Pico/pico-sdk/lib/tinyusb/src/portable/raspberrypi/rp2040/dcd_rp2040.c.obj
                0x10004d30                dcd_edpt_clear_stall
 .text.prepare_ep_buffer
                0x10004d50       0x6c CMakeFiles/test2.dir/D_/Pico/pico-sdk/lib/tinyusb/src/portable/raspberrypi/rp2040/rp2040_usb.c.obj
 .text.sync_ep_buffer
                0x10004dbc       0x78 CMakeFiles/test2.dir/D_/Pico/pico-sdk/lib/tinyusb/src/portable/raspberrypi/rp2040/rp2040_usb.c.obj
 .text._hw_endpoint_xfer_sync
                0x10004e34       0x28 CMakeFiles/test2.dir/D_/Pico/pico-sdk/lib/tinyusb/src/portable/raspberrypi/rp2040/rp2040_usb.c.obj
 .text.rp2040_usb_init
                0x10004e5c       0x4c CMakeFiles/test2.dir/D_/Pico/pico-sdk/lib/tinyusb/src/portable/raspberrypi/rp2040/rp2040_usb.c.obj
                0x10004e5c                rp2040_usb_init
 .text.hw_endpoint_reset_transfer
                0x10004ea8        0xc CMakeFiles/test2.dir/D_/Pico/pico-sdk/lib/tinyusb/src/portable/raspberrypi/rp2040/rp2040_usb.c.obj
                0x10004ea8                hw_endpoint_reset_transfer
 .text._hw_endpoint_buffer_control_update32
                0x10004eb4       0x58 CMakeFiles/test2.dir/D_/Pico/pico-sdk/lib/tinyusb/src/portable/raspberrypi/rp2040/rp2040_usb.c.obj
                0x10004eb4                _hw_endpoint_buffer_control_update32
 .text._hw_endpoint_start_next_buffer
                0x10004f0c       0x74 CMakeFiles/test2.dir/D_/Pico/pico-sdk/lib/tinyusb/src/portable/raspberrypi/rp2040/rp2040_usb.c.obj
 .text.hw_endpoint_xfer_start
                0x10004f80       0x48 CMakeFiles/test2.dir/D_/Pico/pico-sdk/lib/tinyusb/src/portable/raspberrypi/rp2040/rp2040_usb.c.obj
                0x10004f80                hw_endpoint_xfer_start
 .text.hw_endpoint_xfer_continue
                0x10004fc8       0x38 CMakeFiles/test2.dir/D_/Pico/pico-sdk/lib/tinyusb/src/portable/raspberrypi/rp2040/rp2040_usb.c.obj
                0x10004fc8                hw_endpoint_xfer_continue
 .text.configuration_reset
                0x10005000       0x84 CMakeFiles/test2.dir/D_/Pico/pico-sdk/lib/tinyusb/src/device/usbd.c.obj
 .text.osal_queue_receive
                0x10005084       0x30 CMakeFiles/test2.dir/D_/Pico/pico-sdk/lib/tinyusb/src/device/usbd.c.obj
 .text.usbd_reset
                0x100050b4        0xc CMakeFiles/test2.dir/D_/Pico/pico-sdk/lib/tinyusb/src/device/usbd.c.obj
 .text.invoke_class_control
                0x100050c0       0x1a CMakeFiles/test2.dir/D_/Pico/pico-sdk/lib/tinyusb/src/device/usbd.c.obj
 *fill*         0x100050da        0x2 
 .text.process_set_config
                0x100050dc      0x1b0 CMakeFiles/test2.dir/D_/Pico/pico-sdk/lib/tinyusb/src/device/usbd.c.obj
 .text.process_get_descriptor
                0x1000528c       0xec CMakeFiles/test2.dir/D_/Pico/pico-sdk/lib/tinyusb/src/device/usbd.c.obj
 .text.osal_queue_send
                0x10005378       0x4c CMakeFiles/test2.dir/D_/Pico/pico-sdk/lib/tinyusb/src/device/usbd.c.obj
 .text.tud_mounted
                0x100053c4       0x10 CMakeFiles/test2.dir/D_/Pico/pico-sdk/lib/tinyusb/src/device/usbd.c.obj
                0x100053c4                tud_mounted
 .text.tud_suspended
                0x100053d4       0x10 CMakeFiles/test2.dir/D_/Pico/pico-sdk/lib/tinyusb/src/device/usbd.c.obj
                0x100053d4                tud_suspended
 .text.tud_inited
                0x100053e4        0xc CMakeFiles/test2.dir/D_/Pico/pico-sdk/lib/tinyusb/src/device/usbd.c.obj
                0x100053e4                tud_inited
 .text.tud_init
                0x100053f0       0xcc CMakeFiles/test2.dir/D_/Pico/pico-sdk/lib/tinyusb/src/device/usbd.c.obj
                0x100053f0                tud_init
 .text.dcd_event_handler
                0x100054bc       0xd4 CMakeFiles/test2.dir/D_/Pico/pico-sdk/lib/tinyusb/src/device/usbd.c.obj
                0x100054bc                dcd_event_handler
 .text.dcd_event_bus_signal
                0x10005590       0x26 CMakeFiles/test2.dir/D_/Pico/pico-sdk/lib/tinyusb/src/device/usbd.c.obj
                0x10005590                dcd_event_bus_signal
 .text.dcd_event_bus_reset
                0x100055b6       0x2a CMakeFiles/test2.dir/D_/Pico/pico-sdk/lib/tinyusb/src/device/usbd.c.obj
                0x100055b6                dcd_event_bus_reset
 .text.dcd_event_setup_received
                0x100055e0       0x34 CMakeFiles/test2.dir/D_/Pico/pico-sdk/lib/tinyusb/src/device/usbd.c.obj
                0x100055e0                dcd_event_setup_received
 .text.dcd_event_xfer_complete
                0x10005614       0x44 CMakeFiles/test2.dir/D_/Pico/pico-sdk/lib/tinyusb/src/device/usbd.c.obj
                0x10005614                dcd_event_xfer_complete
 .text.usbd_edpt_open
                0x10005658       0x58 CMakeFiles/test2.dir/D_/Pico/pico-sdk/lib/tinyusb/src/device/usbd.c.obj
                0x10005658                usbd_edpt_open
 .text.usbd_open_edpt_pair
                0x100056b0       0x8c CMakeFiles/test2.dir/D_/Pico/pico-sdk/lib/tinyusb/src/device/usbd.c.obj
                0x100056b0                usbd_open_edpt_pair
 .text.usbd_edpt_claim
                0x1000573c       0x8c CMakeFiles/test2.dir/D_/Pico/pico-sdk/lib/tinyusb/src/device/usbd.c.obj
                0x1000573c                usbd_edpt_claim
 .text.usbd_edpt_release
                0x100057c8       0x60 CMakeFiles/test2.dir/D_/Pico/pico-sdk/lib/tinyusb/src/device/usbd.c.obj
                0x100057c8                usbd_edpt_release
 .text.usbd_edpt_xfer
                0x10005828       0x80 CMakeFiles/test2.dir/D_/Pico/pico-sdk/lib/tinyusb/src/device/usbd.c.obj
                0x10005828                usbd_edpt_xfer
 .text.usbd_edpt_stall
                0x100058a8       0x40 CMakeFiles/test2.dir/D_/Pico/pico-sdk/lib/tinyusb/src/device/usbd.c.obj
                0x100058a8                usbd_edpt_stall
 .text.usbd_edpt_clear_stall
                0x100058e8       0x40 CMakeFiles/test2.dir/D_/Pico/pico-sdk/lib/tinyusb/src/device/usbd.c.obj
                0x100058e8                usbd_edpt_clear_stall
 .text.usbd_edpt_stalled
                0x10005928       0x1c CMakeFiles/test2.dir/D_/Pico/pico-sdk/lib/tinyusb/src/device/usbd.c.obj
                0x10005928                usbd_edpt_stalled
 .text.process_control_request
                0x10005944      0x3b0 CMakeFiles/test2.dir/D_/Pico/pico-sdk/lib/tinyusb/src/device/usbd.c.obj
 .text.tud_task
                0x10005cf4      0x1f0 CMakeFiles/test2.dir/D_/Pico/pico-sdk/lib/tinyusb/src/device/usbd.c.obj
                0x10005cf4                tud_task
 .text._status_stage_xact
                0x10005ee4       0x1a CMakeFiles/test2.dir/D_/Pico/pico-sdk/lib/tinyusb/src/device/usbd_control.c.obj
 *fill*         0x10005efe        0x2 
 .text._data_stage_xact
                0x10005f00       0x58 CMakeFiles/test2.dir/D_/Pico/pico-sdk/lib/tinyusb/src/device/usbd_control.c.obj
 .text.tud_control_status
                0x10005f58       0x28 CMakeFiles/test2.dir/D_/Pico/pico-sdk/lib/tinyusb/src/device/usbd_control.c.obj
                0x10005f58                tud_control_status
 .text.tud_control_xfer
                0x10005f80       0x98 CMakeFiles/test2.dir/D_/Pico/pico-sdk/lib/tinyusb/src/device/usbd_control.c.obj
                0x10005f80                tud_control_xfer
 .text.usbd_control_reset
                0x10006018       0x14 CMakeFiles/test2.dir/D_/Pico/pico-sdk/lib/tinyusb/src/device/usbd_control.c.obj
                0x10006018                usbd_control_reset
 .text.usbd_control_set_complete_callback
                0x1000602c        0xc CMakeFiles/test2.dir/D_/Pico/pico-sdk/lib/tinyusb/src/device/usbd_control.c.obj
                0x1000602c                usbd_control_set_complete_callback
 .text.usbd_control_set_request
                0x10006038       0x1c CMakeFiles/test2.dir/D_/Pico/pico-sdk/lib/tinyusb/src/device/usbd_control.c.obj
                0x10006038                usbd_control_set_request
 .text.usbd_control_xfer_cb
                0x10006054       0xe8 CMakeFiles/test2.dir/D_/Pico/pico-sdk/lib/tinyusb/src/device/usbd_control.c.obj
                0x10006054                usbd_control_xfer_cb
 .text._prep_out_transaction
                0x1000613c       0x46 CMakeFiles/test2.dir/D_/Pico/pico-sdk/lib/tinyusb/src/class/cdc/cdc_device.c.obj
 *fill*         0x10006182        0x2 
 .text.tud_cdc_n_connected
                0x10006184       0x38 CMakeFiles/test2.dir/D_/Pico/pico-sdk/lib/tinyusb/src/class/cdc/cdc_device.c.obj
                0x10006184                tud_cdc_n_connected
 .text.tud_cdc_n_available
                0x100061bc       0x18 CMakeFiles/test2.dir/D_/Pico/pico-sdk/lib/tinyusb/src/class/cdc/cdc_device.c.obj
                0x100061bc                tud_cdc_n_available
 .text.tud_cdc_n_read
                0x100061d4       0x28 CMakeFiles/test2.dir/D_/Pico/pico-sdk/lib/tinyusb/src/class/cdc/cdc_device.c.obj
                0x100061d4                tud_cdc_n_read
 .text.tud_cdc_n_write_flush
                0x100061fc       0xcc CMakeFiles/test2.dir/D_/Pico/pico-sdk/lib/tinyusb/src/class/cdc/cdc_device.c.obj
                0x100061fc                tud_cdc_n_write_flush
 .text.tud_cdc_n_write
                0x100062c8       0x38 CMakeFiles/test2.dir/D_/Pico/pico-sdk/lib/tinyusb/src/class/cdc/cdc_device.c.obj
                0x100062c8                tud_cdc_n_write
 .text.tud_cdc_n_write_available
                0x10006300       0x1c CMakeFiles/test2.dir/D_/Pico/pico-sdk/lib/tinyusb/src/class/cdc/cdc_device.c.obj
                0x10006300                tud_cdc_n_write_available
 .text.cdcd_init
                0x1000631c       0xbc CMakeFiles/test2.dir/D_/Pico/pico-sdk/lib/tinyusb/src/class/cdc/cdc_device.c.obj
                0x1000631c                cdcd_init
 .text.cdcd_reset
                0x100063d8       0x44 CMakeFiles/test2.dir/D_/Pico/pico-sdk/lib/tinyusb/src/class/cdc/cdc_device.c.obj
                0x100063d8                cdcd_reset
 .text.cdcd_open
                0x1000641c       0xf0 CMakeFiles/test2.dir/D_/Pico/pico-sdk/lib/tinyusb/src/class/cdc/cdc_device.c.obj
                0x1000641c                cdcd_open
 .text.cdcd_control_xfer_cb
                0x1000650c      0x134 CMakeFiles/test2.dir/D_/Pico/pico-sdk/lib/tinyusb/src/class/cdc/cdc_device.c.obj
                0x1000650c                cdcd_control_xfer_cb
 .text.cdcd_xfer_cb
                0x10006640      0x144 CMakeFiles/test2.dir/D_/Pico/pico-sdk/lib/tinyusb/src/class/cdc/cdc_device.c.obj
                0x10006640                cdcd_xfer_cb
 .text.tusb_init
                0x10006784       0x24 CMakeFiles/test2.dir/D_/Pico/pico-sdk/lib/tinyusb/src/tusb.c.obj
                0x10006784                tusb_init
 .text.tusb_inited
                0x100067a8        0xe CMakeFiles/test2.dir/D_/Pico/pico-sdk/lib/tinyusb/src/tusb.c.obj
                0x100067a8                tusb_inited
 *fill*         0x100067b6        0x2 
 .text.tu_edpt_validate
                0x100067b8       0xa8 CMakeFiles/test2.dir/D_/Pico/pico-sdk/lib/tinyusb/src/tusb.c.obj
                0x100067b8                tu_edpt_validate
 .text.tu_edpt_bind_driver
                0x10006860       0x2a CMakeFiles/test2.dir/D_/Pico/pico-sdk/lib/tinyusb/src/tusb.c.obj
                0x10006860                tu_edpt_bind_driver
 .text.advance_pointer
                0x1000688a       0x18 CMakeFiles/test2.dir/D_/Pico/pico-sdk/lib/tinyusb/src/common/tusb_fifo.c.obj
 .text.backward_pointer
                0x100068a2       0x1e CMakeFiles/test2.dir/D_/Pico/pico-sdk/lib/tinyusb/src/common/tusb_fifo.c.obj
 .text.get_relative_pointer
                0x100068c0       0x10 CMakeFiles/test2.dir/D_/Pico/pico-sdk/lib/tinyusb/src/common/tusb_fifo.c.obj
 .text._tu_fifo_peek
                0x100068d0       0x50 CMakeFiles/test2.dir/D_/Pico/pico-sdk/lib/tinyusb/src/common/tusb_fifo.c.obj
 .text._ff_pull_const_addr
                0x10006920       0x4c CMakeFiles/test2.dir/D_/Pico/pico-sdk/lib/tinyusb/src/common/tusb_fifo.c.obj
 .text._ff_pull_n
                0x1000696c      0x10c CMakeFiles/test2.dir/D_/Pico/pico-sdk/lib/tinyusb/src/common/tusb_fifo.c.obj
 .text._tu_fifo_peek_n
                0x10006a78       0x5e CMakeFiles/test2.dir/D_/Pico/pico-sdk/lib/tinyusb/src/common/tusb_fifo.c.obj
 .text._tu_fifo_read_n
                0x10006ad6       0x4e CMakeFiles/test2.dir/D_/Pico/pico-sdk/lib/tinyusb/src/common/tusb_fifo.c.obj
 .text._ff_push_const_addr
                0x10006b24       0x40 CMakeFiles/test2.dir/D_/Pico/pico-sdk/lib/tinyusb/src/common/tusb_fifo.c.obj
 .text._ff_push_n
                0x10006b64      0x108 CMakeFiles/test2.dir/D_/Pico/pico-sdk/lib/tinyusb/src/common/tusb_fifo.c.obj
 .text._tu_fifo_write_n
                0x10006c6c       0x9e CMakeFiles/test2.dir/D_/Pico/pico-sdk/lib/tinyusb/src/common/tusb_fifo.c.obj
 .text.tu_fifo_config
                0x10006d0a       0x72 CMakeFiles/test2.dir/D_/Pico/pico-sdk/lib/tinyusb/src/common/tusb_fifo.c.obj
                0x10006d0a                tu_fifo_config
 .text.tu_fifo_count
                0x10006d7c       0x26 CMakeFiles/test2.dir/D_/Pico/pico-sdk/lib/tinyusb/src/common/tusb_fifo.c.obj
                0x10006d7c                tu_fifo_count
 .text.tu_fifo_empty
                0x10006da2        0xe CMakeFiles/test2.dir/D_/Pico/pico-sdk/lib/tinyusb/src/common/tusb_fifo.c.obj
                0x10006da2                tu_fifo_empty
 .text.tu_fifo_remaining
                0x10006db0       0x20 CMakeFiles/test2.dir/D_/Pico/pico-sdk/lib/tinyusb/src/common/tusb_fifo.c.obj
                0x10006db0                tu_fifo_remaining
 .text.tu_fifo_read
                0x10006dd0       0x42 CMakeFiles/test2.dir/D_/Pico/pico-sdk/lib/tinyusb/src/common/tusb_fifo.c.obj
                0x10006dd0                tu_fifo_read
 .text.tu_fifo_read_n
                0x10006e12        0xa CMakeFiles/test2.dir/D_/Pico/pico-sdk/lib/tinyusb/src/common/tusb_fifo.c.obj
                0x10006e12                tu_fifo_read_n
 .text.tu_fifo_write
                0x10006e1c       0x6a CMakeFiles/test2.dir/D_/Pico/pico-sdk/lib/tinyusb/src/common/tusb_fifo.c.obj
                0x10006e1c                tu_fifo_write
 .text.tu_fifo_write_n
                0x10006e86        0xa CMakeFiles/test2.dir/D_/Pico/pico-sdk/lib/tinyusb/src/common/tusb_fifo.c.obj
                0x10006e86                tu_fifo_write_n
 .text.tu_fifo_clear
                0x10006e90       0x4c CMakeFiles/test2.dir/D_/Pico/pico-sdk/lib/tinyusb/src/common/tusb_fifo.c.obj
                0x10006e90                tu_fifo_clear
 .text.tu_fifo_set_overwritable
                0x10006edc       0x3c CMakeFiles/test2.dir/D_/Pico/pico-sdk/lib/tinyusb/src/common/tusb_fifo.c.obj
                0x10006edc                tu_fifo_set_overwritable
 .text._retrieve_unique_id_on_boot
                0x10006f18       0x10 CMakeFiles/test2.dir/D_/Pico/pico-sdk/src/rp2_common/pico_unique_id/unique_id.c.obj
 .text.pico_get_unique_board_id_string
                0x10006f28       0x5c CMakeFiles/test2.dir/D_/Pico/pico-sdk/src/rp2_common/pico_unique_id/unique_id.c.obj
                0x10006f28                pico_get_unique_board_id_string
 .text.flash_get_unique_id
                0x10006f84       0x46 CMakeFiles/test2.dir/D_/Pico/pico-sdk/src/rp2_common/hardware_flash/flash.c.obj
                0x10006f84                flash_get_unique_id
 *fill*         0x10006fca        0x2 
 .text.i2c_set_baudrate
                0x10006fcc       0xf0 CMakeFiles/test2.dir/D_/Pico/pico-sdk/src/rp2_common/hardware_i2c/i2c.c.obj
                0x10006fcc                i2c_set_baudrate
 .text.i2c_init
                0x100070bc       0x58 CMakeFiles/test2.dir/D_/Pico/pico-sdk/src/rp2_common/hardware_i2c/i2c.c.obj
                0x100070bc                i2c_init
 .text.strlen   0x10007114       0x5c d:/program files (x86)/arm gnu toolchain arm-none-eabi/12.2 rel1/bin/../lib/gcc/arm-none-eabi/12.2.1/thumb/v6-m/nofp\libg.a(libc_a-strlen-stub.o)
                0x10007114                strlen
 *(.fini)
 .fini          0x10007170        0x4 d:/program files (x86)/arm gnu toolchain arm-none-eabi/12.2 rel1/bin/../lib/gcc/arm-none-eabi/12.2.1/thumb/v6-m/nofp/crti.o
                0x10007170                _fini
 *fill*         0x10007174        0x4 
 .fini.__stub   0x10007178       0x70 linker stubs
 *crtbegin.o(.ctors)
 *crtbegin?.o(.ctors)
 *(EXCLUDE_FILE(*crtend.o *crtend?.o) .ctors)
 *(SORT_BY_NAME(.ctors.*))
 *(.ctors)
 *crtbegin.o(.dtors)
 *crtbegin?.o(.dtors)
 *(EXCLUDE_FILE(*crtend.o *crtend?.o) .dtors)
 *(SORT_BY_NAME(.dtors.*))
 *(.dtors)
 *(.eh_frame*)
 .eh_frame      0x100071e8        0x0 d:/program files (x86)/arm gnu toolchain arm-none-eabi/12.2 rel1/bin/../lib/gcc/arm-none-eabi/12.2.1/thumb/v6-m/nofp/crtbegin.o
                0x100071e8                . = ALIGN (0x4)

.glue_7         0x100071e8        0x0
 .glue_7        0x100071e8        0x0 linker stubs

.glue_7t        0x100071e8        0x0
 .glue_7t       0x100071e8        0x0 linker stubs

.vfp11_veneer   0x100071e8        0x0
 .vfp11_veneer  0x100071e8        0x0 linker stubs

.v4_bx          0x100071e8        0x0
 .v4_bx         0x100071e8        0x0 linker stubs

.iplt           0x100071e8        0x0
 .iplt          0x100071e8        0x0 d:/program files (x86)/arm gnu toolchain arm-none-eabi/12.2 rel1/bin/../lib/gcc/arm-none-eabi/12.2.1/thumb/v6-m/nofp/crtbegin.o

.rodata         0x100071e8     0x162c
 *(EXCLUDE_FILE(*libm.a: *libc.a:*lib_a-mem*.o *libgcc.a:) .rodata*)
 .rodata._ZL20update_us_since_bootP15absolute_time_ty.str1.4
                0x100071e8       0x8f CMakeFiles/test2.dir/test2.cpp.obj
 *fill*         0x10007277        0x1 
 .rodata.main.str1.4
                0x10007278        0xe CMakeFiles/test2.dir/test2.cpp.obj
 *fill*         0x10007286        0x2 
 .rodata.spin_lock_claim_unused.str1.4
                0x10007288       0x1b CMakeFiles/test2.dir/D_/Pico/pico-sdk/src/rp2_common/hardware_sync/sync.c.obj
 *fill*         0x100072a3        0x1 
 .rodata.resolve_branch.str1.4
                0x100072a4       0x4b CMakeFiles/test2.dir/D_/Pico/pico-sdk/src/rp2_common/hardware_irq/irq.c.obj
 *fill*         0x100072ef        0x1 
 .rodata.make_branch.str1.4
                0x100072f0       0x30 CMakeFiles/test2.dir/D_/Pico/pico-sdk/src/rp2_common/hardware_irq/irq.c.obj
 .rodata.insert_branch_and_link.str1.4
                0x10007320       0x10 CMakeFiles/test2.dir/D_/Pico/pico-sdk/src/rp2_common/hardware_irq/irq.c.obj
 .rodata.irq_set_exclusive_handler.str1.4
                0x10007330       0x36 CMakeFiles/test2.dir/D_/Pico/pico-sdk/src/rp2_common/hardware_irq/irq.c.obj
 *fill*         0x10007366        0x2 
 .rodata.irq_add_shared_handler.str1.4
                0x10007368       0xc2 CMakeFiles/test2.dir/D_/Pico/pico-sdk/src/rp2_common/hardware_irq/irq.c.obj
 *fill*         0x1000742a        0x2 
 .rodata.irq_remove_handler.str1.4
                0x1000742c       0x2a CMakeFiles/test2.dir/D_/Pico/pico-sdk/src/rp2_common/hardware_irq/irq.c.obj
 *fill*         0x10007456        0x2 
 .rodata.irq_add_tail_to_free_list.str1.4
                0x10007458       0x3a CMakeFiles/test2.dir/D_/Pico/pico-sdk/src/rp2_common/hardware_irq/irq.c.obj
 *fill*         0x10007492        0x2 
 .rodata.user_irq_claim_unused.str1.4
                0x10007494       0x1b CMakeFiles/test2.dir/D_/Pico/pico-sdk/src/rp2_common/hardware_irq/irq.c.obj
 *fill*         0x100074af        0x1 
 .rodata.__func__.0
                0x100074b0       0x1a CMakeFiles/test2.dir/D_/Pico/pico-sdk/src/rp2_common/hardware_irq/irq.c.obj
 *fill*         0x100074ca        0x2 
 .rodata.__func__.1
                0x100074cc       0x17 CMakeFiles/test2.dir/D_/Pico/pico-sdk/src/rp2_common/hardware_irq/irq.c.obj
 *fill*         0x100074e3        0x1 
 .rodata.__func__.2
                0x100074e4       0x13 CMakeFiles/test2.dir/D_/Pico/pico-sdk/src/rp2_common/hardware_irq/irq.c.obj
 *fill*         0x100074f7        0x1 
 .rodata.__func__.3
                0x100074f8        0xc CMakeFiles/test2.dir/D_/Pico/pico-sdk/src/rp2_common/hardware_irq/irq.c.obj
 .rodata.__func__.4
                0x10007504        0xf CMakeFiles/test2.dir/D_/Pico/pico-sdk/src/rp2_common/hardware_irq/irq.c.obj
 *fill*         0x10007513        0x1 
 .rodata.__func__.5
                0x10007514       0x17 CMakeFiles/test2.dir/D_/Pico/pico-sdk/src/rp2_common/hardware_irq/irq.c.obj
 *fill*         0x1000752b        0x1 
 .rodata.__func__.6
                0x1000752c       0x1a CMakeFiles/test2.dir/D_/Pico/pico-sdk/src/rp2_common/hardware_irq/irq.c.obj
 *fill*         0x10007546        0x2 
 .rodata.get_entry.str1.4
                0x10007548       0x51 CMakeFiles/test2.dir/D_/Pico/pico-sdk/src/common/pico_time/time.c.obj
 .rodata.update_us_since_boot.str1.4
                0x10007599       0x57 CMakeFiles/test2.dir/D_/Pico/pico-sdk/src/common/pico_time/time.c.obj
 *fill*         0x10007599        0x3 
 .rodata.ph_get_node.str1.4
                0x1000759c       0x5c CMakeFiles/test2.dir/D_/Pico/pico-sdk/src/common/pico_time/time.c.obj
 .rodata.ph_add_child_node.str1.4
                0x100075f8       0x2e CMakeFiles/test2.dir/D_/Pico/pico-sdk/src/common/pico_time/time.c.obj
 *fill*         0x10007626        0x2 
 .rodata.ph_insert_node.str1.4
                0x10007628        0x3 CMakeFiles/test2.dir/D_/Pico/pico-sdk/src/common/pico_time/time.c.obj
 *fill*         0x1000762b        0x1 
 .rodata.ph_free_node.str1.4
                0x1000762c       0x22 CMakeFiles/test2.dir/D_/Pico/pico-sdk/src/common/pico_time/time.c.obj
 *fill*         0x1000764e        0x2 
 .rodata.add_alarm_under_lock.str1.4
                0x10007650       0x28 CMakeFiles/test2.dir/D_/Pico/pico-sdk/src/common/pico_time/time.c.obj
 .rodata.alarm_pool_alarm_callback.str1.4
                0x10007678       0x60 CMakeFiles/test2.dir/D_/Pico/pico-sdk/src/common/pico_time/time.c.obj
 .rodata.alarm_pool_get_default.str1.4
                0x100076d8       0x21 CMakeFiles/test2.dir/D_/Pico/pico-sdk/src/common/pico_time/time.c.obj
 *fill*         0x100076f9        0x3 
 .rodata.alarm_pool_cancel_alarm.str1.4
                0x100076fc       0x27 CMakeFiles/test2.dir/D_/Pico/pico-sdk/src/common/pico_time/time.c.obj
 *fill*         0x10007723        0x1 
 .rodata.__func__.1
                0x10007724       0x18 CMakeFiles/test2.dir/D_/Pico/pico-sdk/src/common/pico_time/time.c.obj
 .rodata.__func__.3
                0x1000773c       0x17 CMakeFiles/test2.dir/D_/Pico/pico-sdk/src/common/pico_time/time.c.obj
 *fill*         0x10007753        0x1 
 .rodata.__func__.4
                0x10007754       0x12 CMakeFiles/test2.dir/D_/Pico/pico-sdk/src/common/pico_time/time.c.obj
 *fill*         0x10007766        0x2 
 .rodata.__func__.5
                0x10007768        0xd CMakeFiles/test2.dir/D_/Pico/pico-sdk/src/common/pico_time/time.c.obj
 *fill*         0x10007775        0x3 
 .rodata.__func__.6
                0x10007778       0x12 CMakeFiles/test2.dir/D_/Pico/pico-sdk/src/common/pico_time/time.c.obj
 *fill*         0x1000778a        0x2 
 .rodata.__func__.7
                0x1000778c        0xf CMakeFiles/test2.dir/D_/Pico/pico-sdk/src/common/pico_time/time.c.obj
 *fill*         0x1000779b        0x1 
 .rodata.__func__.8
                0x1000779c        0xc CMakeFiles/test2.dir/D_/Pico/pico-sdk/src/common/pico_time/time.c.obj
 .rodata.__func__.9
                0x100077a8       0x15 CMakeFiles/test2.dir/D_/Pico/pico-sdk/src/common/pico_time/time.c.obj
 *fill*         0x100077bd        0x3 
 .rodata.__func__.10
                0x100077c0       0x15 CMakeFiles/test2.dir/D_/Pico/pico-sdk/src/common/pico_time/time.c.obj
 *fill*         0x100077d5        0x3 
 .rodata.__func__.11
                0x100077d8       0x1a CMakeFiles/test2.dir/D_/Pico/pico-sdk/src/common/pico_time/time.c.obj
 *fill*         0x100077f2        0x2 
 .rodata.__func__.12
                0x100077f4        0xa CMakeFiles/test2.dir/D_/Pico/pico-sdk/src/common/pico_time/time.c.obj
 *fill*         0x100077fe        0x2 
 .rodata.hardware_alarm_claim.str1.4
                0x10007800       0x22 CMakeFiles/test2.dir/D_/Pico/pico-sdk/src/rp2_common/hardware_timer/timer.c.obj
 *fill*         0x10007822        0x2 
 .rodata.hardware_alarm_set_target.str1.4
                0x10007824       0x5b CMakeFiles/test2.dir/D_/Pico/pico-sdk/src/rp2_common/hardware_timer/timer.c.obj
 *fill*         0x1000787f        0x1 
 .rodata.__func__.0
                0x10007880       0x1a CMakeFiles/test2.dir/D_/Pico/pico-sdk/src/rp2_common/hardware_timer/timer.c.obj
 .rodata.ph_get_node.str1.4
                0x1000789a       0x5c CMakeFiles/test2.dir/D_/Pico/pico-sdk/src/common/pico_util/pheap.c.obj
 .rodata.ph_add_child_node.str1.4
                0x1000789a       0x2e CMakeFiles/test2.dir/D_/Pico/pico-sdk/src/common/pico_util/pheap.c.obj
 *fill*         0x1000789a        0x2 
 .rodata.ph_remove_any_head.str1.4
                0x1000789c       0x84 CMakeFiles/test2.dir/D_/Pico/pico-sdk/src/common/pico_util/pheap.c.obj
 .rodata.ph_remove_and_free_node.str1.4
                0x10007920       0x1e CMakeFiles/test2.dir/D_/Pico/pico-sdk/src/common/pico_util/pheap.c.obj
                                 0x26 (size before relaxing)
 *fill*         0x1000793e        0x2 
 .rodata.__func__.0
                0x10007940       0x18 CMakeFiles/test2.dir/D_/Pico/pico-sdk/src/common/pico_util/pheap.c.obj
 .rodata.__func__.1
                0x10007958       0x13 CMakeFiles/test2.dir/D_/Pico/pico-sdk/src/common/pico_util/pheap.c.obj
 *fill*         0x1000796b        0x1 
 .rodata.__func__.2
                0x1000796c       0x12 CMakeFiles/test2.dir/D_/Pico/pico-sdk/src/common/pico_util/pheap.c.obj
 *fill*         0x1000797e        0x2 
 .rodata.__func__.3
                0x10007980        0xc CMakeFiles/test2.dir/D_/Pico/pico-sdk/src/common/pico_util/pheap.c.obj
 .rodata.update_us_since_boot.str1.4
                0x1000798c       0x57 CMakeFiles/test2.dir/D_/Pico/pico-sdk/src/common/pico_sync/mutex.c.obj
 .rodata.str1.4
                0x1000798c       0x81 CMakeFiles/test2.dir/D_/Pico/pico-sdk/src/common/pico_sync/mutex.c.obj
 *fill*         0x10007a0d        0x3 
 .rodata.__func__.1
                0x10007a10        0xb CMakeFiles/test2.dir/D_/Pico/pico-sdk/src/common/pico_sync/mutex.c.obj
 *fill*         0x10007a1b        0x1 
 .rodata.__func__.3
                0x10007a1c       0x18 CMakeFiles/test2.dir/D_/Pico/pico-sdk/src/common/pico_sync/mutex.c.obj
 .rodata.__func__.4
                0x10007a34       0x15 CMakeFiles/test2.dir/D_/Pico/pico-sdk/src/common/pico_sync/mutex.c.obj
 *fill*         0x10007a49        0x3 
 .rodata.__assert_func.str1.4
                0x10007a4c       0x3f CMakeFiles/test2.dir/D_/Pico/pico-sdk/src/rp2_common/pico_runtime/runtime.c.obj
                                 0x43 (size before relaxing)
 *fill*         0x10007a8b        0x1 
 .rodata.runtime_init.str1.4
                0x10007a8c       0x57 CMakeFiles/test2.dir/D_/Pico/pico-sdk/src/rp2_common/pico_runtime/runtime.c.obj
 *fill*         0x10007ae3        0x1 
 .rodata.panic.str1.4
                0x10007ae4       0x12 CMakeFiles/test2.dir/D_/Pico/pico-sdk/src/rp2_common/pico_runtime/runtime.c.obj
 *fill*         0x10007af6        0x2 
 .rodata.__func__.1
                0x10007af8        0xd CMakeFiles/test2.dir/D_/Pico/pico-sdk/src/rp2_common/pico_runtime/runtime.c.obj
 *fill*         0x10007b05        0x3 
 .rodata.clock_configure.str1.4
                0x10007b08       0x4d CMakeFiles/test2.dir/D_/Pico/pico-sdk/src/rp2_common/hardware_clocks/clocks.c.obj
 *fill*         0x10007b55        0x3 
 .rodata.__func__.1
                0x10007b58       0x10 CMakeFiles/test2.dir/D_/Pico/pico-sdk/src/rp2_common/hardware_clocks/clocks.c.obj
 .rodata.pll_init.str1.4
                0x10007b68      0x12f CMakeFiles/test2.dir/D_/Pico/pico-sdk/src/rp2_common/hardware_pll/pll.c.obj
 *fill*         0x10007c97        0x1 
 .rodata.__func__.0
                0x10007c98        0x9 CMakeFiles/test2.dir/D_/Pico/pico-sdk/src/rp2_common/hardware_pll/pll.c.obj
 *fill*         0x10007ca1        0x3 
 .rodata._ftoa.str1.4
                0x10007ca4       0x15 CMakeFiles/test2.dir/D_/Pico/pico-sdk/src/rp2_common/pico_printf/printf.c.obj
 *fill*         0x10007cb9        0x3 
 .rodata._vsnprintf
                0x10007cbc      0x19c CMakeFiles/test2.dir/D_/Pico/pico-sdk/src/rp2_common/pico_printf/printf.c.obj
 .rodata.pow10.0
                0x10007e58       0x50 CMakeFiles/test2.dir/D_/Pico/pico-sdk/src/rp2_common/pico_printf/printf.c.obj
 .rodata.__aeabi_double_init.str1.4
                0x10007ea8       0x9e CMakeFiles/test2.dir/D_/Pico/pico-sdk/src/rp2_common/pico_double/double_init_rom.c.obj
 *fill*         0x10007f46        0x2 
 .rodata.__func__.0
                0x10007f48       0x14 CMakeFiles/test2.dir/D_/Pico/pico-sdk/src/rp2_common/pico_double/double_init_rom.c.obj
 .rodata.__aeabi_float_init.str1.4
                0x10007f5c       0x70 CMakeFiles/test2.dir/D_/Pico/pico-sdk/src/rp2_common/pico_float/float_init_rom.c.obj
                                 0x74 (size before relaxing)
 .rodata.__func__.0
                0x10007fcc       0x13 CMakeFiles/test2.dir/D_/Pico/pico-sdk/src/rp2_common/pico_float/float_init_rom.c.obj
 *fill*         0x10007fdf        0x1 
 .rodata.str1.4
                0x10007fe0       0x40 CMakeFiles/test2.dir/D_/Pico/pico-sdk/src/rp2_common/pico_standard_link/binary_info.c.obj
 .rodata.__bi_81
                0x10008020        0xc CMakeFiles/test2.dir/D_/Pico/pico-sdk/src/rp2_common/pico_standard_link/binary_info.c.obj
 .rodata.__bi_75
                0x1000802c        0xc CMakeFiles/test2.dir/D_/Pico/pico-sdk/src/rp2_common/pico_standard_link/binary_info.c.obj
 .rodata.__bi_56
                0x10008038        0xc CMakeFiles/test2.dir/D_/Pico/pico-sdk/src/rp2_common/pico_standard_link/binary_info.c.obj
 .rodata.__bi_44
                0x10008044        0xc CMakeFiles/test2.dir/D_/Pico/pico-sdk/src/rp2_common/pico_standard_link/binary_info.c.obj
 .rodata.crlf_str.3
                0x10008050        0x2 CMakeFiles/test2.dir/D_/Pico/pico-sdk/src/rp2_common/pico_stdio/stdio.c.obj
 *fill*         0x10008052        0x2 
 .rodata._resetd_driver
                0x10008054       0x18 CMakeFiles/test2.dir/D_/Pico/pico-sdk/src/rp2_common/pico_stdio_usb/reset_interface.c.obj
 .rodata.update_us_since_boot.str1.4
                0x1000806c       0x57 CMakeFiles/test2.dir/D_/Pico/pico-sdk/src/rp2_common/pico_stdio_usb/stdio_usb.c.obj
 .rodata.timer_task.str1.4
                0x1000806c       0x63 CMakeFiles/test2.dir/D_/Pico/pico-sdk/src/rp2_common/pico_stdio_usb/stdio_usb.c.obj
 *fill*         0x100080cf        0x1 
 .rodata.__func__.0
                0x100080d0       0x15 CMakeFiles/test2.dir/D_/Pico/pico-sdk/src/rp2_common/pico_stdio_usb/stdio_usb.c.obj
 *fill*         0x100080e5        0x3 
 .rodata.__func__.1
                0x100080e8        0xb CMakeFiles/test2.dir/D_/Pico/pico-sdk/src/rp2_common/pico_stdio_usb/stdio_usb.c.obj
 *fill*         0x100080f3        0x1 
 .rodata.str1.4
                0x100080f4       0x13 CMakeFiles/test2.dir/D_/Pico/pico-sdk/src/rp2_common/pico_stdio_usb/stdio_usb.c.obj
 *fill*         0x10008107        0x1 
 .rodata.__bi_118.2
                0x10008108        0xc CMakeFiles/test2.dir/D_/Pico/pico-sdk/src/rp2_common/pico_stdio_usb/stdio_usb.c.obj
 .rodata.str1.4
                0x10008114       0x2a CMakeFiles/test2.dir/D_/Pico/pico-sdk/src/rp2_common/pico_stdio_usb/stdio_usb_descriptors.c.obj
 *fill*         0x1000813e        0x2 
 .rodata.usbd_desc_str
                0x10008140       0x18 CMakeFiles/test2.dir/D_/Pico/pico-sdk/src/rp2_common/pico_stdio_usb/stdio_usb_descriptors.c.obj
 .rodata.usbd_desc_cfg
                0x10008158       0x54 CMakeFiles/test2.dir/D_/Pico/pico-sdk/src/rp2_common/pico_stdio_usb/stdio_usb_descriptors.c.obj
 .rodata.usbd_desc_device
                0x100081ac       0x12 CMakeFiles/test2.dir/D_/Pico/pico-sdk/src/rp2_common/pico_stdio_usb/stdio_usb_descriptors.c.obj
 *fill*         0x100081be        0x2 
 .rodata._hw_endpoint_alloc.str1.4
                0x100081c0       0xad CMakeFiles/test2.dir/D_/Pico/pico-sdk/lib/tinyusb/src/portable/raspberrypi/rp2040/dcd_rp2040.c.obj
 *fill*         0x1000826d        0x3 
 .rodata.dcd_rp2040_irq.str1.4
                0x10008270       0x14 CMakeFiles/test2.dir/D_/Pico/pico-sdk/lib/tinyusb/src/portable/raspberrypi/rp2040/dcd_rp2040.c.obj
 .rodata.dcd_int_enable.str1.4
                0x10008284        0xc CMakeFiles/test2.dir/D_/Pico/pico-sdk/lib/tinyusb/src/portable/raspberrypi/rp2040/dcd_rp2040.c.obj
 .rodata.__func__.0
                0x10008290        0xe CMakeFiles/test2.dir/D_/Pico/pico-sdk/lib/tinyusb/src/portable/raspberrypi/rp2040/dcd_rp2040.c.obj
 *fill*         0x1000829e        0x2 
 .rodata.__func__.1
                0x100082a0        0xe CMakeFiles/test2.dir/D_/Pico/pico-sdk/lib/tinyusb/src/portable/raspberrypi/rp2040/dcd_rp2040.c.obj
 *fill*         0x100082ae        0x2 
 .rodata.__func__.3
                0x100082b0       0x10 CMakeFiles/test2.dir/D_/Pico/pico-sdk/lib/tinyusb/src/portable/raspberrypi/rp2040/dcd_rp2040.c.obj
 .rodata.__func__.5
                0x100082c0        0xf CMakeFiles/test2.dir/D_/Pico/pico-sdk/lib/tinyusb/src/portable/raspberrypi/rp2040/dcd_rp2040.c.obj
 *fill*         0x100082cf        0x1 
 .rodata.__func__.6
                0x100082d0       0x13 CMakeFiles/test2.dir/D_/Pico/pico-sdk/lib/tinyusb/src/portable/raspberrypi/rp2040/dcd_rp2040.c.obj
 *fill*         0x100082e3        0x1 
 .rodata.__func__.7
                0x100082e4        0x9 CMakeFiles/test2.dir/D_/Pico/pico-sdk/lib/tinyusb/src/portable/raspberrypi/rp2040/dcd_rp2040.c.obj
 *fill*         0x100082ed        0x3 
 .rodata.sync_ep_buffer.str1.4
                0x100082f0       0x89 CMakeFiles/test2.dir/D_/Pico/pico-sdk/lib/tinyusb/src/portable/raspberrypi/rp2040/rp2040_usb.c.obj
 *fill*         0x10008379        0x3 
 .rodata._hw_endpoint_buffer_control_update32.str1.4
                0x1000837c       0x1f CMakeFiles/test2.dir/D_/Pico/pico-sdk/lib/tinyusb/src/portable/raspberrypi/rp2040/rp2040_usb.c.obj
 *fill*         0x1000839b        0x1 
 .rodata.hw_endpoint_xfer_start.str1.4
                0x1000839c       0x38 CMakeFiles/test2.dir/D_/Pico/pico-sdk/lib/tinyusb/src/portable/raspberrypi/rp2040/rp2040_usb.c.obj
 .rodata.hw_endpoint_xfer_continue.str1.4
                0x100083d4       0x29 CMakeFiles/test2.dir/D_/Pico/pico-sdk/lib/tinyusb/src/portable/raspberrypi/rp2040/rp2040_usb.c.obj
 *fill*         0x100083fd        0x3 
 .rodata.__func__.0
                0x10008400        0xf CMakeFiles/test2.dir/D_/Pico/pico-sdk/lib/tinyusb/src/portable/raspberrypi/rp2040/rp2040_usb.c.obj
 *fill*         0x1000840f        0x1 
 .rodata.str1.4
                0x10008410        0x7 CMakeFiles/test2.dir/D_/Pico/pico-sdk/lib/tinyusb/src/portable/raspberrypi/rp2040/rp2040_usb.c.obj
 *fill*         0x10008417        0x1 
 .rodata.process_set_config.str1.4
                0x10008418       0x17 CMakeFiles/test2.dir/D_/Pico/pico-sdk/lib/tinyusb/src/device/usbd.c.obj
 *fill*         0x1000842f        0x1 
 .rodata.process_get_descriptor
                0x10008430       0x40 CMakeFiles/test2.dir/D_/Pico/pico-sdk/lib/tinyusb/src/device/usbd.c.obj
 .rodata.process_control_request
                0x10008470       0x28 CMakeFiles/test2.dir/D_/Pico/pico-sdk/lib/tinyusb/src/device/usbd.c.obj
 .rodata.tud_task
                0x10008498       0x24 CMakeFiles/test2.dir/D_/Pico/pico-sdk/lib/tinyusb/src/device/usbd.c.obj
 .rodata.__func__.2
                0x100084bc        0xf CMakeFiles/test2.dir/D_/Pico/pico-sdk/lib/tinyusb/src/device/usbd.c.obj
 *fill*         0x100084cb        0x1 
 .rodata.__func__.3
                0x100084cc        0xf CMakeFiles/test2.dir/D_/Pico/pico-sdk/lib/tinyusb/src/device/usbd.c.obj
 *fill*         0x100084db        0x1 
 .rodata.__func__.4
                0x100084dc       0x14 CMakeFiles/test2.dir/D_/Pico/pico-sdk/lib/tinyusb/src/device/usbd.c.obj
 .rodata.__func__.5
                0x100084f0       0x10 CMakeFiles/test2.dir/D_/Pico/pico-sdk/lib/tinyusb/src/device/usbd.c.obj
 .rodata.__func__.6
                0x10008500       0x17 CMakeFiles/test2.dir/D_/Pico/pico-sdk/lib/tinyusb/src/device/usbd.c.obj
 *fill*         0x10008517        0x1 
 .rodata.__func__.7
                0x10008518       0x13 CMakeFiles/test2.dir/D_/Pico/pico-sdk/lib/tinyusb/src/device/usbd.c.obj
 *fill*         0x1000852b        0x1 
 .rodata.__func__.8
                0x1000852c       0x18 CMakeFiles/test2.dir/D_/Pico/pico-sdk/lib/tinyusb/src/device/usbd.c.obj
 .rodata.__func__.9
                0x10008544        0x9 CMakeFiles/test2.dir/D_/Pico/pico-sdk/lib/tinyusb/src/device/usbd.c.obj
 *fill*         0x1000854d        0x3 
 .rodata._usbd_driver
                0x10008550       0x18 CMakeFiles/test2.dir/D_/Pico/pico-sdk/lib/tinyusb/src/device/usbd.c.obj
 .rodata.tud_control_xfer.str1.4
                0x10008568       0x17 CMakeFiles/test2.dir/D_/Pico/pico-sdk/lib/tinyusb/src/device/usbd_control.c.obj
 .rodata.__func__.0
                0x10008568       0x15 CMakeFiles/test2.dir/D_/Pico/pico-sdk/lib/tinyusb/src/device/usbd_control.c.obj
 *fill*         0x1000857d        0x3 
 .rodata.__func__.1
                0x10008580       0x11 CMakeFiles/test2.dir/D_/Pico/pico-sdk/lib/tinyusb/src/device/usbd_control.c.obj
 .rodata.tud_cdc_n_write_flush.str1.4
                0x10008591       0x17 CMakeFiles/test2.dir/D_/Pico/pico-sdk/lib/tinyusb/src/class/cdc/cdc_device.c.obj
 *fill*         0x10008591        0x3 
 .rodata.__func__.0
                0x10008594        0xd CMakeFiles/test2.dir/D_/Pico/pico-sdk/lib/tinyusb/src/class/cdc/cdc_device.c.obj
 *fill*         0x100085a1        0x3 
 .rodata.__func__.1
                0x100085a4        0xa CMakeFiles/test2.dir/D_/Pico/pico-sdk/lib/tinyusb/src/class/cdc/cdc_device.c.obj
 *fill*         0x100085ae        0x2 
 .rodata.__func__.2
                0x100085b0       0x16 CMakeFiles/test2.dir/D_/Pico/pico-sdk/lib/tinyusb/src/class/cdc/cdc_device.c.obj
 .rodata.tusb_init.str1.4
                0x100085c6       0x17 CMakeFiles/test2.dir/D_/Pico/pico-sdk/lib/tinyusb/src/tusb.c.obj
 *fill*         0x100085c6        0x2 
 .rodata.__func__.0
                0x100085c8       0x11 CMakeFiles/test2.dir/D_/Pico/pico-sdk/lib/tinyusb/src/tusb.c.obj
 *fill*         0x100085d9        0x3 
 .rodata.__func__.1
                0x100085dc        0xa CMakeFiles/test2.dir/D_/Pico/pico-sdk/lib/tinyusb/src/tusb.c.obj
 *fill*         0x100085e6        0x2 
 .rodata.pico_get_unique_board_id_string.str1.4
                0x100085e8       0x43 CMakeFiles/test2.dir/D_/Pico/pico-sdk/src/rp2_common/pico_unique_id/unique_id.c.obj
 *fill*         0x1000862b        0x1 
 .rodata.__func__.0
                0x1000862c       0x20 CMakeFiles/test2.dir/D_/Pico/pico-sdk/src/rp2_common/pico_unique_id/unique_id.c.obj
 .rodata.str1.4
                0x1000864c      0x14e CMakeFiles/test2.dir/D_/Pico/pico-sdk/src/rp2_common/hardware_flash/flash.c.obj
 *fill*         0x1000879a        0x2 
 .rodata.__func__.0
                0x1000879c        0xd CMakeFiles/test2.dir/D_/Pico/pico-sdk/src/rp2_common/hardware_flash/flash.c.obj
 *fill*         0x100087a9        0x3 
 .rodata.i2c_set_baudrate.str1.4
                0x100087ac       0x53 CMakeFiles/test2.dir/D_/Pico/pico-sdk/src/rp2_common/hardware_i2c/i2c.c.obj
 *fill*         0x100087ff        0x1 
 .rodata.__func__.0
                0x10008800       0x11 CMakeFiles/test2.dir/D_/Pico/pico-sdk/src/rp2_common/hardware_i2c/i2c.c.obj
                0x10008814                . = ALIGN (0x4)
 *fill*         0x10008811        0x3 
 *(SORT_BY_ALIGNMENT(SORT_BY_NAME(.flashdata*)))
                0x10008814                . = ALIGN (0x4)

.rel.dyn        0x10008814        0x0
 .rel.iplt      0x10008814        0x0 d:/program files (x86)/arm gnu toolchain arm-none-eabi/12.2 rel1/bin/../lib/gcc/arm-none-eabi/12.2.1/thumb/v6-m/nofp/crtbegin.o

.ARM.extab
 *(.ARM.extab* .gnu.linkonce.armextab.*)
                0x10008814                __exidx_start = .

.ARM.exidx
 *(.ARM.exidx* .gnu.linkonce.armexidx.*)
                0x10008814                __exidx_end = .
                0x10008814                . = ALIGN (0x4)
                0x10008814                __binary_info_start = .

.binary_info    0x10008814       0x24
 *(.binary_info.keep.*)
 .binary_info.keep.__bi_ptr81
                0x10008814        0x4 CMakeFiles/test2.dir/D_/Pico/pico-sdk/src/rp2_common/pico_standard_link/binary_info.c.obj
 .binary_info.keep.__bi_ptr75
                0x10008818        0x4 CMakeFiles/test2.dir/D_/Pico/pico-sdk/src/rp2_common/pico_standard_link/binary_info.c.obj
 .binary_info.keep.__bi_ptr56
                0x1000881c        0x4 CMakeFiles/test2.dir/D_/Pico/pico-sdk/src/rp2_common/pico_standard_link/binary_info.c.obj
 .binary_info.keep.__bi_ptr50
                0x10008820        0x4 CMakeFiles/test2.dir/D_/Pico/pico-sdk/src/rp2_common/pico_standard_link/binary_info.c.obj
 .binary_info.keep.__bi_ptr44
                0x10008824        0x4 CMakeFiles/test2.dir/D_/Pico/pico-sdk/src/rp2_common/pico_standard_link/binary_info.c.obj
 .binary_info.keep.__bi_ptr38
                0x10008828        0x4 CMakeFiles/test2.dir/D_/Pico/pico-sdk/src/rp2_common/pico_standard_link/binary_info.c.obj
 .binary_info.keep.__bi_ptr30
                0x1000882c        0x4 CMakeFiles/test2.dir/D_/Pico/pico-sdk/src/rp2_common/pico_standard_link/binary_info.c.obj
 .binary_info.keep.__bi_ptr22
                0x10008830        0x4 CMakeFiles/test2.dir/D_/Pico/pico-sdk/src/rp2_common/pico_standard_link/binary_info.c.obj
 *(.binary_info.*)
 .binary_info.__bi_ptr118
                0x10008834        0x4 CMakeFiles/test2.dir/D_/Pico/pico-sdk/src/rp2_common/pico_stdio_usb/stdio_usb.c.obj
                0x10008838                __binary_info_end = .
                0x10008838                . = ALIGN (0x4)
                0x10008838                __etext = .

.ram_vector_table
                0x20000000       0xc0
 *(.ram_vector_table)
 .ram_vector_table
                0x20000000       0xc0 CMakeFiles/test2.dir/D_/Pico/pico-sdk/src/rp2_common/pico_runtime/runtime.c.obj
                0x20000000                ram_vector_table

.data           0x200000c0      0x3f8 load address 0x10008838
                0x200000c0                __data_start__ = .
 *(vtable)
 *(.time_critical*)
 .time_critical.mutex_enter_blocking
                0x200000c0       0x48 CMakeFiles/test2.dir/D_/Pico/pico-sdk/src/common/pico_sync/mutex.c.obj
                0x200000c0                mutex_enter_blocking
 .time_critical.mutex_try_enter
                0x20000108       0x46 CMakeFiles/test2.dir/D_/Pico/pico-sdk/src/common/pico_sync/mutex.c.obj
                0x20000108                mutex_try_enter
 *fill*         0x2000014e        0x2 
 .time_critical.mutex_enter_block_until
                0x20000150       0x8c CMakeFiles/test2.dir/D_/Pico/pico-sdk/src/common/pico_sync/mutex.c.obj
                0x20000150                mutex_enter_block_until
 .time_critical.mutex_enter_timeout_ms
                0x200001dc       0x1a CMakeFiles/test2.dir/D_/Pico/pico-sdk/src/common/pico_sync/mutex.c.obj
                0x200001dc                mutex_enter_timeout_ms
 *fill*         0x200001f6        0x2 
 .time_critical.mutex_exit
                0x200001f8       0x4c CMakeFiles/test2.dir/D_/Pico/pico-sdk/src/common/pico_sync/mutex.c.obj
                0x200001f8                mutex_exit
 .time_critical.flash_init_boot2_copyout
                0x20000244       0x30 CMakeFiles/test2.dir/D_/Pico/pico-sdk/src/rp2_common/hardware_flash/flash.c.obj
 .time_critical.flash_enable_xip_via_boot2
                0x20000274        0xc CMakeFiles/test2.dir/D_/Pico/pico-sdk/src/rp2_common/hardware_flash/flash.c.obj
 .time_critical.flash_cs_force
                0x20000280       0x28 CMakeFiles/test2.dir/D_/Pico/pico-sdk/src/rp2_common/hardware_flash/flash.c.obj
 .time_critical.flash_do_cmd
                0x200002a8       0xd8 CMakeFiles/test2.dir/D_/Pico/pico-sdk/src/rp2_common/hardware_flash/flash.c.obj
                0x200002a8                flash_do_cmd
 *(.text*)
 .text          0x20000380        0x4 d:/program files (x86)/arm gnu toolchain arm-none-eabi/12.2 rel1/bin/../lib/gcc/arm-none-eabi/12.2.1/thumb/v6-m/nofp\libgcc.a(_dvmd_tls.o)
                0x20000380                __aeabi_idiv0
                0x20000380                __aeabi_ldiv0
 *fill*         0x20000384        0x4 
 .text.__stub   0x20000388       0x30 linker stubs
                0x200003b8                . = ALIGN (0x4)
 *(.rodata*)
                0x200003b8                . = ALIGN (0x4)
 *(.data*)
 .data.striped_spin_lock_num
                0x200003b8        0x1 CMakeFiles/test2.dir/D_/Pico/pico-sdk/src/rp2_common/hardware_sync/sync.c.obj
 *fill*         0x200003b9        0x3 
 .data          0x200003bc       0x48 CMakeFiles/test2.dir/D_/Pico/pico-sdk/src/rp2_common/hardware_irq/irq_handler_chain.S.obj
                0x200003bc                irq_handler_chain_slots
                0x200003ec                irq_handler_chain_first_slot
                0x200003f6                irq_handler_chain_remove_tail
 .data.default_alarm_pool
                0x20000404       0x18 CMakeFiles/test2.dir/D_/Pico/pico-sdk/src/common/pico_time/time.c.obj
 .data.default_alarm_pool_heap
                0x2000041c       0x10 CMakeFiles/test2.dir/D_/Pico/pico-sdk/src/common/pico_time/time.c.obj
 *fill*         0x2000042c        0x4 
 .data.aeabi_bits_funcs
                0x20000430       0x10 CMakeFiles/test2.dir/D_/Pico/pico-sdk/src/rp2_common/pico_bit_ops/bit_ops_aeabi.S.obj
                0x20000430                aeabi_bits_funcs
                0x20000440                aeabi_bits_funcs_end
 .data.aeabi_mem_funcs
                0x20000440       0x10 CMakeFiles/test2.dir/D_/Pico/pico-sdk/src/rp2_common/pico_mem_ops/mem_ops_aeabi.S.obj
                0x20000440                aeabi_mem_funcs
                0x20000450                aeabi_mem_funcs_end
 .data.stdio_usb
                0x20000450       0x14 CMakeFiles/test2.dir/D_/Pico/pico-sdk/src/rp2_common/pico_stdio_usb/stdio_usb.c.obj
                0x20000450                stdio_usb
 .data.ep_dir_string
                0x20000464        0x8 CMakeFiles/test2.dir/D_/Pico/pico-sdk/lib/tinyusb/src/portable/raspberrypi/rp2040/rp2040_usb.c.obj
                0x20000464                ep_dir_string
 .data._usbd_qdef
                0x2000046c       0x24 CMakeFiles/test2.dir/D_/Pico/pico-sdk/lib/tinyusb/src/device/usbd.c.obj
                0x2000046c                _usbd_qdef
 .data.i2c0_inst
                0x20000490        0x8 CMakeFiles/test2.dir/D_/Pico/pico-sdk/src/rp2_common/hardware_i2c/i2c.c.obj
                0x20000490                i2c0_inst
                0x20000498                . = ALIGN (0x4)
 *(.after_data.*)
                0x20000498                . = ALIGN (0x4)
                0x20000498                PROVIDE (__mutex_array_start = .)
 *(SORT_BY_NAME(.mutex_array.*))
 *(.mutex_array)
 .mutex_array   0x20000498        0x8 CMakeFiles/test2.dir/D_/Pico/pico-sdk/src/rp2_common/pico_stdio/stdio.c.obj
                0x200004a0                PROVIDE (__mutex_array_end = .)
                0x200004a0                . = ALIGN (0x4)
                0x200004a0                PROVIDE (__preinit_array_start = .)
 *(SORT_BY_NAME(.preinit_array.*))
 .preinit_array.00001
                0x200004a0        0x4 CMakeFiles/test2.dir/D_/Pico/pico-sdk/src/rp2_common/pico_mem_ops/mem_ops_aeabi.S.obj
 .preinit_array.00010
                0x200004a4        0x4 CMakeFiles/test2.dir/D_/Pico/pico-sdk/src/rp2_common/pico_bit_ops/bit_ops_aeabi.S.obj
 .preinit_array.00020
                0x200004a8        0x4 CMakeFiles/test2.dir/D_/Pico/pico-sdk/src/rp2_common/pico_double/double_aeabi.S.obj
 .preinit_array.00020
                0x200004ac        0x4 CMakeFiles/test2.dir/D_/Pico/pico-sdk/src/rp2_common/pico_float/float_aeabi.S.obj
 *(.preinit_array)
                0x200004b0                PROVIDE (__preinit_array_end = .)
                0x200004b0                . = ALIGN (0x4)
                0x200004b0                PROVIDE (__init_array_start = .)
 *(SORT_BY_NAME(.init_array.*))
 *(.init_array)
 .init_array    0x200004b0        0x4 d:/program files (x86)/arm gnu toolchain arm-none-eabi/12.2 rel1/bin/../lib/gcc/arm-none-eabi/12.2.1/thumb/v6-m/nofp/crtbegin.o
 .init_array    0x200004b4        0x4 CMakeFiles/test2.dir/D_/Pico/pico-sdk/src/rp2_common/pico_unique_id/unique_id.c.obj
                0x200004b8                PROVIDE (__init_array_end = .)
                0x200004b8                . = ALIGN (0x4)
                [!provide]                PROVIDE (__fini_array_start = .)
 *(SORT_BY_NAME(.fini_array.*))
 *(.fini_array)
                [!provide]                PROVIDE (__fini_array_end = .)
 *(.jcr)
                0x200004b8                . = ALIGN (0x4)
                0x200004b8                __data_end__ = .

.tm_clone_table
                0x200004b8        0x0 load address 0x10008c30
 .tm_clone_table
                0x200004b8        0x0 d:/program files (x86)/arm gnu toolchain arm-none-eabi/12.2 rel1/bin/../lib/gcc/arm-none-eabi/12.2.1/thumb/v6-m/nofp/crtbegin.o
 .tm_clone_table
                0x200004b8        0x0 d:/program files (x86)/arm gnu toolchain arm-none-eabi/12.2 rel1/bin/../lib/gcc/arm-none-eabi/12.2.1/thumb/v6-m/nofp/crtend.o

.igot.plt       0x200004b8        0x0 load address 0x10008c30
 .igot.plt      0x200004b8        0x0 d:/program files (x86)/arm gnu toolchain arm-none-eabi/12.2 rel1/bin/../lib/gcc/arm-none-eabi/12.2.1/thumb/v6-m/nofp/crtbegin.o

.uninitialized_data
                0x200004b8        0x0 load address 0x10008c30
                0x200004b8                . = ALIGN (0x4)
 *(.uninitialized_data*)

.scratch_x      0x20040000        0x0 load address 0x10008c30
                0x20040000                __scratch_x_start__ = .
 *(.scratch_x.*)
                0x20040000                . = ALIGN (0x4)
                0x20040000                __scratch_x_end__ = .
                0x10008c30                __scratch_x_source__ = LOADADDR (.scratch_x)

.scratch_y      0x20041000        0x0 load address 0x10008c30
                0x20041000                __scratch_y_start__ = .
 *(.scratch_y.*)
                0x20041000                . = ALIGN (0x4)
                0x20041000                __scratch_y_end__ = .
                0x10008c30                __scratch_y_source__ = LOADADDR (.scratch_y)

.bss            0x200004b8      0xd80
                0x200004b8                . = ALIGN (0x4)
                0x200004b8                __bss_start__ = .
 *(SORT_BY_ALIGNMENT(SORT_BY_NAME(.bss*)))
 .bss.default_alarm_pool_entries
                0x200004b8      0x100 CMakeFiles/test2.dir/D_/Pico/pico-sdk/src/common/pico_time/time.c.obj
 .bss.last_avail_time.3
                0x200005b8        0x8 CMakeFiles/test2.dir/D_/Pico/pico-sdk/src/rp2_common/pico_stdio_usb/stdio_usb.c.obj
 .bss._app_driver
                0x200005c0        0x4 CMakeFiles/test2.dir/D_/Pico/pico-sdk/lib/tinyusb/src/device/usbd.c.obj
 .bss._cdcd_itf
                0x200005c4      0x2d8 CMakeFiles/test2.dir/D_/Pico/pico-sdk/lib/tinyusb/src/class/cdc/cdc_device.c.obj
 .bss._ctrl_xfer
                0x2000089c       0x14 CMakeFiles/test2.dir/D_/Pico/pico-sdk/lib/tinyusb/src/device/usbd_control.c.obj
 .bss._ubsd_mutexdef
                0x200008b0        0x8 CMakeFiles/test2.dir/D_/Pico/pico-sdk/lib/tinyusb/src/device/usbd.c.obj
 .bss._usbd_ctrl_buf
                0x200008b8       0x40 CMakeFiles/test2.dir/D_/Pico/pico-sdk/lib/tinyusb/src/device/usbd_control.c.obj
 .bss._usbd_dev
                0x200008f8       0x53 CMakeFiles/test2.dir/D_/Pico/pico-sdk/lib/tinyusb/src/device/usbd.c.obj
 *fill*         0x2000094b        0x1 
 .bss._usbd_mutex
                0x2000094c        0x4 CMakeFiles/test2.dir/D_/Pico/pico-sdk/lib/tinyusb/src/device/usbd.c.obj
 .bss._usbd_q   0x20000950        0x4 CMakeFiles/test2.dir/D_/Pico/pico-sdk/lib/tinyusb/src/device/usbd.c.obj
 .bss._usbd_qdef_buf
                0x20000954       0xc0 CMakeFiles/test2.dir/D_/Pico/pico-sdk/lib/tinyusb/src/device/usbd.c.obj
                0x20000954                _usbd_qdef_buf
 .bss.alarm_callbacks
                0x20000a14       0x10 CMakeFiles/test2.dir/D_/Pico/pico-sdk/src/rp2_common/hardware_timer/timer.c.obj
 .bss.boot2_copyout
                0x20000a24      0x100 CMakeFiles/test2.dir/D_/Pico/pico-sdk/src/rp2_common/hardware_flash/flash.c.obj
 .bss.claimed   0x20000b24        0x4 CMakeFiles/test2.dir/D_/Pico/pico-sdk/src/rp2_common/hardware_sync/sync.c.obj
 .bss.configured_freq
                0x20000b28       0x28 CMakeFiles/test2.dir/D_/Pico/pico-sdk/src/rp2_common/hardware_clocks/clocks.c.obj
 .bss.default_alarm_pool_entry_ids_high
                0x20000b50       0x10 CMakeFiles/test2.dir/D_/Pico/pico-sdk/src/common/pico_time/time.c.obj
 .bss.default_alarm_pool_heap_nodes