Archive member included to satisfy reference by file (symbol)

d:/program files (x86)/arm gnu toolchain arm-none-eabi/12.2 rel1/bin/../lib/gcc/arm-none-eabi/12.2.1/thumb/v6-m/nofp\libgcc.a(_dvmd_tls.o)
                              CMakeFiles/pico-timer.dir/D_/Pico/pico-sdk/src/rp2_common/pico_divider/divider.S.obj (__aeabi_idiv0)
d:/program files (x86)/arm gnu toolchain arm-none-eabi/12.2 rel1/bin/../lib/gcc/arm-none-eabi/12.2.1/thumb/v6-m/nofp\libc.a(libc_a-calloc.o)
                              CMakeFiles/pico-timer.dir/D_/Pico/pico-sdk/src/rp2_common/pico_malloc/pico_malloc.c.obj (calloc)
d:/program files (x86)/arm gnu toolchain arm-none-eabi/12.2 rel1/bin/../lib/gcc/arm-none-eabi/12.2.1/thumb/v6-m/nofp\libc.a(libc_a-callocr.o)
                              d:/program files (x86)/arm gnu toolchain arm-none-eabi/12.2 rel1/bin/../lib/gcc/arm-none-eabi/12.2.1/thumb/v6-m/nofp\libc.a(libc_a-calloc.o) (_calloc_r)
d:/program files (x86)/arm gnu toolchain arm-none-eabi/12.2 rel1/bin/../lib/gcc/arm-none-eabi/12.2.1/thumb/v6-m/nofp\libc.a(libc_a-malloc.o)
                              CMakeFiles/pico-timer.dir/D_/Pico/pico-sdk/src/rp2_common/pico_malloc/pico_malloc.c.obj (malloc)
d:/program files (x86)/arm gnu toolchain arm-none-eabi/12.2 rel1/bin/../lib/gcc/arm-none-eabi/12.2.1/thumb/v6-m/nofp\libc.a(libc_a-mallocr.o)
                              d:/program files (x86)/arm gnu toolchain arm-none-eabi/12.2 rel1/bin/../lib/gcc/arm-none-eabi/12.2.1/thumb/v6-m/nofp\libc.a(libc_a-callocr.o) (_malloc_r)
d:/program files (x86)/arm gnu toolchain arm-none-eabi/12.2 rel1/bin/../lib/gcc/arm-none-eabi/12.2.1/thumb/v6-m/nofp\libc.a(libc_a-mlock.o)
                              d:/program files (x86)/arm gnu toolchain arm-none-eabi/12.2 rel1/bin/../lib/gcc/arm-none-eabi/12.2.1/thumb/v6-m/nofp\libc.a(libc_a-mallocr.o) (__malloc_lock)
d:/program files (x86)/arm gnu toolchain arm-none-eabi/12.2 rel1/bin/../lib/gcc/arm-none-eabi/12.2.1/thumb/v6-m/nofp\libc.a(libc_a-realloc.o)
                              CMakeFiles/pico-timer.dir/D_/Pico/pico-sdk/src/rp2_common/pico_malloc/pico_malloc.c.obj (realloc)
d:/program files (x86)/arm gnu toolchain arm-none-eabi/12.2 rel1/bin/../lib/gcc/arm-none-eabi/12.2.1/thumb/v6-m/nofp\libc.a(libc_a-reallocr.o)
                              d:/program files (x86)/arm gnu toolchain arm-none-eabi/12.2 rel1/bin/../lib/gcc/arm-none-eabi/12.2.1/thumb/v6-m/nofp\libc.a(libc_a-realloc.o) (_realloc_r)
d:/program files (x86)/arm gnu toolchain arm-none-eabi/12.2 rel1/bin/../lib/gcc/arm-none-eabi/12.2.1/thumb/v6-m/nofp\libc.a(libc_a-memmove.o)
                              d:/program files (x86)/arm gnu toolchain arm-none-eabi/12.2 rel1/bin/../lib/gcc/arm-none-eabi/12.2.1/thumb/v6-m/nofp\libc.a(libc_a-reallocr.o) (memmove)
d:/program files (x86)/arm gnu toolchain arm-none-eabi/12.2 rel1/bin/../lib/gcc/arm-none-eabi/12.2.1/thumb/v6-m/nofp\libc.a(libc_a-impure.o)
                              d:/program files (x86)/arm gnu toolchain arm-none-eabi/12.2 rel1/bin/../lib/gcc/arm-none-eabi/12.2.1/thumb/v6-m/nofp\libc.a(libc_a-calloc.o) (_impure_ptr)
d:/program files (x86)/arm gnu toolchain arm-none-eabi/12.2 rel1/bin/../lib/gcc/arm-none-eabi/12.2.1/thumb/v6-m/nofp\libc.a(libc_a-sbrkr.o)
                              d:/program files (x86)/arm gnu toolchain arm-none-eabi/12.2 rel1/bin/../lib/gcc/arm-none-eabi/12.2.1/thumb/v6-m/nofp\libc.a(libc_a-mallocr.o) (_sbrk_r)
d:/program files (x86)/arm gnu toolchain arm-none-eabi/12.2 rel1/bin/../lib/gcc/arm-none-eabi/12.2.1/thumb/v6-m/nofp\libc.a(libc_a-errno.o)
                              d:/program files (x86)/arm gnu toolchain arm-none-eabi/12.2 rel1/bin/../lib/gcc/arm-none-eabi/12.2.1/thumb/v6-m/nofp\libc.a(libc_a-callocr.o) (__errno)
d:/program files (x86)/arm gnu toolchain arm-none-eabi/12.2 rel1/bin/../lib/gcc/arm-none-eabi/12.2.1/thumb/v6-m/nofp\libc.a(libc_a-init.o)
                              d:/program files (x86)/arm gnu toolchain arm-none-eabi/12.2 rel1/bin/../lib/gcc/arm-none-eabi/12.2.1/thumb/v6-m/nofp/crt0.o (__libc_init_array)
d:/program files (x86)/arm gnu toolchain arm-none-eabi/12.2 rel1/bin/../lib/gcc/arm-none-eabi/12.2.1/thumb/v6-m/nofp\libc.a(libc_a-lock.o)
                              d:/program files (x86)/arm gnu toolchain arm-none-eabi/12.2 rel1/bin/../lib/gcc/arm-none-eabi/12.2.1/thumb/v6-m/nofp\libc.a(libc_a-mlock.o) (__retarget_lock_acquire_recursive)
d:/program files (x86)/arm gnu toolchain arm-none-eabi/12.2 rel1/bin/../lib/gcc/arm-none-eabi/12.2.1/thumb/v6-m/nofp\libc.a(libc_a-sysconf.o)
                              d:/program files (x86)/arm gnu toolchain arm-none-eabi/12.2 rel1/bin/../lib/gcc/arm-none-eabi/12.2.1/thumb/v6-m/nofp\libc.a(libc_a-mallocr.o) (sysconf)
d:/program files (x86)/arm gnu toolchain arm-none-eabi/12.2 rel1/bin/../lib/gcc/arm-none-eabi/12.2.1/thumb/v6-m/nofp\libc.a(libc_a-strlen-stub.o)
                              CMakeFiles/pico-timer.dir/D_/Pico/pico-sdk/src/rp2_common/pico_stdio/stdio.c.obj (strlen)
[...]
Memory Configuration

Name             Origin             Length             Attributes
FLASH            0x10000000         0x00200000         xr
RAM              0x20000000         0x00040000         xrw
SCRATCH_X        0x20040000         0x00001000         xrw
SCRATCH_Y        0x20041000         0x00001000         xrw
*default*        0x00000000         0xffffffff

Linker script and memory map

LOAD d:/program files (x86)/arm gnu toolchain arm-none-eabi/12.2 rel1/bin/../lib/gcc/arm-none-eabi/12.2.1/thumb/v6-m/nofp/crti.o
LOAD d:/program files (x86)/arm gnu toolchain arm-none-eabi/12.2 rel1/bin/../lib/gcc/arm-none-eabi/12.2.1/thumb/v6-m/nofp/crtbegin.o
LOAD d:/program files (x86)/arm gnu toolchain arm-none-eabi/12.2 rel1/bin/../lib/gcc/arm-none-eabi/12.2.1/thumb/v6-m/nofp/crt0.o

.flash_begin    0x10000000        0x0
                0x10000000                __flash_binary_start = .

.boot2          0x10000000      0x100
                0x10000000                __boot2_start__ = .
 *(.boot2)
 .boot2         0x10000000      0x100 C:\Users\junso\AppData\Local\Temp\cceOrSrr.o
                0x10000100                __boot2_end__ = .
                0x00000001                ASSERT (((__boot2_end__ - __boot2_start__) == 0x100), ERROR: Pico second stage bootloader must be 256 bytes in size)

.text           0x10000100     0x7dd8
                0x10000100                __logical_binary_start = .
 *(.vectors)
 .vectors       0x10000100       0xd4 CMakeFiles/pico-timer.dir/D_/Pico/pico-sdk/src/rp2_common/pico_standard_link/crt0.S.obj
                0x10000100                __VECTOR_TABLE
                0x10000100                __vectors
                0x100001c0                isr_invalid
                0x100001c0                __default_isrs_start
                0x100001c2                isr_nmi
                0x100001c4                isr_hardfault
                0x100001c6                isr_svcall
                0x100001c8                isr_pendsv
                0x100001ca                isr_systick
                0x100001cc                isr_irq23
                0x100001cc                isr_irq18
                0x100001cc                isr_irq11
                0x100001cc                isr_irq28
                0x100001cc                isr_irq19
                0x100001cc                isr_irq0
                0x100001cc                isr_irq6
                0x100001cc                isr_irq5
                0x100001cc                isr_irq12
                0x100001cc                isr_irq22
                0x100001cc                isr_irq31
                0x100001cc                isr_irq17
                0x100001cc                isr_irq27
                0x100001cc                isr_irq30
                0x100001cc                isr_irq2
                0x100001cc                isr_irq10
                0x100001cc                isr_irq8
                0x100001cc                isr_irq24
                0x100001cc                isr_irq1
                0x100001cc                isr_irq7
                0x100001cc                isr_irq21
                0x100001cc                isr_irq20
                0x100001cc                isr_irq15
                0x100001cc                isr_irq25
                0x100001cc                isr_irq13
                0x100001cc                __unhandled_user_irq
                0x100001cc                isr_irq4
                0x100001cc                isr_irq16
                0x100001cc                isr_irq29
                0x100001cc                isr_irq26
                0x100001cc                __default_isrs_end
                0x100001cc                isr_irq3
                0x100001cc                isr_irq14
                0x100001cc                isr_irq9
                0x100001d2                unhandled_user_irq_num_in_r0
 *(.binary_info_header)
 .binary_info_header
                0x100001d4       0x14 CMakeFiles/pico-timer.dir/D_/Pico/pico-sdk/src/rp2_common/pico_standard_link/crt0.S.obj
                0x100001e8                __binary_info_header_end = .
 *(.reset)
 .reset         0x100001e8       0xa8 CMakeFiles/pico-timer.dir/D_/Pico/pico-sdk/src/rp2_common/pico_standard_link/crt0.S.obj
                0x100001e8                _entry_point
                0x10000266                __get_current_exception
 .reset         0x10000290       0x30 CMakeFiles/pico-timer.dir/D_/Pico/pico-sdk/src/rp2_common/pico_standard_link/binary_info.c.obj
 *(.init)
 .init          0x100002c0        0x4 d:/program files (x86)/arm gnu toolchain arm-none-eabi/12.2 rel1/bin/../lib/gcc/arm-none-eabi/12.2.1/thumb/v6-m/nofp/crti.o
                0x100002c0                _init
 *(EXCLUDE_FILE(*libm.a: *libc.a:*lib_a-mem*.o *libgcc.a:) .text*)
 .text.register_tm_clones
                0x100002c4       0x28 d:/program files (x86)/arm gnu toolchain arm-none-eabi/12.2 rel1/bin/../lib/gcc/arm-none-eabi/12.2.1/thumb/v6-m/nofp/crtbegin.o
 .text.frame_dummy
                0x100002ec       0x24 d:/program files (x86)/arm gnu toolchain arm-none-eabi/12.2 rel1/bin/../lib/gcc/arm-none-eabi/12.2.1/thumb/v6-m/nofp/crtbegin.o
 .text._Z13timer_dynamicP15repeating_timer
                0x10000310       0xac CMakeFiles/pico-timer.dir/pico-timer.cpp.obj
                0x10000310                timer_dynamic(repeating_timer*)
 .text._Z13gpio_callbackjm
                0x100003bc       0xa0 CMakeFiles/pico-timer.dir/pico-timer.cpp.obj
                0x100003bc                gpio_callback(unsigned int, unsigned long)
 .text._Z12note_controlbhh
                0x1000045c       0xd4 CMakeFiles/pico-timer.dir/pico-timer.cpp.obj
                0x1000045c                note_control(bool, unsigned char, unsigned char)
 .text._Z9play_midiPh.part.0
                0x10000530      0x2b0 CMakeFiles/pico-timer.dir/pico-timer.cpp.obj
 .text._Z5core1v
                0x100007e0       0xb0 CMakeFiles/pico-timer.dir/pico-timer.cpp.obj
                0x100007e0                core1()
 .text._Z5core0v
                0x10000890      0xc80 CMakeFiles/pico-timer.dir/pico-timer.cpp.obj
                0x10000890                core0()
 .text.startup.main
                0x10001510       0xd8 CMakeFiles/pico-timer.dir/pico-timer.cpp.obj
                0x10001510                main
 .text._ZN6BuzzerC2Ej
                0x100015e8       0x7c CMakeFiles/pico-timer.dir/buzzer.cpp.obj
                0x100015e8                Buzzer::Buzzer(unsigned int)
                0x100015e8                Buzzer::Buzzer(unsigned int)
 .text._ZN6BuzzerD2Ev
                0x10001664       0x30 CMakeFiles/pico-timer.dir/buzzer.cpp.obj
                0x10001664                Buzzer::~Buzzer()
                0x10001664                Buzzer::~Buzzer()
 .text._ZN6Buzzer8set_freqEd
                0x10001694       0xc0 CMakeFiles/pico-timer.dir/buzzer.cpp.obj
                0x10001694                Buzzer::set_freq(double)
 .text._ZN6Buzzer8set_dutyEd
                0x10001754       0x90 CMakeFiles/pico-timer.dir/buzzer.cpp.obj
                0x10001754                Buzzer::set_duty(double)
 .text._ZN6Buzzer8set_gateEb
                0x100017e4       0x2c CMakeFiles/pico-timer.dir/buzzer.cpp.obj
                0x100017e4                Buzzer::set_gate(bool)
 .text._ZN6Buzzer16set_freq_by_noteEhd
                0x10001810       0xc4 CMakeFiles/pico-timer.dir/buzzer.cpp.obj
                0x10001810                Buzzer::set_freq_by_note(unsigned char, double)
 .text.gpio_default_irq_handler
                0x100018d4      0x204 CMakeFiles/pico-timer.dir/D_/Pico/pico-sdk/src/rp2_common/hardware_gpio/gpio.c.obj
 .text.gpio_set_function
                0x10001ad8       0x30 CMakeFiles/pico-timer.dir/D_/Pico/pico-sdk/src/rp2_common/hardware_gpio/gpio.c.obj
                0x10001ad8                gpio_set_function
 .text.gpio_set_pulls
                0x10001b08       0x24 CMakeFiles/pico-timer.dir/D_/Pico/pico-sdk/src/rp2_common/hardware_gpio/gpio.c.obj
                0x10001b08                gpio_set_pulls
 .text.gpio_set_irq_enabled
                0x10001b2c       0x54 CMakeFiles/pico-timer.dir/D_/Pico/pico-sdk/src/rp2_common/hardware_gpio/gpio.c.obj
                0x10001b2c                gpio_set_irq_enabled
 .text.gpio_set_irq_callback
                0x10001b80       0x40 CMakeFiles/pico-timer.dir/D_/Pico/pico-sdk/src/rp2_common/hardware_gpio/gpio.c.obj
                0x10001b80                gpio_set_irq_callback
 .text.gpio_init
                0x10001bc0       0x3c CMakeFiles/pico-timer.dir/D_/Pico/pico-sdk/src/rp2_common/hardware_gpio/gpio.c.obj
                0x10001bc0                gpio_init
 .text.gpio_deinit
                0x10001bfc       0x30 CMakeFiles/pico-timer.dir/D_/Pico/pico-sdk/src/rp2_common/hardware_gpio/gpio.c.obj
                0x10001bfc                gpio_deinit
 .text.hw_claim_or_assert
                0x10001c2c       0x44 CMakeFiles/pico-timer.dir/D_/Pico/pico-sdk/src/rp2_common/hardware_claim/claim.c.obj
                0x10001c2c                hw_claim_or_assert
 .text.hw_claim_unused_from_range
                0x10001c70       0x9c CMakeFiles/pico-timer.dir/D_/Pico/pico-sdk/src/rp2_common/hardware_claim/claim.c.obj
                0x10001c70                hw_claim_unused_from_range
 .text.running_on_fpga
                0x10001d0c       0x10 CMakeFiles/pico-timer.dir/D_/Pico/pico-sdk/src/rp2_common/pico_platform/platform.c.obj
                0x10001d0c                running_on_fpga
 .text.spin_locks_reset
                0x10001d1c       0x1c CMakeFiles/pico-timer.dir/D_/Pico/pico-sdk/src/rp2_common/hardware_sync/sync.c.obj
                0x10001d1c                spin_locks_reset
 .text.next_striped_spin_lock_num
                0x10001d38       0x18 CMakeFiles/pico-timer.dir/D_/Pico/pico-sdk/src/rp2_common/hardware_sync/sync.c.obj
                0x10001d38                next_striped_spin_lock_num
 .text.spin_lock_claim_unused
                0x10001d50       0x24 CMakeFiles/pico-timer.dir/D_/Pico/pico-sdk/src/rp2_common/hardware_sync/sync.c.obj
                0x10001d50                spin_lock_claim_unused
 .text.irq_set_enabled
                0x10001d74       0x24 CMakeFiles/pico-timer.dir/D_/Pico/pico-sdk/src/rp2_common/hardware_irq/irq.c.obj
                0x10001d74                irq_set_enabled
 .text.irq_is_enabled
                0x10001d98       0x18 CMakeFiles/pico-timer.dir/D_/Pico/pico-sdk/src/rp2_common/hardware_irq/irq.c.obj
                0x10001d98                irq_is_enabled
 .text.irq_set_pending
                0x10001db0       0x10 CMakeFiles/pico-timer.dir/D_/Pico/pico-sdk/src/rp2_common/hardware_irq/irq.c.obj
                0x10001db0                irq_set_pending
 .text.irq_has_shared_handler
                0x10001dc0       0x2c CMakeFiles/pico-timer.dir/D_/Pico/pico-sdk/src/rp2_common/hardware_irq/irq.c.obj
                0x10001dc0                irq_has_shared_handler
 .text.irq_get_vtable_handler
                0x10001dec       0x10 CMakeFiles/pico-timer.dir/D_/Pico/pico-sdk/src/rp2_common/hardware_irq/irq.c.obj
                0x10001dec                irq_get_vtable_handler
 .text.irq_set_exclusive_handler
                0x10001dfc       0x54 CMakeFiles/pico-timer.dir/D_/Pico/pico-sdk/src/rp2_common/hardware_irq/irq.c.obj
                0x10001dfc                irq_set_exclusive_handler
 .text.irq_add_shared_handler
                0x10001e50      0x1f4 CMakeFiles/pico-timer.dir/D_/Pico/pico-sdk/src/rp2_common/hardware_irq/irq.c.obj
                0x10001e50                irq_add_shared_handler
 .text.irq_remove_handler
                0x10002044      0x1cc CMakeFiles/pico-timer.dir/D_/Pico/pico-sdk/src/rp2_common/hardware_irq/irq.c.obj
                0x10002044                irq_remove_handler
 .text.irq_add_tail_to_free_list
                0x10002210       0xb4 CMakeFiles/pico-timer.dir/D_/Pico/pico-sdk/src/rp2_common/hardware_irq/irq.c.obj
                0x10002210                irq_add_tail_to_free_list
 .text.irq_init_priorities
                0x100022c4       0x24 CMakeFiles/pico-timer.dir/D_/Pico/pico-sdk/src/rp2_common/hardware_irq/irq.c.obj
                0x100022c4                irq_init_priorities
 .text.user_irq_claim_unused
                0x100022e8       0x30 CMakeFiles/pico-timer.dir/D_/Pico/pico-sdk/src/rp2_common/hardware_irq/irq.c.obj
                0x100022e8                user_irq_claim_unused
 .text.sem_init
                0x10002318       0x20 CMakeFiles/pico-timer.dir/D_/Pico/pico-sdk/src/common/pico_sync/sem.c.obj
                0x10002318                sem_init
 .text.lock_init
                0x10002338       0x10 CMakeFiles/pico-timer.dir/D_/Pico/pico-sdk/src/common/pico_sync/lock_core.c.obj
                0x10002338                lock_init
 .text.timer_pool_entry_comparator
                0x10002348       0x34 CMakeFiles/pico-timer.dir/D_/Pico/pico-sdk/src/common/pico_time/time.c.obj
                0x10002348                timer_pool_entry_comparator
 .text.repeating_timer_callback
                0x1000237c       0x1c CMakeFiles/pico-timer.dir/D_/Pico/pico-sdk/src/common/pico_time/time.c.obj
 .text.sleep_until_callback
                0x10002398       0x30 CMakeFiles/pico-timer.dir/D_/Pico/pico-sdk/src/common/pico_time/time.c.obj
 .text.add_alarm_under_lock.isra.0
                0x100023c8      0x100 CMakeFiles/pico-timer.dir/D_/Pico/pico-sdk/src/common/pico_time/time.c.obj
 .text.alarm_pool_alarm_callback
                0x100024c8      0x1c4 CMakeFiles/pico-timer.dir/D_/Pico/pico-sdk/src/common/pico_time/time.c.obj
 .text.alarm_pool_add_alarm_at.constprop.0
                0x1000268c      0x11c CMakeFiles/pico-timer.dir/D_/Pico/pico-sdk/src/common/pico_time/time.c.obj
 .text.alarm_pool_init_default
                0x100027a8       0x64 CMakeFiles/pico-timer.dir/D_/Pico/pico-sdk/src/common/pico_time/time.c.obj
                0x100027a8                alarm_pool_init_default
 .text.alarm_pool_get_default
                0x1000280c        0x8 CMakeFiles/pico-timer.dir/D_/Pico/pico-sdk/src/common/pico_time/time.c.obj
                0x1000280c                alarm_pool_get_default
 .text.alarm_pool_add_alarm_at
                0x10002814      0x19c CMakeFiles/pico-timer.dir/D_/Pico/pico-sdk/src/common/pico_time/time.c.obj
                0x10002814                alarm_pool_add_alarm_at
 .text.alarm_pool_add_repeating_timer_us
                0x100029b0      0x240 CMakeFiles/pico-timer.dir/D_/Pico/pico-sdk/src/common/pico_time/time.c.obj
                0x100029b0                alarm_pool_add_repeating_timer_us
 .text.sleep_until
                0x10002bf0       0xac CMakeFiles/pico-timer.dir/D_/Pico/pico-sdk/src/common/pico_time/time.c.obj
                0x10002bf0                sleep_until
 .text.sleep_us
                0x10002c9c       0x30 CMakeFiles/pico-timer.dir/D_/Pico/pico-sdk/src/common/pico_time/time.c.obj
                0x10002c9c                sleep_us
 .text.sleep_ms
                0x10002ccc       0x38 CMakeFiles/pico-timer.dir/D_/Pico/pico-sdk/src/common/pico_time/time.c.obj
                0x10002ccc                sleep_ms
 .text.best_effort_wfe_or_timeout
                0x10002d04       0xd0 CMakeFiles/pico-timer.dir/D_/Pico/pico-sdk/src/common/pico_time/time.c.obj
                0x10002d04                best_effort_wfe_or_timeout
 .text.hardware_alarm_irq_handler
                0x10002dd4       0xb8 CMakeFiles/pico-timer.dir/D_/Pico/pico-sdk/src/rp2_common/hardware_timer/timer.c.obj
 .text.hardware_alarm_claim
                0x10002e8c       0x18 CMakeFiles/pico-timer.dir/D_/Pico/pico-sdk/src/rp2_common/hardware_timer/timer.c.obj
                0x10002e8c                hardware_alarm_claim
 .text.time_us_64
                0x10002ea4       0x14 CMakeFiles/pico-timer.dir/D_/Pico/pico-sdk/src/rp2_common/hardware_timer/timer.c.obj
                0x10002ea4                time_us_64
 .text.busy_wait_until
                0x10002eb8       0x20 CMakeFiles/pico-timer.dir/D_/Pico/pico-sdk/src/rp2_common/hardware_timer/timer.c.obj
                0x10002eb8                busy_wait_until
 .text.hardware_alarm_set_callback
                0x10002ed8       0x8c CMakeFiles/pico-timer.dir/D_/Pico/pico-sdk/src/rp2_common/hardware_timer/timer.c.obj
                0x10002ed8                hardware_alarm_set_callback
 .text.hardware_alarm_set_target
                0x10002f64       0xdc CMakeFiles/pico-timer.dir/D_/Pico/pico-sdk/src/rp2_common/hardware_timer/timer.c.obj
                0x10002f64                hardware_alarm_set_target
 .text.hardware_alarm_cancel
                0x10003040       0x3c CMakeFiles/pico-timer.dir/D_/Pico/pico-sdk/src/rp2_common/hardware_timer/timer.c.obj
                0x10003040                hardware_alarm_cancel
 .text.ph_merge_nodes
                0x1000307c       0x64 CMakeFiles/pico-timer.dir/D_/Pico/pico-sdk/src/common/pico_util/pheap.c.obj
 .text.ph_post_alloc_init
                0x100030e0       0x3c CMakeFiles/pico-timer.dir/D_/Pico/pico-sdk/src/common/pico_util/pheap.c.obj
                0x100030e0                ph_post_alloc_init
 .text.ph_merge_two_pass
                0x1000311c       0x98 CMakeFiles/pico-timer.dir/D_/Pico/pico-sdk/src/common/pico_util/pheap.c.obj
                0x1000311c                ph_merge_two_pass
 .text.ph_remove_any_head
                0x100031b4      0x12c CMakeFiles/pico-timer.dir/D_/Pico/pico-sdk/src/common/pico_util/pheap.c.obj
 .text.ph_remove_head
                0x100032e0      0x130 CMakeFiles/pico-timer.dir/D_/Pico/pico-sdk/src/common/pico_util/pheap.c.obj
                0x100032e0                ph_remove_head
 .text.ph_remove_and_free_node
                0x10003410       0x78 CMakeFiles/pico-timer.dir/D_/Pico/pico-sdk/src/common/pico_util/pheap.c.obj
                0x10003410                ph_remove_and_free_node
 .text.mutex_init
                0x10003488       0x1c CMakeFiles/pico-timer.dir/D_/Pico/pico-sdk/src/common/pico_sync/mutex.c.obj
                0x10003488                mutex_init
 .text.recursive_mutex_init
                0x100034a4       0x1c CMakeFiles/pico-timer.dir/D_/Pico/pico-sdk/src/common/pico_sync/mutex.c.obj
                0x100034a4                recursive_mutex_init
 .text.critical_section_init
                0x100034c0       0x1c CMakeFiles/pico-timer.dir/D_/Pico/pico-sdk/src/common/pico_sync/critical_section.c.obj
                0x100034c0                critical_section_init
 .text.runtime_init
                0x100034dc       0xf0 CMakeFiles/pico-timer.dir/D_/Pico/pico-sdk/src/rp2_common/pico_runtime/runtime.c.obj
                0x100034dc                runtime_init
 .text._sbrk    0x100035cc       0x34 CMakeFiles/pico-timer.dir/D_/Pico/pico-sdk/src/rp2_common/pico_runtime/runtime.c.obj
                0x100035cc                _sbrk
 .text.exit     0x10003600        0x4 CMakeFiles/pico-timer.dir/D_/Pico/pico-sdk/src/rp2_common/pico_runtime/runtime.c.obj
                0x10003600                exit
 .text.panic    0x10003604       0x30 CMakeFiles/pico-timer.dir/D_/Pico/pico-sdk/src/rp2_common/pico_runtime/runtime.c.obj
                0x10003604                panic
 .text.hard_assertion_failure
                0x10003634        0xc CMakeFiles/pico-timer.dir/D_/Pico/pico-sdk/src/rp2_common/pico_runtime/runtime.c.obj
                0x10003634                hard_assertion_failure
 .text.clocks_init
                0x10003640      0x2b4 CMakeFiles/pico-timer.dir/D_/Pico/pico-sdk/src/rp2_common/hardware_clocks/clocks.c.obj
                0x10003640                clocks_init
 .text.pll_init
                0x100038f4       0xa8 CMakeFiles/pico-timer.dir/D_/Pico/pico-sdk/src/rp2_common/hardware_pll/pll.c.obj
                0x100038f4                pll_init
 .text.watchdog_start_tick
                0x1000399c       0x10 CMakeFiles/pico-timer.dir/D_/Pico/pico-sdk/src/rp2_common/hardware_watchdog/watchdog.c.obj
                0x1000399c                watchdog_start_tick
 .text.watchdog_reboot
                0x100039ac       0x9c CMakeFiles/pico-timer.dir/D_/Pico/pico-sdk/src/rp2_common/hardware_watchdog/watchdog.c.obj
                0x100039ac                watchdog_reboot
 .text.xosc_init
                0x10003a48       0x28 CMakeFiles/pico-timer.dir/D_/Pico/pico-sdk/src/rp2_common/hardware_xosc/xosc.c.obj
                0x10003a48                xosc_init
 .text._out_char
                0x10003a70       0x10 CMakeFiles/pico-timer.dir/D_/Pico/pico-sdk/src/rp2_common/pico_printf/printf.c.obj
 .text.weak_raw_vprintf
                0x10003a80       0x30 CMakeFiles/pico-timer.dir/D_/Pico/pico-sdk/src/rp2_common/pico_printf/printf.c.obj
                0x10003a80                weak_raw_vprintf
 .text          0x10003ab0       0x10 CMakeFiles/pico-timer.dir/D_/Pico/pico-sdk/src/rp2_common/pico_bit_ops/bit_ops_aeabi.S.obj
 .text.rom_func_lookup
                0x10003ac0       0x10 CMakeFiles/pico-timer.dir/D_/Pico/pico-sdk/src/rp2_common/pico_bootrom/bootrom.c.obj
                0x10003ac0                rom_func_lookup
 .text.rom_data_lookup
                0x10003ad0       0x10 CMakeFiles/pico-timer.dir/D_/Pico/pico-sdk/src/rp2_common/pico_bootrom/bootrom.c.obj
                0x10003ad0                rom_data_lookup
 .text.rom_funcs_lookup
                0x10003ae0       0x44 CMakeFiles/pico-timer.dir/D_/Pico/pico-sdk/src/rp2_common/pico_bootrom/bootrom.c.obj
                0x10003ae0                rom_funcs_lookup
 .text.__wrap___aeabi_uidiv
                0x10003b24       0x4c CMakeFiles/pico-timer.dir/D_/Pico/pico-sdk/src/rp2_common/pico_divider/divider.S.obj
                0x10003b24                __wrap___aeabi_uidiv
                0x10003b24                __wrap___aeabi_uidivmod
                0x10003b24                div_u32u32
                0x10003b24                divmod_u32u32
                0x10003b2c                divmod_u32u32_unsafe
                0x10003b54                divmod_u32u32_savestate
 .text.__wrap___aeabi_ldiv
                0x10003b70      0x434 CMakeFiles/pico-timer.dir/D_/Pico/pico-sdk/src/rp2_common/pico_divider/divider.S.obj
                0x10003b70                div_s64s64
                0x10003b70                divmod_s64s64
                0x10003b70                __wrap___aeabi_ldivmod
                0x10003ba8                divmod_u64u64
                0x10003ba8                div_u64u64
                0x10003ba8                __wrap___aeabi_uldivmod
                0x10003bb8                divmod_u64u64_savestate
                0x10003be0                divmod_s64s64_unsafe
                0x10003c68                divmod_u64u64_unsafe
 .text.__wrap___aeabi_darithmetic
                0x10003fa4       0x80 CMakeFiles/pico-timer.dir/D_/Pico/pico-sdk/src/rp2_common/pico_double/double_aeabi.S.obj
                0x10003fa4                __wrap___aeabi_drsub
                0x10003faa                __wrap___aeabi_dsub
                0x10003fbc                __wrap___aeabi_dadd
                0x10003fce                __wrap___aeabi_ddiv
                0x1000400a                __wrap___aeabi_dmul
 .text.__wrap___aeabi_cdcmple
                0x10004024       0x6c CMakeFiles/pico-timer.dir/D_/Pico/pico-sdk/src/rp2_common/pico_double/double_aeabi.S.obj
                0x10004024                __wrap___aeabi_cdrcmple
                0x10004034                __wrap___aeabi_cdcmpeq
                0x10004034                __wrap___aeabi_cdcmple
 .text.__wrap___aeabi_dcmpeq
                0x10004090       0x10 CMakeFiles/pico-timer.dir/D_/Pico/pico-sdk/src/rp2_common/pico_double/double_aeabi.S.obj
                0x10004090                __wrap___aeabi_dcmpeq
 .text.__wrap___aeabi_dcmple
                0x100040a0       0x10 CMakeFiles/pico-timer.dir/D_/Pico/pico-sdk/src/rp2_common/pico_double/double_aeabi.S.obj
                0x100040a0                __wrap___aeabi_dcmple
 .text.__wrap___aeabi_dcmpge
                0x100040b0       0x10 CMakeFiles/pico-timer.dir/D_/Pico/pico-sdk/src/rp2_common/pico_double/double_aeabi.S.obj
                0x100040b0                __wrap___aeabi_dcmpge
 .text.__wrap___aeabi_i2d
                0x100040c0       0x38 CMakeFiles/pico-timer.dir/D_/Pico/pico-sdk/src/rp2_common/pico_double/double_aeabi.S.obj
                0x100040c0                __wrap___aeabi_ui2d
                0x100040c8                __wrap___aeabi_i2d
 .text.__wrap___aeabi_d2uiz
                0x100040f8       0x18 CMakeFiles/pico-timer.dir/D_/Pico/pico-sdk/src/rp2_common/pico_double/double_aeabi.S.obj
                0x100040f8                __wrap___aeabi_d2uiz
                0x100040f8                double2uint
 .text.__aeabi_double_init
                0x10004110       0x98 CMakeFiles/pico-timer.dir/D_/Pico/pico-sdk/src/rp2_common/pico_double/double_init_rom.c.obj
                0x10004110                __aeabi_double_init
 .text.double_table_shim_on_use_helper
                0x100041a8       0x2c CMakeFiles/pico-timer.dir/D_/Pico/pico-sdk/src/rp2_common/pico_double/double_v1_rom_shim.S.obj
                0x100041a8                double_table_shim_on_use_helper
 .text.__wrap___aeabi_dsub
                0x100041d4       0x10 CMakeFiles/pico-timer.dir/D_/Pico/pico-sdk/src/rp2_common/pico_double/double_v1_rom_shim.S.obj
                0x100041d4                drsub_shim
                0x100041da                dsub_shim
 .text.dadd_shim
                0x100041e4      0x15c CMakeFiles/pico-timer.dir/D_/Pico/pico-sdk/src/rp2_common/pico_double/double_v1_rom_shim.S.obj
                0x100041e4                dadd_shim
 .text.dmul_shim
                0x10004340      0x15c CMakeFiles/pico-timer.dir/D_/Pico/pico-sdk/src/rp2_common/pico_double/double_v1_rom_shim.S.obj
                0x10004340                dmul_shim
 .text.ddiv_shim
                0x1000449c      0x1b0 CMakeFiles/pico-timer.dir/D_/Pico/pico-sdk/src/rp2_common/pico_double/double_v1_rom_shim.S.obj
                0x1000449c                ddiv_shim
 .text.double2uint_shim
                0x1000464c        0xe CMakeFiles/pico-timer.dir/D_/Pico/pico-sdk/src/rp2_common/pico_double/double_v1_rom_shim.S.obj
                0x1000464c                double2uint_shim
                0x1000464e                double2ufix_shim
 *fill*         0x1000465a        0x2 
 .text.double2uint64_shim
                0x1000465c       0x70 CMakeFiles/pico-timer.dir/D_/Pico/pico-sdk/src/rp2_common/pico_double/double_v1_rom_shim.S.obj
                0x1000465c                double2uint64_shim
                0x1000465e                double2ufix64_shim
                0x1000467e                d2fix_a
 .text.dunpacks
                0x100046cc       0x3c CMakeFiles/pico-timer.dir/D_/Pico/pico-sdk/src/rp2_common/pico_double/double_v1_rom_shim.S.obj
                0x100046cc                dunpacks
 .text.__aeabi_lmul
                0x10004708       0x32 CMakeFiles/pico-timer.dir/D_/Pico/pico-sdk/src/rp2_common/pico_int64_ops/pico_int64_ops_aeabi.S.obj
                0x10004708                __wrap___aeabi_lmul
 *fill*         0x1000473a        0x2 
 .text.__wrap___aeabi_cfcmple
                0x1000473c       0x50 CMakeFiles/pico-timer.dir/D_/Pico/pico-sdk/src/rp2_common/pico_float/float_aeabi.S.obj
                0x1000473c                __wrap___aeabi_cfrcmple
                0x10004748                __wrap___aeabi_cfcmple
                0x10004748                __wrap___aeabi_cfcmpeq
 .text.__wrap___aeabi_fcmple
                0x1000478c       0x10 CMakeFiles/pico-timer.dir/D_/Pico/pico-sdk/src/rp2_common/pico_float/float_aeabi.S.obj
                0x1000478c                __wrap___aeabi_fcmple
 .text.__wrap___aeabi_fcmpge
                0x1000479c       0x10 CMakeFiles/pico-timer.dir/D_/Pico/pico-sdk/src/rp2_common/pico_float/float_aeabi.S.obj
                0x1000479c                __wrap___aeabi_fcmpge
 .text.__wrap___aeabi_f2d
                0x100047ac       0x14 CMakeFiles/pico-timer.dir/D_/Pico/pico-sdk/src/rp2_common/pico_float/float_aeabi.S.obj
                0x100047ac                __wrap___aeabi_f2d
 .text.__aeabi_float_init
                0x100047c0       0x64 CMakeFiles/pico-timer.dir/D_/Pico/pico-sdk/src/rp2_common/pico_float/float_init_rom.c.obj
                0x100047c0                __aeabi_float_init
 .text.float_table_shim_on_use_helper
                0x10004824       0x2c CMakeFiles/pico-timer.dir/D_/Pico/pico-sdk/src/rp2_common/pico_float/float_v1_rom_shim.S.obj
                0x10004824                float_table_shim_on_use_helper
 .text.float2double_shim
                0x10004850       0x30 CMakeFiles/pico-timer.dir/D_/Pico/pico-sdk/src/rp2_common/pico_float/float_v1_rom_shim.S.obj
                0x10004850                float2double_shim
 .text.__wrap_malloc
                0x10004880       0x3c CMakeFiles/pico-timer.dir/D_/Pico/pico-sdk/src/rp2_common/pico_malloc/pico_malloc.c.obj
                0x10004880                __wrap_malloc
 .text.__wrap_free
                0x100048bc       0x20 CMakeFiles/pico-timer.dir/D_/Pico/pico-sdk/src/rp2_common/pico_malloc/pico_malloc.c.obj
                0x100048bc                __wrap_free
 .text          0x100048dc       0x10 CMakeFiles/pico-timer.dir/D_/Pico/pico-sdk/src/rp2_common/pico_mem_ops/mem_ops_aeabi.S.obj
                0x100048dc                __aeabi_mem_init
 .text.memset   0x100048ec        0xc CMakeFiles/pico-timer.dir/D_/Pico/pico-sdk/src/rp2_common/pico_mem_ops/mem_ops_aeabi.S.obj
                0x100048ec                __wrap_memset
 .text.memcpy   0x100048f8        0xc CMakeFiles/pico-timer.dir/D_/Pico/pico-sdk/src/rp2_common/pico_mem_ops/mem_ops_aeabi.S.obj
                0x100048f8                __wrap_memcpy
                0x100048f8                __wrap___aeabi_memcpy
 .text._Znwj    0x10004904        0x8 CMakeFiles/pico-timer.dir/D_/Pico/pico-sdk/src/rp2_common/pico_standard_link/new_delete.cpp.obj
                0x10004904                operator new(unsigned int)
 .text._ZdlPvj  0x1000490c        0x8 CMakeFiles/pico-timer.dir/D_/Pico/pico-sdk/src/rp2_common/pico_standard_link/new_delete.cpp.obj
                0x1000490c                operator delete(void*, unsigned int)
 .text.stdio_out_chars_crlf
                0x10004914       0xbc CMakeFiles/pico-timer.dir/D_/Pico/pico-sdk/src/rp2_common/pico_stdio/stdio.c.obj
 .text.__wrap_putchar
                0x100049d0       0xa4 CMakeFiles/pico-timer.dir/D_/Pico/pico-sdk/src/rp2_common/pico_stdio/stdio.c.obj
                0x100049d0                __wrap_putchar
 .text.__wrap_puts
                0x10004a74       0xe8 CMakeFiles/pico-timer.dir/D_/Pico/pico-sdk/src/rp2_common/pico_stdio/stdio.c.obj
                0x10004a74                __wrap_puts
 .text.stdio_set_driver_enabled
                0x10004b5c       0x30 CMakeFiles/pico-timer.dir/D_/Pico/pico-sdk/src/rp2_common/pico_stdio/stdio.c.obj
                0x10004b5c                stdio_set_driver_enabled
 .text.stdio_init_all
                0x10004b8c        0x8 CMakeFiles/pico-timer.dir/D_/Pico/pico-sdk/src/rp2_common/pico_stdio/stdio.c.obj
                0x10004b8c                stdio_init_all
 .text.resetd_init
                0x10004b94        0x4 CMakeFiles/pico-timer.dir/D_/Pico/pico-sdk/src/rp2_common/pico_stdio_usb/reset_interface.c.obj
 .text.resetd_reset
                0x10004b98        0xc CMakeFiles/pico-timer.dir/D_/Pico/pico-sdk/src/rp2_common/pico_stdio_usb/reset_interface.c.obj
 .text.resetd_open
                0x10004ba4       0x28 CMakeFiles/pico-timer.dir/D_/Pico/pico-sdk/src/rp2_common/pico_stdio_usb/reset_interface.c.obj
 .text.resetd_xfer_cb
                0x10004bcc        0x4 CMakeFiles/pico-timer.dir/D_/Pico/pico-sdk/src/rp2_common/pico_stdio_usb/reset_interface.c.obj
 .text.resetd_control_xfer_cb
                0x10004bd0       0x60 CMakeFiles/pico-timer.dir/D_/Pico/pico-sdk/src/rp2_common/pico_stdio_usb/reset_interface.c.obj
 .text.usbd_app_driver_get_cb
                0x10004c30        0xc CMakeFiles/pico-timer.dir/D_/Pico/pico-sdk/src/rp2_common/pico_stdio_usb/reset_interface.c.obj
                0x10004c30                usbd_app_driver_get_cb
 .text.tud_cdc_line_coding_cb
                0x10004c3c       0x34 CMakeFiles/pico-timer.dir/D_/Pico/pico-sdk/src/rp2_common/pico_stdio_usb/reset_interface.c.obj
                0x10004c3c                tud_cdc_line_coding_cb
 .text.stdio_usb_in_chars
                0x10004c70       0x68 CMakeFiles/pico-timer.dir/D_/Pico/pico-sdk/src/rp2_common/pico_stdio_usb/stdio_usb.c.obj
                0x10004c70                stdio_usb_in_chars
 .text.stdio_usb_out_chars
                0x10004cd8       0xe8 CMakeFiles/pico-timer.dir/D_/Pico/pico-sdk/src/rp2_common/pico_stdio_usb/stdio_usb.c.obj
 .text.timer_task
                0x10004dc0       0x18 CMakeFiles/pico-timer.dir/D_/Pico/pico-sdk/src/rp2_common/pico_stdio_usb/stdio_usb.c.obj
 .text.usb_irq  0x10004dd8       0x10 CMakeFiles/pico-timer.dir/D_/Pico/pico-sdk/src/rp2_common/pico_stdio_usb/stdio_usb.c.obj
 .text.low_priority_worker_irq
                0x10004de8       0x24 CMakeFiles/pico-timer.dir/D_/Pico/pico-sdk/src/rp2_common/pico_stdio_usb/stdio_usb.c.obj
 .text.stdio_usb_init
                0x10004e0c       0xb0 CMakeFiles/pico-timer.dir/D_/Pico/pico-sdk/src/rp2_common/pico_stdio_usb/stdio_usb.c.obj
                0x10004e0c                stdio_usb_init
 .text.tud_descriptor_device_cb
                0x10004ebc        0x8 CMakeFiles/pico-timer.dir/D_/Pico/pico-sdk/src/rp2_common/pico_stdio_usb/stdio_usb_descriptors.c.obj
                0x10004ebc                tud_descriptor_device_cb
 .text.tud_descriptor_configuration_cb
                0x10004ec4        0x8 CMakeFiles/pico-timer.dir/D_/Pico/pico-sdk/src/rp2_common/pico_stdio_usb/stdio_usb_descriptors.c.obj
                0x10004ec4                tud_descriptor_configuration_cb
 .text.tud_descriptor_string_cb
                0x10004ecc       0x78 CMakeFiles/pico-timer.dir/D_/Pico/pico-sdk/src/rp2_common/pico_stdio_usb/stdio_usb_descriptors.c.obj
                0x10004ecc                tud_descriptor_string_cb
 .text.dcd_rp2040_irq
                0x10004f44      0x1d0 CMakeFiles/pico-timer.dir/D_/Pico/pico-sdk/lib/tinyusb/src/portable/raspberrypi/rp2040/dcd_rp2040.c.obj
 .text.dcd_int_enable
                0x10005114        0xc CMakeFiles/pico-timer.dir/D_/Pico/pico-sdk/lib/tinyusb/src/portable/raspberrypi/rp2040/dcd_rp2040.c.obj
                0x10005114                dcd_int_enable
 .text.dcd_set_address
                0x10005120       0x14 CMakeFiles/pico-timer.dir/D_/Pico/pico-sdk/lib/tinyusb/src/portable/raspberrypi/rp2040/dcd_rp2040.c.obj
                0x10005120                dcd_set_address
 .text.dcd_connect
                0x10005134       0x10 CMakeFiles/pico-timer.dir/D_/Pico/pico-sdk/lib/tinyusb/src/portable/raspberrypi/rp2040/dcd_rp2040.c.obj
                0x10005134                dcd_connect
 .text.dcd_init
                0x10005144       0xf0 CMakeFiles/pico-timer.dir/D_/Pico/pico-sdk/lib/tinyusb/src/portable/raspberrypi/rp2040/dcd_rp2040.c.obj
                0x10005144                dcd_init
 .text.dcd_edpt0_status_complete
                0x10005234       0x1c CMakeFiles/pico-timer.dir/D_/Pico/pico-sdk/lib/tinyusb/src/portable/raspberrypi/rp2040/dcd_rp2040.c.obj
                0x10005234                dcd_edpt0_status_complete
 .text.dcd_edpt_open
                0x10005250       0xf0 CMakeFiles/pico-timer.dir/D_/Pico/pico-sdk/lib/tinyusb/src/portable/raspberrypi/rp2040/dcd_rp2040.c.obj
                0x10005250                dcd_edpt_open
 .text.dcd_edpt_close_all
                0x10005340       0x68 CMakeFiles/pico-timer.dir/D_/Pico/pico-sdk/lib/tinyusb/src/portable/raspberrypi/rp2040/dcd_rp2040.c.obj
                0x10005340                dcd_edpt_close_all
 .text.dcd_edpt_xfer
                0x100053a8       0x24 CMakeFiles/pico-timer.dir/D_/Pico/pico-sdk/lib/tinyusb/src/portable/raspberrypi/rp2040/dcd_rp2040.c.obj
                0x100053a8                dcd_edpt_xfer
 .text.dcd_edpt_stall
                0x100053cc       0x38 CMakeFiles/pico-timer.dir/D_/Pico/pico-sdk/lib/tinyusb/src/portable/raspberrypi/rp2040/dcd_rp2040.c.obj
                0x100053cc                dcd_edpt_stall
 .text.dcd_edpt_clear_stall
                0x10005404       0x30 CMakeFiles/pico-timer.dir/D_/Pico/pico-sdk/lib/tinyusb/src/portable/raspberrypi/rp2040/dcd_rp2040.c.obj
                0x10005404                dcd_edpt_clear_stall
 .text._hw_endpoint_buffer_control_update32.part.0.isra.0
                0x10005434       0x1c CMakeFiles/pico-timer.dir/D_/Pico/pico-sdk/lib/tinyusb/src/portable/raspberrypi/rp2040/rp2040_usb.c.obj
 .text.rp2040_usb_init
                0x10005450       0x4c CMakeFiles/pico-timer.dir/D_/Pico/pico-sdk/lib/tinyusb/src/portable/raspberrypi/rp2040/rp2040_usb.c.obj
                0x10005450                rp2040_usb_init
 .text.hw_endpoint_reset_transfer
                0x1000549c        0xc CMakeFiles/pico-timer.dir/D_/Pico/pico-sdk/lib/tinyusb/src/portable/raspberrypi/rp2040/rp2040_usb.c.obj
                0x1000549c                hw_endpoint_reset_transfer
 .text._hw_endpoint_buffer_control_update32
                0x100054a8       0x44 CMakeFiles/pico-timer.dir/D_/Pico/pico-sdk/lib/tinyusb/src/portable/raspberrypi/rp2040/rp2040_usb.c.obj
                0x100054a8                _hw_endpoint_buffer_control_update32
 .text.hw_endpoint_xfer_start
                0x100054ec      0x138 CMakeFiles/pico-timer.dir/D_/Pico/pico-sdk/lib/tinyusb/src/portable/raspberrypi/rp2040/rp2040_usb.c.obj
                0x100054ec                hw_endpoint_xfer_start
 .text.hw_endpoint_xfer_continue
                0x10005624      0x1dc CMakeFiles/pico-timer.dir/D_/Pico/pico-sdk/lib/tinyusb/src/portable/raspberrypi/rp2040/rp2040_usb.c.obj
                0x10005624                hw_endpoint_xfer_continue
 .text.tud_mounted
                0x10005800       0x10 CMakeFiles/pico-timer.dir/D_/Pico/pico-sdk/lib/tinyusb/src/device/usbd.c.obj
                0x10005800                tud_mounted
 .text.tud_suspended
                0x10005810       0x10 CMakeFiles/pico-timer.dir/D_/Pico/pico-sdk/lib/tinyusb/src/device/usbd.c.obj
                0x10005810                tud_suspended
 .text.tud_inited
                0x10005820        0xc CMakeFiles/pico-timer.dir/D_/Pico/pico-sdk/lib/tinyusb/src/device/usbd.c.obj
                0x10005820                tud_inited
 .text.tud_init
                0x1000582c       0xe0 CMakeFiles/pico-timer.dir/D_/Pico/pico-sdk/lib/tinyusb/src/device/usbd.c.obj
                0x1000582c                tud_init
 .text.tud_task
                0x1000590c      0x8f0 CMakeFiles/pico-timer.dir/D_/Pico/pico-sdk/lib/tinyusb/src/device/usbd.c.obj
                0x1000590c                tud_task
 .text.dcd_event_bus_signal
                0x100061fc      0x124 CMakeFiles/pico-timer.dir/D_/Pico/pico-sdk/lib/tinyusb/src/device/usbd.c.obj
                0x100061fc                dcd_event_bus_signal
 .text.dcd_event_bus_reset
                0x10006320       0x58 CMakeFiles/pico-timer.dir/D_/Pico/pico-sdk/lib/tinyusb/src/device/usbd.c.obj
                0x10006320                dcd_event_bus_reset
 .text.dcd_event_setup_received
                0x10006378       0x50 CMakeFiles/pico-timer.dir/D_/Pico/pico-sdk/lib/tinyusb/src/device/usbd.c.obj
                0x10006378                dcd_event_setup_received
 .text.dcd_event_xfer_complete
                0x100063c8       0x68 CMakeFiles/pico-timer.dir/D_/Pico/pico-sdk/lib/tinyusb/src/device/usbd.c.obj
                0x100063c8                dcd_event_xfer_complete
 .text.usbd_open_edpt_pair
                0x10006430       0x94 CMakeFiles/pico-timer.dir/D_/Pico/pico-sdk/lib/tinyusb/src/device/usbd.c.obj
                0x10006430                usbd_open_edpt_pair
 .text.usbd_edpt_open
                0x100064c4       0x30 CMakeFiles/pico-timer.dir/D_/Pico/pico-sdk/lib/tinyusb/src/device/usbd.c.obj
                0x100064c4                usbd_edpt_open
 .text.usbd_edpt_claim
                0x100064f4       0x64 CMakeFiles/pico-timer.dir/D_/Pico/pico-sdk/lib/tinyusb/src/device/usbd.c.obj
                0x100064f4                usbd_edpt_claim
 .text.usbd_edpt_release
                0x10006558       0x4c CMakeFiles/pico-timer.dir/D_/Pico/pico-sdk/lib/tinyusb/src/device/usbd.c.obj
                0x10006558                usbd_edpt_release
 .text.usbd_edpt_xfer
                0x100065a4       0x44 CMakeFiles/pico-timer.dir/D_/Pico/pico-sdk/lib/tinyusb/src/device/usbd.c.obj
                0x100065a4                usbd_edpt_xfer
 .text.tud_control_status
                0x100065e8       0x2c CMakeFiles/pico-timer.dir/D_/Pico/pico-sdk/lib/tinyusb/src/device/usbd_control.c.obj
                0x100065e8                tud_control_status
 .text.tud_control_xfer
                0x10006614       0xac CMakeFiles/pico-timer.dir/D_/Pico/pico-sdk/lib/tinyusb/src/device/usbd_control.c.obj
                0x10006614                tud_control_xfer
 .text.usbd_control_reset
                0x100066c0       0x14 CMakeFiles/pico-timer.dir/D_/Pico/pico-sdk/lib/tinyusb/src/device/usbd_control.c.obj
                0x100066c0                usbd_control_reset
 .text.usbd_control_set_complete_callback
                0x100066d4        0xc CMakeFiles/pico-timer.dir/D_/Pico/pico-sdk/lib/tinyusb/src/device/usbd_control.c.obj
                0x100066d4                usbd_control_set_complete_callback
 .text.usbd_control_set_request
                0x100066e0       0x1c CMakeFiles/pico-timer.dir/D_/Pico/pico-sdk/lib/tinyusb/src/device/usbd_control.c.obj
                0x100066e0                usbd_control_set_request
 .text.usbd_control_xfer_cb
                0x100066fc       0xf4 CMakeFiles/pico-timer.dir/D_/Pico/pico-sdk/lib/tinyusb/src/device/usbd_control.c.obj
                0x100066fc                usbd_control_xfer_cb
 .text.tud_cdc_n_connected
                0x100067f0       0x30 CMakeFiles/pico-timer.dir/D_/Pico/pico-sdk/lib/tinyusb/src/class/cdc/cdc_device.c.obj
                0x100067f0                tud_cdc_n_connected
 .text.tud_cdc_n_available
                0x10006820       0x18 CMakeFiles/pico-timer.dir/D_/Pico/pico-sdk/lib/tinyusb/src/class/cdc/cdc_device.c.obj
                0x10006820                tud_cdc_n_available
 .text.tud_cdc_n_read
                0x10006838       0x70 CMakeFiles/pico-timer.dir/D_/Pico/pico-sdk/lib/tinyusb/src/class/cdc/cdc_device.c.obj
                0x10006838                tud_cdc_n_read
 .text.tud_cdc_n_write_flush
                0x100068a8       0x78 CMakeFiles/pico-timer.dir/D_/Pico/pico-sdk/lib/tinyusb/src/class/cdc/cdc_device.c.obj
                0x100068a8                tud_cdc_n_write_flush
 .text.tud_cdc_n_write
                0x10006920       0x34 CMakeFiles/pico-timer.dir/D_/Pico/pico-sdk/lib/tinyusb/src/class/cdc/cdc_device.c.obj
                0x10006920                tud_cdc_n_write
 .text.tud_cdc_n_write_available
                0x10006954       0x18 CMakeFiles/pico-timer.dir/D_/Pico/pico-sdk/lib/tinyusb/src/class/cdc/cdc_device.c.obj
                0x10006954                tud_cdc_n_write_available
 .text.cdcd_init
                0x1000696c       0x7c CMakeFiles/pico-timer.dir/D_/Pico/pico-sdk/lib/tinyusb/src/class/cdc/cdc_device.c.obj
                0x1000696c                cdcd_init
 .text.cdcd_reset
                0x100069e8       0x2c CMakeFiles/pico-timer.dir/D_/Pico/pico-sdk/lib/tinyusb/src/class/cdc/cdc_device.c.obj
                0x100069e8                cdcd_reset
 .text.cdcd_open
                0x10006a14       0xe4 CMakeFiles/pico-timer.dir/D_/Pico/pico-sdk/lib/tinyusb/src/class/cdc/cdc_device.c.obj
                0x10006a14                cdcd_open
 .text.cdcd_control_xfer_cb
                0x10006af8       0xe4 CMakeFiles/pico-timer.dir/D_/Pico/pico-sdk/lib/tinyusb/src/class/cdc/cdc_device.c.obj
                0x10006af8                cdcd_control_xfer_cb
 .text.cdcd_xfer_cb
                0x10006bdc      0x13c CMakeFiles/pico-timer.dir/D_/Pico/pico-sdk/lib/tinyusb/src/class/cdc/cdc_device.c.obj
                0x10006bdc                cdcd_xfer_cb
 .text.tusb_init
                0x10006d18        0xc CMakeFiles/pico-timer.dir/D_/Pico/pico-sdk/lib/tinyusb/src/tusb.c.obj
                0x10006d18                tusb_init
 .text.tusb_inited
                0x10006d24        0x8 CMakeFiles/pico-timer.dir/D_/Pico/pico-sdk/lib/tinyusb/src/tusb.c.obj
                0x10006d24                tusb_inited
 .text.tu_edpt_validate
                0x10006d2c       0x80 CMakeFiles/pico-timer.dir/D_/Pico/pico-sdk/lib/tinyusb/src/tusb.c.obj
                0x10006d2c                tu_edpt_validate
 .text.tu_edpt_bind_driver
                0x10006dac       0x2c CMakeFiles/pico-timer.dir/D_/Pico/pico-sdk/lib/tinyusb/src/tusb.c.obj
                0x10006dac                tu_edpt_bind_driver
 .text.tu_fifo_config
                0x10006dd8       0x74 CMakeFiles/pico-timer.dir/D_/Pico/pico-sdk/lib/tinyusb/src/common/tusb_fifo.c.obj
                0x10006dd8                tu_fifo_config
 .text.tu_fifo_count
                0x10006e4c       0x20 CMakeFiles/pico-timer.dir/D_/Pico/pico-sdk/lib/tinyusb/src/common/tusb_fifo.c.obj
                0x10006e4c                tu_fifo_count
 .text.tu_fifo_empty
                0x10006e6c       0x10 CMakeFiles/pico-timer.dir/D_/Pico/pico-sdk/lib/tinyusb/src/common/tusb_fifo.c.obj
                0x10006e6c                tu_fifo_empty
 .text.tu_fifo_remaining
                0x10006e7c       0x1c CMakeFiles/pico-timer.dir/D_/Pico/pico-sdk/lib/tinyusb/src/common/tusb_fifo.c.obj
                0x10006e7c                tu_fifo_remaining
 .text.tu_fifo_read
                0x10006e98       0xa4 CMakeFiles/pico-timer.dir/D_/Pico/pico-sdk/lib/tinyusb/src/common/tusb_fifo.c.obj
                0x10006e98                tu_fifo_read
 .text.tu_fifo_read_n
                0x10006f3c      0x100 CMakeFiles/pico-timer.dir/D_/Pico/pico-sdk/lib/tinyusb/src/common/tusb_fifo.c.obj
                0x10006f3c                tu_fifo_read_n
 .text.tu_fifo_write
                0x1000703c       0x78 CMakeFiles/pico-timer.dir/D_/Pico/pico-sdk/lib/tinyusb/src/common/tusb_fifo.c.obj
                0x1000703c                tu_fifo_write
 .text.tu_fifo_write_n
                0x100070b4      0x100 CMakeFiles/pico-timer.dir/D_/Pico/pico-sdk/lib/tinyusb/src/common/tusb_fifo.c.obj
                0x100070b4                tu_fifo_write_n
 .text.tu_fifo_clear
                0x100071b4       0x4c CMakeFiles/pico-timer.dir/D_/Pico/pico-sdk/lib/tinyusb/src/common/tusb_fifo.c.obj
                0x100071b4                tu_fifo_clear
 .text.tu_fifo_set_overwritable
                0x10007200       0x3c CMakeFiles/pico-timer.dir/D_/Pico/pico-sdk/lib/tinyusb/src/common/tusb_fifo.c.obj
                0x10007200                tu_fifo_set_overwritable
 .text.startup._retrieve_unique_id_on_boot
                0x1000723c       0x10 CMakeFiles/pico-timer.dir/D_/Pico/pico-sdk/src/rp2_common/pico_unique_id/unique_id.c.obj
 .text.pico_get_unique_board_id_string
                0x1000724c      0x1a8 CMakeFiles/pico-timer.dir/D_/Pico/pico-sdk/src/rp2_common/pico_unique_id/unique_id.c.obj
                0x1000724c                pico_get_unique_board_id_string
 .text.flash_get_unique_id
                0x100073f4       0x40 CMakeFiles/pico-timer.dir/D_/Pico/pico-sdk/src/rp2_common/hardware_flash/flash.c.obj
                0x100073f4                flash_get_unique_id
 .text.core1_trampoline
                0x10007434        0x4 CMakeFiles/pico-timer.dir/D_/Pico/pico-sdk/src/rp2_common/pico_multicore/multicore.c.obj
 .text.core1_wrapper
                0x10007438        0xc CMakeFiles/pico-timer.dir/D_/Pico/pico-sdk/src/rp2_common/pico_multicore/multicore.c.obj
                0x10007438                core1_wrapper
 .text.multicore_reset_core1
                0x10007444       0x24 CMakeFiles/pico-timer.dir/D_/Pico/pico-sdk/src/rp2_common/pico_multicore/multicore.c.obj
                0x10007444                multicore_reset_core1
 .text.multicore_launch_core1_raw
                0x10007468       0x84 CMakeFiles/pico-timer.dir/D_/Pico/pico-sdk/src/rp2_common/pico_multicore/multicore.c.obj
                0x10007468                multicore_launch_core1_raw
 .text.multicore_launch_core1
                0x100074ec       0x58 CMakeFiles/pico-timer.dir/D_/Pico/pico-sdk/src/rp2_common/pico_multicore/multicore.c.obj
                0x100074ec                multicore_launch_core1
 .text.malloc   0x10007544       0x14 d:/program files (x86)/arm gnu toolchain arm-none-eabi/12.2 rel1/bin/../lib/gcc/arm-none-eabi/12.2.1/thumb/v6-m/nofp\libc.a(libc_a-malloc.o)
                0x10007544                malloc
 .text.free     0x10007558       0x14 d:/program files (x86)/arm gnu toolchain arm-none-eabi/12.2 rel1/bin/../lib/gcc/arm-none-eabi/12.2.1/thumb/v6-m/nofp\libc.a(libc_a-malloc.o)
                0x10007558                free
 .text._malloc_r
                0x1000756c      0x590 d:/program files (x86)/arm gnu toolchain arm-none-eabi/12.2 rel1/bin/../lib/gcc/arm-none-eabi/12.2.1/thumb/v6-m/nofp\libc.a(libc_a-mallocr.o)
                0x1000756c                _malloc_r
 .text.__malloc_lock
                0x10007afc       0x10 d:/program files (x86)/arm gnu toolchain arm-none-eabi/12.2 rel1/bin/../lib/gcc/arm-none-eabi/12.2.1/thumb/v6-m/nofp\libc.a(libc_a-mlock.o)
                0x10007afc                __malloc_lock
 .text.__malloc_unlock
                0x10007b0c       0x10 d:/program files (x86)/arm gnu toolchain arm-none-eabi/12.2 rel1/bin/../lib/gcc/arm-none-eabi/12.2.1/thumb/v6-m/nofp\libc.a(libc_a-mlock.o)
                0x10007b0c                __malloc_unlock
 .text._sbrk_r  0x10007b1c       0x24 d:/program files (x86)/arm gnu toolchain arm-none-eabi/12.2 rel1/bin/../lib/gcc/arm-none-eabi/12.2.1/thumb/v6-m/nofp\libc.a(libc_a-sbrkr.o)
                0x10007b1c                _sbrk_r
 .text.__errno  0x10007b40        0xc d:/program files (x86)/arm gnu toolchain arm-none-eabi/12.2 rel1/bin/../lib/gcc/arm-none-eabi/12.2.1/thumb/v6-m/nofp\libc.a(libc_a-errno.o)
                0x10007b40                __errno
 .text.__retarget_lock_acquire_recursive
                0x10007b4c        0x4 d:/program files (x86)/arm gnu toolchain arm-none-eabi/12.2 rel1/bin/../lib/gcc/arm-none-eabi/12.2.1/thumb/v6-m/nofp\libc.a(libc_a-lock.o)
                0x10007b4c                __retarget_lock_acquire_recursive
 .text.__retarget_lock_release_recursive
                0x10007b50        0x4 d:/program files (x86)/arm gnu toolchain arm-none-eabi/12.2 rel1/bin/../lib/gcc/arm-none-eabi/12.2.1/thumb/v6-m/nofp\libc.a(libc_a-lock.o)
                0x10007b50                __retarget_lock_release_recursive
 .text.sysconf  0x10007b54       0x1c d:/program files (x86)/arm gnu toolchain arm-none-eabi/12.2 rel1/bin/../lib/gcc/arm-none-eabi/12.2.1/thumb/v6-m/nofp\libc.a(libc_a-sysconf.o)
                0x10007b54                sysconf
 .text.strlen   0x10007b70       0x5c d:/program files (x86)/arm gnu toolchain arm-none-eabi/12.2 rel1/bin/../lib/gcc/arm-none-eabi/12.2.1/thumb/v6-m/nofp\libc.a(libc_a-strlen-stub.o)
                0x10007b70                strlen
 .text._malloc_trim_r
                0x10007bcc       0xb4 d:/program files (x86)/arm gnu toolchain arm-none-eabi/12.2 rel1/bin/../lib/gcc/arm-none-eabi/12.2.1/thumb/v6-m/nofp\libc.a(libc_a-freer.o)
                0x10007bcc                _malloc_trim_r
 .text._free_r  0x10007c80      0x1c0 d:/program files (x86)/arm gnu toolchain arm-none-eabi/12.2 rel1/bin/../lib/gcc/arm-none-eabi/12.2.1/thumb/v6-m/nofp\libc.a(libc_a-freer.o)
                0x10007c80                _free_r
 *(.fini)
 .fini          0x10007e40        0x4 d:/program files (x86)/arm gnu toolchain arm-none-eabi/12.2 rel1/bin/../lib/gcc/arm-none-eabi/12.2.1/thumb/v6-m/nofp/crti.o
                0x10007e40                _fini
 *fill*         0x10007e44        0x4 
 .fini.__stub   0x10007e48       0x90 linker stubs
 *crtbegin.o(.ctors)
 *crtbegin?.o(.ctors)
 *(EXCLUDE_FILE(*crtend.o *crtend?.o) .ctors)
 *(SORT_BY_NAME(.ctors.*))
 *(.ctors)
 *crtbegin.o(.dtors)
 *crtbegin?.o(.dtors)
 *(EXCLUDE_FILE(*crtend.o *crtend?.o) .dtors)
 *(SORT_BY_NAME(.dtors.*))
 *(.dtors)
 *(.eh_frame*)
 .eh_frame      0x10007ed8        0x0 d:/program files (x86)/arm gnu toolchain arm-none-eabi/12.2 rel1/bin/../lib/gcc/arm-none-eabi/12.2.1/thumb/v6-m/nofp/crtbegin.o
                0x10007ed8                . = ALIGN (0x4)

.glue_7         0x10007ed8        0x0
 .glue_7        0x10007ed8        0x0 linker stubs

.glue_7t        0x10007ed8        0x0
 .glue_7t       0x10007ed8        0x0 linker stubs

.vfp11_veneer   0x10007ed8        0x0
 .vfp11_veneer  0x10007ed8        0x0 linker stubs

.v4_bx          0x10007ed8        0x0
 .v4_bx         0x10007ed8        0x0 linker stubs

.iplt           0x10007ed8        0x0
 .iplt          0x10007ed8        0x0 d:/program files (x86)/arm gnu toolchain arm-none-eabi/12.2 rel1/bin/../lib/gcc/arm-none-eabi/12.2.1/thumb/v6-m/nofp/crtbegin.o

.rodata         0x10007ed8      0x4a8
 *(EXCLUDE_FILE(*libm.a: *libc.a:*lib_a-mem*.o *libgcc.a:) .rodata*)
 .rodata._Z9play_midiPh.part.0
                0x10007ed8      0x168 CMakeFiles/pico-timer.dir/pico-timer.cpp.obj
 .rodata._Z5core0v
                0x10008040       0x1c CMakeFiles/pico-timer.dir/pico-timer.cpp.obj
 .rodata.CSWTCH.263
                0x1000805c       0x10 CMakeFiles/pico-timer.dir/pico-timer.cpp.obj
 .rodata._ZL11LED_SEG_PIN
                0x1000806c       0x20 CMakeFiles/pico-timer.dir/pico-timer.cpp.obj
 .rodata.spin_lock_claim_unused.str1.4
                0x1000808c       0x1b CMakeFiles/pico-timer.dir/D_/Pico/pico-sdk/src/rp2_common/hardware_sync/sync.c.obj
 *fill*         0x100080a7        0x1 
 .rodata.user_irq_claim_unused.str1.4
                0x100080a8       0x1b CMakeFiles/pico-timer.dir/D_/Pico/pico-sdk/src/rp2_common/hardware_irq/irq.c.obj
 *fill*         0x100080c3        0x1 
 .rodata.hardware_alarm_claim.str1.4
                0x100080c4       0x22 CMakeFiles/pico-timer.dir/D_/Pico/pico-sdk/src/rp2_common/hardware_timer/timer.c.obj
 *fill*         0x100080e6        0x2 
 .rodata.panic.str1.4
                0x100080e8       0x12 CMakeFiles/pico-timer.dir/D_/Pico/pico-sdk/src/rp2_common/pico_runtime/runtime.c.obj
 *fill*         0x100080fa        0x2 
 .rodata.hard_assertion_failure.str1.4
                0x100080fc        0xc CMakeFiles/pico-timer.dir/D_/Pico/pico-sdk/src/rp2_common/pico_runtime/runtime.c.obj
 .rodata.__wrap_malloc.str1.4
                0x10008108        0xe CMakeFiles/pico-timer.dir/D_/Pico/pico-sdk/src/rp2_common/pico_malloc/pico_malloc.c.obj
 *fill*         0x10008116        0x2 
 .rodata.str1.4
                0x10008118       0x44 CMakeFiles/pico-timer.dir/D_/Pico/pico-sdk/src/rp2_common/pico_standard_link/binary_info.c.obj
 .rodata.__bi_81
                0x1000815c        0xc CMakeFiles/pico-timer.dir/D_/Pico/pico-sdk/src/rp2_common/pico_standard_link/binary_info.c.obj
 .rodata.__bi_75
                0x10008168        0xc CMakeFiles/pico-timer.dir/D_/Pico/pico-sdk/src/rp2_common/pico_standard_link/binary_info.c.obj
 .rodata.__bi_56
                0x10008174        0xc CMakeFiles/pico-timer.dir/D_/Pico/pico-sdk/src/rp2_common/pico_standard_link/binary_info.c.obj
 .rodata.__bi_44
                0x10008180        0xc CMakeFiles/pico-timer.dir/D_/Pico/pico-sdk/src/rp2_common/pico_standard_link/binary_info.c.obj
 .rodata.crlf_str.0
                0x1000818c        0x2 CMakeFiles/pico-timer.dir/D_/Pico/pico-sdk/src/rp2_common/pico_stdio/stdio.c.obj
 *fill*         0x1000818e        0x2 
 .rodata._resetd_driver
                0x10008190       0x18 CMakeFiles/pico-timer.dir/D_/Pico/pico-sdk/src/rp2_common/pico_stdio_usb/reset_interface.c.obj
 .rodata.str1.4
                0x100081a8       0x13 CMakeFiles/pico-timer.dir/D_/Pico/pico-sdk/src/rp2_common/pico_stdio_usb/stdio_usb.c.obj
 *fill*         0x100081bb        0x1 
 .rodata.__bi_118.0
                0x100081bc        0xc CMakeFiles/pico-timer.dir/D_/Pico/pico-sdk/src/rp2_common/pico_stdio_usb/stdio_usb.c.obj
 .rodata.str1.4
                0x100081c8       0x2a CMakeFiles/pico-timer.dir/D_/Pico/pico-sdk/src/rp2_common/pico_stdio_usb/stdio_usb_descriptors.c.obj
 *fill*         0x100081f2        0x2 
 .rodata.usbd_desc_str
                0x100081f4       0x18 CMakeFiles/pico-timer.dir/D_/Pico/pico-sdk/src/rp2_common/pico_stdio_usb/stdio_usb_descriptors.c.obj
 .rodata.usbd_desc_cfg
                0x1000820c       0x54 CMakeFiles/pico-timer.dir/D_/Pico/pico-sdk/src/rp2_common/pico_stdio_usb/stdio_usb_descriptors.c.obj
 .rodata.usbd_desc_device
                0x10008260       0x12 CMakeFiles/pico-timer.dir/D_/Pico/pico-sdk/src/rp2_common/pico_stdio_usb/stdio_usb_descriptors.c.obj
 *fill*         0x10008272        0x2 
 .rodata.dcd_rp2040_irq.str1.4
                0x10008274       0x14 CMakeFiles/pico-timer.dir/D_/Pico/pico-sdk/lib/tinyusb/src/portable/raspberrypi/rp2040/dcd_rp2040.c.obj
 .rodata._hw_endpoint_buffer_control_update32.part.0.isra.0.str1.4
                0x10008288       0x1f CMakeFiles/pico-timer.dir/D_/Pico/pico-sdk/lib/tinyusb/src/portable/raspberrypi/rp2040/rp2040_usb.c.obj
 *fill*         0x100082a7        0x1 
 .rodata.hw_endpoint_xfer_continue.str1.4
                0x100082a8       0x29 CMakeFiles/pico-timer.dir/D_/Pico/pico-sdk/lib/tinyusb/src/portable/raspberrypi/rp2040/rp2040_usb.c.obj
 *fill*         0x100082d1        0x3 
 .rodata.str1.4
                0x100082d4        0x7 CMakeFiles/pico-timer.dir/D_/Pico/pico-sdk/lib/tinyusb/src/portable/raspberrypi/rp2040/rp2040_usb.c.obj
 *fill*         0x100082db        0x1 
 .rodata.tud_task
                0x100082dc       0x8c CMakeFiles/pico-timer.dir/D_/Pico/pico-sdk/lib/tinyusb/src/device/usbd.c.obj
 .rodata._usbd_driver
                0x10008368       0x18 CMakeFiles/pico-timer.dir/D_/Pico/pico-sdk/lib/tinyusb/src/device/usbd.c.obj
                0x10008380                . = ALIGN (0x4)
 *(SORT_BY_ALIGNMENT(SORT_BY_NAME(.flashdata*)))
                0x10008380                . = ALIGN (0x4)

.rel.dyn        0x10008380        0x0
 .rel.iplt      0x10008380        0x0 d:/program files (x86)/arm gnu toolchain arm-none-eabi/12.2 rel1/bin/../lib/gcc/arm-none-eabi/12.2.1/thumb/v6-m/nofp/crtbegin.o

.ARM.extab
 *(.ARM.extab* .gnu.linkonce.armextab.*)
                0x10008380                __exidx_start = .

.ARM.exidx
 *(.ARM.exidx* .gnu.linkonce.armexidx.*)
                0x10008380                __exidx_end = .
                0x10008380                . = ALIGN (0x4)
                0x10008380                __binary_info_start = .

.binary_info    0x10008380       0x24
 *(.binary_info.keep.*)
 .binary_info.keep.__bi_ptr81
                0x10008380        0x4 CMakeFiles/pico-timer.dir/D_/Pico/pico-sdk/src/rp2_common/pico_standard_link/binary_info.c.obj
 .binary_info.keep.__bi_ptr75
                0x10008384        0x4 CMakeFiles/pico-timer.dir/D_/Pico/pico-sdk/src/rp2_common/pico_standard_link/binary_info.c.obj
 .binary_info.keep.__bi_ptr56
                0x10008388        0x4 CMakeFiles/pico-timer.dir/D_/Pico/pico-sdk/src/rp2_common/pico_standard_link/binary_info.c.obj
 .binary_info.keep.__bi_ptr50
                0x1000838c        0x4 CMakeFiles/pico-timer.dir/D_/Pico/pico-sdk/src/rp2_common/pico_standard_link/binary_info.c.obj
 .binary_info.keep.__bi_ptr44
                0x10008390        0x4 CMakeFiles/pico-timer.dir/D_/Pico/pico-sdk/src/rp2_common/pico_standard_link/binary_info.c.obj
 .binary_info.keep.__bi_ptr38
                0x10008394        0x4 CMakeFiles/pico-timer.dir/D_/Pico/pico-sdk/src/rp2_common/pico_standard_link/binary_info.c.obj
 .binary_info.keep.__bi_ptr30
                0x10008398        0x4 CMakeFiles/pico-timer.dir/D_/Pico/pico-sdk/src/rp2_common/pico_standard_link/binary_info.c.obj
 .binary_info.keep.__bi_ptr22
                0x1000839c        0x4 CMakeFiles/pico-timer.dir/D_/Pico/pico-sdk/src/rp2_common/pico_standard_link/binary_info.c.obj
 *(.binary_info.*)
 .binary_info.__bi_ptr118
                0x100083a0        0x4 CMakeFiles/pico-timer.dir/D_/Pico/pico-sdk/src/rp2_common/pico_stdio_usb/stdio_usb.c.obj
                0x100083a4                __binary_info_end = .
                0x100083a4                . = ALIGN (0x4)
                0x100083a4                __etext = .

.ram_vector_table
                0x20000000       0xc0
 *(.ram_vector_table)
 .ram_vector_table
                0x20000000       0xc0 CMakeFiles/pico-timer.dir/D_/Pico/pico-sdk/src/rp2_common/pico_runtime/runtime.c.obj
                0x20000000                ram_vector_table

.data           0x200000c0     0x3730 load address 0x100083a4
                0x200000c0                __data_start__ = .
 *(vtable)
 *(.time_critical*)
 .time_critical.sem_acquire_blocking
                0x200000c0       0x44 CMakeFiles/pico-timer.dir/D_/Pico/pico-sdk/src/common/pico_sync/sem.c.obj
                0x200000c0                sem_acquire_blocking
 .time_critical.sem_release
                0x20000104       0x4c CMakeFiles/pico-timer.dir/D_/Pico/pico-sdk/src/common/pico_sync/sem.c.obj
                0x20000104                sem_release
 .time_critical.mutex_enter_blocking
                0x20000150       0x48 CMakeFiles/pico-timer.dir/D_/Pico/pico-sdk/src/common/pico_sync/mutex.c.obj
                0x20000150                mutex_enter_blocking
 .time_critical.mutex_try_enter
                0x20000198       0x40 CMakeFiles/pico-timer.dir/D_/Pico/pico-sdk/src/common/pico_sync/mutex.c.obj
                0x20000198                mutex_try_enter
 .time_critical.mutex_enter_timeout_ms
                0x200001d8       0xa0 CMakeFiles/pico-timer.dir/D_/Pico/pico-sdk/src/common/pico_sync/mutex.c.obj
                0x200001d8                mutex_enter_timeout_ms
 .time_critical.mutex_exit
                0x20000278       0x28 CMakeFiles/pico-timer.dir/D_/Pico/pico-sdk/src/common/pico_sync/mutex.c.obj
                0x20000278                mutex_exit
 .time_critical.flash_init_boot2_copyout
                0x200002a0       0x30 CMakeFiles/pico-timer.dir/D_/Pico/pico-sdk/src/rp2_common/hardware_flash/flash.c.obj
 .time_critical.flash_enable_xip_via_boot2
                0x200002d0        0xc CMakeFiles/pico-timer.dir/D_/Pico/pico-sdk/src/rp2_common/hardware_flash/flash.c.obj
 .time_critical.flash_cs_force
                0x200002dc       0x38 CMakeFiles/pico-timer.dir/D_/Pico/pico-sdk/src/rp2_common/hardware_flash/flash.c.obj
 .time_critical.flash_do_cmd
                0x20000314       0xc0 CMakeFiles/pico-timer.dir/D_/Pico/pico-sdk/src/rp2_common/hardware_flash/flash.c.obj
                0x20000314                flash_do_cmd
 *(.text*)
 .text          0x200003d4        0x4 d:/program files (x86)/arm gnu toolchain arm-none-eabi/12.2 rel1/bin/../lib/gcc/arm-none-eabi/12.2.1/thumb/v6-m/nofp\libgcc.a(_dvmd_tls.o)
                0x200003d4                __aeabi_idiv0
                0x200003d4                __aeabi_ldiv0
 .text.__stub   0x200003d8       0x30 linker stubs
                0x20000408                . = ALIGN (0x4)
 *(.rodata*)
                0x20000408                . = ALIGN (0x4)
 *(.data*)
 .data._ZZ12note_controlbhhE13oldest_is_ch0
                0x20000408        0x1 CMakeFiles/pico-timer.dir/pico-timer.cpp.obj
 *fill*         0x20000409        0x3 
 .data._ZL9midi_test
                0x2000040c     0x2bad CMakeFiles/pico-timer.dir/pico-timer.cpp.obj
 *fill*         0x20002fb9        0x3 
 .data.freq_table
                0x20002fbc      0x200 CMakeFiles/pico-timer.dir/buzzer.cpp.obj
                0x20002fbc                freq_table
 .data.striped_spin_lock_num
                0x200031bc        0x1 CMakeFiles/pico-timer.dir/D_/Pico/pico-sdk/src/rp2_common/hardware_sync/sync.c.obj
 *fill*         0x200031bd        0x3 
 .data          0x200031c0       0x48 CMakeFiles/pico-timer.dir/D_/Pico/pico-sdk/src/rp2_common/hardware_irq/irq_handler_chain.S.obj
                0x200031c0                irq_handler_chain_slots
                0x200031f0                irq_handler_chain_first_slot
                0x200031fa                irq_handler_chain_remove_tail
 .data.default_alarm_pool
                0x20003208       0x18 CMakeFiles/pico-timer.dir/D_/Pico/pico-sdk/src/common/pico_time/time.c.obj
 .data.default_alarm_pool_heap
                0x20003220       0x10 CMakeFiles/pico-timer.dir/D_/Pico/pico-sdk/src/common/pico_time/time.c.obj
 .data.aeabi_bits_funcs
                0x20003230       0x10 CMakeFiles/pico-timer.dir/D_/Pico/pico-sdk/src/rp2_common/pico_bit_ops/bit_ops_aeabi.S.obj
                0x20003230                aeabi_bits_funcs
                0x20003240                aeabi_bits_funcs_end
 .data.aeabi_mem_funcs
                0x20003240       0x10 CMakeFiles/pico-timer.dir/D_/Pico/pico-sdk/src/rp2_common/pico_mem_ops/mem_ops_aeabi.S.obj
                0x20003240                aeabi_mem_funcs
                0x20003250                aeabi_mem_funcs_end
 .data.stdio_usb
                0x20003250       0x14 CMakeFiles/pico-timer.dir/D_/Pico/pico-sdk/src/rp2_common/pico_stdio_usb/stdio_usb.c.obj
                0x20003250                stdio_usb
 .data.ep_dir_string
                0x20003264        0x8 CMakeFiles/pico-timer.dir/D_/Pico/pico-sdk/lib/tinyusb/src/portable/raspberrypi/rp2040/rp2040_usb.c.obj
                0x20003264                ep_dir_string
 .data._usbd_qdef
                0x2000326c       0x24 CMakeFiles/pico-timer.dir/D_/Pico/pico-sdk/lib/tinyusb/src/device/usbd.c.obj
                0x2000326c                _usbd_qdef
 .data.__malloc_sbrk_base
                0x20003290        0x4 d:/program files (x86)/arm gnu toolchain arm-none-eabi/12.2 rel1/bin/../lib/gcc/arm-none-eabi/12.2.1/thumb/v6-m/nofp\libc.a(libc_a-mallocr.o)
                0x20003290                __malloc_sbrk_base
 .data.__malloc_trim_threshold
                0x20003294        0x4 d:/program files (x86)/arm gnu toolchain arm-none-eabi/12.2 rel1/bin/../lib/gcc/arm-none-eabi/12.2.1/thumb/v6-m/nofp\libc.a(libc_a-mallocr.o)
                0x20003294                __malloc_trim_threshold
 .data.__malloc_av_
                0x20003298      0x408 d:/program files (x86)/arm gnu toolchain arm-none-eabi/12.2 rel1/bin/../lib/gcc/arm-none-eabi/12.2.1/thumb/v6-m/nofp\libc.a(libc_a-mallocr.o)
                0x20003298                __malloc_av_
 .data._impure_ptr
                0x200036a0        0x4 d:/program files (x86)/arm gnu toolchain arm-none-eabi/12.2 rel1/bin/../lib/gcc/arm-none-eabi/12.2.1/thumb/v6-m/nofp\libc.a(libc_a-impure.o)
                0x200036a0                _impure_ptr
 *fill*         0x200036a4        0x4 
 .data._impure_data
                0x200036a8      0x120 d:/program files (x86)/arm gnu toolchain arm-none-eabi/12.2 rel1/bin/../lib/gcc/arm-none-eabi/12.2.1/thumb/v6-m/nofp\libc.a(libc_a-impure.o)
                0x200036a8                _impure_data
                0x200037c8                . = ALIGN (0x4)
 *(.after_data.*)
                0x200037c8                . = ALIGN (0x4)
                0x200037c8                PROVIDE (__mutex_array_start = .)
 *(SORT_BY_NAME(.mutex_array.*))
 *(.mutex_array)
 .mutex_array   0x200037c8        0x8 CMakeFiles/pico-timer.dir/D_/Pico/pico-sdk/src/rp2_common/pico_malloc/pico_malloc.c.obj
 .mutex_array   0x200037d0        0x8 CMakeFiles/pico-timer.dir/D_/Pico/pico-sdk/src/rp2_common/pico_stdio/stdio.c.obj
                0x200037d8                PROVIDE (__mutex_array_end = .)
                0x200037d8                . = ALIGN (0x4)
                0x200037d8                PROVIDE (__preinit_array_start = .)
 *(SORT_BY_NAME(.preinit_array.*))
 .preinit_array.00001
                0x200037d8        0x4 CMakeFiles/pico-timer.dir/D_/Pico/pico-sdk/src/rp2_common/pico_mem_ops/mem_ops_aeabi.S.obj
 .preinit_array.00010
                0x200037dc        0x4 CMakeFiles/pico-timer.dir/D_/Pico/pico-sdk/src/rp2_common/pico_bit_ops/bit_ops_aeabi.S.obj
 .preinit_array.00020
                0x200037e0        0x4 CMakeFiles/pico-timer.dir/D_/Pico/pico-sdk/src/rp2_common/pico_double/double_aeabi.S.obj
 .preinit_array.00020
                0x200037e4        0x4 CMakeFiles/pico-timer.dir/D_/Pico/pico-sdk/src/rp2_common/pico_float/float_aeabi.S.obj
 *(.preinit_array)
                0x200037e8                PROVIDE (__preinit_array_end = .)
                0x200037e8                . = ALIGN (0x4)
                0x200037e8                PROVIDE (__init_array_start = .)
 *(SORT_BY_NAME(.init_array.*))
 *(.init_array)
 .init_array    0x200037e8        0x4 d:/program files (x86)/arm gnu toolchain arm-none-eabi/12.2 rel1/bin/../lib/gcc/arm-none-eabi/12.2.1/thumb/v6-m/nofp/crtbegin.o
 .init_array    0x200037ec        0x4 CMakeFiles/pico-timer.dir/D_/Pico/pico-sdk/src/rp2_common/pico_unique_id/unique_id.c.obj
                0x200037f0                PROVIDE (__init_array_end = .)
                0x200037f0                . = ALIGN (0x4)
                [!provide]                PROVIDE (__fini_array_start = .)
 *(SORT_BY_NAME(.fini_array.*))
 *(.fini_array)
                [!provide]                PROVIDE (__fini_array_end = .)
 *(.jcr)
                0x200037f0                . = ALIGN (0x4)
                0x200037f0                __data_end__ = .

.tm_clone_table
                0x200037f0        0x0 load address 0x1000bad4
 .tm_clone_table
                0x200037f0        0x0 d:/program files (x86)/arm gnu toolchain arm-none-eabi/12.2 rel1/bin/../lib/gcc/arm-none-eabi/12.2.1/thumb/v6-m/nofp/crtbegin.o
 .tm_clone_table
                0x200037f0        0x0 d:/program files (x86)/arm gnu toolchain arm-none-eabi/12.2 rel1/bin/../lib/gcc/arm-none-eabi/12.2.1/thumb/v6-m/nofp/crtend.o

.igot.plt       0x200037f0        0x0 load address 0x1000bad4
 .igot.plt      0x200037f0        0x0 d:/program files (x86)/arm gnu toolchain arm-none-eabi/12.2 rel1/bin/../lib/gcc/arm-none-eabi/12.2.1/thumb/v6-m/nofp/crtbegin.o

.uninitialized_data
                0x200037f0        0x0 load address 0x1000bad4
                0x200037f0                . = ALIGN (0x4)
 *(.uninitialized_data*)

.scratch_x      0x20040000        0x0 load address 0x1000bad4
                0x20040000                __scratch_x_start__ = .
 *(.scratch_x.*)
                0x20040000                . = ALIGN (0x4)
                0x20040000                __scratch_x_end__ = .
                0x1000bad4                __scratch_x_source__ = LOADADDR (.scratch_x)

.scratch_y      0x20041000        0x0 load address 0x1000bad4
                0x20041000                __scratch_y_start__ = .
 *(.scratch_y.*)
                0x20041000                . = ALIGN (0x4)
                0x20041000                __scratch_y_end__ = .
                0x1000bad4                __scratch_y_source__ = LOADADDR (.scratch_y)

.bss            0x200037f0      0xf30
                0x200037f0                . = ALIGN (0x4)
                0x200037f0                __bss_start__ = .
 *(SORT_BY_ALIGNMENT(SORT_BY_NAME(.bss*)))
 .bss.configured_freq
                0x200037f0       0x28 CMakeFiles/pico-timer.dir/D_/Pico/pico-sdk/src/rp2_common/hardware_clocks/clocks.c.obj
 .bss.default_alarm_pool_entries
                0x20003818      0x100 CMakeFiles/pico-timer.dir/D_/Pico/pico-sdk/src/common/pico_time/time.c.obj
 .bss.last_avail_time.1
                0x20003918        0x8 CMakeFiles/pico-timer.dir/D_/Pico/pico-sdk/src/rp2_common/pico_stdio_usb/stdio_usb.c.obj
 .bss.sd_table  0x20003920      0x100 CMakeFiles/pico-timer.dir/D_/Pico/pico-sdk/src/rp2_common/pico_double/double_init_rom.c.obj
                0x20003920                sd_table
 .bss.sf_table  0x20003a20      0x100 CMakeFiles/pico-timer.dir/D_/Pico/pico-sdk/src/rp2_common/pico_float/float_init_rom.c.obj
                0x20003a20                sf_table
 .bss._ZL7led_bin
                0x20003b20        0x4 CMakeFiles/pico-timer.dir/pico-timer.cpp.obj
 .bss._ZL8core_sem
                0x20003b24        0x8 CMakeFiles/pico-timer.dir/pico-timer.cpp.obj
 .bss.__lock___malloc_recursive_mutex
                0x20003b2c        0x1 d:/program files (x86)/arm gnu toolchain arm-none-eabi/12.2 rel1/bin/../lib/gcc/arm-none-eabi/12.2.1/thumb/v6-m/nofp\libc.a(libc_a-lock.o)
                0x20003b2c                __lock___malloc_recursive_mutex
 *fill*         0x20003b2d        0x3 
 .bss.__malloc_current_mallinfo
                0x20003b30       0x28 d:/program files (x86)/arm gnu toolchain arm-none-eabi/12.2 rel1/bin/../lib/gcc/arm-none-eabi/12.2.1/thumb/v6-m/nofp\libc.a(libc_a-mallocr.o)
                0x20003b30                __malloc_current_mallinfo
 .bss.__malloc_max_sbrked_mem
                0x20003b58        0x4 d:/program files (x86)/arm gnu toolchain arm-none-eabi/12.2 rel1/bin/../lib/gcc/arm-none-eabi/12.2.1/thumb/v6-m/nofp\libc.a(libc_a-mallocr.o)
                0x20003b58                __malloc_max_sbrked_mem
 .bss.__malloc_max_total_mem
                0x20003b5c        0x4 d:/program files (x86)/arm gnu toolchain arm-none-eabi/12.2 rel1/bin/../lib/gcc/arm-none-eabi/12.2.1/thumb/v6-m/nofp\libc.a(libc_a-mallocr.o)
                0x20003b5c                __malloc_max_total_mem
 .bss.__malloc_top_pad
                0x20003b60        0x4 d:/program files (x86)/arm gnu toolchain arm-none-eabi/12.2 rel1/bin/../lib/gcc/arm-none-eabi/12.2.1/thumb/v6-m/nofp\libc.a(libc_a-mallocr.o)
                0x20003b60                __malloc_top_pad
 .bss.__sf      0x20003b64      0x138 d:/program files (x86)/arm gnu toolchain arm-none-eabi/12.2 rel1/bin/../lib/gcc/arm-none-eabi/12.2.1/thumb/v6-m/nofp\libc.a(libc_a-findfp.o)
                0x20003b64                __sf
 .bss._app_driver
                0x20003c9c        0x4 CMakeFiles/pico-timer.dir/D_/Pico/pico-sdk/lib/tinyusb/src/device/usbd.c.obj
 .bss._cdcd_itf
                0x20003ca0      0x2d8 CMakeFiles/pico-timer.dir/D_/Pico/pico-sdk/lib/tinyusb/src/class/cdc/cdc_device.c.obj
 .bss._ctrl_xfer
                0x20003f78       0x14 CMakeFiles/pico-timer.dir/D_/Pico/pico-sdk/lib/tinyusb/src/device/usbd_control.c.obj
 .bss._ubsd_mutexdef
                0x20003f8c        0x8 CMakeFiles/pico-timer.dir/D_/Pico/pico-sdk/lib/tinyusb/src/device/usbd.c.obj
 .bss._usbd_ctrl_buf
                0x20003f94       0x40 CMakeFiles/pico-timer.dir/D_/Pico/pico-sdk/lib/tinyusb/src/device/usbd_control.c.obj
 .bss._usbd_dev
                0x20003fd4       0x53 CMakeFiles/pico-timer.dir/D_/Pico/pico-sdk/lib/tinyusb/src/device/usbd.c.obj
 *fill*         0x20004027        0x1 
 .bss._usbd_mutex
                0x20004028        0x4 CMakeFiles/pico-timer.dir/D_/Pico/pico-sdk/lib/tinyusb/src/device/usbd.c.obj
 .bss._usbd_q   0x2000402c        0x4 CMakeFiles/pico-timer.dir/D_/Pico/pico-sdk/lib/tinyusb/src/device/usbd.c.obj
 .bss._usbd_qdef_buf
                0x20004030       0xc0 CMakeFiles/pico-timer.dir/D_/Pico/pico-sdk/lib/tinyusb/src/device/usbd.c.obj
                0x20004030                _usbd_qdef_buf
 .bss.alarm_callbacks
                0x200040f0       0x10 CMakeFiles/pico-timer.dir/D_/Pico/pico-sdk/src/rp2_common/hardware_timer/timer.c.obj
 .bss.boot2_copyout
                0x20004100      0x100 CMakeFiles/pico-timer.dir/D_/Pico/pico-sdk/src/rp2_common/hardware_flash/flash.c.obj
 .bss.btn_e_time
                0x20004200        0x4 CMakeFiles/pico-timer.dir/pico-timer.cpp.obj
                0x20004200                btn_e_time
 .bss.btn_m_time
                0x20004204        0x4 CMakeFiles/pico-timer.dir/pico-timer.cpp.obj
                0x20004204                btn_m_time
 .bss.btn_s_time
                0x20004208        0x4 CMakeFiles/pico-timer.dir/pico-timer.cpp.obj
                0x20004208                btn_s_time
 .bss.buz0      0x2000420c        0x4 CMakeFiles/pico-timer.dir/pico-timer.cpp.obj
                0x2000420c                buz0
 .bss.buz1      0x20004210        0x4 CMakeFiles/pico-timer.dir/pico-timer.cpp.obj
                0x20004210                buz1
 .bss.callbacks
                0x20004214        0x8 CMakeFiles/pico-timer.dir/D_/Pico/pico-sdk/src/rp2_common/hardware_gpio/gpio.c.obj
 .bss.claimed   0x2000421c        0x4 CMakeFiles/pico-timer.dir/D_/Pico/pico-sdk/src/rp2_common/hardware_sync/sync.c.obj
 .bss.default_alarm_pool_entry_ids_high
                0x20004220       0x10 CMakeFiles/pico-timer.dir/D_/Pico/pico-sdk/src/common/pico_time/time.c.obj
 .bss.default_alarm_pool_heap_nodes
                0x20004230       0x30 CMakeFiles/pico-timer.dir/D_/Pico/pico-sdk/src/common/pico_time/time.c.obj
 .bss.desc_str.0
                0x20004260       0x28 CMakeFiles/pico-timer.dir/D_/Pico/pico-sdk/src/rp2_common/pico_stdio_usb/stdio_usb_descriptors.c.obj
 .bss.drivers   0x20004288        0x4 CMakeFiles/pico-timer.dir/D_/Pico/pico-sdk/src/rp2_common/pico_stdio/stdio.c.obj
 .bss.errno     0x2000428c        0x4 d:/program files (x86)/arm gnu toolchain arm-none-eabi/12.2 rel1/bin/../lib/gcc/arm-none-eabi/12.2.1/thumb/v6-m/nofp\libc.a(libc_a-reent.o)
                0x2000428c                errno
 .bss.filter    0x20004290        0x4 CMakeFiles/pico-timer.dir/D_/Pico/pico-sdk/src/rp2_common/pico_stdio/stdio.c.obj
 .bss.heap_end.0
                0x20004294        0x4 CMakeFiles/pico-timer.dir/D_/Pico/pico-sdk/src/rp2_common/pico_runtime/runtime.c.obj
 .bss.hw_endpoints
                0x20004298      0x400 CMakeFiles/pico-timer.dir/D_/Pico/pico-sdk/lib/tinyusb/src/portable/raspberrypi/rp2040/dcd_rp2040.c.obj
 .bss.lazy_vsnprintf
                0x20004698        0x4 CMakeFiles/pico-timer.dir/D_/Pico/pico-sdk/src/rp2_common/pico_printf/printf.c.obj
 .bss.load_value
                0x2000469c        0x4 CMakeFiles/pico-timer.dir/D_/Pico/pico-sdk/src/rp2_common/hardware_watchdog/watchdog.c.obj
 .bss.next_buffer_ptr
                0x200046a0        0x4 CMakeFiles/pico-timer.dir/D_/Pico/pico-sdk/lib/tinyusb/src/portable/raspberrypi/rp2040/dcd_rp2040.c.obj
 .bss.object.0  0x200046a4       0x18 d:/program files (x86)/arm gnu toolchain arm-none-eabi/12.2 rel1/bin/../lib/gcc/arm-none-eabi/12.2.1/thumb/v6-m/nofp/crtbegin.o
 .bss.pools     0x200046bc       0x10 CMakeFiles/pico-timer.dir/D_/Pico/pico-sdk/src/common/pico_time/time.c.obj
 .bss.raw_irq_mask
                0x200046cc        0x8 CMakeFiles/pico-timer.dir/D_/Pico/pico-sdk/src/rp2_common/hardware_gpio/gpio.c.obj
 .bss.retrieved_id
                0x200046d4        0x8 CMakeFiles/pico-timer.dir/D_/Pico/pico-sdk/src/rp2_common/pico_unique_id/unique_id.c.obj
 .bss.sf_clz_func
                0x200046dc        0x4 CMakeFiles/pico-timer.dir/D_/Pico/pico-sdk/src/rp2_common/pico_double/double_init_rom.c.obj
                0x200046dc                sf_clz_func
 .bss.sleep_notifier
                0x200046e0        0x4 CMakeFiles/pico-timer.dir/D_/Pico/pico-sdk/src/common/pico_time/time.c.obj
 .bss.stdio_usb_mutex
                0x200046e4        0x8 CMakeFiles/pico-timer.dir/D_/Pico/pico-sdk/src/rp2_common/pico_stdio_usb/stdio_usb.c.obj
 .bss.target_hi
                0x200046ec       0x10 CMakeFiles/pico-timer.dir/D_/Pico/pico-sdk/src/rp2_common/hardware_timer/timer.c.obj
 .bss.usbd_serial_str
                0x200046fc       0x11 CMakeFiles/pico-timer.dir/D_/Pico/pico-sdk/src/rp2_common/pico_stdio_usb/stdio_usb_descriptors.c.obj
 *fill*         0x2000470d        0x3 
 .bss.user_irq_claimed
                0x20004710        0x2 CMakeFiles/pico-timer.dir/D_/Pico/pico-sdk/src/rp2_common/hardware_irq/irq.c.obj
 .bss._ZL9core_exit
                0x20004712        0x1 CMakeFiles/pico-timer.dir/pico-timer.cpp.obj
 .bss._ZL9core_song
                0x20004713        0x1 CMakeFiles/pico-timer.dir/pico-timer.cpp.obj
 .bss._ZZ12note_controlbhhE8ch0_note
                0x20004714        0x1 CMakeFiles/pico-timer.dir/pico-timer.cpp.obj
 .bss._ZZ12note_controlbhhE8ch1_note
                0x20004715        0x1 CMakeFiles/pico-timer.dir/pico-timer.cpp.obj
 .bss._ZZ13timer_dynamicP15repeating_timerE5phase
                0x20004716        0x1 CMakeFiles/pico-timer.dir/pico-timer.cpp.obj
 .bss._app_driver_count
                0x20004717        0x1 CMakeFiles/pico-timer.dir/D_/Pico/pico-sdk/lib/tinyusb/src/device/usbd.c.obj
 .bss._usbd_initialized
                0x20004718        0x1 CMakeFiles/pico-timer.dir/D_/Pico/pico-sdk/lib/tinyusb/src/device/usbd.c.obj
 .bss.boot2_copyout_valid
                0x20004719        0x1 CMakeFiles/pico-timer.dir/D_/Pico/pico-sdk/src/rp2_common/hardware_flash/flash.c.obj
 .bss.claimed   0x2000471a        0x1 CMakeFiles/pico-timer.dir/D_/Pico/pico-sdk/src/rp2_common/hardware_timer/timer.c.obj
 .bss.irq_hander_chain_free_slot_head
                0x2000471b        0x1 CMakeFiles/pico-timer.dir/D_/Pico/pico-sdk/src/rp2_common/hardware_irq/irq.c.obj
 .bss.itf_num   0x2000471c        0x1 CMakeFiles/pico-timer.dir/D_/Pico/pico-sdk/src/rp2_common/pico_stdio_usb/reset_interface.c.obj
 .bss.low_priority_irq_num
                0x2000471d        0x1 CMakeFiles/pico-timer.dir/D_/Pico/pico-sdk/src/rp2_common/pico_stdio_usb/stdio_usb.c.obj
 .bss.timer_callbacks_pending
                0x2000471e        0x1 CMakeFiles/pico-timer.dir/D_/Pico/pico-sdk/src/rp2_common/hardware_timer/timer.c.obj
 *(COMMON)
                0x20004720                . = ALIGN (0x4)
 *fill*         0x2000471f        0x1 
                0x20004720                __bss_end__ = .

.heap           0x20004720      0x800
                0x20004720                __end__ = .
                0x20004720                end = __end__
 *(.heap*)
 .heap          0x20004720      0x800 CMakeFiles/pico-timer.dir/D_/Pico/pico-sdk/src/rp2_common/pico_standard_link/crt0.S.obj
                0x20004f20                __HeapLimit = .

.stack1_dummy   0x20040000      0x800
 *(.stack1*)
 .stack1        0x20040000      0x800 CMakeFiles/pico-timer.dir/D_/Pico/pico-sdk/src/rp2_common/pico_multicore/multicore.c.obj

.stack_dummy    0x20041000      0x800
 *(.stack*)
 .stack         0x20041000      0x800 CMakeFiles/pico-timer.dir/D_/Pico/pico-sdk/src/rp2_common/pico_standard_link/crt0.S.obj

.flash_end      0x1000bad4        0x0
                0x1000bad4                __flash_binary_end = .
                0x20040000                __StackLimit = (ORIGIN (RAM) + LENGTH (RAM))
                0x20041000                __StackOneTop = (ORIGIN (SCRATCH_X) + LENGTH (SCRATCH_X))
                0x20042000                __StackTop = (ORIGIN (SCRATCH_Y) + LENGTH (SCRATCH_Y))
                0x20040800                __StackOneBottom = (__StackOneTop - SIZEOF (.stack1_dummy))
                0x20041800                __StackBottom = (__StackTop - SIZEOF (.stack_dummy))
                0x20042000                PROVIDE (__stack = __StackTop)
                0x00000001                ASSERT ((__StackLimit >= __HeapLimit), region RAM overflowed)
                0x00000001                ASSERT (((__binary_info_header_end - __logical_binary_start) <= 0x100), Binary info must be in first 256 bytes of the binary)
LOAD CMakeFiles/pico-timer.dir/pico-timer.cpp.obj
LOAD CMakeFiles/pico-timer.dir/buzzer.cpp.obj
LOAD CMakeFiles/pico-timer.dir/midi.cpp.obj
LOAD CMakeFiles/pico-timer.dir/D_/Pico/pico-sdk/src/rp2_common/pico_stdlib/stdlib.c.obj
LOAD CMakeFiles/pico-timer.dir/D_/Pico/pico-sdk/src/rp2_common/hardware_gpio/gpio.c.obj
LOAD CMakeFiles/pico-timer.dir/D_/Pico/pico-sdk/src/rp2_common/hardware_claim/claim.c.obj
LOAD CMakeFiles/pico-timer.dir/D_/Pico/pico-sdk/src/rp2_common/pico_platform/platform.c.obj
LOAD CMakeFiles/pico-timer.dir/D_/Pico/pico-sdk/src/rp2_common/hardware_sync/sync.c.obj
LOAD CMakeFiles/pico-timer.dir/D_/Pico/pico-sdk/src/rp2_common/hardware_irq/irq.c.obj
LOAD CMakeFiles/pico-timer.dir/D_/Pico/pico-sdk/src/rp2_common/hardware_irq/irq_handler_chain.S.obj
LOAD CMakeFiles/pico-timer.dir/D_/Pico/pico-sdk/src/common/pico_sync/sem.c.obj
LOAD CMakeFiles/pico-timer.dir/D_/Pico/pico-sdk/src/common/pico_sync/lock_core.c.obj
LOAD CMakeFiles/pico-timer.dir/D_/Pico/pico-sdk/src/common/pico_time/time.c.obj
LOAD CMakeFiles/pico-timer.dir/D_/Pico/pico-sdk/src/common/pico_time/timeout_helper.c.obj
LOAD CMakeFiles/pico-timer.dir/D_/Pico/pico-sdk/src/rp2_common/hardware_timer/timer.c.obj
LOAD CMakeFiles/pico-timer.dir/D_/Pico/pico-sdk/src/common/pico_util/datetime.c.obj
LOAD CMakeFiles/pico-timer.dir/D_/Pico/pico-sdk/src/common/pico_util/pheap.c.obj
LOAD CMakeFiles/pico-timer.dir/D_/Pico/pico-sdk/src/common/pico_util/queue.c.obj
LOAD CMakeFiles/pico-timer.dir/D_/Pico/pico-sdk/src/common/pico_sync/mutex.c.obj
LOAD CMakeFiles/pico-timer.dir/D_/Pico/pico-sdk/src/common/pico_sync/critical_section.c.obj
LOAD CMakeFiles/pico-timer.dir/D_/Pico/pico-sdk/src/rp2_common/hardware_uart/uart.c.obj
LOAD CMakeFiles/pico-timer.dir/D_/Pico/pico-sdk/src/rp2_common/hardware_divider/divider.S.obj
LOAD CMakeFiles/pico-timer.dir/D_/Pico/pico-sdk/src/rp2_common/pico_runtime/runtime.c.obj
LOAD CMakeFiles/pico-timer.dir/D_/Pico/pico-sdk/src/rp2_common/hardware_clocks/clocks.c.obj
LOAD CMakeFiles/pico-timer.dir/D_/Pico/pico-sdk/src/rp2_common/hardware_pll/pll.c.obj
LOAD CMakeFiles/pico-timer.dir/D_/Pico/pico-sdk/src/rp2_common/hardware_vreg/vreg.c.obj
LOAD CMakeFiles/pico-timer.dir/D_/Pico/pico-sdk/src/rp2_common/hardware_watchdog/watchdog.c.obj
LOAD CMakeFiles/pico-timer.dir/D_/Pico/pico-sdk/src/rp2_common/hardware_xosc/xosc.c.obj
LOAD CMakeFiles/pico-timer.dir/D_/Pico/pico-sdk/src/rp2_common/pico_printf/printf.c.obj
LOAD CMakeFiles/pico-timer.dir/D_/Pico/pico-sdk/src/rp2_common/pico_bit_ops/bit_ops_aeabi.S.obj
LOAD CMakeFiles/pico-timer.dir/D_/Pico/pico-sdk/src/rp2_common/pico_bootrom/bootrom.c.obj
LOAD CMakeFiles/pico-timer.dir/D_/Pico/pico-sdk/src/rp2_common/pico_divider/divider.S.obj
LOAD CMakeFiles/pico-timer.dir/D_/Pico/pico-sdk/src/rp2_common/pico_double/double_aeabi.S.obj
LOAD CMakeFiles/pico-timer.dir/D_/Pico/pico-sdk/src/rp2_common/pico_double/double_init_rom.c.obj
LOAD CMakeFiles/pico-timer.dir/D_/Pico/pico-sdk/src/rp2_common/pico_double/double_math.c.obj
LOAD CMakeFiles/pico-timer.dir/D_/Pico/pico-sdk/src/rp2_common/pico_double/double_v1_rom_shim.S.obj
LOAD CMakeFiles/pico-timer.dir/D_/Pico/pico-sdk/src/rp2_common/pico_int64_ops/pico_int64_ops_aeabi.S.obj
LOAD CMakeFiles/pico-timer.dir/D_/Pico/pico-sdk/src/rp2_common/pico_float/float_aeabi.S.obj
LOAD CMakeFiles/pico-timer.dir/D_/Pico/pico-sdk/src/rp2_common/pico_float/float_init_rom.c.obj
LOAD CMakeFiles/pico-timer.dir/D_/Pico/pico-sdk/src/rp2_common/pico_float/float_math.c.obj
LOAD CMakeFiles/pico-timer.dir/D_/Pico/pico-sdk/src/rp2_common/pico_float/float_v1_rom_shim.S.obj
LOAD CMakeFiles/pico-timer.dir/D_/Pico/pico-sdk/src/rp2_common/pico_malloc/pico_malloc.c.obj
LOAD CMakeFiles/pico-timer.dir/D_/Pico/pico-sdk/src/rp2_common/pico_mem_ops/mem_ops_aeabi.S.obj
LOAD CMakeFiles/pico-timer.dir/D_/Pico/pico-sdk/src/rp2_common/pico_standard_link/crt0.S.obj
LOAD CMakeFiles/pico-timer.dir/D_/Pico/pico-sdk/src/rp2_common/pico_standard_link/new_delete.cpp.obj
LOAD CMakeFiles/pico-timer.dir/D_/Pico/pico-sdk/src/rp2_common/pico_standard_link/binary_info.c.obj
LOAD CMakeFiles/pico-timer.dir/D_/Pico/pico-sdk/src/rp2_common/pico_stdio/stdio.c.obj
LOAD CMakeFiles/pico-timer.dir/D_/Pico/pico-sdk/src/rp2_common/pico_stdio_usb/reset_interface.c.obj
LOAD CMakeFiles/pico-timer.dir/D_/Pico/pico-sdk/src/rp2_common/pico_stdio_usb/stdio_usb.c.obj
LOAD CMakeFiles/pico-timer.dir/D_/Pico/pico-sdk/src/rp2_common/pico_stdio_usb/stdio_usb_descriptors.c.obj
LOAD CMakeFiles/pico-timer.dir/D_/Pico/pico-sdk/lib/tinyusb/src/portable/raspberrypi/rp2040/dcd_rp2040.c.obj
LOAD CMakeFiles/pico-timer.dir/D_/Pico/pico-sdk/lib/tinyusb/src/portable/raspberrypi/rp2040/rp2040_usb.c.obj
LOAD CMakeFiles/pico-timer.dir/D_/Pico/pico-sdk/lib/tinyusb/src/device/usbd.c.obj
LOAD CMakeFiles/pico-timer.dir/D_/Pico/pico-sdk/lib/tinyusb/src/device/usbd_control.c.obj
LOAD CMakeFiles/pico-timer.dir/D_/Pico/pico-sdk/lib/tinyusb/src/class/audio/audio_device.c.obj
LOAD CMakeFiles/pico-timer.dir/D_/Pico/pico-sdk/lib/tinyusb/src/class/cdc/cdc_device.c.obj
LOAD CMakeFiles/pico-timer.dir/D_/Pico/pico-sdk/lib/tinyusb/src/class/dfu/dfu_device.c.obj
LOAD CMakeFiles/pico-timer.dir/D_/Pico/pico-sdk/lib/tinyusb/src/class/dfu/dfu_rt_device.c.obj
LOAD CMakeFiles/pico-timer.dir/D_/Pico/pico-sdk/lib/tinyusb/src/class/hid/hid_device.c.obj
LOAD CMakeFiles/pico-timer.dir/D_/Pico/pico-sdk/lib/tinyusb/src/class/midi/midi_device.c.obj
LOAD CMakeFiles/pico-timer.dir/D_/Pico/pico-sdk/lib/tinyusb/src/class/msc/msc_device.c.obj
LOAD CMakeFiles/pico-timer.dir/D_/Pico/pico-sdk/lib/tinyusb/src/class/net/ecm_rndis_device.c.obj
LOAD CMakeFiles/pico-timer.dir/D_/Pico/pico-sdk/lib/tinyusb/src/class/net/ncm_device.c.obj
LOAD CMakeFiles/pico-timer.dir/D_/Pico/pico-sdk/lib/tinyusb/src/class/usbtmc/usbtmc_device.c.obj
LOAD CMakeFiles/pico-timer.dir/D_/Pico/pico-sdk/lib/tinyusb/src/class/vendor/vendor_device.c.obj
LOAD CMakeFiles/pico-timer.dir/D_/Pico/pico-sdk/lib/tinyusb/src/class/video/video_device.c.obj
LOAD CMakeFiles/pico-timer.dir/D_/Pico/pico-sdk/lib/tinyusb/src/tusb.c.obj
LOAD CMakeFiles/pico-timer.dir/D_/Pico/pico-sdk/lib/tinyusb/src/common/tusb_fifo.c.obj
LOAD CMakeFiles/pico-timer.dir/D_/Pico/pico-sdk/src/rp2_common/pico_fix/rp2040_usb_device_enumeration/rp2040_usb_device_enumeration.c.obj
LOAD CMakeFiles/pico-timer.dir/D_/Pico/pico-sdk/src/rp2_common/pico_unique_id/unique_id.c.obj
LOAD CMakeFiles/pico-timer.dir/D_/Pico/pico-sdk/src/rp2_common/hardware_flash/flash.c.obj
LOAD CMakeFiles/pico-timer.dir/D_/Pico/pico-sdk/src/rp2_common/pico_multicore/multicore.c.obj
LOAD C:\Users\junso\AppData\Local\Temp\cceOrSrr.o
LOAD d:/program files (x86)/arm gnu toolchain arm-none-eabi/12.2 rel1/bin/../lib/gcc/arm-none-eabi/12.2.1/thumb/v6-m/nofp\libstdc++.a
LOAD d:/program files (x86)/arm gnu toolchain arm-none-eabi/12.2 rel1/bin/../lib/gcc/arm-none-eabi/12.2.1/thumb/v6-m/nofp\libm.a
START GROUP
LOAD d:/program files (x86)/arm gnu toolchain arm-none-eabi/12.2 rel1/bin/../lib/gcc/arm-none-eabi/12.2.1/thumb/v6-m/nofp\libgcc.a
LOAD d:/program files (x86)/arm gnu toolchain arm-none-eabi/12.2 rel1/bin/../lib/gcc/arm-none-eabi/12.2.1/thumb/v6-m/nofp\libc.a
END GROUP
START GROUP
LOAD d:/program files (x86)/arm gnu toolchain arm-none-eabi/12.2 rel1/bin/../lib/gcc/arm-none-eabi/12.2.1/thumb/v6-m/nofp\libgcc.a
LOAD d:/program files (x86)/arm gnu toolchain arm-none-eabi/12.2 rel1/bin/../lib/gcc/arm-none-eabi/12.2.1/thumb/v6-m/nofp\libc.a
LOAD d:/program files (x86)/arm gnu toolchain arm-none-eabi/12.2 rel1/bin/../lib/gcc/arm-none-eabi/12.2.1/thumb/v6-m/nofp\libnosys.a
END GROUP
LOAD d:/program files (x86)/arm gnu toolchain arm-none-eabi/12.2 rel1/bin/../lib/gcc/arm-none-eabi/12.2.1/thumb/v6-m/nofp/crtend.o
LOAD d:/program files (x86)/arm gnu toolchain arm-none-eabi/12.2 rel1/bin/../lib/gcc/arm-none-eabi/12.2.1/thumb/v6-m/nofp/crtn.o
OUTPUT(pico-timer.elf elf32-littlearm)
LOAD linker stubs

.ARM.attributes
                0x00000000       0x28
 .ARM.attributes
                0x00000000       0x1e d:/program files (x86)/arm gnu toolchain arm-none-eabi/12.2 rel1/bin/../lib/gcc/arm-none-eabi/12.2.1/thumb/v6-m/nofp/crti.o
 .ARM.attributes
                0x0000001e       0x2c d:/program files (x86)/arm gnu toolchain arm-none-eabi/12.2 rel1/bin/../lib/gcc/arm-none-eabi/12.2.1/thumb/v6-m/nofp/crtbegin.o
 .ARM.attributes
                0x0000004a       0x2c CMakeFiles/pico-timer.dir/pico-timer.cpp.obj
 .ARM.attributes
                0x00000076       0x2c CMakeFiles/pico-timer.dir/buzzer.cpp.obj
 .ARM.attributes
                0x000000a2       0x2c CMakeFiles/pico-timer.dir/D_/Pico/pico-sdk/src/rp2_common/hardware_gpio/gpio.c.obj
 .ARM.attributes
                0x000000ce       0x2c CMakeFiles/pico-timer.dir/D_/Pico/pico-sdk/src/rp2_common/hardware_claim/claim.c.obj
 .ARM.attributes
                0x000000fa       0x2c CMakeFiles/pico-timer.dir/D_/Pico/pico-sdk/src/rp2_common/pico_platform/platform.c.obj
 .ARM.attributes
                0x00000126       0x2c CMakeFiles/pico-timer.dir/D_/Pico/pico-sdk/src/rp2_common/hardware_sync/sync.c.obj
 .ARM.attributes
                0x00000152       0x2c CMakeFiles/pico-timer.dir/D_/Pico/pico-sdk/src/rp2_common/hardware_irq/irq.c.obj
 .ARM.attributes
                0x0000017e       0x22 CMakeFiles/pico-timer.dir/D_/Pico/pico-sdk/src/rp2_common/hardware_irq/irq_handler_chain.S.obj
 .ARM.attributes
                0x000001a0       0x2c CMakeFiles/pico-timer.dir/D_/Pico/pico-sdk/src/common/pico_sync/sem.c.obj
 .ARM.attributes
                0x000001cc       0x2c CMakeFiles/pico-timer.dir/D_/Pico/pico-sdk/src/common/pico_sync/lock_core.c.obj
 .ARM.attributes
                0x000001f8       0x2c CMakeFiles/pico-timer.dir/D_/Pico/pico-sdk/src/common/pico_time/time.c.obj
 .ARM.attributes
                0x00000224       0x2c CMakeFiles/pico-timer.dir/D_/Pico/pico-sdk/src/rp2_common/hardware_timer/timer.c.obj
 .ARM.attributes
                0x00000250       0x2c CMakeFiles/pico-timer.dir/D_/Pico/pico-sdk/src/common/pico_util/pheap.c.obj
 .ARM.attributes
                0x0000027c       0x2c CMakeFiles/pico-timer.dir/D_/Pico/pico-sdk/src/common/pico_sync/mutex.c.obj
 .ARM.attributes
                0x000002a8       0x2c CMakeFiles/pico-timer.dir/D_/Pico/pico-sdk/src/common/pico_sync/critical_section.c.obj
 .ARM.attributes
                0x000002d4       0x2c CMakeFiles/pico-timer.dir/D_/Pico/pico-sdk/src/rp2_common/pico_runtime/runtime.c.obj
 .ARM.attributes
                0x00000300       0x2c CMakeFiles/pico-timer.dir/D_/Pico/pico-sdk/src/rp2_common/hardware_clocks/clocks.c.obj
 .ARM.attributes
                0x0000032c       0x2c CMakeFiles/pico-timer.dir/D_/Pico/pico-sdk/src/rp2_common/hardware_pll/pll.c.obj
 .ARM.attributes
                0x00000358       0x2c CMakeFiles/pico-timer.dir/D_/Pico/pico-sdk/src/rp2_common/hardware_watchdog/watchdog.c.obj
 .ARM.attributes
                0x00000384       0x2c CMakeFiles/pico-timer.dir/D_/Pico/pico-sdk/src/rp2_common/hardware_xosc/xosc.c.obj
 .ARM.attributes
                0x000003b0       0x2c CMakeFiles/pico-timer.dir/D_/Pico/pico-sdk/src/rp2_common/pico_printf/printf.c.obj
 .ARM.attributes
                0x000003dc       0x22 CMakeFiles/pico-timer.dir/D_/Pico/pico-sdk/src/rp2_common/pico_bit_ops/bit_ops_aeabi.S.obj
 .ARM.attributes
                0x000003fe       0x2c CMakeFiles/pico-timer.dir/D_/Pico/pico-sdk/src/rp2_common/pico_bootrom/bootrom.c.obj
 .ARM.attributes
                0x0000042a       0x22 CMakeFiles/pico-timer.dir/D_/Pico/pico-sdk/src/rp2_common/pico_divider/divider.S.obj
 .ARM.attributes