Archive member included to satisfy reference by file (symbol)

d:/program files (x86)/arm gnu toolchain arm-none-eabi/12.2 rel1/bin/../lib/gcc/arm-none-eabi/12.2.1/thumb/v6-m/nofp\libgcc.a(_dvmd_tls.o)
                              CMakeFiles/pico-timer.dir/D_/Pico/pico-sdk/src/rp2_common/pico_divider/divider.S.obj (__aeabi_idiv0)
d:/program files (x86)/arm gnu toolchain arm-none-eabi/12.2 rel1/bin/../lib/gcc/arm-none-eabi/12.2.1/thumb/v6-m/nofp\libg.a(libc_a-calloc.o)
                              CMakeFiles/pico-timer.dir/D_/Pico/pico-sdk/src/rp2_common/pico_malloc/pico_malloc.c.obj (calloc)
d:/program files (x86)/arm gnu toolchain arm-none-eabi/12.2 rel1/bin/../lib/gcc/arm-none-eabi/12.2.1/thumb/v6-m/nofp\libg.a(libc_a-callocr.o)
                              d:/program files (x86)/arm gnu toolchain arm-none-eabi/12.2 rel1/bin/../lib/gcc/arm-none-eabi/12.2.1/thumb/v6-m/nofp\libg.a(libc_a-calloc.o) (_calloc_r)
d:/program files (x86)/arm gnu toolchain arm-none-eabi/12.2 rel1/bin/../lib/gcc/arm-none-eabi/12.2.1/thumb/v6-m/nofp\libg.a(libc_a-malloc.o)
                              CMakeFiles/pico-timer.dir/D_/Pico/pico-sdk/src/rp2_common/pico_malloc/pico_malloc.c.obj (malloc)
d:/program files (x86)/arm gnu toolchain arm-none-eabi/12.2 rel1/bin/../lib/gcc/arm-none-eabi/12.2.1/thumb/v6-m/nofp\libg.a(libc_a-mallocr.o)
                              d:/program files (x86)/arm gnu toolchain arm-none-eabi/12.2 rel1/bin/../lib/gcc/arm-none-eabi/12.2.1/thumb/v6-m/nofp\libg.a(libc_a-callocr.o) (_malloc_r)
d:/program files (x86)/arm gnu toolchain arm-none-eabi/12.2 rel1/bin/../lib/gcc/arm-none-eabi/12.2.1/thumb/v6-m/nofp\libg.a(libc_a-mlock.o)
                              d:/program files (x86)/arm gnu toolchain arm-none-eabi/12.2 rel1/bin/../lib/gcc/arm-none-eabi/12.2.1/thumb/v6-m/nofp\libg.a(libc_a-mallocr.o) (__malloc_lock)
d:/program files (x86)/arm gnu toolchain arm-none-eabi/12.2 rel1/bin/../lib/gcc/arm-none-eabi/12.2.1/thumb/v6-m/nofp\libg.a(libc_a-realloc.o)
                              CMakeFiles/pico-timer.dir/D_/Pico/pico-sdk/src/rp2_common/pico_malloc/pico_malloc.c.obj (realloc)
d:/program files (x86)/arm gnu toolchain arm-none-eabi/12.2 rel1/bin/../lib/gcc/arm-none-eabi/12.2.1/thumb/v6-m/nofp\libg.a(libc_a-reallocr.o)
                              d:/program files (x86)/arm gnu toolchain arm-none-eabi/12.2 rel1/bin/../lib/gcc/arm-none-eabi/12.2.1/thumb/v6-m/nofp\libg.a(libc_a-realloc.o) (_realloc_r)
d:/program files (x86)/arm gnu toolchain arm-none-eabi/12.2 rel1/bin/../lib/gcc/arm-none-eabi/12.2.1/thumb/v6-m/nofp\libg.a(libc_a-ctype_.o)
                              CMakeFiles/pico-timer.dir/D_/Pico/pico-sdk/lib/tinyusb/src/tusb.c.obj (_ctype_)
d:/program files (x86)/arm gnu toolchain arm-none-eabi/12.2 rel1/bin/../lib/gcc/arm-none-eabi/12.2.1/thumb/v6-m/nofp\libg.a(libc_a-memmove.o)
                              d:/program files (x86)/arm gnu toolchain arm-none-eabi/12.2 rel1/bin/../lib/gcc/arm-none-eabi/12.2.1/thumb/v6-m/nofp\libg.a(libc_a-reallocr.o) (memmove)
d:/program files (x86)/arm gnu toolchain arm-none-eabi/12.2 rel1/bin/../lib/gcc/arm-none-eabi/12.2.1/thumb/v6-m/nofp\libg.a(libc_a-impure.o)
                              d:/program files (x86)/arm gnu toolchain arm-none-eabi/12.2 rel1/bin/../lib/gcc/arm-none-eabi/12.2.1/thumb/v6-m/nofp\libg.a(libc_a-calloc.o) (_impure_ptr)
d:/program files (x86)/arm gnu toolchain arm-none-eabi/12.2 rel1/bin/../lib/gcc/arm-none-eabi/12.2.1/thumb/v6-m/nofp\libg.a(libc_a-sbrkr.o)
                              d:/program files (x86)/arm gnu toolchain arm-none-eabi/12.2 rel1/bin/../lib/gcc/arm-none-eabi/12.2.1/thumb/v6-m/nofp\libg.a(libc_a-mallocr.o) (_sbrk_r)
d:/program files (x86)/arm gnu toolchain arm-none-eabi/12.2 rel1/bin/../lib/gcc/arm-none-eabi/12.2.1/thumb/v6-m/nofp\libg.a(libc_a-errno.o)
                              d:/program files (x86)/arm gnu toolchain arm-none-eabi/12.2 rel1/bin/../lib/gcc/arm-none-eabi/12.2.1/thumb/v6-m/nofp\libg.a(libc_a-callocr.o) (__errno)
d:/program files (x86)/arm gnu toolchain arm-none-eabi/12.2 rel1/bin/../lib/gcc/arm-none-eabi/12.2.1/thumb/v6-m/nofp\libg.a(libc_a-init.o)
                              d:/program files (x86)/arm gnu toolchain arm-none-eabi/12.2 rel1/bin/../lib/gcc/arm-none-eabi/12.2.1/thumb/v6-m/nofp/crt0.o (__libc_init_array)
d:/program files (x86)/arm gnu toolchain arm-none-eabi/12.2 rel1/bin/../lib/gcc/arm-none-eabi/12.2.1/thumb/v6-m/nofp\libg.a(libc_a-lock.o)
                              d:/program files (x86)/arm gnu toolchain arm-none-eabi/12.2 rel1/bin/../lib/gcc/arm-none-eabi/12.2.1/thumb/v6-m/nofp\libg.a(libc_a-mlock.o) (__retarget_lock_acquire_recursive)
d:/program files (x86)/arm gnu toolchain arm-none-eabi/12.2 rel1/bin/../lib/gcc/arm-none-eabi/12.2.1/thumb/v6-m/nofp\libg.a(libc_a-sysconf.o)
                              d:/program files (x86)/arm gnu toolchain arm-none-eabi/12.2 rel1/bin/../lib/gcc/arm-none-eabi/12.2.1/thumb/v6-m/nofp\libg.a(libc_a-mallocr.o) (sysconf)
[...]
Memory Configuration

Name             Origin             Length             Attributes
FLASH            0x10000000         0x00200000         xr
RAM              0x20000000         0x00040000         xrw
SCRATCH_X        0x20040000         0x00001000         xrw
SCRATCH_Y        0x20041000         0x00001000         xrw
*default*        0x00000000         0xffffffff

Linker script and memory map

LOAD d:/program files (x86)/arm gnu toolchain arm-none-eabi/12.2 rel1/bin/../lib/gcc/arm-none-eabi/12.2.1/thumb/v6-m/nofp/crti.o
LOAD d:/program files (x86)/arm gnu toolchain arm-none-eabi/12.2 rel1/bin/../lib/gcc/arm-none-eabi/12.2.1/thumb/v6-m/nofp/crtbegin.o
LOAD d:/program files (x86)/arm gnu toolchain arm-none-eabi/12.2 rel1/bin/../lib/gcc/arm-none-eabi/12.2.1/thumb/v6-m/nofp/crt0.o

.flash_begin    0x10000000        0x0
                0x10000000                __flash_binary_start = .

.boot2          0x10000000      0x100
                0x10000000                __boot2_start__ = .
 *(.boot2)
 .boot2         0x10000000      0x100 C:\Users\junso\AppData\Local\Temp\ccyJjkU7.o
                0x10000100                __boot2_end__ = .
                0x00000001                ASSERT (((__boot2_end__ - __boot2_start__) == 0x100), ERROR: Pico second stage bootloader must be 256 bytes in size)

.text           0x10000100     0x9908
                0x10000100                __logical_binary_start = .
 *(.vectors)
 .vectors       0x10000100       0xd4 CMakeFiles/pico-timer.dir/D_/Pico/pico-sdk/src/rp2_common/pico_standard_link/crt0.S.obj
                0x10000100                __VECTOR_TABLE
                0x10000100                __vectors
                0x100001c0                isr_invalid
                0x100001c0                __default_isrs_start
                0x100001c2                isr_nmi
                0x100001c4                isr_hardfault
                0x100001c6                isr_svcall
                0x100001c8                isr_pendsv
                0x100001ca                isr_systick
                0x100001cc                isr_irq23
                0x100001cc                isr_irq18
                0x100001cc                isr_irq11
                0x100001cc                isr_irq28
                0x100001cc                isr_irq19
                0x100001cc                isr_irq0
                0x100001cc                isr_irq6
                0x100001cc                isr_irq5
                0x100001cc                isr_irq12
                0x100001cc                isr_irq22
                0x100001cc                isr_irq31
                0x100001cc                isr_irq17
                0x100001cc                isr_irq27
                0x100001cc                isr_irq30
                0x100001cc                isr_irq2
                0x100001cc                isr_irq10
                0x100001cc                isr_irq8
                0x100001cc                isr_irq24
                0x100001cc                isr_irq1
                0x100001cc                isr_irq7
                0x100001cc                isr_irq21
                0x100001cc                isr_irq20
                0x100001cc                isr_irq15
                0x100001cc                isr_irq25
                0x100001cc                isr_irq13
                0x100001cc                __unhandled_user_irq
                0x100001cc                isr_irq4
                0x100001cc                isr_irq16
                0x100001cc                isr_irq29
                0x100001cc                isr_irq26
                0x100001cc                __default_isrs_end
                0x100001cc                isr_irq3
                0x100001cc                isr_irq14
                0x100001cc                isr_irq9
                0x100001d2                unhandled_user_irq_num_in_r0
 *(.binary_info_header)
 .binary_info_header
                0x100001d4       0x14 CMakeFiles/pico-timer.dir/D_/Pico/pico-sdk/src/rp2_common/pico_standard_link/crt0.S.obj
                0x100001e8                __binary_info_header_end = .
 *(.reset)
 .reset         0x100001e8       0xa8 CMakeFiles/pico-timer.dir/D_/Pico/pico-sdk/src/rp2_common/pico_standard_link/crt0.S.obj
                0x100001e8                _entry_point
                0x10000266                __get_current_exception
 .reset         0x10000290       0x30 CMakeFiles/pico-timer.dir/D_/Pico/pico-sdk/src/rp2_common/pico_standard_link/binary_info.c.obj
 *(.init)
 .init          0x100002c0        0x4 d:/program files (x86)/arm gnu toolchain arm-none-eabi/12.2 rel1/bin/../lib/gcc/arm-none-eabi/12.2.1/thumb/v6-m/nofp/crti.o
                0x100002c0                _init
 *(EXCLUDE_FILE(*libm.a: *libc.a:*lib_a-mem*.o *libgcc.a:) .text*)
 .text.register_tm_clones
                0x100002c4       0x28 d:/program files (x86)/arm gnu toolchain arm-none-eabi/12.2 rel1/bin/../lib/gcc/arm-none-eabi/12.2.1/thumb/v6-m/nofp/crtbegin.o
 .text.frame_dummy
                0x100002ec       0x24 d:/program files (x86)/arm gnu toolchain arm-none-eabi/12.2 rel1/bin/../lib/gcc/arm-none-eabi/12.2.1/thumb/v6-m/nofp/crtbegin.o
 .text.to_ms_since_boot
                0x10000310       0x1c CMakeFiles/pico-timer.dir/pico-timer.cpp.obj
 .text._Z13timer_dynamicP15repeating_timer
                0x1000032c       0x80 CMakeFiles/pico-timer.dir/pico-timer.cpp.obj
                0x1000032c                timer_dynamic(repeating_timer*)
 .text._ZL20update_us_since_bootP15absolute_time_ty
                0x100003ac       0x24 CMakeFiles/pico-timer.dir/pico-timer.cpp.obj
 .text.get_absolute_time
                0x100003d0       0x16 CMakeFiles/pico-timer.dir/pico-timer.cpp.obj
 *fill*         0x100003e6        0x2 
 .text._Z13gpio_callbackjm
                0x100003e8       0x88 CMakeFiles/pico-timer.dir/pico-timer.cpp.obj
                0x100003e8                gpio_callback(unsigned int, unsigned long)
 .text.add_repeating_timer_us
                0x10000470       0x24 CMakeFiles/pico-timer.dir/pico-timer.cpp.obj
 .text._Z10decode_binab
                0x10000494       0x5c CMakeFiles/pico-timer.dir/pico-timer.cpp.obj
                0x10000494                decode_bin(signed char, bool)
 .text._Z9song_flogv
                0x100004f0      0x598 CMakeFiles/pico-timer.dir/pico-timer.cpp.obj
                0x100004f0                song_flog()
 .text._Z5core1v
                0x10000a88       0x94 CMakeFiles/pico-timer.dir/pico-timer.cpp.obj
                0x10000a88                core1()
 .text._Z5core0v
                0x10000b1c      0x6b0 CMakeFiles/pico-timer.dir/pico-timer.cpp.obj
                0x10000b1c                core0()
 .text.main     0x100011cc       0xd8 CMakeFiles/pico-timer.dir/pico-timer.cpp.obj
                0x100011cc                main
 .text.pwm_set_chan_level
                0x100012a4       0x40 CMakeFiles/pico-timer.dir/buzzer.cpp.obj
 .text._ZN6BuzzerC2Ej
                0x100012e4       0x7c CMakeFiles/pico-timer.dir/buzzer.cpp.obj
                0x100012e4                Buzzer::Buzzer(unsigned int)
                0x100012e4                Buzzer::Buzzer(unsigned int)
 .text._ZN6BuzzerD2Ev
                0x10001360       0x34 CMakeFiles/pico-timer.dir/buzzer.cpp.obj
                0x10001360                Buzzer::~Buzzer()
                0x10001360                Buzzer::~Buzzer()
 .text._ZN6Buzzer8set_freqEd
                0x10001394       0xa4 CMakeFiles/pico-timer.dir/buzzer.cpp.obj
                0x10001394                Buzzer::set_freq(double)
 .text._ZN6Buzzer8set_dutyEd
                0x10001438       0x60 CMakeFiles/pico-timer.dir/buzzer.cpp.obj
                0x10001438                Buzzer::set_duty(double)
 .text._ZN6Buzzer8set_gateEb
                0x10001498       0x30 CMakeFiles/pico-timer.dir/buzzer.cpp.obj
                0x10001498                Buzzer::set_gate(bool)
 .text._ZN6Buzzer16set_freq_by_noteEhd
                0x100014c8       0x4c CMakeFiles/pico-timer.dir/buzzer.cpp.obj
                0x100014c8                Buzzer::set_freq_by_note(unsigned char, double)
 .text.gpio_set_function
                0x10001514       0x30 CMakeFiles/pico-timer.dir/D_/Pico/pico-sdk/src/rp2_common/hardware_gpio/gpio.c.obj
                0x10001514                gpio_set_function
 .text.gpio_set_pulls
                0x10001544       0x34 CMakeFiles/pico-timer.dir/D_/Pico/pico-sdk/src/rp2_common/hardware_gpio/gpio.c.obj
                0x10001544                gpio_set_pulls
 .text.gpio_set_irq_callback
                0x10001578       0x48 CMakeFiles/pico-timer.dir/D_/Pico/pico-sdk/src/rp2_common/hardware_gpio/gpio.c.obj
                0x10001578                gpio_set_irq_callback
 .text.gpio_acknowledge_irq
                0x100015c0       0x18 CMakeFiles/pico-timer.dir/D_/Pico/pico-sdk/src/rp2_common/hardware_gpio/gpio.c.obj
                0x100015c0                gpio_acknowledge_irq
 .text._gpio_set_irq_enabled
                0x100015d8       0x34 CMakeFiles/pico-timer.dir/D_/Pico/pico-sdk/src/rp2_common/hardware_gpio/gpio.c.obj
 .text.gpio_set_irq_enabled
                0x1000160c       0x20 CMakeFiles/pico-timer.dir/D_/Pico/pico-sdk/src/rp2_common/hardware_gpio/gpio.c.obj
                0x1000160c                gpio_set_irq_enabled
 .text.gpio_default_irq_handler
                0x1000162c       0x98 CMakeFiles/pico-timer.dir/D_/Pico/pico-sdk/src/rp2_common/hardware_gpio/gpio.c.obj
 .text.gpio_init
                0x100016c4       0x16 CMakeFiles/pico-timer.dir/D_/Pico/pico-sdk/src/rp2_common/hardware_gpio/gpio.c.obj
                0x100016c4                gpio_init
 .text.gpio_deinit
                0x100016da        0xa CMakeFiles/pico-timer.dir/D_/Pico/pico-sdk/src/rp2_common/hardware_gpio/gpio.c.obj
                0x100016da                gpio_deinit
 .text.hw_claim_lock
                0x100016e4       0x18 CMakeFiles/pico-timer.dir/D_/Pico/pico-sdk/src/rp2_common/hardware_claim/claim.c.obj
                0x100016e4                hw_claim_lock
 .text.hw_claim_unlock
                0x100016fc       0x14 CMakeFiles/pico-timer.dir/D_/Pico/pico-sdk/src/rp2_common/hardware_claim/claim.c.obj
                0x100016fc                hw_claim_unlock
 .text.hw_claim_or_assert
                0x10001710       0x32 CMakeFiles/pico-timer.dir/D_/Pico/pico-sdk/src/rp2_common/hardware_claim/claim.c.obj
                0x10001710                hw_claim_or_assert
 .text.hw_claim_unused_from_range
                0x10001742       0x50 CMakeFiles/pico-timer.dir/D_/Pico/pico-sdk/src/rp2_common/hardware_claim/claim.c.obj
                0x10001742                hw_claim_unused_from_range
 *fill*         0x10001792        0x2 
 .text.running_on_fpga
                0x10001794       0x14 CMakeFiles/pico-timer.dir/D_/Pico/pico-sdk/src/rp2_common/pico_platform/platform.c.obj
                0x10001794                running_on_fpga
 .text.spin_locks_reset
                0x100017a8       0x20 CMakeFiles/pico-timer.dir/D_/Pico/pico-sdk/src/rp2_common/hardware_sync/sync.c.obj
                0x100017a8                spin_locks_reset
 .text.next_striped_spin_lock_num
                0x100017c8       0x1c CMakeFiles/pico-timer.dir/D_/Pico/pico-sdk/src/rp2_common/hardware_sync/sync.c.obj
                0x100017c8                next_striped_spin_lock_num
 .text.spin_lock_claim_unused
                0x100017e4       0x24 CMakeFiles/pico-timer.dir/D_/Pico/pico-sdk/src/rp2_common/hardware_sync/sync.c.obj
                0x100017e4                spin_lock_claim_unused
 .text.set_raw_irq_handler_and_unlock
                0x10001808       0x28 CMakeFiles/pico-timer.dir/D_/Pico/pico-sdk/src/rp2_common/hardware_irq/irq.c.obj
 .text.resolve_branch
                0x10001830       0x30 CMakeFiles/pico-timer.dir/D_/Pico/pico-sdk/src/rp2_common/hardware_irq/irq.c.obj
 .text.make_branch
                0x10001860       0x48 CMakeFiles/pico-timer.dir/D_/Pico/pico-sdk/src/rp2_common/hardware_irq/irq.c.obj
 .text.insert_branch_and_link
                0x100018a8       0x40 CMakeFiles/pico-timer.dir/D_/Pico/pico-sdk/src/rp2_common/hardware_irq/irq.c.obj
 .text.irq_is_enabled
                0x100018e8       0x18 CMakeFiles/pico-timer.dir/D_/Pico/pico-sdk/src/rp2_common/hardware_irq/irq.c.obj
                0x100018e8                irq_is_enabled
 .text.irq_set_mask_enabled
                0x10001900       0x20 CMakeFiles/pico-timer.dir/D_/Pico/pico-sdk/src/rp2_common/hardware_irq/irq.c.obj
                0x10001900                irq_set_mask_enabled
 .text.irq_set_enabled
                0x10001920        0xe CMakeFiles/pico-timer.dir/D_/Pico/pico-sdk/src/rp2_common/hardware_irq/irq.c.obj
                0x10001920                irq_set_enabled
 *fill*         0x1000192e        0x2 
 .text.irq_set_pending
                0x10001930       0x10 CMakeFiles/pico-timer.dir/D_/Pico/pico-sdk/src/rp2_common/hardware_irq/irq.c.obj
                0x10001930                irq_set_pending
 .text.irq_get_vtable_handler
                0x10001940       0x10 CMakeFiles/pico-timer.dir/D_/Pico/pico-sdk/src/rp2_common/hardware_irq/irq.c.obj
                0x10001940                irq_get_vtable_handler
 .text.irq_has_shared_handler
                0x10001950       0x24 CMakeFiles/pico-timer.dir/D_/Pico/pico-sdk/src/rp2_common/hardware_irq/irq.c.obj
                0x10001950                irq_has_shared_handler
 .text.irq_set_exclusive_handler
                0x10001974       0x54 CMakeFiles/pico-timer.dir/D_/Pico/pico-sdk/src/rp2_common/hardware_irq/irq.c.obj
                0x10001974                irq_set_exclusive_handler
 .text.irq_add_shared_handler
                0x100019c8      0x210 CMakeFiles/pico-timer.dir/D_/Pico/pico-sdk/src/rp2_common/hardware_irq/irq.c.obj
                0x100019c8                irq_add_shared_handler
 .text.irq_remove_handler
                0x10001bd8      0x188 CMakeFiles/pico-timer.dir/D_/Pico/pico-sdk/src/rp2_common/hardware_irq/irq.c.obj
                0x10001bd8                irq_remove_handler
 .text.irq_add_tail_to_free_list
                0x10001d60       0xf0 CMakeFiles/pico-timer.dir/D_/Pico/pico-sdk/src/rp2_common/hardware_irq/irq.c.obj
                0x10001d60                irq_add_tail_to_free_list
 .text.irq_init_priorities
                0x10001e50       0x1c CMakeFiles/pico-timer.dir/D_/Pico/pico-sdk/src/rp2_common/hardware_irq/irq.c.obj
                0x10001e50                irq_init_priorities
 .text.user_irq_claim_unused
                0x10001e6c       0x30 CMakeFiles/pico-timer.dir/D_/Pico/pico-sdk/src/rp2_common/hardware_irq/irq.c.obj
                0x10001e6c                user_irq_claim_unused
 .text.sem_init
                0x10001e9c       0x1e CMakeFiles/pico-timer.dir/D_/Pico/pico-sdk/src/common/pico_sync/sem.c.obj
                0x10001e9c                sem_init
 *fill*         0x10001eba        0x2 
 .text.lock_init
                0x10001ebc       0x10 CMakeFiles/pico-timer.dir/D_/Pico/pico-sdk/src/common/pico_sync/lock_core.c.obj
                0x10001ebc                lock_init
 .text.time_reached
                0x10001ecc       0x28 CMakeFiles/pico-timer.dir/D_/Pico/pico-sdk/src/common/pico_time/time.c.obj
 .text.get_entry
                0x10001ef4       0x38 CMakeFiles/pico-timer.dir/D_/Pico/pico-sdk/src/common/pico_time/time.c.obj
 .text.timer_pool_entry_comparator
                0x10001f2c       0x2e CMakeFiles/pico-timer.dir/D_/Pico/pico-sdk/src/common/pico_time/time.c.obj
                0x10001f2c                timer_pool_entry_comparator
 *fill*         0x10001f5a        0x2 
 .text.update_us_since_boot
                0x10001f5c       0x24 CMakeFiles/pico-timer.dir/D_/Pico/pico-sdk/src/common/pico_time/time.c.obj
 .text.delayed_by_us
                0x10001f80       0x36 CMakeFiles/pico-timer.dir/D_/Pico/pico-sdk/src/common/pico_time/time.c.obj
 *fill*         0x10001fb6        0x2 
 .text.ph_get_node
                0x10001fb8       0x30 CMakeFiles/pico-timer.dir/D_/Pico/pico-sdk/src/common/pico_time/time.c.obj
 .text.ph_contains_node
                0x10001fe8       0x1e CMakeFiles/pico-timer.dir/D_/Pico/pico-sdk/src/common/pico_time/time.c.obj
 .text.ph_new_node
                0x10002006       0x28 CMakeFiles/pico-timer.dir/D_/Pico/pico-sdk/src/common/pico_time/time.c.obj
 *fill*         0x1000202e        0x2 
 .text.ph_add_child_node
                0x10002030       0x6c CMakeFiles/pico-timer.dir/D_/Pico/pico-sdk/src/common/pico_time/time.c.obj
 .text.ph_merge_nodes
                0x1000209c       0x3e CMakeFiles/pico-timer.dir/D_/Pico/pico-sdk/src/common/pico_time/time.c.obj
 *fill*         0x100020da        0x2 
 .text.ph_insert_node
                0x100020dc       0x3c CMakeFiles/pico-timer.dir/D_/Pico/pico-sdk/src/common/pico_time/time.c.obj
 .text.ph_free_node
                0x10002118       0x3c CMakeFiles/pico-timer.dir/D_/Pico/pico-sdk/src/common/pico_time/time.c.obj
 .text.get_entry_id_high
                0x10002154       0x30 CMakeFiles/pico-timer.dir/D_/Pico/pico-sdk/src/common/pico_time/time.c.obj
 .text.repeating_timer_callback
                0x10002184       0x40 CMakeFiles/pico-timer.dir/D_/Pico/pico-sdk/src/common/pico_time/time.c.obj
 .text.alarm_pool_post_alloc_init
                0x100021c4       0x40 CMakeFiles/pico-timer.dir/D_/Pico/pico-sdk/src/common/pico_time/time.c.obj
 .text.sleep_until_callback
                0x10002204       0x30 CMakeFiles/pico-timer.dir/D_/Pico/pico-sdk/src/common/pico_time/time.c.obj
 .text.get_absolute_time
                0x10002234       0x22 CMakeFiles/pico-timer.dir/D_/Pico/pico-sdk/src/common/pico_time/time.c.obj
 .text.make_timeout_time_us
                0x10002256       0x24 CMakeFiles/pico-timer.dir/D_/Pico/pico-sdk/src/common/pico_time/time.c.obj
 *fill*         0x1000227a        0x2 
 .text.add_alarm_under_lock
                0x1000227c       0x94 CMakeFiles/pico-timer.dir/D_/Pico/pico-sdk/src/common/pico_time/time.c.obj
 .text.alarm_pool_alarm_callback
                0x10002310      0x20c CMakeFiles/pico-timer.dir/D_/Pico/pico-sdk/src/common/pico_time/time.c.obj
 .text.alarm_pool_init_default
                0x1000251c       0x38 CMakeFiles/pico-timer.dir/D_/Pico/pico-sdk/src/common/pico_time/time.c.obj
                0x1000251c                alarm_pool_init_default
 .text.alarm_pool_get_default
                0x10002554       0x2c CMakeFiles/pico-timer.dir/D_/Pico/pico-sdk/src/common/pico_time/time.c.obj
                0x10002554                alarm_pool_get_default
 .text.alarm_pool_add_alarm_at
                0x10002580      0x10e CMakeFiles/pico-timer.dir/D_/Pico/pico-sdk/src/common/pico_time/time.c.obj
                0x10002580                alarm_pool_add_alarm_at
 .text.add_alarm_at
                0x1000268e       0x2e CMakeFiles/pico-timer.dir/D_/Pico/pico-sdk/src/common/pico_time/time.c.obj
 .text.alarm_pool_cancel_alarm
                0x100026bc       0xa0 CMakeFiles/pico-timer.dir/D_/Pico/pico-sdk/src/common/pico_time/time.c.obj
                0x100026bc                alarm_pool_cancel_alarm
 .text.cancel_alarm
                0x1000275c       0x10 CMakeFiles/pico-timer.dir/D_/Pico/pico-sdk/src/common/pico_time/time.c.obj
 .text.alarm_pool_add_repeating_timer_us
                0x1000276c       0x5c CMakeFiles/pico-timer.dir/D_/Pico/pico-sdk/src/common/pico_time/time.c.obj
                0x1000276c                alarm_pool_add_repeating_timer_us
 .text.sleep_until
                0x100027c8       0xb0 CMakeFiles/pico-timer.dir/D_/Pico/pico-sdk/src/common/pico_time/time.c.obj
                0x100027c8                sleep_until
 .text.sleep_us
                0x10002878       0x1a CMakeFiles/pico-timer.dir/D_/Pico/pico-sdk/src/common/pico_time/time.c.obj
                0x10002878                sleep_us
 .text.sleep_ms
                0x10002892       0x14 CMakeFiles/pico-timer.dir/D_/Pico/pico-sdk/src/common/pico_time/time.c.obj
                0x10002892                sleep_ms
 *fill*         0x100028a6        0x2 
 .text.best_effort_wfe_or_timeout
                0x100028a8       0x38 CMakeFiles/pico-timer.dir/D_/Pico/pico-sdk/src/common/pico_time/time.c.obj
                0x100028a8                best_effort_wfe_or_timeout
 .text.hardware_alarm_irq_handler
                0x100028e0       0x88 CMakeFiles/pico-timer.dir/D_/Pico/pico-sdk/src/rp2_common/hardware_timer/timer.c.obj
 .text.hardware_alarm_claim
                0x10002968       0x18 CMakeFiles/pico-timer.dir/D_/Pico/pico-sdk/src/rp2_common/hardware_timer/timer.c.obj
                0x10002968                hardware_alarm_claim
 .text.time_us_64
                0x10002980       0x18 CMakeFiles/pico-timer.dir/D_/Pico/pico-sdk/src/rp2_common/hardware_timer/timer.c.obj
                0x10002980                time_us_64
 .text.busy_wait_until
                0x10002998       0x28 CMakeFiles/pico-timer.dir/D_/Pico/pico-sdk/src/rp2_common/hardware_timer/timer.c.obj
                0x10002998                busy_wait_until
 .text.hardware_alarm_set_callback
                0x100029c0       0x90 CMakeFiles/pico-timer.dir/D_/Pico/pico-sdk/src/rp2_common/hardware_timer/timer.c.obj
                0x100029c0                hardware_alarm_set_callback
 .text.hardware_alarm_set_target
                0x10002a50       0xe8 CMakeFiles/pico-timer.dir/D_/Pico/pico-sdk/src/rp2_common/hardware_timer/timer.c.obj
                0x10002a50                hardware_alarm_set_target
 .text.hardware_alarm_cancel
                0x10002b38       0x40 CMakeFiles/pico-timer.dir/D_/Pico/pico-sdk/src/rp2_common/hardware_timer/timer.c.obj
                0x10002b38                hardware_alarm_cancel
 .text.ph_get_node
                0x10002b78       0x30 CMakeFiles/pico-timer.dir/D_/Pico/pico-sdk/src/common/pico_util/pheap.c.obj
 .text.ph_add_child_node
                0x10002ba8       0x6c CMakeFiles/pico-timer.dir/D_/Pico/pico-sdk/src/common/pico_util/pheap.c.obj
 .text.ph_merge_nodes
                0x10002c14       0x3e CMakeFiles/pico-timer.dir/D_/Pico/pico-sdk/src/common/pico_util/pheap.c.obj
 .text.ph_clear
                0x10002c52       0x34 CMakeFiles/pico-timer.dir/D_/Pico/pico-sdk/src/common/pico_util/pheap.c.obj
                0x10002c52                ph_clear
 .text.ph_post_alloc_init
                0x10002c86        0xe CMakeFiles/pico-timer.dir/D_/Pico/pico-sdk/src/common/pico_util/pheap.c.obj
                0x10002c86                ph_post_alloc_init
 .text.ph_merge_two_pass
                0x10002c94       0x5c CMakeFiles/pico-timer.dir/D_/Pico/pico-sdk/src/common/pico_util/pheap.c.obj
                0x10002c94                ph_merge_two_pass
 .text.ph_remove_any_head
                0x10002cf0       0xa4 CMakeFiles/pico-timer.dir/D_/Pico/pico-sdk/src/common/pico_util/pheap.c.obj
 .text.ph_remove_head
                0x10002d94       0x14 CMakeFiles/pico-timer.dir/D_/Pico/pico-sdk/src/common/pico_util/pheap.c.obj
                0x10002d94                ph_remove_head
 .text.ph_remove_and_free_node
                0x10002da8       0xa0 CMakeFiles/pico-timer.dir/D_/Pico/pico-sdk/src/common/pico_util/pheap.c.obj
                0x10002da8                ph_remove_and_free_node
 .text.update_us_since_boot
                0x10002e48       0x24 CMakeFiles/pico-timer.dir/D_/Pico/pico-sdk/src/common/pico_sync/mutex.c.obj
 .text.delayed_by_ms
                0x10002e6c       0x46 CMakeFiles/pico-timer.dir/D_/Pico/pico-sdk/src/common/pico_sync/mutex.c.obj
 .text.get_absolute_time
                0x10002eb2       0x22 CMakeFiles/pico-timer.dir/D_/Pico/pico-sdk/src/common/pico_sync/mutex.c.obj
 .text.make_timeout_time_ms
                0x10002ed4       0x20 CMakeFiles/pico-timer.dir/D_/Pico/pico-sdk/src/common/pico_sync/mutex.c.obj
 .text.mutex_init
                0x10002ef4       0x1a CMakeFiles/pico-timer.dir/D_/Pico/pico-sdk/src/common/pico_sync/mutex.c.obj
                0x10002ef4                mutex_init
 .text.recursive_mutex_init
                0x10002f0e       0x1e CMakeFiles/pico-timer.dir/D_/Pico/pico-sdk/src/common/pico_sync/mutex.c.obj
                0x10002f0e                recursive_mutex_init
 .text.critical_section_init_with_lock_num
                0x10002f2c       0x14 CMakeFiles/pico-timer.dir/D_/Pico/pico-sdk/src/common/pico_sync/critical_section.c.obj
                0x10002f2c                critical_section_init_with_lock_num
 .text.critical_section_init
                0x10002f40       0x14 CMakeFiles/pico-timer.dir/D_/Pico/pico-sdk/src/common/pico_sync/critical_section.c.obj
                0x10002f40                critical_section_init
 .text._exit    0x10002f54        0x4 CMakeFiles/pico-timer.dir/D_/Pico/pico-sdk/src/rp2_common/pico_runtime/runtime.c.obj
                0x10002f54                _exit
 .text._sbrk    0x10002f58       0x38 CMakeFiles/pico-timer.dir/D_/Pico/pico-sdk/src/rp2_common/pico_runtime/runtime.c.obj
                0x10002f58                _sbrk
 .text.exit     0x10002f90        0x6 CMakeFiles/pico-timer.dir/D_/Pico/pico-sdk/src/rp2_common/pico_runtime/runtime.c.obj
                0x10002f90                exit
 *fill*         0x10002f96        0x2 
 .text.__assert_func
                0x10002f98       0x38 CMakeFiles/pico-timer.dir/D_/Pico/pico-sdk/src/rp2_common/pico_runtime/runtime.c.obj
                0x10002f98                __assert_func
 .text.runtime_init
                0x10002fd0       0xf8 CMakeFiles/pico-timer.dir/D_/Pico/pico-sdk/src/rp2_common/pico_runtime/runtime.c.obj
                0x10002fd0                runtime_init
 .text.panic    0x100030c8       0x30 CMakeFiles/pico-timer.dir/D_/Pico/pico-sdk/src/rp2_common/pico_runtime/runtime.c.obj
                0x100030c8                panic
 .text.clock_configure
                0x100030f8      0x104 CMakeFiles/pico-timer.dir/D_/Pico/pico-sdk/src/rp2_common/hardware_clocks/clocks.c.obj
                0x100030f8                clock_configure
 .text.clocks_init
                0x100031fc      0x100 CMakeFiles/pico-timer.dir/D_/Pico/pico-sdk/src/rp2_common/hardware_clocks/clocks.c.obj
                0x100031fc                clocks_init
 .text.pll_init
                0x100032fc      0x140 CMakeFiles/pico-timer.dir/D_/Pico/pico-sdk/src/rp2_common/hardware_pll/pll.c.obj
                0x100032fc                pll_init
 .text.watchdog_start_tick
                0x1000343c       0x10 CMakeFiles/pico-timer.dir/D_/Pico/pico-sdk/src/rp2_common/hardware_watchdog/watchdog.c.obj
                0x1000343c                watchdog_start_tick
 .text.watchdog_update
                0x1000344c       0x14 CMakeFiles/pico-timer.dir/D_/Pico/pico-sdk/src/rp2_common/hardware_watchdog/watchdog.c.obj
                0x1000344c                watchdog_update
 .text._watchdog_enable
                0x10003460       0x78 CMakeFiles/pico-timer.dir/D_/Pico/pico-sdk/src/rp2_common/hardware_watchdog/watchdog.c.obj
                0x10003460                _watchdog_enable
 .text.watchdog_reboot
                0x100034d8       0x48 CMakeFiles/pico-timer.dir/D_/Pico/pico-sdk/src/rp2_common/hardware_watchdog/watchdog.c.obj
                0x100034d8                watchdog_reboot
 .text.xosc_init
                0x10003520       0x28 CMakeFiles/pico-timer.dir/D_/Pico/pico-sdk/src/rp2_common/hardware_xosc/xosc.c.obj
                0x10003520                xosc_init
 .text._out_null
                0x10003548        0x2 CMakeFiles/pico-timer.dir/D_/Pico/pico-sdk/src/rp2_common/pico_printf/printf.c.obj
 .text._out_fct
                0x1000354a        0xe CMakeFiles/pico-timer.dir/D_/Pico/pico-sdk/src/rp2_common/pico_printf/printf.c.obj
 .text._atoi    0x10003558       0x24 CMakeFiles/pico-timer.dir/D_/Pico/pico-sdk/src/rp2_common/pico_printf/printf.c.obj
 .text._out_rev
                0x1000357c       0xae CMakeFiles/pico-timer.dir/D_/Pico/pico-sdk/src/rp2_common/pico_printf/printf.c.obj
 .text._ntoa_format
                0x1000362a      0x110 CMakeFiles/pico-timer.dir/D_/Pico/pico-sdk/src/rp2_common/pico_printf/printf.c.obj
 .text._ntoa_long
                0x1000373a       0xbc CMakeFiles/pico-timer.dir/D_/Pico/pico-sdk/src/rp2_common/pico_printf/printf.c.obj
 .text._ntoa_long_long
                0x100037f6      0x10e CMakeFiles/pico-timer.dir/D_/Pico/pico-sdk/src/rp2_common/pico_printf/printf.c.obj
 .text._etoa    0x10003904      0x420 CMakeFiles/pico-timer.dir/D_/Pico/pico-sdk/src/rp2_common/pico_printf/printf.c.obj
 .text._ftoa    0x10003d24      0x354 CMakeFiles/pico-timer.dir/D_/Pico/pico-sdk/src/rp2_common/pico_printf/printf.c.obj
 .text._vsnprintf
                0x10004078      0x65c CMakeFiles/pico-timer.dir/D_/Pico/pico-sdk/src/rp2_common/pico_printf/printf.c.obj
 .text.vfctprintf
                0x100046d4       0x20 CMakeFiles/pico-timer.dir/D_/Pico/pico-sdk/src/rp2_common/pico_printf/printf.c.obj
                0x100046d4                vfctprintf
 .text          0x100046f4       0x10 CMakeFiles/pico-timer.dir/D_/Pico/pico-sdk/src/rp2_common/pico_bit_ops/bit_ops_aeabi.S.obj
 .text.rom_func_lookup
                0x10004704       0x10 CMakeFiles/pico-timer.dir/D_/Pico/pico-sdk/src/rp2_common/pico_bootrom/bootrom.c.obj
                0x10004704                rom_func_lookup
 .text.rom_data_lookup
                0x10004714       0x10 CMakeFiles/pico-timer.dir/D_/Pico/pico-sdk/src/rp2_common/pico_bootrom/bootrom.c.obj
                0x10004714                rom_data_lookup
 .text.rom_funcs_lookup
                0x10004724       0x36 CMakeFiles/pico-timer.dir/D_/Pico/pico-sdk/src/rp2_common/pico_bootrom/bootrom.c.obj
                0x10004724                rom_funcs_lookup
 *fill*         0x1000475a        0x2 
 .text.__wrap___aeabi_idiv
                0x1000475c       0x50 CMakeFiles/pico-timer.dir/D_/Pico/pico-sdk/src/rp2_common/pico_divider/divider.S.obj
                0x1000475c                __wrap___aeabi_idivmod
                0x1000475c                divmod_s32s32
                0x1000475c                div_s32s32
                0x1000475c                __wrap___aeabi_idiv
                0x10004764                divmod_s32s32_unsafe
                0x10004790                divmod_s32s32_savestate
 .text.__wrap___aeabi_uidiv
                0x100047ac       0x4c CMakeFiles/pico-timer.dir/D_/Pico/pico-sdk/src/rp2_common/pico_divider/divider.S.obj
                0x100047ac                __wrap___aeabi_uidiv
                0x100047ac                __wrap___aeabi_uidivmod
                0x100047ac                div_u32u32
                0x100047ac                divmod_u32u32
                0x100047b4                divmod_u32u32_unsafe
                0x100047dc                divmod_u32u32_savestate
 .text.__wrap___aeabi_ldiv
                0x100047f8      0x434 CMakeFiles/pico-timer.dir/D_/Pico/pico-sdk/src/rp2_common/pico_divider/divider.S.obj
                0x100047f8                div_s64s64
                0x100047f8                divmod_s64s64
                0x100047f8                __wrap___aeabi_ldivmod
                0x10004830                divmod_u64u64
                0x10004830                div_u64u64
                0x10004830                __wrap___aeabi_uldivmod
                0x10004840                divmod_u64u64_savestate
                0x10004868                divmod_s64s64_unsafe
                0x100048f0                divmod_u64u64_unsafe
 .text.__wrap___aeabi_darithmetic
                0x10004c2c       0x80 CMakeFiles/pico-timer.dir/D_/Pico/pico-sdk/src/rp2_common/pico_double/double_aeabi.S.obj
                0x10004c2c                __wrap___aeabi_drsub
                0x10004c32                __wrap___aeabi_dsub
                0x10004c44                __wrap___aeabi_dadd
                0x10004c56                __wrap___aeabi_ddiv
                0x10004c92                __wrap___aeabi_dmul
 .text.__wrap___aeabi_cdcmple
                0x10004cac       0x6c CMakeFiles/pico-timer.dir/D_/Pico/pico-sdk/src/rp2_common/pico_double/double_aeabi.S.obj
                0x10004cac                __wrap___aeabi_cdrcmple
                0x10004cbc                __wrap___aeabi_cdcmpeq
                0x10004cbc                __wrap___aeabi_cdcmple
 .text.__wrap___aeabi_dcmpeq
                0x10004d18       0x10 CMakeFiles/pico-timer.dir/D_/Pico/pico-sdk/src/rp2_common/pico_double/double_aeabi.S.obj
                0x10004d18                __wrap___aeabi_dcmpeq
 .text.__wrap___aeabi_dcmplt
                0x10004d28        0xc CMakeFiles/pico-timer.dir/D_/Pico/pico-sdk/src/rp2_common/pico_double/double_aeabi.S.obj
                0x10004d28                __wrap___aeabi_dcmplt
 .text.__wrap___aeabi_dcmple
                0x10004d34       0x10 CMakeFiles/pico-timer.dir/D_/Pico/pico-sdk/src/rp2_common/pico_double/double_aeabi.S.obj
                0x10004d34                __wrap___aeabi_dcmple
 .text.__wrap___aeabi_dcmpge
                0x10004d44       0x10 CMakeFiles/pico-timer.dir/D_/Pico/pico-sdk/src/rp2_common/pico_double/double_aeabi.S.obj
                0x10004d44                __wrap___aeabi_dcmpge
 .text.__wrap___aeabi_dcmpgt
                0x10004d54        0xa CMakeFiles/pico-timer.dir/D_/Pico/pico-sdk/src/rp2_common/pico_double/double_aeabi.S.obj
                0x10004d54                __wrap___aeabi_dcmpgt
 .text.__wrap___aeabi_dcmpun
                0x10004d5e       0x1c CMakeFiles/pico-timer.dir/D_/Pico/pico-sdk/src/rp2_common/pico_double/double_aeabi.S.obj
                0x10004d5e                __wrap___aeabi_dcmpun
 *fill*         0x10004d7a        0x2 
 .text.__wrap___aeabi_i2d
                0x10004d7c       0x38 CMakeFiles/pico-timer.dir/D_/Pico/pico-sdk/src/rp2_common/pico_double/double_aeabi.S.obj
                0x10004d7c                __wrap___aeabi_ui2d
                0x10004d84                __wrap___aeabi_i2d
 .text.__wrap___aeabi_d2iz
                0x10004db4       0x48 CMakeFiles/pico-timer.dir/D_/Pico/pico-sdk/src/rp2_common/pico_double/double_aeabi.S.obj
                0x10004db4                double2int_z
                0x10004db4                __wrap___aeabi_d2iz
 .text.__wrap___aeabi_d2uiz
                0x10004dfc       0x18 CMakeFiles/pico-timer.dir/D_/Pico/pico-sdk/src/rp2_common/pico_double/double_aeabi.S.obj
                0x10004dfc                __wrap___aeabi_d2uiz
                0x10004dfc                double2uint
 .text.__wrap_exp
                0x10004e14       0x18 CMakeFiles/pico-timer.dir/D_/Pico/pico-sdk/src/rp2_common/pico_double/double_aeabi.S.obj
                0x10004e14                __wrap_exp
 .text.__wrap_log
                0x10004e2c       0x18 CMakeFiles/pico-timer.dir/D_/Pico/pico-sdk/src/rp2_common/pico_double/double_aeabi.S.obj
                0x10004e2c                __wrap_log
 .text.__aeabi_double_init
                0x10004e44       0xcc CMakeFiles/pico-timer.dir/D_/Pico/pico-sdk/src/rp2_common/pico_double/double_init_rom.c.obj
                0x10004e44                __aeabi_double_init
 .text.dldexp   0x10004f10       0x50 CMakeFiles/pico-timer.dir/D_/Pico/pico-sdk/src/rp2_common/pico_double/double_math.c.obj
 .text.disint   0x10004f60       0x60 CMakeFiles/pico-timer.dir/D_/Pico/pico-sdk/src/rp2_common/pico_double/double_math.c.obj
 .text.disoddint
                0x10004fc0       0x7c CMakeFiles/pico-timer.dir/D_/Pico/pico-sdk/src/rp2_common/pico_double/double_math.c.obj
 .text.dispo2   0x1000503c       0x28 CMakeFiles/pico-timer.dir/D_/Pico/pico-sdk/src/rp2_common/pico_double/double_math.c.obj
 .text.dpow_int2
                0x10005064       0x2c CMakeFiles/pico-timer.dir/D_/Pico/pico-sdk/src/rp2_common/pico_double/double_math.c.obj
 .text.dpowint_1
                0x10005090       0x24 CMakeFiles/pico-timer.dir/D_/Pico/pico-sdk/src/rp2_common/pico_double/double_math.c.obj
 .text.dpow_1   0x100050b4      0x1dc CMakeFiles/pico-timer.dir/D_/Pico/pico-sdk/src/rp2_common/pico_double/double_math.c.obj
 .text.dpow_0   0x10005290       0xd8 CMakeFiles/pico-timer.dir/D_/Pico/pico-sdk/src/rp2_common/pico_double/double_math.c.obj
 .text.__wrap_ldexp
                0x10005368        0x8 CMakeFiles/pico-timer.dir/D_/Pico/pico-sdk/src/rp2_common/pico_double/double_math.c.obj
                0x10005368                __wrap_ldexp
 .text.__wrap_round
                0x10005370       0x98 CMakeFiles/pico-timer.dir/D_/Pico/pico-sdk/src/rp2_common/pico_double/double_math.c.obj
                0x10005370                __wrap_round
 .text.__wrap_exp2
                0x10005408       0x88 CMakeFiles/pico-timer.dir/D_/Pico/pico-sdk/src/rp2_common/pico_double/double_math.c.obj
                0x10005408                __wrap_exp2
 .text.__wrap_pow
                0x10005490      0x168 CMakeFiles/pico-timer.dir/D_/Pico/pico-sdk/src/rp2_common/pico_double/double_math.c.obj
                0x10005490                __wrap_pow
 .text.double_table_shim_on_use_helper
                0x100055f8       0x34 CMakeFiles/pico-timer.dir/D_/Pico/pico-sdk/src/rp2_common/pico_double/double_v1_rom_shim.S.obj
                0x100055f8                double_table_shim_on_use_helper
 .text.__wrap___aeabi_dsub
                0x1000562c       0x10 CMakeFiles/pico-timer.dir/D_/Pico/pico-sdk/src/rp2_common/pico_double/double_v1_rom_shim.S.obj
                0x1000562c                drsub_shim
                0x10005632                dsub_shim
 .text.dadd_shim
                0x1000563c      0x15c CMakeFiles/pico-timer.dir/D_/Pico/pico-sdk/src/rp2_common/pico_double/double_v1_rom_shim.S.obj
                0x1000563c                dadd_shim
 .text.dmul_shim
                0x10005798      0x15c CMakeFiles/pico-timer.dir/D_/Pico/pico-sdk/src/rp2_common/pico_double/double_v1_rom_shim.S.obj
                0x10005798                dmul_shim
 .text.ddiv_shim
                0x100058f4      0x1b0 CMakeFiles/pico-timer.dir/D_/Pico/pico-sdk/src/rp2_common/pico_double/double_v1_rom_shim.S.obj
                0x100058f4                ddiv_shim
 .text.double2uint_shim
                0x10005aa4        0xe CMakeFiles/pico-timer.dir/D_/Pico/pico-sdk/src/rp2_common/pico_double/double_v1_rom_shim.S.obj
                0x10005aa4                double2uint_shim
                0x10005aa6                double2ufix_shim
 *fill*         0x10005ab2        0x2 
 .text.double2uint64_shim
                0x10005ab4       0x70 CMakeFiles/pico-timer.dir/D_/Pico/pico-sdk/src/rp2_common/pico_double/double_v1_rom_shim.S.obj
                0x10005ab4                double2uint64_shim
                0x10005ab6                double2ufix64_shim
                0x10005ad6                d2fix_a
 .text.x2double_shims
                0x10005b24       0x90 CMakeFiles/pico-timer.dir/D_/Pico/pico-sdk/src/rp2_common/pico_double/double_v1_rom_shim.S.obj
                0x10005b24                uint2double_shim
                0x10005b26                ufix2double_shim
                0x10005b2c                int2double_shim
                0x10005b2e                fix2double_shim
                0x10005b34                uint642double_shim
                0x10005b36                ufix642double_shim
                0x10005b3c                int642double_shim
                0x10005b3e                fix642double_shim
 .text.dunpacks
                0x10005bb4       0x3c CMakeFiles/pico-timer.dir/D_/Pico/pico-sdk/src/rp2_common/pico_double/double_v1_rom_shim.S.obj
                0x10005bb4                dunpacks
 .text.dreduce  0x10005bf0       0x82 CMakeFiles/pico-timer.dir/D_/Pico/pico-sdk/src/rp2_common/pico_double/double_v1_rom_shim.S.obj
                0x10005bf0                dreduce
 *fill*         0x10005c72        0x2 
 .text.dexp_guts
                0x10005c74      0x268 CMakeFiles/pico-timer.dir/D_/Pico/pico-sdk/src/rp2_common/pico_double/double_v1_rom_shim.S.obj
                0x10005c74                dexp_shim
                0x10005d10                dln_shim
 .text.__aeabi_lmul
                0x10005edc       0x32 CMakeFiles/pico-timer.dir/D_/Pico/pico-sdk/src/rp2_common/pico_int64_ops/pico_int64_ops_aeabi.S.obj
                0x10005edc                __wrap___aeabi_lmul
 *fill*         0x10005f0e        0x2 
 .text.__aeabi_float_init
                0x10005f10       0xfc CMakeFiles/pico-timer.dir/D_/Pico/pico-sdk/src/rp2_common/pico_float/float_init_rom.c.obj
                0x10005f10                __aeabi_float_init
 .text.float_table_shim_on_use_helper
                0x1000600c       0x34 CMakeFiles/pico-timer.dir/D_/Pico/pico-sdk/src/rp2_common/pico_float/float_v1_rom_shim.S.obj
                0x1000600c                float_table_shim_on_use_helper
 .text.check_alloc
                0x10006040       0x20 CMakeFiles/pico-timer.dir/D_/Pico/pico-sdk/src/rp2_common/pico_malloc/pico_malloc.c.obj
 .text.__wrap_malloc
                0x10006060       0x2c CMakeFiles/pico-timer.dir/D_/Pico/pico-sdk/src/rp2_common/pico_malloc/pico_malloc.c.obj
                0x10006060                __wrap_malloc
 .text.__wrap_free
                0x1000608c       0x20 CMakeFiles/pico-timer.dir/D_/Pico/pico-sdk/src/rp2_common/pico_malloc/pico_malloc.c.obj
                0x1000608c                __wrap_free
 .text          0x100060ac       0x10 CMakeFiles/pico-timer.dir/D_/Pico/pico-sdk/src/rp2_common/pico_mem_ops/mem_ops_aeabi.S.obj
                0x100060ac                __aeabi_mem_init
 .text.memset   0x100060bc        0xc CMakeFiles/pico-timer.dir/D_/Pico/pico-sdk/src/rp2_common/pico_mem_ops/mem_ops_aeabi.S.obj
                0x100060bc                __wrap_memset
 .text.memcpy   0x100060c8        0xc CMakeFiles/pico-timer.dir/D_/Pico/pico-sdk/src/rp2_common/pico_mem_ops/mem_ops_aeabi.S.obj
                0x100060c8                __wrap_memcpy
                0x100060c8                __wrap___aeabi_memcpy
 .text._Znwj    0x100060d4        0x8 CMakeFiles/pico-timer.dir/D_/Pico/pico-sdk/src/rp2_common/pico_standard_link/new_delete.cpp.obj
                0x100060d4                operator new(unsigned int)
 .text._ZdlPvj  0x100060dc        0x8 CMakeFiles/pico-timer.dir/D_/Pico/pico-sdk/src/rp2_common/pico_standard_link/new_delete.cpp.obj
                0x100060dc                operator delete(void*, unsigned int)
 .text.stdio_out_chars_no_crlf
                0x100060e4        0xe CMakeFiles/pico-timer.dir/D_/Pico/pico-sdk/src/rp2_common/pico_stdio/stdio.c.obj
 *fill*         0x100060f2        0x2 
 .text.stdio_out_chars_crlf
                0x100060f4       0x80 CMakeFiles/pico-timer.dir/D_/Pico/pico-sdk/src/rp2_common/pico_stdio/stdio.c.obj
 .text.stdio_stack_buffer_flush
                0x10006174       0x44 CMakeFiles/pico-timer.dir/D_/Pico/pico-sdk/src/rp2_common/pico_stdio/stdio.c.obj
 .text.stdio_buffered_printer
                0x100061b8       0x20 CMakeFiles/pico-timer.dir/D_/Pico/pico-sdk/src/rp2_common/pico_stdio/stdio.c.obj
 .text.stdout_serialize_begin
                0x100061d8       0x30 CMakeFiles/pico-timer.dir/D_/Pico/pico-sdk/src/rp2_common/pico_stdio/stdio.c.obj
                0x100061d8                stdout_serialize_begin
 .text.stdout_serialize_end
                0x10006208       0x10 CMakeFiles/pico-timer.dir/D_/Pico/pico-sdk/src/rp2_common/pico_stdio/stdio.c.obj
                0x10006208                stdout_serialize_end
 .text.stdio_put_string
                0x10006218       0x98 CMakeFiles/pico-timer.dir/D_/Pico/pico-sdk/src/rp2_common/pico_stdio/stdio.c.obj
 .text.stdio_set_driver_enabled
                0x100062b0       0x2c CMakeFiles/pico-timer.dir/D_/Pico/pico-sdk/src/rp2_common/pico_stdio/stdio.c.obj
                0x100062b0                stdio_set_driver_enabled
 .text.stdio_flush
                0x100062dc       0x20 CMakeFiles/pico-timer.dir/D_/Pico/pico-sdk/src/rp2_common/pico_stdio/stdio.c.obj
                0x100062dc                stdio_flush
 .text.__wrap_puts
                0x100062fc       0x1e CMakeFiles/pico-timer.dir/D_/Pico/pico-sdk/src/rp2_common/pico_stdio/stdio.c.obj
                0x100062fc                __wrap_puts
 *fill*         0x1000631a        0x2 
 .text.__wrap_vprintf
                0x1000631c       0x44 CMakeFiles/pico-timer.dir/D_/Pico/pico-sdk/src/rp2_common/pico_stdio/stdio.c.obj
                0x1000631c                __wrap_vprintf
 .text.__wrap_printf
                0x10006360       0x18 CMakeFiles/pico-timer.dir/D_/Pico/pico-sdk/src/rp2_common/pico_stdio/stdio.c.obj
                0x10006360                __wrap_printf
 .text.stdio_init_all
                0x10006378        0x8 CMakeFiles/pico-timer.dir/D_/Pico/pico-sdk/src/rp2_common/pico_stdio/stdio.c.obj
                0x10006378                stdio_init_all
 .text.resetd_init
                0x10006380        0x2 CMakeFiles/pico-timer.dir/D_/Pico/pico-sdk/src/rp2_common/pico_stdio_usb/reset_interface.c.obj
 *fill*         0x10006382        0x2 
 .text.resetd_reset
                0x10006384        0xc CMakeFiles/pico-timer.dir/D_/Pico/pico-sdk/src/rp2_common/pico_stdio_usb/reset_interface.c.obj
 .text.resetd_open
                0x10006390       0x34 CMakeFiles/pico-timer.dir/D_/Pico/pico-sdk/src/rp2_common/pico_stdio_usb/reset_interface.c.obj
 .text.resetd_xfer_cb
                0x100063c4        0x4 CMakeFiles/pico-timer.dir/D_/Pico/pico-sdk/src/rp2_common/pico_stdio_usb/reset_interface.c.obj
 .text.reset_usb_boot
                0x100063c8       0x18 CMakeFiles/pico-timer.dir/D_/Pico/pico-sdk/src/rp2_common/pico_stdio_usb/reset_interface.c.obj
 .text.resetd_control_xfer_cb
                0x100063e0       0x5c CMakeFiles/pico-timer.dir/D_/Pico/pico-sdk/src/rp2_common/pico_stdio_usb/reset_interface.c.obj
 .text.usbd_app_driver_get_cb
                0x1000643c        0xc CMakeFiles/pico-timer.dir/D_/Pico/pico-sdk/src/rp2_common/pico_stdio_usb/reset_interface.c.obj
                0x1000643c                usbd_app_driver_get_cb
 .text.tud_cdc_line_coding_cb
                0x10006448       0x28 CMakeFiles/pico-timer.dir/D_/Pico/pico-sdk/src/rp2_common/pico_stdio_usb/reset_interface.c.obj
                0x10006448                tud_cdc_line_coding_cb
 .text.stdio_usb_in_chars
                0x10006470       0x70 CMakeFiles/pico-timer.dir/D_/Pico/pico-sdk/src/rp2_common/pico_stdio_usb/stdio_usb.c.obj
                0x10006470                stdio_usb_in_chars
 .text.low_priority_worker_irq
                0x100064e0       0x20 CMakeFiles/pico-timer.dir/D_/Pico/pico-sdk/src/rp2_common/pico_stdio_usb/stdio_usb.c.obj
 .text.stdio_usb_out_chars
                0x10006500       0xd4 CMakeFiles/pico-timer.dir/D_/Pico/pico-sdk/src/rp2_common/pico_stdio_usb/stdio_usb.c.obj
 .text.update_us_since_boot
                0x100065d4       0x24 CMakeFiles/pico-timer.dir/D_/Pico/pico-sdk/src/rp2_common/pico_stdio_usb/stdio_usb.c.obj
 .text.get_absolute_time
                0x100065f8       0x22 CMakeFiles/pico-timer.dir/D_/Pico/pico-sdk/src/rp2_common/pico_stdio_usb/stdio_usb.c.obj
 .text.delayed_by_us
                0x1000661a       0x36 CMakeFiles/pico-timer.dir/D_/Pico/pico-sdk/src/rp2_common/pico_stdio_usb/stdio_usb.c.obj
 .text.timer_task
                0x10006650       0x40 CMakeFiles/pico-timer.dir/D_/Pico/pico-sdk/src/rp2_common/pico_stdio_usb/stdio_usb.c.obj
 .text.usb_irq  0x10006690       0x10 CMakeFiles/pico-timer.dir/D_/Pico/pico-sdk/src/rp2_common/pico_stdio_usb/stdio_usb.c.obj
 .text.alarm_pool_add_alarm_in_us
                0x100066a0       0x3a CMakeFiles/pico-timer.dir/D_/Pico/pico-sdk/src/rp2_common/pico_stdio_usb/stdio_usb.c.obj
 .text.add_alarm_in_us
                0x100066da       0x2e CMakeFiles/pico-timer.dir/D_/Pico/pico-sdk/src/rp2_common/pico_stdio_usb/stdio_usb.c.obj
 .text.stdio_usb_init
                0x10006708       0x98 CMakeFiles/pico-timer.dir/D_/Pico/pico-sdk/src/rp2_common/pico_stdio_usb/stdio_usb.c.obj
                0x10006708                stdio_usb_init
 .text.tud_descriptor_device_cb
                0x100067a0        0x8 CMakeFiles/pico-timer.dir/D_/Pico/pico-sdk/src/rp2_common/pico_stdio_usb/stdio_usb_descriptors.c.obj
                0x100067a0                tud_descriptor_device_cb
 .text.tud_descriptor_configuration_cb
                0x100067a8        0x8 CMakeFiles/pico-timer.dir/D_/Pico/pico-sdk/src/rp2_common/pico_stdio_usb/stdio_usb_descriptors.c.obj
                0x100067a8                tud_descriptor_configuration_cb
 .text.tud_descriptor_string_cb
                0x100067b0       0x6c CMakeFiles/pico-timer.dir/D_/Pico/pico-sdk/src/rp2_common/pico_stdio_usb/stdio_usb_descriptors.c.obj
                0x100067b0                tud_descriptor_string_cb
 .text.hw_endpoint_get_by_addr
                0x1000681c       0x18 CMakeFiles/pico-timer.dir/D_/Pico/pico-sdk/lib/tinyusb/src/portable/raspberrypi/rp2040/dcd_rp2040.c.obj
 .text.reset_ep0_pid
                0x10006834       0x28 CMakeFiles/pico-timer.dir/D_/Pico/pico-sdk/lib/tinyusb/src/portable/raspberrypi/rp2040/dcd_rp2040.c.obj
 .text._hw_endpoint_alloc
                0x1000685c       0x70 CMakeFiles/pico-timer.dir/D_/Pico/pico-sdk/lib/tinyusb/src/portable/raspberrypi/rp2040/dcd_rp2040.c.obj
 .text.hw_endpoint_init
                0x100068cc       0x88 CMakeFiles/pico-timer.dir/D_/Pico/pico-sdk/lib/tinyusb/src/portable/raspberrypi/rp2040/dcd_rp2040.c.obj
 .text.reset_non_control_endpoints
                0x10006954       0x40 CMakeFiles/pico-timer.dir/D_/Pico/pico-sdk/lib/tinyusb/src/portable/raspberrypi/rp2040/dcd_rp2040.c.obj
 .text.hw_handle_buff_status
                0x10006994       0x8c CMakeFiles/pico-timer.dir/D_/Pico/pico-sdk/lib/tinyusb/src/portable/raspberrypi/rp2040/dcd_rp2040.c.obj
 .text.dcd_rp2040_irq
                0x10006a20       0xc0 CMakeFiles/pico-timer.dir/D_/Pico/pico-sdk/lib/tinyusb/src/portable/raspberrypi/rp2040/dcd_rp2040.c.obj
 .text.hw_endpoint_xfer
                0x10006ae0       0x14 CMakeFiles/pico-timer.dir/D_/Pico/pico-sdk/lib/tinyusb/src/portable/raspberrypi/rp2040/dcd_rp2040.c.obj
 .text.dcd_int_enable
                0x10006af4       0x2c CMakeFiles/pico-timer.dir/D_/Pico/pico-sdk/lib/tinyusb/src/portable/raspberrypi/rp2040/dcd_rp2040.c.obj
                0x10006af4                dcd_int_enable
 .text.dcd_set_address
                0x10006b20       0x2c CMakeFiles/pico-timer.dir/D_/Pico/pico-sdk/lib/tinyusb/src/portable/raspberrypi/rp2040/dcd_rp2040.c.obj
                0x10006b20                dcd_set_address
 .text.dcd_connect
                0x10006b4c       0x10 CMakeFiles/pico-timer.dir/D_/Pico/pico-sdk/lib/tinyusb/src/portable/raspberrypi/rp2040/dcd_rp2040.c.obj
                0x10006b4c                dcd_connect
 .text.dcd_init
                0x10006b5c       0x7c CMakeFiles/pico-timer.dir/D_/Pico/pico-sdk/lib/tinyusb/src/portable/raspberrypi/rp2040/dcd_rp2040.c.obj
                0x10006b5c                dcd_init
 .text.dcd_edpt0_status_complete
                0x10006bd8       0x1c CMakeFiles/pico-timer.dir/D_/Pico/pico-sdk/lib/tinyusb/src/portable/raspberrypi/rp2040/dcd_rp2040.c.obj
                0x10006bd8                dcd_edpt0_status_complete
 .text.dcd_edpt_open
                0x10006bf4       0x40 CMakeFiles/pico-timer.dir/D_/Pico/pico-sdk/lib/tinyusb/src/portable/raspberrypi/rp2040/dcd_rp2040.c.obj
                0x10006bf4                dcd_edpt_open
 .text.dcd_edpt_close_all
                0x10006c34        0x8 CMakeFiles/pico-timer.dir/D_/Pico/pico-sdk/lib/tinyusb/src/portable/raspberrypi/rp2040/dcd_rp2040.c.obj
                0x10006c34                dcd_edpt_close_all
 .text.dcd_edpt_xfer
                0x10006c3c       0x30 CMakeFiles/pico-timer.dir/D_/Pico/pico-sdk/lib/tinyusb/src/portable/raspberrypi/rp2040/dcd_rp2040.c.obj
                0x10006c3c                dcd_edpt_xfer
 .text.dcd_edpt_stall
                0x10006c6c       0x2c CMakeFiles/pico-timer.dir/D_/Pico/pico-sdk/lib/tinyusb/src/portable/raspberrypi/rp2040/dcd_rp2040.c.obj
                0x10006c6c                dcd_edpt_stall
 .text.dcd_edpt_clear_stall
                0x10006c98       0x20 CMakeFiles/pico-timer.dir/D_/Pico/pico-sdk/lib/tinyusb/src/portable/raspberrypi/rp2040/dcd_rp2040.c.obj
                0x10006c98                dcd_edpt_clear_stall
 .text.prepare_ep_buffer
                0x10006cb8       0x6c CMakeFiles/pico-timer.dir/D_/Pico/pico-sdk/lib/tinyusb/src/portable/raspberrypi/rp2040/rp2040_usb.c.obj
 .text.sync_ep_buffer
                0x10006d24       0x78 CMakeFiles/pico-timer.dir/D_/Pico/pico-sdk/lib/tinyusb/src/portable/raspberrypi/rp2040/rp2040_usb.c.obj
 .text._hw_endpoint_xfer_sync
                0x10006d9c       0x28 CMakeFiles/pico-timer.dir/D_/Pico/pico-sdk/lib/tinyusb/src/portable/raspberrypi/rp2040/rp2040_usb.c.obj
 .text.rp2040_usb_init
                0x10006dc4       0x4c CMakeFiles/pico-timer.dir/D_/Pico/pico-sdk/lib/tinyusb/src/portable/raspberrypi/rp2040/rp2040_usb.c.obj
                0x10006dc4                rp2040_usb_init
 .text.hw_endpoint_reset_transfer
                0x10006e10        0xc CMakeFiles/pico-timer.dir/D_/Pico/pico-sdk/lib/tinyusb/src/portable/raspberrypi/rp2040/rp2040_usb.c.obj
                0x10006e10                hw_endpoint_reset_transfer
 .text._hw_endpoint_buffer_control_update32
                0x10006e1c       0x58 CMakeFiles/pico-timer.dir/D_/Pico/pico-sdk/lib/tinyusb/src/portable/raspberrypi/rp2040/rp2040_usb.c.obj
                0x10006e1c                _hw_endpoint_buffer_control_update32
 .text._hw_endpoint_start_next_buffer
                0x10006e74       0x74 CMakeFiles/pico-timer.dir/D_/Pico/pico-sdk/lib/tinyusb/src/portable/raspberrypi/rp2040/rp2040_usb.c.obj
 .text.hw_endpoint_xfer_start
                0x10006ee8       0x48 CMakeFiles/pico-timer.dir/D_/Pico/pico-sdk/lib/tinyusb/src/portable/raspberrypi/rp2040/rp2040_usb.c.obj
                0x10006ee8                hw_endpoint_xfer_start
 .text.hw_endpoint_xfer_continue
                0x10006f30       0x38 CMakeFiles/pico-timer.dir/D_/Pico/pico-sdk/lib/tinyusb/src/portable/raspberrypi/rp2040/rp2040_usb.c.obj
                0x10006f30                hw_endpoint_xfer_continue
 .text.configuration_reset
                0x10006f68       0x84 CMakeFiles/pico-timer.dir/D_/Pico/pico-sdk/lib/tinyusb/src/device/usbd.c.obj
 .text.osal_queue_receive
                0x10006fec       0x30 CMakeFiles/pico-timer.dir/D_/Pico/pico-sdk/lib/tinyusb/src/device/usbd.c.obj
 .text.usbd_reset
                0x1000701c        0xc CMakeFiles/pico-timer.dir/D_/Pico/pico-sdk/lib/tinyusb/src/device/usbd.c.obj
 .text.invoke_class_control
                0x10007028       0x1a CMakeFiles/pico-timer.dir/D_/Pico/pico-sdk/lib/tinyusb/src/device/usbd.c.obj
 *fill*         0x10007042        0x2 
 .text.process_set_config
                0x10007044      0x1b0 CMakeFiles/pico-timer.dir/D_/Pico/pico-sdk/lib/tinyusb/src/device/usbd.c.obj
 .text.process_get_descriptor
                0x100071f4       0xec CMakeFiles/pico-timer.dir/D_/Pico/pico-sdk/lib/tinyusb/src/device/usbd.c.obj
 .text.osal_queue_send
                0x100072e0       0x4c CMakeFiles/pico-timer.dir/D_/Pico/pico-sdk/lib/tinyusb/src/device/usbd.c.obj
 .text.tud_mounted
                0x1000732c       0x10 CMakeFiles/pico-timer.dir/D_/Pico/pico-sdk/lib/tinyusb/src/device/usbd.c.obj
                0x1000732c                tud_mounted
 .text.tud_suspended
                0x1000733c       0x10 CMakeFiles/pico-timer.dir/D_/Pico/pico-sdk/lib/tinyusb/src/device/usbd.c.obj
                0x1000733c                tud_suspended
 .text.tud_inited
                0x1000734c        0xc CMakeFiles/pico-timer.dir/D_/Pico/pico-sdk/lib/tinyusb/src/device/usbd.c.obj
                0x1000734c                tud_inited
 .text.tud_init
                0x10007358       0xcc CMakeFiles/pico-timer.dir/D_/Pico/pico-sdk/lib/tinyusb/src/device/usbd.c.obj
                0x10007358                tud_init
 .text.dcd_event_handler
                0x10007424       0xd4 CMakeFiles/pico-timer.dir/D_/Pico/pico-sdk/lib/tinyusb/src/device/usbd.c.obj
                0x10007424                dcd_event_handler
 .text.dcd_event_bus_signal
                0x100074f8       0x26 CMakeFiles/pico-timer.dir/D_/Pico/pico-sdk/lib/tinyusb/src/device/usbd.c.obj
                0x100074f8                dcd_event_bus_signal
 .text.dcd_event_bus_reset
                0x1000751e       0x2a CMakeFiles/pico-timer.dir/D_/Pico/pico-sdk/lib/tinyusb/src/device/usbd.c.obj
                0x1000751e                dcd_event_bus_reset
 .text.dcd_event_setup_received
                0x10007548       0x34 CMakeFiles/pico-timer.dir/D_/Pico/pico-sdk/lib/tinyusb/src/device/usbd.c.obj
                0x10007548                dcd_event_setup_received
 .text.dcd_event_xfer_complete
                0x1000757c       0x44 CMakeFiles/pico-timer.dir/D_/Pico/pico-sdk/lib/tinyusb/src/device/usbd.c.obj
                0x1000757c                dcd_event_xfer_complete
 .text.usbd_edpt_open
                0x100075c0       0x58 CMakeFiles/pico-timer.dir/D_/Pico/pico-sdk/lib/tinyusb/src/device/usbd.c.obj
                0x100075c0                usbd_edpt_open
 .text.usbd_open_edpt_pair
                0x10007618       0x8c CMakeFiles/pico-timer.dir/D_/Pico/pico-sdk/lib/tinyusb/src/device/usbd.c.obj
                0x10007618                usbd_open_edpt_pair
 .text.usbd_edpt_claim
                0x100076a4       0x8c CMakeFiles/pico-timer.dir/D_/Pico/pico-sdk/lib/tinyusb/src/device/usbd.c.obj
                0x100076a4                usbd_edpt_claim
 .text.usbd_edpt_release
                0x10007730       0x60 CMakeFiles/pico-timer.dir/D_/Pico/pico-sdk/lib/tinyusb/src/device/usbd.c.obj
                0x10007730                usbd_edpt_release
 .text.usbd_edpt_xfer
                0x10007790       0x80 CMakeFiles/pico-timer.dir/D_/Pico/pico-sdk/lib/tinyusb/src/device/usbd.c.obj
                0x10007790                usbd_edpt_xfer
 .text.usbd_edpt_stall
                0x10007810       0x40 CMakeFiles/pico-timer.dir/D_/Pico/pico-sdk/lib/tinyusb/src/device/usbd.c.obj
                0x10007810                usbd_edpt_stall
 .text.usbd_edpt_clear_stall
                0x10007850       0x40 CMakeFiles/pico-timer.dir/D_/Pico/pico-sdk/lib/tinyusb/src/device/usbd.c.obj
                0x10007850                usbd_edpt_clear_stall
 .text.usbd_edpt_stalled
                0x10007890       0x1c CMakeFiles/pico-timer.dir/D_/Pico/pico-sdk/lib/tinyusb/src/device/usbd.c.obj
                0x10007890                usbd_edpt_stalled
 .text.process_control_request
                0x100078ac      0x3b0 CMakeFiles/pico-timer.dir/D_/Pico/pico-sdk/lib/tinyusb/src/device/usbd.c.obj
 .text.tud_task
                0x10007c5c      0x1f0 CMakeFiles/pico-timer.dir/D_/Pico/pico-sdk/lib/tinyusb/src/device/usbd.c.obj
                0x10007c5c                tud_task
 .text._status_stage_xact
                0x10007e4c       0x1a CMakeFiles/pico-timer.dir/D_/Pico/pico-sdk/lib/tinyusb/src/device/usbd_control.c.obj
 *fill*         0x10007e66        0x2 
 .text._data_stage_xact
                0x10007e68       0x58 CMakeFiles/pico-timer.dir/D_/Pico/pico-sdk/lib/tinyusb/src/device/usbd_control.c.obj
 .text.tud_control_status
                0x10007ec0       0x28 CMakeFiles/pico-timer.dir/D_/Pico/pico-sdk/lib/tinyusb/src/device/usbd_control.c.obj
                0x10007ec0                tud_control_status
 .text.tud_control_xfer
                0x10007ee8       0x98 CMakeFiles/pico-timer.dir/D_/Pico/pico-sdk/lib/tinyusb/src/device/usbd_control.c.obj
                0x10007ee8                tud_control_xfer
 .text.usbd_control_reset
                0x10007f80       0x14 CMakeFiles/pico-timer.dir/D_/Pico/pico-sdk/lib/tinyusb/src/device/usbd_control.c.obj
                0x10007f80                usbd_control_reset
 .text.usbd_control_set_complete_callback
                0x10007f94        0xc CMakeFiles/pico-timer.dir/D_/Pico/pico-sdk/lib/tinyusb/src/device/usbd_control.c.obj
                0x10007f94                usbd_control_set_complete_callback
 .text.usbd_control_set_request
                0x10007fa0       0x1c CMakeFiles/pico-timer.dir/D_/Pico/pico-sdk/lib/tinyusb/src/device/usbd_control.c.obj
                0x10007fa0                usbd_control_set_request
 .text.usbd_control_xfer_cb
                0x10007fbc       0xe8 CMakeFiles/pico-timer.dir/D_/Pico/pico-sdk/lib/tinyusb/src/device/usbd_control.c.obj
                0x10007fbc                usbd_control_xfer_cb
 .text._prep_out_transaction
                0x100080a4       0x46 CMakeFiles/pico-timer.dir/D_/Pico/pico-sdk/lib/tinyusb/src/class/cdc/cdc_device.c.obj
 *fill*         0x100080ea        0x2 
 .text.tud_cdc_n_connected
                0x100080ec       0x38 CMakeFiles/pico-timer.dir/D_/Pico/pico-sdk/lib/tinyusb/src/class/cdc/cdc_device.c.obj
                0x100080ec                tud_cdc_n_connected
 .text.tud_cdc_n_available
                0x10008124       0x18 CMakeFiles/pico-timer.dir/D_/Pico/pico-sdk/lib/tinyusb/src/class/cdc/cdc_device.c.obj
                0x10008124                tud_cdc_n_available
 .text.tud_cdc_n_read
                0x1000813c       0x28 CMakeFiles/pico-timer.dir/D_/Pico/pico-sdk/lib/tinyusb/src/class/cdc/cdc_device.c.obj
                0x1000813c                tud_cdc_n_read
 .text.tud_cdc_n_write_flush
                0x10008164       0xcc CMakeFiles/pico-timer.dir/D_/Pico/pico-sdk/lib/tinyusb/src/class/cdc/cdc_device.c.obj
                0x10008164                tud_cdc_n_write_flush
 .text.tud_cdc_n_write
                0x10008230       0x38 CMakeFiles/pico-timer.dir/D_/Pico/pico-sdk/lib/tinyusb/src/class/cdc/cdc_device.c.obj
                0x10008230                tud_cdc_n_write
 .text.tud_cdc_n_write_available
                0x10008268       0x1c CMakeFiles/pico-timer.dir/D_/Pico/pico-sdk/lib/tinyusb/src/class/cdc/cdc_device.c.obj
                0x10008268                tud_cdc_n_write_available
 .text.cdcd_init
                0x10008284       0xbc CMakeFiles/pico-timer.dir/D_/Pico/pico-sdk/lib/tinyusb/src/class/cdc/cdc_device.c.obj
                0x10008284                cdcd_init
 .text.cdcd_reset
                0x10008340       0x44 CMakeFiles/pico-timer.dir/D_/Pico/pico-sdk/lib/tinyusb/src/class/cdc/cdc_device.c.obj
                0x10008340                cdcd_reset
 .text.cdcd_open
                0x10008384       0xf0 CMakeFiles/pico-timer.dir/D_/Pico/pico-sdk/lib/tinyusb/src/class/cdc/cdc_device.c.obj
                0x10008384                cdcd_open
 .text.cdcd_control_xfer_cb
                0x10008474      0x134 CMakeFiles/pico-timer.dir/D_/Pico/pico-sdk/lib/tinyusb/src/class/cdc/cdc_device.c.obj
                0x10008474                cdcd_control_xfer_cb
 .text.cdcd_xfer_cb
                0x100085a8      0x144 CMakeFiles/pico-timer.dir/D_/Pico/pico-sdk/lib/tinyusb/src/class/cdc/cdc_device.c.obj
                0x100085a8                cdcd_xfer_cb
 .text.tusb_init
                0x100086ec       0x24 CMakeFiles/pico-timer.dir/D_/Pico/pico-sdk/lib/tinyusb/src/tusb.c.obj
                0x100086ec                tusb_init
 .text.tusb_inited
                0x10008710        0xe CMakeFiles/pico-timer.dir/D_/Pico/pico-sdk/lib/tinyusb/src/tusb.c.obj
                0x10008710                tusb_inited
 *fill*         0x1000871e        0x2 
 .text.tu_edpt_validate
                0x10008720       0xa8 CMakeFiles/pico-timer.dir/D_/Pico/pico-sdk/lib/tinyusb/src/tusb.c.obj
                0x10008720                tu_edpt_validate
 .text.tu_edpt_bind_driver
                0x100087c8       0x2a CMakeFiles/pico-timer.dir/D_/Pico/pico-sdk/lib/tinyusb/src/tusb.c.obj
                0x100087c8                tu_edpt_bind_driver
 .text.advance_pointer
                0x100087f2       0x18 CMakeFiles/pico-timer.dir/D_/Pico/pico-sdk/lib/tinyusb/src/common/tusb_fifo.c.obj
 .text.backward_pointer
                0x1000880a       0x1e CMakeFiles/pico-timer.dir/D_/Pico/pico-sdk/lib/tinyusb/src/common/tusb_fifo.c.obj
 .text.get_relative_pointer
                0x10008828       0x10 CMakeFiles/pico-timer.dir/D_/Pico/pico-sdk/lib/tinyusb/src/common/tusb_fifo.c.obj
 .text._tu_fifo_peek
                0x10008838       0x50 CMakeFiles/pico-timer.dir/D_/Pico/pico-sdk/lib/tinyusb/src/common/tusb_fifo.c.obj
 .text._ff_pull_const_addr
                0x10008888       0x4c CMakeFiles/pico-timer.dir/D_/Pico/pico-sdk/lib/tinyusb/src/common/tusb_fifo.c.obj
 .text._ff_pull_n
                0x100088d4      0x10c CMakeFiles/pico-timer.dir/D_/Pico/pico-sdk/lib/tinyusb/src/common/tusb_fifo.c.obj
 .text._tu_fifo_peek_n
                0x100089e0       0x5e CMakeFiles/pico-timer.dir/D_/Pico/pico-sdk/lib/tinyusb/src/common/tusb_fifo.c.obj
 .text._tu_fifo_read_n
                0x10008a3e       0x4e CMakeFiles/pico-timer.dir/D_/Pico/pico-sdk/lib/tinyusb/src/common/tusb_fifo.c.obj
 .text._ff_push_const_addr
                0x10008a8c       0x40 CMakeFiles/pico-timer.dir/D_/Pico/pico-sdk/lib/tinyusb/src/common/tusb_fifo.c.obj
 .text._ff_push_n
                0x10008acc      0x108 CMakeFiles/pico-timer.dir/D_/Pico/pico-sdk/lib/tinyusb/src/common/tusb_fifo.c.obj
 .text._tu_fifo_write_n
                0x10008bd4       0x9e CMakeFiles/pico-timer.dir/D_/Pico/pico-sdk/lib/tinyusb/src/common/tusb_fifo.c.obj
 .text.tu_fifo_config
                0x10008c72       0x72 CMakeFiles/pico-timer.dir/D_/Pico/pico-sdk/lib/tinyusb/src/common/tusb_fifo.c.obj
                0x10008c72                tu_fifo_config
 .text.tu_fifo_count
                0x10008ce4       0x26 CMakeFiles/pico-timer.dir/D_/Pico/pico-sdk/lib/tinyusb/src/common/tusb_fifo.c.obj
                0x10008ce4                tu_fifo_count
 .text.tu_fifo_empty
                0x10008d0a        0xe CMakeFiles/pico-timer.dir/D_/Pico/pico-sdk/lib/tinyusb/src/common/tusb_fifo.c.obj
                0x10008d0a                tu_fifo_empty
 .text.tu_fifo_remaining
                0x10008d18       0x20 CMakeFiles/pico-timer.dir/D_/Pico/pico-sdk/lib/tinyusb/src/common/tusb_fifo.c.obj
                0x10008d18                tu_fifo_remaining
 .text.tu_fifo_read
                0x10008d38       0x42 CMakeFiles/pico-timer.dir/D_/Pico/pico-sdk/lib/tinyusb/src/common/tusb_fifo.c.obj
                0x10008d38                tu_fifo_read
 .text.tu_fifo_read_n
                0x10008d7a        0xa CMakeFiles/pico-timer.dir/D_/Pico/pico-sdk/lib/tinyusb/src/common/tusb_fifo.c.obj
                0x10008d7a                tu_fifo_read_n
 .text.tu_fifo_write
                0x10008d84       0x6a CMakeFiles/pico-timer.dir/D_/Pico/pico-sdk/lib/tinyusb/src/common/tusb_fifo.c.obj
                0x10008d84                tu_fifo_write
 .text.tu_fifo_write_n
                0x10008dee        0xa CMakeFiles/pico-timer.dir/D_/Pico/pico-sdk/lib/tinyusb/src/common/tusb_fifo.c.obj
                0x10008dee                tu_fifo_write_n
 .text.tu_fifo_clear
                0x10008df8       0x4c CMakeFiles/pico-timer.dir/D_/Pico/pico-sdk/lib/tinyusb/src/common/tusb_fifo.c.obj
                0x10008df8                tu_fifo_clear
 .text.tu_fifo_set_overwritable
                0x10008e44       0x3c CMakeFiles/pico-timer.dir/D_/Pico/pico-sdk/lib/tinyusb/src/common/tusb_fifo.c.obj
                0x10008e44                tu_fifo_set_overwritable
 .text._retrieve_unique_id_on_boot
                0x10008e80       0x10 CMakeFiles/pico-timer.dir/D_/Pico/pico-sdk/src/rp2_common/pico_unique_id/unique_id.c.obj
 .text.pico_get_unique_board_id_string
                0x10008e90       0x5c CMakeFiles/pico-timer.dir/D_/Pico/pico-sdk/src/rp2_common/pico_unique_id/unique_id.c.obj
                0x10008e90                pico_get_unique_board_id_string
 .text.flash_get_unique_id
                0x10008eec       0x46 CMakeFiles/pico-timer.dir/D_/Pico/pico-sdk/src/rp2_common/hardware_flash/flash.c.obj
                0x10008eec                flash_get_unique_id
 .text.core1_trampoline
                0x10008f32        0x2 CMakeFiles/pico-timer.dir/D_/Pico/pico-sdk/src/rp2_common/pico_multicore/multicore.c.obj
 .text.core1_wrapper
                0x10008f34        0xc CMakeFiles/pico-timer.dir/D_/Pico/pico-sdk/src/rp2_common/pico_multicore/multicore.c.obj
                0x10008f34                core1_wrapper
 .text.multicore_fifo_push_blocking
                0x10008f40       0x14 CMakeFiles/pico-timer.dir/D_/Pico/pico-sdk/src/rp2_common/pico_multicore/multicore.c.obj
                0x10008f40                multicore_fifo_push_blocking
 .text.multicore_fifo_pop_blocking
                0x10008f54       0x16 CMakeFiles/pico-timer.dir/D_/Pico/pico-sdk/src/rp2_common/pico_multicore/multicore.c.obj
                0x10008f54                multicore_fifo_pop_blocking
 *fill*         0x10008f6a        0x2 
 .text.multicore_reset_core1
                0x10008f6c       0x28 CMakeFiles/pico-timer.dir/D_/Pico/pico-sdk/src/rp2_common/pico_multicore/multicore.c.obj
                0x10008f6c                multicore_reset_core1
 .text.multicore_launch_core1_raw
                0x10008f94       0x70 CMakeFiles/pico-timer.dir/D_/Pico/pico-sdk/src/rp2_common/pico_multicore/multicore.c.obj
                0x10008f94                multicore_launch_core1_raw
 .text.multicore_launch_core1_with_stack
                0x10009004       0x50 CMakeFiles/pico-timer.dir/D_/Pico/pico-sdk/src/rp2_common/pico_multicore/multicore.c.obj
                0x10009004                multicore_launch_core1_with_stack
 .text.multicore_launch_core1
                0x10009054       0x24 CMakeFiles/pico-timer.dir/D_/Pico/pico-sdk/src/rp2_common/pico_multicore/multicore.c.obj
                0x10009054                multicore_launch_core1
 .text.malloc   0x10009078       0x14 d:/program files (x86)/arm gnu toolchain arm-none-eabi/12.2 rel1/bin/../lib/gcc/arm-none-eabi/12.2.1/thumb/v6-m/nofp\libg.a(libc_a-malloc.o)
                0x10009078                malloc
 .text.free     0x1000908c       0x14 d:/program files (x86)/arm gnu toolchain arm-none-eabi/12.2 rel1/bin/../lib/gcc/arm-none-eabi/12.2.1/thumb/v6-m/nofp\libg.a(libc_a-malloc.o)
                0x1000908c                free
 .text._malloc_r
                0x100090a0      0x590 d:/program files (x86)/arm gnu toolchain arm-none-eabi/12.2 rel1/bin/../lib/gcc/arm-none-eabi/12.2.1/thumb/v6-m/nofp\libg.a(libc_a-mallocr.o)
                0x100090a0                _malloc_r
 .text.__malloc_lock
                0x10009630       0x10 d:/program files (x86)/arm gnu toolchain arm-none-eabi/12.2 rel1/bin/../lib/gcc/arm-none-eabi/12.2.1/thumb/v6-m/nofp\libg.a(libc_a-mlock.o)
                0x10009630                __malloc_lock
 .text.__malloc_unlock
                0x10009640       0x10 d:/program files (x86)/arm gnu toolchain arm-none-eabi/12.2 rel1/bin/../lib/gcc/arm-none-eabi/12.2.1/thumb/v6-m/nofp\libg.a(libc_a-mlock.o)
                0x10009640                __malloc_unlock
 .text._sbrk_r  0x10009650       0x24 d:/program files (x86)/arm gnu toolchain arm-none-eabi/12.2 rel1/bin/../lib/gcc/arm-none-eabi/12.2.1/thumb/v6-m/nofp\libg.a(libc_a-sbrkr.o)
                0x10009650                _sbrk_r
 .text.__errno  0x10009674        0xc d:/program files (x86)/arm gnu toolchain arm-none-eabi/12.2 rel1/bin/../lib/gcc/arm-none-eabi/12.2.1/thumb/v6-m/nofp\libg.a(libc_a-errno.o)
                0x10009674                __errno
 .text.__retarget_lock_acquire_recursive
                0x10009680        0x4 d:/program files (x86)/arm gnu toolchain arm-none-eabi/12.2 rel1/bin/../lib/gcc/arm-none-eabi/12.2.1/thumb/v6-m/nofp\libg.a(libc_a-lock.o)
                0x10009680                __retarget_lock_acquire_recursive
 .text.__retarget_lock_release_recursive
                0x10009684        0x4 d:/program files (x86)/arm gnu toolchain arm-none-eabi/12.2 rel1/bin/../lib/gcc/arm-none-eabi/12.2.1/thumb/v6-m/nofp\libg.a(libc_a-lock.o)
                0x10009684                __retarget_lock_release_recursive
 .text.sysconf  0x10009688       0x1c d:/program files (x86)/arm gnu toolchain arm-none-eabi/12.2 rel1/bin/../lib/gcc/arm-none-eabi/12.2.1/thumb/v6-m/nofp\libg.a(libc_a-sysconf.o)
                0x10009688                sysconf
 .text.strlen   0x100096a4       0x5c d:/program files (x86)/arm gnu toolchain arm-none-eabi/12.2 rel1/bin/../lib/gcc/arm-none-eabi/12.2.1/thumb/v6-m/nofp\libg.a(libc_a-strlen-stub.o)
                0x100096a4                strlen
 .text._malloc_trim_r
                0x10009700       0xb4 d:/program files (x86)/arm gnu toolchain arm-none-eabi/12.2 rel1/bin/../lib/gcc/arm-none-eabi/12.2.1/thumb/v6-m/nofp\libg.a(libc_a-freer.o)
                0x10009700                _malloc_trim_r
 .text._free_r  0x100097b4      0x1c0 d:/program files (x86)/arm gnu toolchain arm-none-eabi/12.2 rel1/bin/../lib/gcc/arm-none-eabi/12.2.1/thumb/v6-m/nofp\libg.a(libc_a-freer.o)
                0x100097b4                _free_r
 *(.fini)
 .fini          0x10009974        0x4 d:/program files (x86)/arm gnu toolchain arm-none-eabi/12.2 rel1/bin/../lib/gcc/arm-none-eabi/12.2.1/thumb/v6-m/nofp/crti.o
                0x10009974                _fini
 .fini.__stub   0x10009978       0x90 linker stubs
 *crtbegin.o(.ctors)
 *crtbegin?.o(.ctors)
 *(EXCLUDE_FILE(*crtend.o *crtend?.o) .ctors)
 *(SORT_BY_NAME(.ctors.*))
 *(.ctors)
 *crtbegin.o(.dtors)
 *crtbegin?.o(.dtors)
 *(EXCLUDE_FILE(*crtend.o *crtend?.o) .dtors)
 *(SORT_BY_NAME(.dtors.*))
 *(.dtors)
 *(.eh_frame*)
 .eh_frame      0x10009a08        0x0 d:/program files (x86)/arm gnu toolchain arm-none-eabi/12.2 rel1/bin/../lib/gcc/arm-none-eabi/12.2.1/thumb/v6-m/nofp/crtbegin.o
                0x10009a08                . = ALIGN (0x4)

.glue_7         0x10009a08        0x0
 .glue_7        0x10009a08        0x0 linker stubs

.glue_7t        0x10009a08        0x0
 .glue_7t       0x10009a08        0x0 linker stubs

.vfp11_veneer   0x10009a08        0x0
 .vfp11_veneer  0x10009a08        0x0 linker stubs

.v4_bx          0x10009a08        0x0
 .v4_bx         0x10009a08        0x0 linker stubs

.iplt           0x10009a08        0x0
 .iplt          0x10009a08        0x0 d:/program files (x86)/arm gnu toolchain arm-none-eabi/12.2 rel1/bin/../lib/gcc/arm-none-eabi/12.2.1/thumb/v6-m/nofp/crtbegin.o

.rodata         0x10009a08     0x1764
 *(EXCLUDE_FILE(*libm.a: *libc.a:*lib_a-mem*.o *libgcc.a:) .rodata*)
 .rodata._ZL20update_us_since_bootP15absolute_time_ty.str1.4
                0x10009a08       0x8f CMakeFiles/pico-timer.dir/pico-timer.cpp.obj
 *fill*         0x10009a97        0x1 
 .rodata._Z10decode_binab
                0x10009a98       0x40 CMakeFiles/pico-timer.dir/pico-timer.cpp.obj
 .rodata._Z5core0v
                0x10009ad8       0x1c CMakeFiles/pico-timer.dir/pico-timer.cpp.obj
 .rodata._ZL11LED_DIG_PIN
                0x10009af4       0x10 CMakeFiles/pico-timer.dir/pico-timer.cpp.obj
 .rodata._ZL11LED_SEG_PIN
                0x10009b04       0x20 CMakeFiles/pico-timer.dir/pico-timer.cpp.obj
 .rodata.spin_lock_claim_unused.str1.4
                0x10009b24       0x1b CMakeFiles/pico-timer.dir/D_/Pico/pico-sdk/src/rp2_common/hardware_sync/sync.c.obj
 *fill*         0x10009b3f        0x1 
 .rodata.resolve_branch.str1.4
                0x10009b40       0x4b CMakeFiles/pico-timer.dir/D_/Pico/pico-sdk/src/rp2_common/hardware_irq/irq.c.obj
 *fill*         0x10009b8b        0x1 
 .rodata.make_branch.str1.4
                0x10009b8c       0x30 CMakeFiles/pico-timer.dir/D_/Pico/pico-sdk/src/rp2_common/hardware_irq/irq.c.obj
 .rodata.insert_branch_and_link.str1.4
                0x10009bbc       0x10 CMakeFiles/pico-timer.dir/D_/Pico/pico-sdk/src/rp2_common/hardware_irq/irq.c.obj
 .rodata.irq_set_exclusive_handler.str1.4
                0x10009bcc       0x36 CMakeFiles/pico-timer.dir/D_/Pico/pico-sdk/src/rp2_common/hardware_irq/irq.c.obj
 *fill*         0x10009c02        0x2 
 .rodata.irq_add_shared_handler.str1.4
                0x10009c04       0xc2 CMakeFiles/pico-timer.dir/D_/Pico/pico-sdk/src/rp2_common/hardware_irq/irq.c.obj
 *fill*         0x10009cc6        0x2 
 .rodata.irq_remove_handler.str1.4
                0x10009cc8       0x2a CMakeFiles/pico-timer.dir/D_/Pico/pico-sdk/src/rp2_common/hardware_irq/irq.c.obj
 *fill*         0x10009cf2        0x2 
 .rodata.irq_add_tail_to_free_list.str1.4
                0x10009cf4       0x3a CMakeFiles/pico-timer.dir/D_/Pico/pico-sdk/src/rp2_common/hardware_irq/irq.c.obj
 *fill*         0x10009d2e        0x2 
 .rodata.user_irq_claim_unused.str1.4
                0x10009d30       0x1b CMakeFiles/pico-timer.dir/D_/Pico/pico-sdk/src/rp2_common/hardware_irq/irq.c.obj
 *fill*         0x10009d4b        0x1 
 .rodata.__func__.0
                0x10009d4c       0x1a CMakeFiles/pico-timer.dir/D_/Pico/pico-sdk/src/rp2_common/hardware_irq/irq.c.obj
 *fill*         0x10009d66        0x2 
 .rodata.__func__.1
                0x10009d68       0x17 CMakeFiles/pico-timer.dir/D_/Pico/pico-sdk/src/rp2_common/hardware_irq/irq.c.obj
 *fill*         0x10009d7f        0x1 
 .rodata.__func__.2
                0x10009d80       0x13 CMakeFiles/pico-timer.dir/D_/Pico/pico-sdk/src/rp2_common/hardware_irq/irq.c.obj
 *fill*         0x10009d93        0x1 
 .rodata.__func__.3
                0x10009d94        0xc CMakeFiles/pico-timer.dir/D_/Pico/pico-sdk/src/rp2_common/hardware_irq/irq.c.obj
 .rodata.__func__.4
                0x10009da0        0xf CMakeFiles/pico-timer.dir/D_/Pico/pico-sdk/src/rp2_common/hardware_irq/irq.c.obj
 *fill*         0x10009daf        0x1 
 .rodata.__func__.5
                0x10009db0       0x17 CMakeFiles/pico-timer.dir/D_/Pico/pico-sdk/src/rp2_common/hardware_irq/irq.c.obj
 *fill*         0x10009dc7        0x1 
 .rodata.__func__.6
                0x10009dc8       0x1a CMakeFiles/pico-timer.dir/D_/Pico/pico-sdk/src/rp2_common/hardware_irq/irq.c.obj
 *fill*         0x10009de2        0x2 
 .rodata.get_entry.str1.4
                0x10009de4       0x51 CMakeFiles/pico-timer.dir/D_/Pico/pico-sdk/src/common/pico_time/time.c.obj
 .rodata.update_us_since_boot.str1.4
                0x10009e35       0x57 CMakeFiles/pico-timer.dir/D_/Pico/pico-sdk/src/common/pico_time/time.c.obj
 *fill*         0x10009e35        0x3 
 .rodata.ph_get_node.str1.4
                0x10009e38       0x5c CMakeFiles/pico-timer.dir/D_/Pico/pico-sdk/src/common/pico_time/time.c.obj
 .rodata.ph_add_child_node.str1.4
                0x10009e94       0x2e CMakeFiles/pico-timer.dir/D_/Pico/pico-sdk/src/common/pico_time/time.c.obj
 .rodata.ph_insert_node.str1.4
                0x10009ec2       0x2e CMakeFiles/pico-timer.dir/D_/Pico/pico-sdk/src/common/pico_time/time.c.obj
                                  0x3 (size before relaxing)
 *fill*         0x10009ec2        0x2 
 .rodata.ph_free_node.str1.4
                0x10009ec4       0x22 CMakeFiles/pico-timer.dir/D_/Pico/pico-sdk/src/common/pico_time/time.c.obj
 *fill*         0x10009ee6        0x2 
 .rodata.repeating_timer_callback.str1.4
                0x10009ee8       0x13 CMakeFiles/pico-timer.dir/D_/Pico/pico-sdk/src/common/pico_time/time.c.obj
 *fill*         0x10009efb        0x1 
 .rodata.add_alarm_under_lock.str1.4
                0x10009efc       0x28 CMakeFiles/pico-timer.dir/D_/Pico/pico-sdk/src/common/pico_time/time.c.obj
 .rodata.alarm_pool_alarm_callback.str1.4
                0x10009f24       0x60 CMakeFiles/pico-timer.dir/D_/Pico/pico-sdk/src/common/pico_time/time.c.obj
 .rodata.alarm_pool_get_default.str1.4
                0x10009f84       0x21 CMakeFiles/pico-timer.dir/D_/Pico/pico-sdk/src/common/pico_time/time.c.obj
 *fill*         0x10009fa5        0x3 
 .rodata.alarm_pool_cancel_alarm.str1.4
                0x10009fa8       0x27 CMakeFiles/pico-timer.dir/D_/Pico/pico-sdk/src/common/pico_time/time.c.obj
 *fill*         0x10009fcf        0x1 
 .rodata.sleep_until.str1.4
                0x10009fd0       0x4d CMakeFiles/pico-timer.dir/D_/Pico/pico-sdk/src/common/pico_time/time.c.obj
 *fill*         0x1000a01d        0x3 
 .rodata.__func__.0
                0x1000a020       0x19 CMakeFiles/pico-timer.dir/D_/Pico/pico-sdk/src/common/pico_time/time.c.obj
 *fill*         0x1000a039        0x3 
 .rodata.__func__.1
                0x1000a03c       0x18 CMakeFiles/pico-timer.dir/D_/Pico/pico-sdk/src/common/pico_time/time.c.obj
 .rodata.__func__.3
                0x1000a054       0x17 CMakeFiles/pico-timer.dir/D_/Pico/pico-sdk/src/common/pico_time/time.c.obj
 *fill*         0x1000a06b        0x1 
 .rodata.__func__.4
                0x1000a06c       0x12 CMakeFiles/pico-timer.dir/D_/Pico/pico-sdk/src/common/pico_time/time.c.obj
 *fill*         0x1000a07e        0x2 
 .rodata.__func__.5
                0x1000a080        0xd CMakeFiles/pico-timer.dir/D_/Pico/pico-sdk/src/common/pico_time/time.c.obj
 *fill*         0x1000a08d        0x3 
 .rodata.__func__.6
                0x1000a090       0x12 CMakeFiles/pico-timer.dir/D_/Pico/pico-sdk/src/common/pico_time/time.c.obj
 *fill*         0x1000a0a2        0x2 
 .rodata.__func__.7
                0x1000a0a4        0xf CMakeFiles/pico-timer.dir/D_/Pico/pico-sdk/src/common/pico_time/time.c.obj
 *fill*         0x1000a0b3        0x1 
 .rodata.__func__.8
                0x1000a0b4        0xc CMakeFiles/pico-timer.dir/D_/Pico/pico-sdk/src/common/pico_time/time.c.obj
 .rodata.__func__.9
                0x1000a0c0       0x15 CMakeFiles/pico-timer.dir/D_/Pico/pico-sdk/src/common/pico_time/time.c.obj
 *fill*         0x1000a0d5        0x3 
 .rodata.__func__.10
                0x1000a0d8       0x15 CMakeFiles/pico-timer.dir/D_/Pico/pico-sdk/src/common/pico_time/time.c.obj
 *fill*         0x1000a0ed        0x3 
 .rodata.__func__.11
                0x1000a0f0       0x1a CMakeFiles/pico-timer.dir/D_/Pico/pico-sdk/src/common/pico_time/time.c.obj
 *fill*         0x1000a10a        0x2 
 .rodata.__func__.12
                0x1000a10c        0xa CMakeFiles/pico-timer.dir/D_/Pico/pico-sdk/src/common/pico_time/time.c.obj
 *fill*         0x1000a116        0x2 
 .rodata.hardware_alarm_claim.str1.4
                0x1000a118       0x22 CMakeFiles/pico-timer.dir/D_/Pico/pico-sdk/src/rp2_common/hardware_timer/timer.c.obj
 *fill*         0x1000a13a        0x2 
 .rodata.hardware_alarm_set_target.str1.4
                0x1000a13c       0x5b CMakeFiles/pico-timer.dir/D_/Pico/pico-sdk/src/rp2_common/hardware_timer/timer.c.obj
 *fill*         0x1000a197        0x1 
 .rodata.__func__.0
                0x1000a198       0x1a CMakeFiles/pico-timer.dir/D_/Pico/pico-sdk/src/rp2_common/hardware_timer/timer.c.obj
 .rodata.ph_get_node.str1.4
                0x1000a1b2       0x5c CMakeFiles/pico-timer.dir/D_/Pico/pico-sdk/src/common/pico_util/pheap.c.obj
 .rodata.ph_add_child_node.str1.4
                0x1000a1b2       0x2e CMakeFiles/pico-timer.dir/D_/Pico/pico-sdk/src/common/pico_util/pheap.c.obj
 *fill*         0x1000a1b2        0x2 
 .rodata.ph_remove_any_head.str1.4
                0x1000a1b4       0x84 CMakeFiles/pico-timer.dir/D_/Pico/pico-sdk/src/common/pico_util/pheap.c.obj
 .rodata.ph_remove_and_free_node.str1.4
                0x1000a238       0x1e CMakeFiles/pico-timer.dir/D_/Pico/pico-sdk/src/common/pico_util/pheap.c.obj
                                 0x26 (size before relaxing)
 *fill*         0x1000a256        0x2 
 .rodata.__func__.0
                0x1000a258       0x18 CMakeFiles/pico-timer.dir/D_/Pico/pico-sdk/src/common/pico_util/pheap.c.obj
 .rodata.__func__.1
                0x1000a270       0x13 CMakeFiles/pico-timer.dir/D_/Pico/pico-sdk/src/common/pico_util/pheap.c.obj
 *fill*         0x1000a283        0x1 
 .rodata.__func__.2
                0x1000a284       0x12 CMakeFiles/pico-timer.dir/D_/Pico/pico-sdk/src/common/pico_util/pheap.c.obj
 *fill*         0x1000a296        0x2 
 .rodata.__func__.3
                0x1000a298        0xc CMakeFiles/pico-timer.dir/D_/Pico/pico-sdk/src/common/pico_util/pheap.c.obj
 .rodata.update_us_since_boot.str1.4
                0x1000a2a4       0x57 CMakeFiles/pico-timer.dir/D_/Pico/pico-sdk/src/common/pico_sync/mutex.c.obj
 .rodata.str1.4
                0x1000a2a4       0x81 CMakeFiles/pico-timer.dir/D_/Pico/pico-sdk/src/common/pico_sync/mutex.c.obj
 *fill*         0x1000a325        0x3 
 .rodata.__func__.1
                0x1000a328        0xb CMakeFiles/pico-timer.dir/D_/Pico/pico-sdk/src/common/pico_sync/mutex.c.obj
 *fill*         0x1000a333        0x1 
 .rodata.__func__.3
                0x1000a334       0x18 CMakeFiles/pico-timer.dir/D_/Pico/pico-sdk/src/common/pico_sync/mutex.c.obj
 .rodata.__func__.4
                0x1000a34c       0x15 CMakeFiles/pico-timer.dir/D_/Pico/pico-sdk/src/common/pico_sync/mutex.c.obj
 *fill*         0x1000a361        0x3 
 .rodata.__assert_func.str1.4
                0x1000a364       0x3f CMakeFiles/pico-timer.dir/D_/Pico/pico-sdk/src/rp2_common/pico_runtime/runtime.c.obj
                                 0x43 (size before relaxing)
 *fill*         0x1000a3a3        0x1 
 .rodata.runtime_init.str1.4
                0x1000a3a4       0x57 CMakeFiles/pico-timer.dir/D_/Pico/pico-sdk/src/rp2_common/pico_runtime/runtime.c.obj
 *fill*         0x1000a3fb        0x1 
 .rodata.panic.str1.4
                0x1000a3fc       0x12 CMakeFiles/pico-timer.dir/D_/Pico/pico-sdk/src/rp2_common/pico_runtime/runtime.c.obj
 *fill*         0x1000a40e        0x2 
 .rodata.__func__.1
                0x1000a410        0xd CMakeFiles/pico-timer.dir/D_/Pico/pico-sdk/src/rp2_common/pico_runtime/runtime.c.obj
 *fill*         0x1000a41d        0x3 
 .rodata.clock_configure.str1.4
                0x1000a420       0x4d CMakeFiles/pico-timer.dir/D_/Pico/pico-sdk/src/rp2_common/hardware_clocks/clocks.c.obj
 *fill*         0x1000a46d        0x3 
 .rodata.__func__.1
                0x1000a470       0x10 CMakeFiles/pico-timer.dir/D_/Pico/pico-sdk/src/rp2_common/hardware_clocks/clocks.c.obj
 .rodata.pll_init.str1.4
                0x1000a480      0x12f CMakeFiles/pico-timer.dir/D_/Pico/pico-sdk/src/rp2_common/hardware_pll/pll.c.obj
 *fill*         0x1000a5af        0x1 
 .rodata.__func__.0
                0x1000a5b0        0x9 CMakeFiles/pico-timer.dir/D_/Pico/pico-sdk/src/rp2_common/hardware_pll/pll.c.obj
 *fill*         0x1000a5b9        0x3 
 .rodata._ftoa.str1.4
                0x1000a5bc       0x15 CMakeFiles/pico-timer.dir/D_/Pico/pico-sdk/src/rp2_common/pico_printf/printf.c.obj
 *fill*         0x1000a5d1        0x3 
 .rodata._vsnprintf
                0x1000a5d4      0x19c CMakeFiles/pico-timer.dir/D_/Pico/pico-sdk/src/rp2_common/pico_printf/printf.c.obj
 .rodata.pow10.0
                0x1000a770       0x50 CMakeFiles/pico-timer.dir/D_/Pico/pico-sdk/src/rp2_common/pico_printf/printf.c.obj
 .rodata.__aeabi_double_init.str1.4
                0x1000a7c0       0x9e CMakeFiles/pico-timer.dir/D_/Pico/pico-sdk/src/rp2_common/pico_double/double_init_rom.c.obj
 *fill*         0x1000a85e        0x2 
 .rodata.__func__.0
                0x1000a860       0x14 CMakeFiles/pico-timer.dir/D_/Pico/pico-sdk/src/rp2_common/pico_double/double_init_rom.c.obj
 .rodata.__aeabi_float_init.str1.4
                0x1000a874       0x70 CMakeFiles/pico-timer.dir/D_/Pico/pico-sdk/src/rp2_common/pico_float/float_init_rom.c.obj
                                 0x74 (size before relaxing)
 .rodata.__func__.0
                0x1000a8e4       0x13 CMakeFiles/pico-timer.dir/D_/Pico/pico-sdk/src/rp2_common/pico_float/float_init_rom.c.obj
 *fill*         0x1000a8f7        0x1 
 .rodata.check_alloc.str1.4
                0x1000a8f8        0xe CMakeFiles/pico-timer.dir/D_/Pico/pico-sdk/src/rp2_common/pico_malloc/pico_malloc.c.obj
 *fill*         0x1000a906        0x2 
 .rodata.str1.4
                0x1000a908       0x44 CMakeFiles/pico-timer.dir/D_/Pico/pico-sdk/src/rp2_common/pico_standard_link/binary_info.c.obj
 .rodata.__bi_81
                0x1000a94c        0xc CMakeFiles/pico-timer.dir/D_/Pico/pico-sdk/src/rp2_common/pico_standard_link/binary_info.c.obj
 .rodata.__bi_75
                0x1000a958        0xc CMakeFiles/pico-timer.dir/D_/Pico/pico-sdk/src/rp2_common/pico_standard_link/binary_info.c.obj
 .rodata.__bi_56
                0x1000a964        0xc CMakeFiles/pico-timer.dir/D_/Pico/pico-sdk/src/rp2_common/pico_standard_link/binary_info.c.obj
 .rodata.__bi_44
                0x1000a970        0xc CMakeFiles/pico-timer.dir/D_/Pico/pico-sdk/src/rp2_common/pico_standard_link/binary_info.c.obj
 .rodata.crlf_str.3
                0x1000a97c        0x2 CMakeFiles/pico-timer.dir/D_/Pico/pico-sdk/src/rp2_common/pico_stdio/stdio.c.obj
 *fill*         0x1000a97e        0x2 
 .rodata._resetd_driver
                0x1000a980       0x18 CMakeFiles/pico-timer.dir/D_/Pico/pico-sdk/src/rp2_common/pico_stdio_usb/reset_interface.c.obj
 .rodata.update_us_since_boot.str1.4
                0x1000a998       0x57 CMakeFiles/pico-timer.dir/D_/Pico/pico-sdk/src/rp2_common/pico_stdio_usb/stdio_usb.c.obj
 .rodata.timer_task.str1.4
                0x1000a998       0x63 CMakeFiles/pico-timer.dir/D_/Pico/pico-sdk/src/rp2_common/pico_stdio_usb/stdio_usb.c.obj
 *fill*         0x1000a9fb        0x1 
 .rodata.__func__.0
                0x1000a9fc       0x15 CMakeFiles/pico-timer.dir/D_/Pico/pico-sdk/src/rp2_common/pico_stdio_usb/stdio_usb.c.obj
 *fill*         0x1000aa11        0x3 
 .rodata.__func__.1
                0x1000aa14        0xb CMakeFiles/pico-timer.dir/D_/Pico/pico-sdk/src/rp2_common/pico_stdio_usb/stdio_usb.c.obj
 *fill*         0x1000aa1f        0x1 
 .rodata.str1.4
                0x1000aa20       0x13 CMakeFiles/pico-timer.dir/D_/Pico/pico-sdk/src/rp2_common/pico_stdio_usb/stdio_usb.c.obj
 *fill*         0x1000aa33        0x1 
 .rodata.__bi_118.2
                0x1000aa34        0xc CMakeFiles/pico-timer.dir/D_/Pico/pico-sdk/src/rp2_common/pico_stdio_usb/stdio_usb.c.obj
 .rodata.str1.4
                0x1000aa40       0x2a CMakeFiles/pico-timer.dir/D_/Pico/pico-sdk/src/rp2_common/pico_stdio_usb/stdio_usb_descriptors.c.obj
 *fill*         0x1000aa6a        0x2 
 .rodata.usbd_desc_str
                0x1000aa6c       0x18 CMakeFiles/pico-timer.dir/D_/Pico/pico-sdk/src/rp2_common/pico_stdio_usb/stdio_usb_descriptors.c.obj
 .rodata.usbd_desc_cfg
                0x1000aa84       0x54 CMakeFiles/pico-timer.dir/D_/Pico/pico-sdk/src/rp2_common/pico_stdio_usb/stdio_usb_descriptors.c.obj
 .rodata.usbd_desc_device
                0x1000aad8       0x12 CMakeFiles/pico-timer.dir/D_/Pico/pico-sdk/src/rp2_common/pico_stdio_usb/stdio_usb_descriptors.c.obj
 *fill*         0x1000aaea        0x2 
 .rodata._hw_endpoint_alloc.str1.4
                0x1000aaec       0xad CMakeFiles/pico-timer.dir/D_/Pico/pico-sdk/lib/tinyusb/src/portable/raspberrypi/rp2040/dcd_rp2040.c.obj
 *fill*         0x1000ab99        0x3 
 .rodata.dcd_rp2040_irq.str1.4
                0x1000ab9c       0x14 CMakeFiles/pico-timer.dir/D_/Pico/pico-sdk/lib/tinyusb/src/portable/raspberrypi/rp2040/dcd_rp2040.c.obj
 .rodata.dcd_int_enable.str1.4
                0x1000abb0        0xc CMakeFiles/pico-timer.dir/D_/Pico/pico-sdk/lib/tinyusb/src/portable/raspberrypi/rp2040/dcd_rp2040.c.obj
 .rodata.__func__.0
                0x1000abbc        0xe CMakeFiles/pico-timer.dir/D_/Pico/pico-sdk/lib/tinyusb/src/portable/raspberrypi/rp2040/dcd_rp2040.c.obj
 *fill*         0x1000abca        0x2 
 .rodata.__func__.1
                0x1000abcc        0xe CMakeFiles/pico-timer.dir/D_/Pico/pico-sdk/lib/tinyusb/src/portable/raspberrypi/rp2040/dcd_rp2040.c.obj
 *fill*         0x1000abda        0x2 
 .rodata.__func__.3
                0x1000abdc       0x10 CMakeFiles/pico-timer.dir/D_/Pico/pico-sdk/lib/tinyusb/src/portable/raspberrypi/rp2040/dcd_rp2040.c.obj
 .rodata.__func__.5
                0x1000abec        0xf CMakeFiles/pico-timer.dir/D_/Pico/pico-sdk/lib/tinyusb/src/portable/raspberrypi/rp2040/dcd_rp2040.c.obj
 *fill*         0x1000abfb        0x1 
 .rodata.__func__.6
                0x1000abfc       0x13 CMakeFiles/pico-timer.dir/D_/Pico/pico-sdk/lib/tinyusb/src/portable/raspberrypi/rp2040/dcd_rp2040.c.obj
 *fill*         0x1000ac0f        0x1 
 .rodata.__func__.7
                0x1000ac10        0x9 CMakeFiles/pico-timer.dir/D_/Pico/pico-sdk/lib/tinyusb/src/portable/raspberrypi/rp2040/dcd_rp2040.c.obj
 *fill*         0x1000ac19        0x3 
 .rodata.sync_ep_buffer.str1.4
                0x1000ac1c       0x89 CMakeFiles/pico-timer.dir/D_/Pico/pico-sdk/lib/tinyusb/src/portable/raspberrypi/rp2040/rp2040_usb.c.obj
 *fill*         0x1000aca5        0x3 
 .rodata._hw_endpoint_buffer_control_update32.str1.4
                0x1000aca8       0x1f CMakeFiles/pico-timer.dir/D_/Pico/pico-sdk/lib/tinyusb/src/portable/raspberrypi/rp2040/rp2040_usb.c.obj
 *fill*         0x1000acc7        0x1 
 .rodata.hw_endpoint_xfer_start.str1.4
                0x1000acc8       0x38 CMakeFiles/pico-timer.dir/D_/Pico/pico-sdk/lib/tinyusb/src/portable/raspberrypi/rp2040/rp2040_usb.c.obj
 .rodata.hw_endpoint_xfer_continue.str1.4
                0x1000ad00       0x29 CMakeFiles/pico-timer.dir/D_/Pico/pico-sdk/lib/tinyusb/src/portable/raspberrypi/rp2040/rp2040_usb.c.obj
 *fill*         0x1000ad29        0x3 
 .rodata.__func__.0
                0x1000ad2c        0xf CMakeFiles/pico-timer.dir/D_/Pico/pico-sdk/lib/tinyusb/src/portable/raspberrypi/rp2040/rp2040_usb.c.obj
 *fill*         0x1000ad3b        0x1 
 .rodata.str1.4
                0x1000ad3c        0x7 CMakeFiles/pico-timer.dir/D_/Pico/pico-sdk/lib/tinyusb/src/portable/raspberrypi/rp2040/rp2040_usb.c.obj
 *fill*         0x1000ad43        0x1 
 .rodata.process_set_config.str1.4
                0x1000ad44       0x17 CMakeFiles/pico-timer.dir/D_/Pico/pico-sdk/lib/tinyusb/src/device/usbd.c.obj
 *fill*         0x1000ad5b        0x1 
 .rodata.process_get_descriptor
                0x1000ad5c       0x40 CMakeFiles/pico-timer.dir/D_/Pico/pico-sdk/lib/tinyusb/src/device/usbd.c.obj
 .rodata.process_control_request
                0x1000ad9c       0x28 CMakeFiles/pico-timer.dir/D_/Pico/pico-sdk/lib/tinyusb/src/device/usbd.c.obj
 .rodata.tud_task
                0x1000adc4       0x24 CMakeFiles/pico-timer.dir/D_/Pico/pico-sdk/lib/tinyusb/src/device/usbd.c.obj
 .rodata.__func__.2
                0x1000ade8        0xf CMakeFiles/pico-timer.dir/D_/Pico/pico-sdk/lib/tinyusb/src/device/usbd.c.obj
 *fill*         0x1000adf7        0x1 
 .rodata.__func__.3
                0x1000adf8        0xf CMakeFiles/pico-timer.dir/D_/Pico/pico-sdk/lib/tinyusb/src/device/usbd.c.obj
 *fill*         0x1000ae07        0x1 
 .rodata.__func__.4
                0x1000ae08       0x14 CMakeFiles/pico-timer.dir/D_/Pico/pico-sdk/lib/tinyusb/src/device/usbd.c.obj
 .rodata.__func__.5
                0x1000ae1c       0x10 CMakeFiles/pico-timer.dir/D_/Pico/pico-sdk/lib/tinyusb/src/device/usbd.c.obj
 .rodata.__func__.6
                0x1000ae2c       0x17 CMakeFiles/pico-timer.dir/D_/Pico/pico-sdk/lib/tinyusb/src/device/usbd.c.obj
 *fill*         0x1000ae43        0x1 
 .rodata.__func__.7