Archive member included to satisfy reference by file (symbol)

d:/program files (x86)/arm gnu toolchain arm-none-eabi/12.2 rel1/bin/../lib/gcc/arm-none-eabi/12.2.1/thumb/v6-m/nofp\libgcc.a(_dvmd_tls.o)
                              CMakeFiles/pico-timer.dir/D_/Pico/pico-sdk/src/rp2_common/pico_divider/divider.S.obj (__aeabi_idiv0)
d:/program files (x86)/arm gnu toolchain arm-none-eabi/12.2 rel1/bin/../lib/gcc/arm-none-eabi/12.2.1/thumb/v6-m/nofp\libc.a(libc_a-calloc.o)
                              CMakeFiles/pico-timer.dir/D_/Pico/pico-sdk/src/rp2_common/pico_malloc/pico_malloc.c.obj (calloc)
d:/program files (x86)/arm gnu toolchain arm-none-eabi/12.2 rel1/bin/../lib/gcc/arm-none-eabi/12.2.1/thumb/v6-m/nofp\libc.a(libc_a-callocr.o)
                              d:/program files (x86)/arm gnu toolchain arm-none-eabi/12.2 rel1/bin/../lib/gcc/arm-none-eabi/12.2.1/thumb/v6-m/nofp\libc.a(libc_a-calloc.o) (_calloc_r)
d:/program files (x86)/arm gnu toolchain arm-none-eabi/12.2 rel1/bin/../lib/gcc/arm-none-eabi/12.2.1/thumb/v6-m/nofp\libc.a(libc_a-malloc.o)
                              CMakeFiles/pico-timer.dir/D_/Pico/pico-sdk/src/rp2_common/pico_malloc/pico_malloc.c.obj (malloc)
d:/program files (x86)/arm gnu toolchain arm-none-eabi/12.2 rel1/bin/../lib/gcc/arm-none-eabi/12.2.1/thumb/v6-m/nofp\libc.a(libc_a-mallocr.o)
                              d:/program files (x86)/arm gnu toolchain arm-none-eabi/12.2 rel1/bin/../lib/gcc/arm-none-eabi/12.2.1/thumb/v6-m/nofp\libc.a(libc_a-callocr.o) (_malloc_r)
d:/program files (x86)/arm gnu toolchain arm-none-eabi/12.2 rel1/bin/../lib/gcc/arm-none-eabi/12.2.1/thumb/v6-m/nofp\libc.a(libc_a-mlock.o)
                              d:/program files (x86)/arm gnu toolchain arm-none-eabi/12.2 rel1/bin/../lib/gcc/arm-none-eabi/12.2.1/thumb/v6-m/nofp\libc.a(libc_a-mallocr.o) (__malloc_lock)
d:/program files (x86)/arm gnu toolchain arm-none-eabi/12.2 rel1/bin/../lib/gcc/arm-none-eabi/12.2.1/thumb/v6-m/nofp\libc.a(libc_a-realloc.o)
                              CMakeFiles/pico-timer.dir/D_/Pico/pico-sdk/src/rp2_common/pico_malloc/pico_malloc.c.obj (realloc)
d:/program files (x86)/arm gnu toolchain arm-none-eabi/12.2 rel1/bin/../lib/gcc/arm-none-eabi/12.2.1/thumb/v6-m/nofp\libc.a(libc_a-reallocr.o)
                              d:/program files (x86)/arm gnu toolchain arm-none-eabi/12.2 rel1/bin/../lib/gcc/arm-none-eabi/12.2.1/thumb/v6-m/nofp\libc.a(libc_a-realloc.o) (_realloc_r)
d:/program files (x86)/arm gnu toolchain arm-none-eabi/12.2 rel1/bin/../lib/gcc/arm-none-eabi/12.2.1/thumb/v6-m/nofp\libc.a(libc_a-memmove.o)
                              d:/program files (x86)/arm gnu toolchain arm-none-eabi/12.2 rel1/bin/../lib/gcc/arm-none-eabi/12.2.1/thumb/v6-m/nofp\libc.a(libc_a-reallocr.o) (memmove)
d:/program files (x86)/arm gnu toolchain arm-none-eabi/12.2 rel1/bin/../lib/gcc/arm-none-eabi/12.2.1/thumb/v6-m/nofp\libc.a(libc_a-impure.o)
                              d:/program files (x86)/arm gnu toolchain arm-none-eabi/12.2 rel1/bin/../lib/gcc/arm-none-eabi/12.2.1/thumb/v6-m/nofp\libc.a(libc_a-calloc.o) (_impure_ptr)
d:/program files (x86)/arm gnu toolchain arm-none-eabi/12.2 rel1/bin/../lib/gcc/arm-none-eabi/12.2.1/thumb/v6-m/nofp\libc.a(libc_a-sbrkr.o)
                              d:/program files (x86)/arm gnu toolchain arm-none-eabi/12.2 rel1/bin/../lib/gcc/arm-none-eabi/12.2.1/thumb/v6-m/nofp\libc.a(libc_a-mallocr.o) (_sbrk_r)
d:/program files (x86)/arm gnu toolchain arm-none-eabi/12.2 rel1/bin/../lib/gcc/arm-none-eabi/12.2.1/thumb/v6-m/nofp\libc.a(libc_a-errno.o)
                              d:/program files (x86)/arm gnu toolchain arm-none-eabi/12.2 rel1/bin/../lib/gcc/arm-none-eabi/12.2.1/thumb/v6-m/nofp\libc.a(libc_a-callocr.o) (__errno)
d:/program files (x86)/arm gnu toolchain arm-none-eabi/12.2 rel1/bin/../lib/gcc/arm-none-eabi/12.2.1/thumb/v6-m/nofp\libc.a(libc_a-init.o)
                              d:/program files (x86)/arm gnu toolchain arm-none-eabi/12.2 rel1/bin/../lib/gcc/arm-none-eabi/12.2.1/thumb/v6-m/nofp/crt0.o (__libc_init_array)
d:/program files (x86)/arm gnu toolchain arm-none-eabi/12.2 rel1/bin/../lib/gcc/arm-none-eabi/12.2.1/thumb/v6-m/nofp\libc.a(libc_a-lock.o)
                              d:/program files (x86)/arm gnu toolchain arm-none-eabi/12.2 rel1/bin/../lib/gcc/arm-none-eabi/12.2.1/thumb/v6-m/nofp\libc.a(libc_a-mlock.o) (__retarget_lock_acquire_recursive)
d:/program files (x86)/arm gnu toolchain arm-none-eabi/12.2 rel1/bin/../lib/gcc/arm-none-eabi/12.2.1/thumb/v6-m/nofp\libc.a(libc_a-sysconf.o)
                              d:/program files (x86)/arm gnu toolchain arm-none-eabi/12.2 rel1/bin/../lib/gcc/arm-none-eabi/12.2.1/thumb/v6-m/nofp\libc.a(libc_a-mallocr.o) (sysconf)
d:/program files (x86)/arm gnu toolchain arm-none-eabi/12.2 rel1/bin/../lib/gcc/arm-none-eabi/12.2.1/thumb/v6-m/nofp\libc.a(libc_a-strlen-stub.o)
                              CMakeFiles/pico-timer.dir/D_/Pico/pico-sdk/src/rp2_common/pico_stdio/stdio.c.obj (strlen)
[...]
Memory Configuration

Name             Origin             Length             Attributes
FLASH            0x10000000         0x00200000         xr
RAM              0x20000000         0x00040000         xrw
SCRATCH_X        0x20040000         0x00001000         xrw
SCRATCH_Y        0x20041000         0x00001000         xrw
*default*        0x00000000         0xffffffff

Linker script and memory map

LOAD d:/program files (x86)/arm gnu toolchain arm-none-eabi/12.2 rel1/bin/../lib/gcc/arm-none-eabi/12.2.1/thumb/v6-m/nofp/crti.o
LOAD d:/program files (x86)/arm gnu toolchain arm-none-eabi/12.2 rel1/bin/../lib/gcc/arm-none-eabi/12.2.1/thumb/v6-m/nofp/crtbegin.o
LOAD d:/program files (x86)/arm gnu toolchain arm-none-eabi/12.2 rel1/bin/../lib/gcc/arm-none-eabi/12.2.1/thumb/v6-m/nofp/crt0.o

.flash_begin    0x10000000        0x0
                0x10000000                __flash_binary_start = .

.boot2          0x10000000      0x100
                0x10000000                __boot2_start__ = .
 *(.boot2)
 .boot2         0x10000000      0x100 C:\Users\junso\AppData\Local\Temp\ccw1lrt3.o
                0x10000100                __boot2_end__ = .
                0x00000001                ASSERT (((__boot2_end__ - __boot2_start__) == 0x100), ERROR: Pico second stage bootloader must be 256 bytes in size)

.text           0x10000100     0x9a00
                0x10000100                __logical_binary_start = .
 *(.vectors)
 .vectors       0x10000100       0xd4 CMakeFiles/pico-timer.dir/D_/Pico/pico-sdk/src/rp2_common/pico_standard_link/crt0.S.obj
                0x10000100                __VECTOR_TABLE
                0x10000100                __vectors
                0x100001c0                isr_invalid
                0x100001c0                __default_isrs_start
                0x100001c2                isr_nmi
                0x100001c4                isr_hardfault
                0x100001c6                isr_svcall
                0x100001c8                isr_pendsv
                0x100001ca                isr_systick
                0x100001cc                isr_irq23
                0x100001cc                isr_irq18
                0x100001cc                isr_irq11
                0x100001cc                isr_irq28
                0x100001cc                isr_irq19
                0x100001cc                isr_irq0
                0x100001cc                isr_irq6
                0x100001cc                isr_irq5
                0x100001cc                isr_irq12
                0x100001cc                isr_irq22
                0x100001cc                isr_irq31
                0x100001cc                isr_irq17
                0x100001cc                isr_irq27
                0x100001cc                isr_irq30
                0x100001cc                isr_irq2
                0x100001cc                isr_irq10
                0x100001cc                isr_irq8
                0x100001cc                isr_irq24
                0x100001cc                isr_irq1
                0x100001cc                isr_irq7
                0x100001cc                isr_irq21
                0x100001cc                isr_irq20
                0x100001cc                isr_irq15
                0x100001cc                isr_irq25
                0x100001cc                isr_irq13
                0x100001cc                __unhandled_user_irq
                0x100001cc                isr_irq4
                0x100001cc                isr_irq16
                0x100001cc                isr_irq29
                0x100001cc                isr_irq26
                0x100001cc                __default_isrs_end
                0x100001cc                isr_irq3
                0x100001cc                isr_irq14
                0x100001cc                isr_irq9
                0x100001d2                unhandled_user_irq_num_in_r0
 *(.binary_info_header)
 .binary_info_header
                0x100001d4       0x14 CMakeFiles/pico-timer.dir/D_/Pico/pico-sdk/src/rp2_common/pico_standard_link/crt0.S.obj
                0x100001e8                __binary_info_header_end = .
 *(.reset)
 .reset         0x100001e8       0xa8 CMakeFiles/pico-timer.dir/D_/Pico/pico-sdk/src/rp2_common/pico_standard_link/crt0.S.obj
                0x100001e8                _entry_point
                0x10000266                __get_current_exception
 .reset         0x10000290       0x30 CMakeFiles/pico-timer.dir/D_/Pico/pico-sdk/src/rp2_common/pico_standard_link/binary_info.c.obj
 *(.init)
 .init          0x100002c0        0x4 d:/program files (x86)/arm gnu toolchain arm-none-eabi/12.2 rel1/bin/../lib/gcc/arm-none-eabi/12.2.1/thumb/v6-m/nofp/crti.o
                0x100002c0                _init
 *(EXCLUDE_FILE(*libm.a: *libc.a:*lib_a-mem*.o *libgcc.a:) .text*)
 .text.register_tm_clones
                0x100002c4       0x28 d:/program files (x86)/arm gnu toolchain arm-none-eabi/12.2 rel1/bin/../lib/gcc/arm-none-eabi/12.2.1/thumb/v6-m/nofp/crtbegin.o
 .text.frame_dummy
                0x100002ec       0x24 d:/program files (x86)/arm gnu toolchain arm-none-eabi/12.2 rel1/bin/../lib/gcc/arm-none-eabi/12.2.1/thumb/v6-m/nofp/crtbegin.o
 .text._Z13timer_dynamicP15repeating_timer
                0x10000310       0xac CMakeFiles/pico-timer.dir/pico-timer.cpp.obj
                0x10000310                timer_dynamic(repeating_timer*)
 .text._Z13gpio_callbackjm
                0x100003bc       0xa0 CMakeFiles/pico-timer.dir/pico-timer.cpp.obj
                0x100003bc                gpio_callback(unsigned int, unsigned long)
 .text._Z12note_controlbhhb
                0x1000045c      0x180 CMakeFiles/pico-timer.dir/pico-timer.cpp.obj
                0x1000045c                note_control(bool, unsigned char, unsigned char, bool)
 .text._Z9play_midiPh.part.0
                0x100005dc      0x5b8 CMakeFiles/pico-timer.dir/pico-timer.cpp.obj
 .text._Z5core1v
                0x10000b94      0x118 CMakeFiles/pico-timer.dir/pico-timer.cpp.obj
                0x10000b94                core1()
 .text._Z5core0v
                0x10000cac      0xc7c CMakeFiles/pico-timer.dir/pico-timer.cpp.obj
                0x10000cac                core0()
 .text.startup.main
                0x10001928       0xd8 CMakeFiles/pico-timer.dir/pico-timer.cpp.obj
                0x10001928                main
 .text._ZN6BuzzerC2Ej
                0x10001a00       0x7c CMakeFiles/pico-timer.dir/buzzer.cpp.obj
                0x10001a00                Buzzer::Buzzer(unsigned int)
                0x10001a00                Buzzer::Buzzer(unsigned int)
 .text._ZN6BuzzerD2Ev
                0x10001a7c       0x30 CMakeFiles/pico-timer.dir/buzzer.cpp.obj
                0x10001a7c                Buzzer::~Buzzer()
                0x10001a7c                Buzzer::~Buzzer()
 .text._ZN6Buzzer8set_freqEd
                0x10001aac       0xc0 CMakeFiles/pico-timer.dir/buzzer.cpp.obj
                0x10001aac                Buzzer::set_freq(double)
 .text._ZN6Buzzer8set_dutyEd
                0x10001b6c       0x90 CMakeFiles/pico-timer.dir/buzzer.cpp.obj
                0x10001b6c                Buzzer::set_duty(double)
 .text._ZN6Buzzer8set_gateEb
                0x10001bfc       0x2c CMakeFiles/pico-timer.dir/buzzer.cpp.obj
                0x10001bfc                Buzzer::set_gate(bool)
 .text._ZN6Buzzer16set_freq_by_noteEhd
                0x10001c28       0xc4 CMakeFiles/pico-timer.dir/buzzer.cpp.obj
                0x10001c28                Buzzer::set_freq_by_note(unsigned char, double)
 .text.gpio_default_irq_handler
                0x10001cec      0x204 CMakeFiles/pico-timer.dir/D_/Pico/pico-sdk/src/rp2_common/hardware_gpio/gpio.c.obj
 .text.gpio_set_function
                0x10001ef0       0x30 CMakeFiles/pico-timer.dir/D_/Pico/pico-sdk/src/rp2_common/hardware_gpio/gpio.c.obj
                0x10001ef0                gpio_set_function
 .text.gpio_set_pulls
                0x10001f20       0x24 CMakeFiles/pico-timer.dir/D_/Pico/pico-sdk/src/rp2_common/hardware_gpio/gpio.c.obj
                0x10001f20                gpio_set_pulls
 .text.gpio_set_irq_enabled
                0x10001f44       0x54 CMakeFiles/pico-timer.dir/D_/Pico/pico-sdk/src/rp2_common/hardware_gpio/gpio.c.obj
                0x10001f44                gpio_set_irq_enabled
 .text.gpio_set_irq_callback
                0x10001f98       0x40 CMakeFiles/pico-timer.dir/D_/Pico/pico-sdk/src/rp2_common/hardware_gpio/gpio.c.obj
                0x10001f98                gpio_set_irq_callback
 .text.gpio_init
                0x10001fd8       0x3c CMakeFiles/pico-timer.dir/D_/Pico/pico-sdk/src/rp2_common/hardware_gpio/gpio.c.obj
                0x10001fd8                gpio_init
 .text.gpio_deinit
                0x10002014       0x30 CMakeFiles/pico-timer.dir/D_/Pico/pico-sdk/src/rp2_common/hardware_gpio/gpio.c.obj
                0x10002014                gpio_deinit
 .text.hw_claim_or_assert
                0x10002044       0x44 CMakeFiles/pico-timer.dir/D_/Pico/pico-sdk/src/rp2_common/hardware_claim/claim.c.obj
                0x10002044                hw_claim_or_assert
 .text.hw_claim_unused_from_range
                0x10002088       0x9c CMakeFiles/pico-timer.dir/D_/Pico/pico-sdk/src/rp2_common/hardware_claim/claim.c.obj
                0x10002088                hw_claim_unused_from_range
 .text.running_on_fpga
                0x10002124       0x10 CMakeFiles/pico-timer.dir/D_/Pico/pico-sdk/src/rp2_common/pico_platform/platform.c.obj
                0x10002124                running_on_fpga
 .text.spin_locks_reset
                0x10002134       0x1c CMakeFiles/pico-timer.dir/D_/Pico/pico-sdk/src/rp2_common/hardware_sync/sync.c.obj
                0x10002134                spin_locks_reset
 .text.next_striped_spin_lock_num
                0x10002150       0x18 CMakeFiles/pico-timer.dir/D_/Pico/pico-sdk/src/rp2_common/hardware_sync/sync.c.obj
                0x10002150                next_striped_spin_lock_num
 .text.spin_lock_claim_unused
                0x10002168       0x24 CMakeFiles/pico-timer.dir/D_/Pico/pico-sdk/src/rp2_common/hardware_sync/sync.c.obj
                0x10002168                spin_lock_claim_unused
 .text.irq_set_enabled
                0x1000218c       0x24 CMakeFiles/pico-timer.dir/D_/Pico/pico-sdk/src/rp2_common/hardware_irq/irq.c.obj
                0x1000218c                irq_set_enabled
 .text.irq_is_enabled
                0x100021b0       0x18 CMakeFiles/pico-timer.dir/D_/Pico/pico-sdk/src/rp2_common/hardware_irq/irq.c.obj
                0x100021b0                irq_is_enabled
 .text.irq_set_pending
                0x100021c8       0x10 CMakeFiles/pico-timer.dir/D_/Pico/pico-sdk/src/rp2_common/hardware_irq/irq.c.obj
                0x100021c8                irq_set_pending
 .text.irq_has_shared_handler
                0x100021d8       0x2c CMakeFiles/pico-timer.dir/D_/Pico/pico-sdk/src/rp2_common/hardware_irq/irq.c.obj
                0x100021d8                irq_has_shared_handler
 .text.irq_get_vtable_handler
                0x10002204       0x10 CMakeFiles/pico-timer.dir/D_/Pico/pico-sdk/src/rp2_common/hardware_irq/irq.c.obj
                0x10002204                irq_get_vtable_handler
 .text.irq_set_exclusive_handler
                0x10002214       0x54 CMakeFiles/pico-timer.dir/D_/Pico/pico-sdk/src/rp2_common/hardware_irq/irq.c.obj
                0x10002214                irq_set_exclusive_handler
 .text.irq_add_shared_handler
                0x10002268      0x1f4 CMakeFiles/pico-timer.dir/D_/Pico/pico-sdk/src/rp2_common/hardware_irq/irq.c.obj
                0x10002268                irq_add_shared_handler
 .text.irq_remove_handler
                0x1000245c      0x1cc CMakeFiles/pico-timer.dir/D_/Pico/pico-sdk/src/rp2_common/hardware_irq/irq.c.obj
                0x1000245c                irq_remove_handler
 .text.irq_add_tail_to_free_list
                0x10002628       0xb4 CMakeFiles/pico-timer.dir/D_/Pico/pico-sdk/src/rp2_common/hardware_irq/irq.c.obj
                0x10002628                irq_add_tail_to_free_list
 .text.irq_init_priorities
                0x100026dc       0x24 CMakeFiles/pico-timer.dir/D_/Pico/pico-sdk/src/rp2_common/hardware_irq/irq.c.obj
                0x100026dc                irq_init_priorities
 .text.user_irq_claim_unused
                0x10002700       0x30 CMakeFiles/pico-timer.dir/D_/Pico/pico-sdk/src/rp2_common/hardware_irq/irq.c.obj
                0x10002700                user_irq_claim_unused
 .text.sem_init
                0x10002730       0x20 CMakeFiles/pico-timer.dir/D_/Pico/pico-sdk/src/common/pico_sync/sem.c.obj
                0x10002730                sem_init
 .text.lock_init
                0x10002750       0x10 CMakeFiles/pico-timer.dir/D_/Pico/pico-sdk/src/common/pico_sync/lock_core.c.obj
                0x10002750                lock_init
 .text.timer_pool_entry_comparator
                0x10002760       0x34 CMakeFiles/pico-timer.dir/D_/Pico/pico-sdk/src/common/pico_time/time.c.obj
                0x10002760                timer_pool_entry_comparator
 .text.repeating_timer_callback
                0x10002794       0x1c CMakeFiles/pico-timer.dir/D_/Pico/pico-sdk/src/common/pico_time/time.c.obj
 .text.sleep_until_callback
                0x100027b0       0x30 CMakeFiles/pico-timer.dir/D_/Pico/pico-sdk/src/common/pico_time/time.c.obj
 .text.add_alarm_under_lock.isra.0
                0x100027e0      0x100 CMakeFiles/pico-timer.dir/D_/Pico/pico-sdk/src/common/pico_time/time.c.obj
 .text.alarm_pool_alarm_callback
                0x100028e0      0x1c4 CMakeFiles/pico-timer.dir/D_/Pico/pico-sdk/src/common/pico_time/time.c.obj
 .text.alarm_pool_add_alarm_at.constprop.0
                0x10002aa4      0x11c CMakeFiles/pico-timer.dir/D_/Pico/pico-sdk/src/common/pico_time/time.c.obj
 .text.alarm_pool_init_default
                0x10002bc0       0x64 CMakeFiles/pico-timer.dir/D_/Pico/pico-sdk/src/common/pico_time/time.c.obj
                0x10002bc0                alarm_pool_init_default
 .text.alarm_pool_get_default
                0x10002c24        0x8 CMakeFiles/pico-timer.dir/D_/Pico/pico-sdk/src/common/pico_time/time.c.obj
                0x10002c24                alarm_pool_get_default
 .text.alarm_pool_add_alarm_at
                0x10002c2c      0x19c CMakeFiles/pico-timer.dir/D_/Pico/pico-sdk/src/common/pico_time/time.c.obj
                0x10002c2c                alarm_pool_add_alarm_at
 .text.alarm_pool_add_repeating_timer_us
                0x10002dc8      0x240 CMakeFiles/pico-timer.dir/D_/Pico/pico-sdk/src/common/pico_time/time.c.obj
                0x10002dc8                alarm_pool_add_repeating_timer_us
 .text.sleep_until
                0x10003008       0xac CMakeFiles/pico-timer.dir/D_/Pico/pico-sdk/src/common/pico_time/time.c.obj
                0x10003008                sleep_until
 .text.sleep_us
                0x100030b4       0x30 CMakeFiles/pico-timer.dir/D_/Pico/pico-sdk/src/common/pico_time/time.c.obj
                0x100030b4                sleep_us
 .text.sleep_ms
                0x100030e4       0x38 CMakeFiles/pico-timer.dir/D_/Pico/pico-sdk/src/common/pico_time/time.c.obj
                0x100030e4                sleep_ms
 .text.best_effort_wfe_or_timeout
                0x1000311c       0xd0 CMakeFiles/pico-timer.dir/D_/Pico/pico-sdk/src/common/pico_time/time.c.obj
                0x1000311c                best_effort_wfe_or_timeout
 .text.hardware_alarm_irq_handler
                0x100031ec       0xb8 CMakeFiles/pico-timer.dir/D_/Pico/pico-sdk/src/rp2_common/hardware_timer/timer.c.obj
 .text.hardware_alarm_claim
                0x100032a4       0x18 CMakeFiles/pico-timer.dir/D_/Pico/pico-sdk/src/rp2_common/hardware_timer/timer.c.obj
                0x100032a4                hardware_alarm_claim
 .text.time_us_64
                0x100032bc       0x14 CMakeFiles/pico-timer.dir/D_/Pico/pico-sdk/src/rp2_common/hardware_timer/timer.c.obj
                0x100032bc                time_us_64
 .text.busy_wait_until
                0x100032d0       0x20 CMakeFiles/pico-timer.dir/D_/Pico/pico-sdk/src/rp2_common/hardware_timer/timer.c.obj
                0x100032d0                busy_wait_until
 .text.hardware_alarm_set_callback
                0x100032f0       0x8c CMakeFiles/pico-timer.dir/D_/Pico/pico-sdk/src/rp2_common/hardware_timer/timer.c.obj
                0x100032f0                hardware_alarm_set_callback
 .text.hardware_alarm_set_target
                0x1000337c       0xdc CMakeFiles/pico-timer.dir/D_/Pico/pico-sdk/src/rp2_common/hardware_timer/timer.c.obj
                0x1000337c                hardware_alarm_set_target
 .text.hardware_alarm_cancel
                0x10003458       0x3c CMakeFiles/pico-timer.dir/D_/Pico/pico-sdk/src/rp2_common/hardware_timer/timer.c.obj
                0x10003458                hardware_alarm_cancel
 .text.ph_merge_nodes
                0x10003494       0x64 CMakeFiles/pico-timer.dir/D_/Pico/pico-sdk/src/common/pico_util/pheap.c.obj
 .text.ph_post_alloc_init
                0x100034f8       0x3c CMakeFiles/pico-timer.dir/D_/Pico/pico-sdk/src/common/pico_util/pheap.c.obj
                0x100034f8                ph_post_alloc_init
 .text.ph_merge_two_pass
                0x10003534       0x98 CMakeFiles/pico-timer.dir/D_/Pico/pico-sdk/src/common/pico_util/pheap.c.obj
                0x10003534                ph_merge_two_pass
 .text.ph_remove_any_head
                0x100035cc      0x12c CMakeFiles/pico-timer.dir/D_/Pico/pico-sdk/src/common/pico_util/pheap.c.obj
 .text.ph_remove_head
                0x100036f8      0x130 CMakeFiles/pico-timer.dir/D_/Pico/pico-sdk/src/common/pico_util/pheap.c.obj
                0x100036f8                ph_remove_head
 .text.ph_remove_and_free_node
                0x10003828       0x78 CMakeFiles/pico-timer.dir/D_/Pico/pico-sdk/src/common/pico_util/pheap.c.obj
                0x10003828                ph_remove_and_free_node
 .text.mutex_init
                0x100038a0       0x1c CMakeFiles/pico-timer.dir/D_/Pico/pico-sdk/src/common/pico_sync/mutex.c.obj
                0x100038a0                mutex_init
 .text.recursive_mutex_init
                0x100038bc       0x1c CMakeFiles/pico-timer.dir/D_/Pico/pico-sdk/src/common/pico_sync/mutex.c.obj
                0x100038bc                recursive_mutex_init
 .text.critical_section_init
                0x100038d8       0x1c CMakeFiles/pico-timer.dir/D_/Pico/pico-sdk/src/common/pico_sync/critical_section.c.obj
                0x100038d8                critical_section_init
 .text.runtime_init
                0x100038f4       0xf0 CMakeFiles/pico-timer.dir/D_/Pico/pico-sdk/src/rp2_common/pico_runtime/runtime.c.obj
                0x100038f4                runtime_init
 .text._sbrk    0x100039e4       0x34 CMakeFiles/pico-timer.dir/D_/Pico/pico-sdk/src/rp2_common/pico_runtime/runtime.c.obj
                0x100039e4                _sbrk
 .text.exit     0x10003a18        0x4 CMakeFiles/pico-timer.dir/D_/Pico/pico-sdk/src/rp2_common/pico_runtime/runtime.c.obj
                0x10003a18                exit
 .text.panic    0x10003a1c       0x30 CMakeFiles/pico-timer.dir/D_/Pico/pico-sdk/src/rp2_common/pico_runtime/runtime.c.obj
                0x10003a1c                panic
 .text.hard_assertion_failure
                0x10003a4c        0xc CMakeFiles/pico-timer.dir/D_/Pico/pico-sdk/src/rp2_common/pico_runtime/runtime.c.obj
                0x10003a4c                hard_assertion_failure
 .text.clocks_init
                0x10003a58      0x2b4 CMakeFiles/pico-timer.dir/D_/Pico/pico-sdk/src/rp2_common/hardware_clocks/clocks.c.obj
                0x10003a58                clocks_init
 .text.pll_init
                0x10003d0c       0xa8 CMakeFiles/pico-timer.dir/D_/Pico/pico-sdk/src/rp2_common/hardware_pll/pll.c.obj
                0x10003d0c                pll_init
 .text.watchdog_start_tick
                0x10003db4       0x10 CMakeFiles/pico-timer.dir/D_/Pico/pico-sdk/src/rp2_common/hardware_watchdog/watchdog.c.obj
                0x10003db4                watchdog_start_tick
 .text.watchdog_reboot
                0x10003dc4       0x9c CMakeFiles/pico-timer.dir/D_/Pico/pico-sdk/src/rp2_common/hardware_watchdog/watchdog.c.obj
                0x10003dc4                watchdog_reboot
 .text.xosc_init
                0x10003e60       0x28 CMakeFiles/pico-timer.dir/D_/Pico/pico-sdk/src/rp2_common/hardware_xosc/xosc.c.obj
                0x10003e60                xosc_init
 .text._out_null
                0x10003e88        0x4 CMakeFiles/pico-timer.dir/D_/Pico/pico-sdk/src/rp2_common/pico_printf/printf.c.obj
 .text._out_rev
                0x10003e8c       0x90 CMakeFiles/pico-timer.dir/D_/Pico/pico-sdk/src/rp2_common/pico_printf/printf.c.obj
 .text._ntoa_format
                0x10003f1c      0x1f4 CMakeFiles/pico-timer.dir/D_/Pico/pico-sdk/src/rp2_common/pico_printf/printf.c.obj
 .text._out_char
                0x10004110       0x10 CMakeFiles/pico-timer.dir/D_/Pico/pico-sdk/src/rp2_common/pico_printf/printf.c.obj
 .text._out_fct
                0x10004120       0x10 CMakeFiles/pico-timer.dir/D_/Pico/pico-sdk/src/rp2_common/pico_printf/printf.c.obj
 .text._etoa    0x10004130      0x454 CMakeFiles/pico-timer.dir/D_/Pico/pico-sdk/src/rp2_common/pico_printf/printf.c.obj
 .text._ftoa    0x10004584      0x3c4 CMakeFiles/pico-timer.dir/D_/Pico/pico-sdk/src/rp2_common/pico_printf/printf.c.obj
 .text._vsnprintf
                0x10004948      0xb24 CMakeFiles/pico-timer.dir/D_/Pico/pico-sdk/src/rp2_common/pico_printf/printf.c.obj
 .text.vfctprintf
                0x1000546c       0x20 CMakeFiles/pico-timer.dir/D_/Pico/pico-sdk/src/rp2_common/pico_printf/printf.c.obj
                0x1000546c                vfctprintf
 .text.weak_raw_vprintf
                0x1000548c       0x30 CMakeFiles/pico-timer.dir/D_/Pico/pico-sdk/src/rp2_common/pico_printf/printf.c.obj
                0x1000548c                weak_raw_vprintf
 .text          0x100054bc       0x10 CMakeFiles/pico-timer.dir/D_/Pico/pico-sdk/src/rp2_common/pico_bit_ops/bit_ops_aeabi.S.obj
 .text.rom_func_lookup
                0x100054cc       0x10 CMakeFiles/pico-timer.dir/D_/Pico/pico-sdk/src/rp2_common/pico_bootrom/bootrom.c.obj
                0x100054cc                rom_func_lookup
 .text.rom_data_lookup
                0x100054dc       0x10 CMakeFiles/pico-timer.dir/D_/Pico/pico-sdk/src/rp2_common/pico_bootrom/bootrom.c.obj
                0x100054dc                rom_data_lookup
 .text.rom_funcs_lookup
                0x100054ec       0x44 CMakeFiles/pico-timer.dir/D_/Pico/pico-sdk/src/rp2_common/pico_bootrom/bootrom.c.obj
                0x100054ec                rom_funcs_lookup
 .text.__wrap___aeabi_idiv
                0x10005530       0x50 CMakeFiles/pico-timer.dir/D_/Pico/pico-sdk/src/rp2_common/pico_divider/divider.S.obj
                0x10005530                __wrap___aeabi_idivmod
                0x10005530                divmod_s32s32
                0x10005530                div_s32s32
                0x10005530                __wrap___aeabi_idiv
                0x10005538                divmod_s32s32_unsafe
                0x10005564                divmod_s32s32_savestate
 .text.__wrap___aeabi_uidiv
                0x10005580       0x4c CMakeFiles/pico-timer.dir/D_/Pico/pico-sdk/src/rp2_common/pico_divider/divider.S.obj
                0x10005580                __wrap___aeabi_uidiv
                0x10005580                __wrap___aeabi_uidivmod
                0x10005580                div_u32u32
                0x10005580                divmod_u32u32
                0x10005588                divmod_u32u32_unsafe
                0x100055b0                divmod_u32u32_savestate
 .text.__wrap___aeabi_ldiv
                0x100055cc      0x434 CMakeFiles/pico-timer.dir/D_/Pico/pico-sdk/src/rp2_common/pico_divider/divider.S.obj
                0x100055cc                div_s64s64
                0x100055cc                divmod_s64s64
                0x100055cc                __wrap___aeabi_ldivmod
                0x10005604                divmod_u64u64
                0x10005604                div_u64u64
                0x10005604                __wrap___aeabi_uldivmod
                0x10005614                divmod_u64u64_savestate
                0x1000563c                divmod_s64s64_unsafe
                0x100056c4                divmod_u64u64_unsafe
 .text.__wrap___aeabi_darithmetic
                0x10005a00       0x80 CMakeFiles/pico-timer.dir/D_/Pico/pico-sdk/src/rp2_common/pico_double/double_aeabi.S.obj
                0x10005a00                __wrap___aeabi_drsub
                0x10005a06                __wrap___aeabi_dsub
                0x10005a18                __wrap___aeabi_dadd
                0x10005a2a                __wrap___aeabi_ddiv
                0x10005a66                __wrap___aeabi_dmul
 .text.__wrap___aeabi_cdcmple
                0x10005a80       0x6c CMakeFiles/pico-timer.dir/D_/Pico/pico-sdk/src/rp2_common/pico_double/double_aeabi.S.obj
                0x10005a80                __wrap___aeabi_cdrcmple
                0x10005a90                __wrap___aeabi_cdcmpeq
                0x10005a90                __wrap___aeabi_cdcmple
 .text.__wrap___aeabi_dcmpeq
                0x10005aec       0x10 CMakeFiles/pico-timer.dir/D_/Pico/pico-sdk/src/rp2_common/pico_double/double_aeabi.S.obj
                0x10005aec                __wrap___aeabi_dcmpeq
 .text.__wrap___aeabi_dcmplt
                0x10005afc        0xc CMakeFiles/pico-timer.dir/D_/Pico/pico-sdk/src/rp2_common/pico_double/double_aeabi.S.obj
                0x10005afc                __wrap___aeabi_dcmplt
 .text.__wrap___aeabi_dcmple
                0x10005b08       0x10 CMakeFiles/pico-timer.dir/D_/Pico/pico-sdk/src/rp2_common/pico_double/double_aeabi.S.obj
                0x10005b08                __wrap___aeabi_dcmple
 .text.__wrap___aeabi_dcmpge
                0x10005b18       0x10 CMakeFiles/pico-timer.dir/D_/Pico/pico-sdk/src/rp2_common/pico_double/double_aeabi.S.obj
                0x10005b18                __wrap___aeabi_dcmpge
 .text.__wrap___aeabi_dcmpgt
                0x10005b28        0xa CMakeFiles/pico-timer.dir/D_/Pico/pico-sdk/src/rp2_common/pico_double/double_aeabi.S.obj
                0x10005b28                __wrap___aeabi_dcmpgt
 .text.__wrap___aeabi_dcmpun
                0x10005b32       0x1c CMakeFiles/pico-timer.dir/D_/Pico/pico-sdk/src/rp2_common/pico_double/double_aeabi.S.obj
                0x10005b32                __wrap___aeabi_dcmpun
 *fill*         0x10005b4e        0x2 
 .text.__wrap___aeabi_i2d
                0x10005b50       0x38 CMakeFiles/pico-timer.dir/D_/Pico/pico-sdk/src/rp2_common/pico_double/double_aeabi.S.obj
                0x10005b50                __wrap___aeabi_ui2d
                0x10005b58                __wrap___aeabi_i2d
 .text.__wrap___aeabi_d2iz
                0x10005b88       0x48 CMakeFiles/pico-timer.dir/D_/Pico/pico-sdk/src/rp2_common/pico_double/double_aeabi.S.obj
                0x10005b88                double2int_z
                0x10005b88                __wrap___aeabi_d2iz
 .text.__wrap___aeabi_d2uiz
                0x10005bd0       0x18 CMakeFiles/pico-timer.dir/D_/Pico/pico-sdk/src/rp2_common/pico_double/double_aeabi.S.obj
                0x10005bd0                __wrap___aeabi_d2uiz
                0x10005bd0                double2uint
 .text.__aeabi_double_init
                0x10005be8       0x98 CMakeFiles/pico-timer.dir/D_/Pico/pico-sdk/src/rp2_common/pico_double/double_init_rom.c.obj
                0x10005be8                __aeabi_double_init
 .text.double_table_shim_on_use_helper
                0x10005c80       0x2c CMakeFiles/pico-timer.dir/D_/Pico/pico-sdk/src/rp2_common/pico_double/double_v1_rom_shim.S.obj
                0x10005c80                double_table_shim_on_use_helper
 .text.__wrap___aeabi_dsub
                0x10005cac       0x10 CMakeFiles/pico-timer.dir/D_/Pico/pico-sdk/src/rp2_common/pico_double/double_v1_rom_shim.S.obj
                0x10005cac                drsub_shim
                0x10005cb2                dsub_shim
 .text.dadd_shim
                0x10005cbc      0x15c CMakeFiles/pico-timer.dir/D_/Pico/pico-sdk/src/rp2_common/pico_double/double_v1_rom_shim.S.obj
                0x10005cbc                dadd_shim
 .text.dmul_shim
                0x10005e18      0x15c CMakeFiles/pico-timer.dir/D_/Pico/pico-sdk/src/rp2_common/pico_double/double_v1_rom_shim.S.obj
                0x10005e18                dmul_shim
 .text.ddiv_shim
                0x10005f74      0x1b0 CMakeFiles/pico-timer.dir/D_/Pico/pico-sdk/src/rp2_common/pico_double/double_v1_rom_shim.S.obj
                0x10005f74                ddiv_shim
 .text.double2uint_shim
                0x10006124        0xe CMakeFiles/pico-timer.dir/D_/Pico/pico-sdk/src/rp2_common/pico_double/double_v1_rom_shim.S.obj
                0x10006124                double2uint_shim
                0x10006126                double2ufix_shim
 *fill*         0x10006132        0x2 
 .text.double2uint64_shim
                0x10006134       0x70 CMakeFiles/pico-timer.dir/D_/Pico/pico-sdk/src/rp2_common/pico_double/double_v1_rom_shim.S.obj
                0x10006134                double2uint64_shim
                0x10006136                double2ufix64_shim
                0x10006156                d2fix_a
 .text.dunpacks
                0x100061a4       0x3c CMakeFiles/pico-timer.dir/D_/Pico/pico-sdk/src/rp2_common/pico_double/double_v1_rom_shim.S.obj
                0x100061a4                dunpacks
 .text.__aeabi_lmul
                0x100061e0       0x32 CMakeFiles/pico-timer.dir/D_/Pico/pico-sdk/src/rp2_common/pico_int64_ops/pico_int64_ops_aeabi.S.obj
                0x100061e0                __wrap___aeabi_lmul
 *fill*         0x10006212        0x2 
 .text.__wrap___aeabi_cfcmple
                0x10006214       0x50 CMakeFiles/pico-timer.dir/D_/Pico/pico-sdk/src/rp2_common/pico_float/float_aeabi.S.obj
                0x10006214                __wrap___aeabi_cfrcmple
                0x10006220                __wrap___aeabi_cfcmple
                0x10006220                __wrap___aeabi_cfcmpeq
 .text.__wrap___aeabi_fcmple
                0x10006264       0x10 CMakeFiles/pico-timer.dir/D_/Pico/pico-sdk/src/rp2_common/pico_float/float_aeabi.S.obj
                0x10006264                __wrap___aeabi_fcmple
 .text.__wrap___aeabi_fcmpge
                0x10006274       0x10 CMakeFiles/pico-timer.dir/D_/Pico/pico-sdk/src/rp2_common/pico_float/float_aeabi.S.obj
                0x10006274                __wrap___aeabi_fcmpge
 .text.__wrap___aeabi_f2d
                0x10006284       0x14 CMakeFiles/pico-timer.dir/D_/Pico/pico-sdk/src/rp2_common/pico_float/float_aeabi.S.obj
                0x10006284                __wrap___aeabi_f2d
 .text.__aeabi_float_init
                0x10006298       0x64 CMakeFiles/pico-timer.dir/D_/Pico/pico-sdk/src/rp2_common/pico_float/float_init_rom.c.obj
                0x10006298                __aeabi_float_init
 .text.float_table_shim_on_use_helper
                0x100062fc       0x2c CMakeFiles/pico-timer.dir/D_/Pico/pico-sdk/src/rp2_common/pico_float/float_v1_rom_shim.S.obj
                0x100062fc                float_table_shim_on_use_helper
 .text.float2double_shim
                0x10006328       0x30 CMakeFiles/pico-timer.dir/D_/Pico/pico-sdk/src/rp2_common/pico_float/float_v1_rom_shim.S.obj
                0x10006328                float2double_shim
 .text.__wrap_malloc
                0x10006358       0x3c CMakeFiles/pico-timer.dir/D_/Pico/pico-sdk/src/rp2_common/pico_malloc/pico_malloc.c.obj
                0x10006358                __wrap_malloc
 .text.__wrap_free
                0x10006394       0x20 CMakeFiles/pico-timer.dir/D_/Pico/pico-sdk/src/rp2_common/pico_malloc/pico_malloc.c.obj
                0x10006394                __wrap_free
 .text          0x100063b4       0x10 CMakeFiles/pico-timer.dir/D_/Pico/pico-sdk/src/rp2_common/pico_mem_ops/mem_ops_aeabi.S.obj
                0x100063b4                __aeabi_mem_init
 .text.memset   0x100063c4        0xc CMakeFiles/pico-timer.dir/D_/Pico/pico-sdk/src/rp2_common/pico_mem_ops/mem_ops_aeabi.S.obj
                0x100063c4                __wrap_memset
 .text.memcpy   0x100063d0        0xc CMakeFiles/pico-timer.dir/D_/Pico/pico-sdk/src/rp2_common/pico_mem_ops/mem_ops_aeabi.S.obj
                0x100063d0                __wrap_memcpy
                0x100063d0                __wrap___aeabi_memcpy
 .text._Znwj    0x100063dc        0x8 CMakeFiles/pico-timer.dir/D_/Pico/pico-sdk/src/rp2_common/pico_standard_link/new_delete.cpp.obj
                0x100063dc                operator new(unsigned int)
 .text._ZdlPvj  0x100063e4        0x8 CMakeFiles/pico-timer.dir/D_/Pico/pico-sdk/src/rp2_common/pico_standard_link/new_delete.cpp.obj
                0x100063e4                operator delete(void*, unsigned int)
 .text.stdio_out_chars_crlf
                0x100063ec       0xbc CMakeFiles/pico-timer.dir/D_/Pico/pico-sdk/src/rp2_common/pico_stdio/stdio.c.obj
 .text.stdio_buffered_printer
                0x100064a8       0x64 CMakeFiles/pico-timer.dir/D_/Pico/pico-sdk/src/rp2_common/pico_stdio/stdio.c.obj
 .text.__wrap_putchar
                0x1000650c       0xa4 CMakeFiles/pico-timer.dir/D_/Pico/pico-sdk/src/rp2_common/pico_stdio/stdio.c.obj
                0x1000650c                __wrap_putchar
 .text.__wrap_puts
                0x100065b0       0xe8 CMakeFiles/pico-timer.dir/D_/Pico/pico-sdk/src/rp2_common/pico_stdio/stdio.c.obj
                0x100065b0                __wrap_puts
 .text.stdio_set_driver_enabled
                0x10006698       0x30 CMakeFiles/pico-timer.dir/D_/Pico/pico-sdk/src/rp2_common/pico_stdio/stdio.c.obj
                0x10006698                stdio_set_driver_enabled
 .text.__wrap_vprintf
                0x100066c8       0xd4 CMakeFiles/pico-timer.dir/D_/Pico/pico-sdk/src/rp2_common/pico_stdio/stdio.c.obj
                0x100066c8                __wrap_vprintf
 .text.__wrap_printf
                0x1000679c       0x18 CMakeFiles/pico-timer.dir/D_/Pico/pico-sdk/src/rp2_common/pico_stdio/stdio.c.obj
                0x1000679c                __wrap_printf
 .text.stdio_init_all
                0x100067b4        0x8 CMakeFiles/pico-timer.dir/D_/Pico/pico-sdk/src/rp2_common/pico_stdio/stdio.c.obj
                0x100067b4                stdio_init_all
 .text.resetd_init
                0x100067bc        0x4 CMakeFiles/pico-timer.dir/D_/Pico/pico-sdk/src/rp2_common/pico_stdio_usb/reset_interface.c.obj
 .text.resetd_reset
                0x100067c0        0xc CMakeFiles/pico-timer.dir/D_/Pico/pico-sdk/src/rp2_common/pico_stdio_usb/reset_interface.c.obj
 .text.resetd_open
                0x100067cc       0x28 CMakeFiles/pico-timer.dir/D_/Pico/pico-sdk/src/rp2_common/pico_stdio_usb/reset_interface.c.obj
 .text.resetd_xfer_cb
                0x100067f4        0x4 CMakeFiles/pico-timer.dir/D_/Pico/pico-sdk/src/rp2_common/pico_stdio_usb/reset_interface.c.obj
 .text.resetd_control_xfer_cb
                0x100067f8       0x60 CMakeFiles/pico-timer.dir/D_/Pico/pico-sdk/src/rp2_common/pico_stdio_usb/reset_interface.c.obj
 .text.usbd_app_driver_get_cb
                0x10006858        0xc CMakeFiles/pico-timer.dir/D_/Pico/pico-sdk/src/rp2_common/pico_stdio_usb/reset_interface.c.obj
                0x10006858                usbd_app_driver_get_cb
 .text.tud_cdc_line_coding_cb
                0x10006864       0x34 CMakeFiles/pico-timer.dir/D_/Pico/pico-sdk/src/rp2_common/pico_stdio_usb/reset_interface.c.obj
                0x10006864                tud_cdc_line_coding_cb
 .text.stdio_usb_in_chars
                0x10006898       0x68 CMakeFiles/pico-timer.dir/D_/Pico/pico-sdk/src/rp2_common/pico_stdio_usb/stdio_usb.c.obj
                0x10006898                stdio_usb_in_chars
 .text.stdio_usb_out_chars
                0x10006900       0xe8 CMakeFiles/pico-timer.dir/D_/Pico/pico-sdk/src/rp2_common/pico_stdio_usb/stdio_usb.c.obj
 .text.timer_task
                0x100069e8       0x18 CMakeFiles/pico-timer.dir/D_/Pico/pico-sdk/src/rp2_common/pico_stdio_usb/stdio_usb.c.obj
 .text.usb_irq  0x10006a00       0x10 CMakeFiles/pico-timer.dir/D_/Pico/pico-sdk/src/rp2_common/pico_stdio_usb/stdio_usb.c.obj
 .text.low_priority_worker_irq
                0x10006a10       0x24 CMakeFiles/pico-timer.dir/D_/Pico/pico-sdk/src/rp2_common/pico_stdio_usb/stdio_usb.c.obj
 .text.stdio_usb_init
                0x10006a34       0xb0 CMakeFiles/pico-timer.dir/D_/Pico/pico-sdk/src/rp2_common/pico_stdio_usb/stdio_usb.c.obj
                0x10006a34                stdio_usb_init
 .text.tud_descriptor_device_cb
                0x10006ae4        0x8 CMakeFiles/pico-timer.dir/D_/Pico/pico-sdk/src/rp2_common/pico_stdio_usb/stdio_usb_descriptors.c.obj
                0x10006ae4                tud_descriptor_device_cb
 .text.tud_descriptor_configuration_cb
                0x10006aec        0x8 CMakeFiles/pico-timer.dir/D_/Pico/pico-sdk/src/rp2_common/pico_stdio_usb/stdio_usb_descriptors.c.obj
                0x10006aec                tud_descriptor_configuration_cb
 .text.tud_descriptor_string_cb
                0x10006af4       0x78 CMakeFiles/pico-timer.dir/D_/Pico/pico-sdk/src/rp2_common/pico_stdio_usb/stdio_usb_descriptors.c.obj
                0x10006af4                tud_descriptor_string_cb
 .text.dcd_rp2040_irq
                0x10006b6c      0x1d0 CMakeFiles/pico-timer.dir/D_/Pico/pico-sdk/lib/tinyusb/src/portable/raspberrypi/rp2040/dcd_rp2040.c.obj
 .text.dcd_int_enable
                0x10006d3c        0xc CMakeFiles/pico-timer.dir/D_/Pico/pico-sdk/lib/tinyusb/src/portable/raspberrypi/rp2040/dcd_rp2040.c.obj
                0x10006d3c                dcd_int_enable
 .text.dcd_set_address
                0x10006d48       0x14 CMakeFiles/pico-timer.dir/D_/Pico/pico-sdk/lib/tinyusb/src/portable/raspberrypi/rp2040/dcd_rp2040.c.obj
                0x10006d48                dcd_set_address
 .text.dcd_connect
                0x10006d5c       0x10 CMakeFiles/pico-timer.dir/D_/Pico/pico-sdk/lib/tinyusb/src/portable/raspberrypi/rp2040/dcd_rp2040.c.obj
                0x10006d5c                dcd_connect
 .text.dcd_init
                0x10006d6c       0xf0 CMakeFiles/pico-timer.dir/D_/Pico/pico-sdk/lib/tinyusb/src/portable/raspberrypi/rp2040/dcd_rp2040.c.obj
                0x10006d6c                dcd_init
 .text.dcd_edpt0_status_complete
                0x10006e5c       0x1c CMakeFiles/pico-timer.dir/D_/Pico/pico-sdk/lib/tinyusb/src/portable/raspberrypi/rp2040/dcd_rp2040.c.obj
                0x10006e5c                dcd_edpt0_status_complete
 .text.dcd_edpt_open
                0x10006e78       0xf0 CMakeFiles/pico-timer.dir/D_/Pico/pico-sdk/lib/tinyusb/src/portable/raspberrypi/rp2040/dcd_rp2040.c.obj
                0x10006e78                dcd_edpt_open
 .text.dcd_edpt_close_all
                0x10006f68       0x68 CMakeFiles/pico-timer.dir/D_/Pico/pico-sdk/lib/tinyusb/src/portable/raspberrypi/rp2040/dcd_rp2040.c.obj
                0x10006f68                dcd_edpt_close_all
 .text.dcd_edpt_xfer
                0x10006fd0       0x24 CMakeFiles/pico-timer.dir/D_/Pico/pico-sdk/lib/tinyusb/src/portable/raspberrypi/rp2040/dcd_rp2040.c.obj
                0x10006fd0                dcd_edpt_xfer
 .text.dcd_edpt_stall
                0x10006ff4       0x38 CMakeFiles/pico-timer.dir/D_/Pico/pico-sdk/lib/tinyusb/src/portable/raspberrypi/rp2040/dcd_rp2040.c.obj
                0x10006ff4                dcd_edpt_stall
 .text.dcd_edpt_clear_stall
                0x1000702c       0x30 CMakeFiles/pico-timer.dir/D_/Pico/pico-sdk/lib/tinyusb/src/portable/raspberrypi/rp2040/dcd_rp2040.c.obj
                0x1000702c                dcd_edpt_clear_stall
 .text._hw_endpoint_buffer_control_update32.part.0.isra.0
                0x1000705c       0x1c CMakeFiles/pico-timer.dir/D_/Pico/pico-sdk/lib/tinyusb/src/portable/raspberrypi/rp2040/rp2040_usb.c.obj
 .text.rp2040_usb_init
                0x10007078       0x4c CMakeFiles/pico-timer.dir/D_/Pico/pico-sdk/lib/tinyusb/src/portable/raspberrypi/rp2040/rp2040_usb.c.obj
                0x10007078                rp2040_usb_init
 .text.hw_endpoint_reset_transfer
                0x100070c4        0xc CMakeFiles/pico-timer.dir/D_/Pico/pico-sdk/lib/tinyusb/src/portable/raspberrypi/rp2040/rp2040_usb.c.obj
                0x100070c4                hw_endpoint_reset_transfer
 .text._hw_endpoint_buffer_control_update32
                0x100070d0       0x44 CMakeFiles/pico-timer.dir/D_/Pico/pico-sdk/lib/tinyusb/src/portable/raspberrypi/rp2040/rp2040_usb.c.obj
                0x100070d0                _hw_endpoint_buffer_control_update32
 .text.hw_endpoint_xfer_start
                0x10007114      0x138 CMakeFiles/pico-timer.dir/D_/Pico/pico-sdk/lib/tinyusb/src/portable/raspberrypi/rp2040/rp2040_usb.c.obj
                0x10007114                hw_endpoint_xfer_start
 .text.hw_endpoint_xfer_continue
                0x1000724c      0x1dc CMakeFiles/pico-timer.dir/D_/Pico/pico-sdk/lib/tinyusb/src/portable/raspberrypi/rp2040/rp2040_usb.c.obj
                0x1000724c                hw_endpoint_xfer_continue
 .text.tud_mounted
                0x10007428       0x10 CMakeFiles/pico-timer.dir/D_/Pico/pico-sdk/lib/tinyusb/src/device/usbd.c.obj
                0x10007428                tud_mounted
 .text.tud_suspended
                0x10007438       0x10 CMakeFiles/pico-timer.dir/D_/Pico/pico-sdk/lib/tinyusb/src/device/usbd.c.obj
                0x10007438                tud_suspended
 .text.tud_inited
                0x10007448        0xc CMakeFiles/pico-timer.dir/D_/Pico/pico-sdk/lib/tinyusb/src/device/usbd.c.obj
                0x10007448                tud_inited
 .text.tud_init
                0x10007454       0xe0 CMakeFiles/pico-timer.dir/D_/Pico/pico-sdk/lib/tinyusb/src/device/usbd.c.obj
                0x10007454                tud_init
 .text.tud_task
                0x10007534      0x8f0 CMakeFiles/pico-timer.dir/D_/Pico/pico-sdk/lib/tinyusb/src/device/usbd.c.obj
                0x10007534                tud_task
 .text.dcd_event_bus_signal
                0x10007e24      0x124 CMakeFiles/pico-timer.dir/D_/Pico/pico-sdk/lib/tinyusb/src/device/usbd.c.obj
                0x10007e24                dcd_event_bus_signal
 .text.dcd_event_bus_reset
                0x10007f48       0x58 CMakeFiles/pico-timer.dir/D_/Pico/pico-sdk/lib/tinyusb/src/device/usbd.c.obj
                0x10007f48                dcd_event_bus_reset
 .text.dcd_event_setup_received
                0x10007fa0       0x50 CMakeFiles/pico-timer.dir/D_/Pico/pico-sdk/lib/tinyusb/src/device/usbd.c.obj
                0x10007fa0                dcd_event_setup_received
 .text.dcd_event_xfer_complete
                0x10007ff0       0x68 CMakeFiles/pico-timer.dir/D_/Pico/pico-sdk/lib/tinyusb/src/device/usbd.c.obj
                0x10007ff0                dcd_event_xfer_complete
 .text.usbd_open_edpt_pair
                0x10008058       0x94 CMakeFiles/pico-timer.dir/D_/Pico/pico-sdk/lib/tinyusb/src/device/usbd.c.obj
                0x10008058                usbd_open_edpt_pair
 .text.usbd_edpt_open
                0x100080ec       0x30 CMakeFiles/pico-timer.dir/D_/Pico/pico-sdk/lib/tinyusb/src/device/usbd.c.obj
                0x100080ec                usbd_edpt_open
 .text.usbd_edpt_claim
                0x1000811c       0x64 CMakeFiles/pico-timer.dir/D_/Pico/pico-sdk/lib/tinyusb/src/device/usbd.c.obj
                0x1000811c                usbd_edpt_claim
 .text.usbd_edpt_release
                0x10008180       0x4c CMakeFiles/pico-timer.dir/D_/Pico/pico-sdk/lib/tinyusb/src/device/usbd.c.obj
                0x10008180                usbd_edpt_release
 .text.usbd_edpt_xfer
                0x100081cc       0x44 CMakeFiles/pico-timer.dir/D_/Pico/pico-sdk/lib/tinyusb/src/device/usbd.c.obj
                0x100081cc                usbd_edpt_xfer
 .text.tud_control_status
                0x10008210       0x2c CMakeFiles/pico-timer.dir/D_/Pico/pico-sdk/lib/tinyusb/src/device/usbd_control.c.obj
                0x10008210                tud_control_status
 .text.tud_control_xfer
                0x1000823c       0xac CMakeFiles/pico-timer.dir/D_/Pico/pico-sdk/lib/tinyusb/src/device/usbd_control.c.obj
                0x1000823c                tud_control_xfer
 .text.usbd_control_reset
                0x100082e8       0x14 CMakeFiles/pico-timer.dir/D_/Pico/pico-sdk/lib/tinyusb/src/device/usbd_control.c.obj
                0x100082e8                usbd_control_reset
 .text.usbd_control_set_complete_callback
                0x100082fc        0xc CMakeFiles/pico-timer.dir/D_/Pico/pico-sdk/lib/tinyusb/src/device/usbd_control.c.obj
                0x100082fc                usbd_control_set_complete_callback
 .text.usbd_control_set_request
                0x10008308       0x1c CMakeFiles/pico-timer.dir/D_/Pico/pico-sdk/lib/tinyusb/src/device/usbd_control.c.obj
                0x10008308                usbd_control_set_request
 .text.usbd_control_xfer_cb
                0x10008324       0xf4 CMakeFiles/pico-timer.dir/D_/Pico/pico-sdk/lib/tinyusb/src/device/usbd_control.c.obj
                0x10008324                usbd_control_xfer_cb
 .text.tud_cdc_n_connected
                0x10008418       0x30 CMakeFiles/pico-timer.dir/D_/Pico/pico-sdk/lib/tinyusb/src/class/cdc/cdc_device.c.obj
                0x10008418                tud_cdc_n_connected
 .text.tud_cdc_n_available
                0x10008448       0x18 CMakeFiles/pico-timer.dir/D_/Pico/pico-sdk/lib/tinyusb/src/class/cdc/cdc_device.c.obj
                0x10008448                tud_cdc_n_available
 .text.tud_cdc_n_read
                0x10008460       0x70 CMakeFiles/pico-timer.dir/D_/Pico/pico-sdk/lib/tinyusb/src/class/cdc/cdc_device.c.obj
                0x10008460                tud_cdc_n_read
 .text.tud_cdc_n_write_flush
                0x100084d0       0x78 CMakeFiles/pico-timer.dir/D_/Pico/pico-sdk/lib/tinyusb/src/class/cdc/cdc_device.c.obj
                0x100084d0                tud_cdc_n_write_flush
 .text.tud_cdc_n_write
                0x10008548       0x34 CMakeFiles/pico-timer.dir/D_/Pico/pico-sdk/lib/tinyusb/src/class/cdc/cdc_device.c.obj
                0x10008548                tud_cdc_n_write
 .text.tud_cdc_n_write_available
                0x1000857c       0x18 CMakeFiles/pico-timer.dir/D_/Pico/pico-sdk/lib/tinyusb/src/class/cdc/cdc_device.c.obj
                0x1000857c                tud_cdc_n_write_available
 .text.cdcd_init
                0x10008594       0x7c CMakeFiles/pico-timer.dir/D_/Pico/pico-sdk/lib/tinyusb/src/class/cdc/cdc_device.c.obj
                0x10008594                cdcd_init
 .text.cdcd_reset
                0x10008610       0x2c CMakeFiles/pico-timer.dir/D_/Pico/pico-sdk/lib/tinyusb/src/class/cdc/cdc_device.c.obj
                0x10008610                cdcd_reset
 .text.cdcd_open
                0x1000863c       0xe4 CMakeFiles/pico-timer.dir/D_/Pico/pico-sdk/lib/tinyusb/src/class/cdc/cdc_device.c.obj
                0x1000863c                cdcd_open
 .text.cdcd_control_xfer_cb
                0x10008720       0xe4 CMakeFiles/pico-timer.dir/D_/Pico/pico-sdk/lib/tinyusb/src/class/cdc/cdc_device.c.obj
                0x10008720                cdcd_control_xfer_cb
 .text.cdcd_xfer_cb
                0x10008804      0x13c CMakeFiles/pico-timer.dir/D_/Pico/pico-sdk/lib/tinyusb/src/class/cdc/cdc_device.c.obj
                0x10008804                cdcd_xfer_cb
 .text.tusb_init
                0x10008940        0xc CMakeFiles/pico-timer.dir/D_/Pico/pico-sdk/lib/tinyusb/src/tusb.c.obj
                0x10008940                tusb_init
 .text.tusb_inited
                0x1000894c        0x8 CMakeFiles/pico-timer.dir/D_/Pico/pico-sdk/lib/tinyusb/src/tusb.c.obj
                0x1000894c                tusb_inited
 .text.tu_edpt_validate
                0x10008954       0x80 CMakeFiles/pico-timer.dir/D_/Pico/pico-sdk/lib/tinyusb/src/tusb.c.obj
                0x10008954                tu_edpt_validate
 .text.tu_edpt_bind_driver
                0x100089d4       0x2c CMakeFiles/pico-timer.dir/D_/Pico/pico-sdk/lib/tinyusb/src/tusb.c.obj
                0x100089d4                tu_edpt_bind_driver
 .text.tu_fifo_config
                0x10008a00       0x74 CMakeFiles/pico-timer.dir/D_/Pico/pico-sdk/lib/tinyusb/src/common/tusb_fifo.c.obj
                0x10008a00                tu_fifo_config
 .text.tu_fifo_count
                0x10008a74       0x20 CMakeFiles/pico-timer.dir/D_/Pico/pico-sdk/lib/tinyusb/src/common/tusb_fifo.c.obj
                0x10008a74                tu_fifo_count
 .text.tu_fifo_empty
                0x10008a94       0x10 CMakeFiles/pico-timer.dir/D_/Pico/pico-sdk/lib/tinyusb/src/common/tusb_fifo.c.obj
                0x10008a94                tu_fifo_empty
 .text.tu_fifo_remaining
                0x10008aa4       0x1c CMakeFiles/pico-timer.dir/D_/Pico/pico-sdk/lib/tinyusb/src/common/tusb_fifo.c.obj
                0x10008aa4                tu_fifo_remaining
 .text.tu_fifo_read
                0x10008ac0       0xa4 CMakeFiles/pico-timer.dir/D_/Pico/pico-sdk/lib/tinyusb/src/common/tusb_fifo.c.obj
                0x10008ac0                tu_fifo_read
 .text.tu_fifo_read_n
                0x10008b64      0x100 CMakeFiles/pico-timer.dir/D_/Pico/pico-sdk/lib/tinyusb/src/common/tusb_fifo.c.obj
                0x10008b64                tu_fifo_read_n
 .text.tu_fifo_write
                0x10008c64       0x78 CMakeFiles/pico-timer.dir/D_/Pico/pico-sdk/lib/tinyusb/src/common/tusb_fifo.c.obj
                0x10008c64                tu_fifo_write
 .text.tu_fifo_write_n
                0x10008cdc      0x100 CMakeFiles/pico-timer.dir/D_/Pico/pico-sdk/lib/tinyusb/src/common/tusb_fifo.c.obj
                0x10008cdc                tu_fifo_write_n
 .text.tu_fifo_clear
                0x10008ddc       0x4c CMakeFiles/pico-timer.dir/D_/Pico/pico-sdk/lib/tinyusb/src/common/tusb_fifo.c.obj
                0x10008ddc                tu_fifo_clear
 .text.tu_fifo_set_overwritable
                0x10008e28       0x3c CMakeFiles/pico-timer.dir/D_/Pico/pico-sdk/lib/tinyusb/src/common/tusb_fifo.c.obj
                0x10008e28                tu_fifo_set_overwritable
 .text.startup._retrieve_unique_id_on_boot
                0x10008e64       0x10 CMakeFiles/pico-timer.dir/D_/Pico/pico-sdk/src/rp2_common/pico_unique_id/unique_id.c.obj
 .text.pico_get_unique_board_id_string
                0x10008e74      0x1a8 CMakeFiles/pico-timer.dir/D_/Pico/pico-sdk/src/rp2_common/pico_unique_id/unique_id.c.obj
                0x10008e74                pico_get_unique_board_id_string
 .text.flash_get_unique_id
                0x1000901c       0x40 CMakeFiles/pico-timer.dir/D_/Pico/pico-sdk/src/rp2_common/hardware_flash/flash.c.obj
                0x1000901c                flash_get_unique_id
 .text.core1_trampoline
                0x1000905c        0x4 CMakeFiles/pico-timer.dir/D_/Pico/pico-sdk/src/rp2_common/pico_multicore/multicore.c.obj
 .text.core1_wrapper
                0x10009060        0xc CMakeFiles/pico-timer.dir/D_/Pico/pico-sdk/src/rp2_common/pico_multicore/multicore.c.obj
                0x10009060                core1_wrapper
 .text.multicore_reset_core1
                0x1000906c       0x24 CMakeFiles/pico-timer.dir/D_/Pico/pico-sdk/src/rp2_common/pico_multicore/multicore.c.obj
                0x1000906c                multicore_reset_core1
 .text.multicore_launch_core1_raw
                0x10009090       0x84 CMakeFiles/pico-timer.dir/D_/Pico/pico-sdk/src/rp2_common/pico_multicore/multicore.c.obj
                0x10009090                multicore_launch_core1_raw
 .text.multicore_launch_core1
                0x10009114       0x58 CMakeFiles/pico-timer.dir/D_/Pico/pico-sdk/src/rp2_common/pico_multicore/multicore.c.obj
                0x10009114                multicore_launch_core1
 .text.malloc   0x1000916c       0x14 d:/program files (x86)/arm gnu toolchain arm-none-eabi/12.2 rel1/bin/../lib/gcc/arm-none-eabi/12.2.1/thumb/v6-m/nofp\libc.a(libc_a-malloc.o)
                0x1000916c                malloc
 .text.free     0x10009180       0x14 d:/program files (x86)/arm gnu toolchain arm-none-eabi/12.2 rel1/bin/../lib/gcc/arm-none-eabi/12.2.1/thumb/v6-m/nofp\libc.a(libc_a-malloc.o)
                0x10009180                free
 .text._malloc_r
                0x10009194      0x590 d:/program files (x86)/arm gnu toolchain arm-none-eabi/12.2 rel1/bin/../lib/gcc/arm-none-eabi/12.2.1/thumb/v6-m/nofp\libc.a(libc_a-mallocr.o)
                0x10009194                _malloc_r
 .text.__malloc_lock
                0x10009724       0x10 d:/program files (x86)/arm gnu toolchain arm-none-eabi/12.2 rel1/bin/../lib/gcc/arm-none-eabi/12.2.1/thumb/v6-m/nofp\libc.a(libc_a-mlock.o)
                0x10009724                __malloc_lock
 .text.__malloc_unlock
                0x10009734       0x10 d:/program files (x86)/arm gnu toolchain arm-none-eabi/12.2 rel1/bin/../lib/gcc/arm-none-eabi/12.2.1/thumb/v6-m/nofp\libc.a(libc_a-mlock.o)
                0x10009734                __malloc_unlock
 .text._sbrk_r  0x10009744       0x24 d:/program files (x86)/arm gnu toolchain arm-none-eabi/12.2 rel1/bin/../lib/gcc/arm-none-eabi/12.2.1/thumb/v6-m/nofp\libc.a(libc_a-sbrkr.o)
                0x10009744                _sbrk_r
 .text.__errno  0x10009768        0xc d:/program files (x86)/arm gnu toolchain arm-none-eabi/12.2 rel1/bin/../lib/gcc/arm-none-eabi/12.2.1/thumb/v6-m/nofp\libc.a(libc_a-errno.o)
                0x10009768                __errno
 .text.__retarget_lock_acquire_recursive
                0x10009774        0x4 d:/program files (x86)/arm gnu toolchain arm-none-eabi/12.2 rel1/bin/../lib/gcc/arm-none-eabi/12.2.1/thumb/v6-m/nofp\libc.a(libc_a-lock.o)
                0x10009774                __retarget_lock_acquire_recursive
 .text.__retarget_lock_release_recursive
                0x10009778        0x4 d:/program files (x86)/arm gnu toolchain arm-none-eabi/12.2 rel1/bin/../lib/gcc/arm-none-eabi/12.2.1/thumb/v6-m/nofp\libc.a(libc_a-lock.o)
                0x10009778                __retarget_lock_release_recursive
 .text.sysconf  0x1000977c       0x1c d:/program files (x86)/arm gnu toolchain arm-none-eabi/12.2 rel1/bin/../lib/gcc/arm-none-eabi/12.2.1/thumb/v6-m/nofp\libc.a(libc_a-sysconf.o)
                0x1000977c                sysconf
 .text.strlen   0x10009798       0x5c d:/program files (x86)/arm gnu toolchain arm-none-eabi/12.2 rel1/bin/../lib/gcc/arm-none-eabi/12.2.1/thumb/v6-m/nofp\libc.a(libc_a-strlen-stub.o)
                0x10009798                strlen
 .text._malloc_trim_r
                0x100097f4       0xb4 d:/program files (x86)/arm gnu toolchain arm-none-eabi/12.2 rel1/bin/../lib/gcc/arm-none-eabi/12.2.1/thumb/v6-m/nofp\libc.a(libc_a-freer.o)
                0x100097f4                _malloc_trim_r
 .text._free_r  0x100098a8      0x1c0 d:/program files (x86)/arm gnu toolchain arm-none-eabi/12.2 rel1/bin/../lib/gcc/arm-none-eabi/12.2.1/thumb/v6-m/nofp\libc.a(libc_a-freer.o)
                0x100098a8                _free_r
 *(.fini)
 .fini          0x10009a68        0x4 d:/program files (x86)/arm gnu toolchain arm-none-eabi/12.2 rel1/bin/../lib/gcc/arm-none-eabi/12.2.1/thumb/v6-m/nofp/crti.o
                0x10009a68                _fini
 *fill*         0x10009a6c        0x4 
 .fini.__stub   0x10009a70       0x90 linker stubs
 *crtbegin.o(.ctors)
 *crtbegin?.o(.ctors)
 *(EXCLUDE_FILE(*crtend.o *crtend?.o) .ctors)
 *(SORT_BY_NAME(.ctors.*))
 *(.ctors)
 *crtbegin.o(.dtors)
 *crtbegin?.o(.dtors)
 *(EXCLUDE_FILE(*crtend.o *crtend?.o) .dtors)
 *(SORT_BY_NAME(.dtors.*))
 *(.dtors)
 *(.eh_frame*)
 .eh_frame      0x10009b00        0x0 d:/program files (x86)/arm gnu toolchain arm-none-eabi/12.2 rel1/bin/../lib/gcc/arm-none-eabi/12.2.1/thumb/v6-m/nofp/crtbegin.o
                0x10009b00                . = ALIGN (0x4)

.glue_7         0x10009b00        0x0
 .glue_7        0x10009b00        0x0 linker stubs

.glue_7t        0x10009b00        0x0
 .glue_7t       0x10009b00        0x0 linker stubs

.vfp11_veneer   0x10009b00        0x0
 .vfp11_veneer  0x10009b00        0x0 linker stubs

.v4_bx          0x10009b00        0x0
 .v4_bx         0x10009b00        0x0 linker stubs

.iplt           0x10009b00        0x0
 .iplt          0x10009b00        0x0 d:/program files (x86)/arm gnu toolchain arm-none-eabi/12.2 rel1/bin/../lib/gcc/arm-none-eabi/12.2.1/thumb/v6-m/nofp/crtbegin.o

.rodata         0x10009b00      0x9a8
 *(EXCLUDE_FILE(*libm.a: *libc.a:*lib_a-mem*.o *libgcc.a:) .rodata*)
 .rodata._Z9play_midiPh.part.0.str1.4
                0x10009b00      0x2ec CMakeFiles/pico-timer.dir/pico-timer.cpp.obj
 .rodata._Z9play_midiPh.part.0
                0x10009dec      0x168 CMakeFiles/pico-timer.dir/pico-timer.cpp.obj
 .rodata._Z5core1v.str1.4
                0x10009f54       0x11 CMakeFiles/pico-timer.dir/pico-timer.cpp.obj
 *fill*         0x10009f65        0x3 
 .rodata._Z5core0v
                0x10009f68       0x1c CMakeFiles/pico-timer.dir/pico-timer.cpp.obj
 .rodata.CSWTCH.270
                0x10009f84       0x10 CMakeFiles/pico-timer.dir/pico-timer.cpp.obj
 .rodata._ZL11LED_SEG_PIN
                0x10009f94       0x20 CMakeFiles/pico-timer.dir/pico-timer.cpp.obj
 .rodata.spin_lock_claim_unused.str1.4
                0x10009fb4       0x1b CMakeFiles/pico-timer.dir/D_/Pico/pico-sdk/src/rp2_common/hardware_sync/sync.c.obj
 *fill*         0x10009fcf        0x1 
 .rodata.user_irq_claim_unused.str1.4
                0x10009fd0       0x1b CMakeFiles/pico-timer.dir/D_/Pico/pico-sdk/src/rp2_common/hardware_irq/irq.c.obj
 *fill*         0x10009feb        0x1 
 .rodata.hardware_alarm_claim.str1.4
                0x10009fec       0x22 CMakeFiles/pico-timer.dir/D_/Pico/pico-sdk/src/rp2_common/hardware_timer/timer.c.obj
 *fill*         0x1000a00e        0x2 
 .rodata.panic.str1.4
                0x1000a010       0x10 CMakeFiles/pico-timer.dir/D_/Pico/pico-sdk/src/rp2_common/pico_runtime/runtime.c.obj
                                 0x12 (size before relaxing)
 .rodata.hard_assertion_failure.str1.4
                0x1000a020        0xc CMakeFiles/pico-timer.dir/D_/Pico/pico-sdk/src/rp2_common/pico_runtime/runtime.c.obj
 .rodata._ftoa.str1.4
                0x1000a02c       0x15 CMakeFiles/pico-timer.dir/D_/Pico/pico-sdk/src/rp2_common/pico_printf/printf.c.obj
 *fill*         0x1000a041        0x3 
 .rodata._vsnprintf
                0x1000a044      0x19c CMakeFiles/pico-timer.dir/D_/Pico/pico-sdk/src/rp2_common/pico_printf/printf.c.obj
 .rodata.pow10.0
                0x1000a1e0       0x50 CMakeFiles/pico-timer.dir/D_/Pico/pico-sdk/src/rp2_common/pico_printf/printf.c.obj
 .rodata.__wrap_malloc.str1.4
                0x1000a230        0xe CMakeFiles/pico-timer.dir/D_/Pico/pico-sdk/src/rp2_common/pico_malloc/pico_malloc.c.obj
 *fill*         0x1000a23e        0x2 
 .rodata.str1.4
                0x1000a240       0x44 CMakeFiles/pico-timer.dir/D_/Pico/pico-sdk/src/rp2_common/pico_standard_link/binary_info.c.obj
 .rodata.__bi_81
                0x1000a284        0xc CMakeFiles/pico-timer.dir/D_/Pico/pico-sdk/src/rp2_common/pico_standard_link/binary_info.c.obj
 .rodata.__bi_75
                0x1000a290        0xc CMakeFiles/pico-timer.dir/D_/Pico/pico-sdk/src/rp2_common/pico_standard_link/binary_info.c.obj
 .rodata.__bi_56
                0x1000a29c        0xc CMakeFiles/pico-timer.dir/D_/Pico/pico-sdk/src/rp2_common/pico_standard_link/binary_info.c.obj
 .rodata.__bi_44
                0x1000a2a8        0xc CMakeFiles/pico-timer.dir/D_/Pico/pico-sdk/src/rp2_common/pico_standard_link/binary_info.c.obj
 .rodata.crlf_str.0
                0x1000a2b4        0x2 CMakeFiles/pico-timer.dir/D_/Pico/pico-sdk/src/rp2_common/pico_stdio/stdio.c.obj
 *fill*         0x1000a2b6        0x2 
 .rodata._resetd_driver
                0x1000a2b8       0x18 CMakeFiles/pico-timer.dir/D_/Pico/pico-sdk/src/rp2_common/pico_stdio_usb/reset_interface.c.obj
 .rodata.str1.4
                0x1000a2d0       0x13 CMakeFiles/pico-timer.dir/D_/Pico/pico-sdk/src/rp2_common/pico_stdio_usb/stdio_usb.c.obj
 *fill*         0x1000a2e3        0x1 
 .rodata.__bi_118.0
                0x1000a2e4        0xc CMakeFiles/pico-timer.dir/D_/Pico/pico-sdk/src/rp2_common/pico_stdio_usb/stdio_usb.c.obj
 .rodata.str1.4
                0x1000a2f0       0x2a CMakeFiles/pico-timer.dir/D_/Pico/pico-sdk/src/rp2_common/pico_stdio_usb/stdio_usb_descriptors.c.obj
 *fill*         0x1000a31a        0x2 
 .rodata.usbd_desc_str
                0x1000a31c       0x18 CMakeFiles/pico-timer.dir/D_/Pico/pico-sdk/src/rp2_common/pico_stdio_usb/stdio_usb_descriptors.c.obj
 .rodata.usbd_desc_cfg
                0x1000a334       0x54 CMakeFiles/pico-timer.dir/D_/Pico/pico-sdk/src/rp2_common/pico_stdio_usb/stdio_usb_descriptors.c.obj
 .rodata.usbd_desc_device
                0x1000a388       0x12 CMakeFiles/pico-timer.dir/D_/Pico/pico-sdk/src/rp2_common/pico_stdio_usb/stdio_usb_descriptors.c.obj
 *fill*         0x1000a39a        0x2 
 .rodata.dcd_rp2040_irq.str1.4
                0x1000a39c       0x14 CMakeFiles/pico-timer.dir/D_/Pico/pico-sdk/lib/tinyusb/src/portable/raspberrypi/rp2040/dcd_rp2040.c.obj
 .rodata._hw_endpoint_buffer_control_update32.part.0.isra.0.str1.4
                0x1000a3b0       0x1f CMakeFiles/pico-timer.dir/D_/Pico/pico-sdk/lib/tinyusb/src/portable/raspberrypi/rp2040/rp2040_usb.c.obj
 *fill*         0x1000a3cf        0x1 
 .rodata.hw_endpoint_xfer_continue.str1.4
                0x1000a3d0       0x29 CMakeFiles/pico-timer.dir/D_/Pico/pico-sdk/lib/tinyusb/src/portable/raspberrypi/rp2040/rp2040_usb.c.obj
 *fill*         0x1000a3f9        0x3 
 .rodata.str1.4
                0x1000a3fc        0x7 CMakeFiles/pico-timer.dir/D_/Pico/pico-sdk/lib/tinyusb/src/portable/raspberrypi/rp2040/rp2040_usb.c.obj
 *fill*         0x1000a403        0x1 
 .rodata.tud_task
                0x1000a404       0x8c CMakeFiles/pico-timer.dir/D_/Pico/pico-sdk/lib/tinyusb/src/device/usbd.c.obj
 .rodata._usbd_driver
                0x1000a490       0x18 CMakeFiles/pico-timer.dir/D_/Pico/pico-sdk/lib/tinyusb/src/device/usbd.c.obj
                0x1000a4a8                . = ALIGN (0x4)
 *(SORT_BY_ALIGNMENT(SORT_BY_NAME(.flashdata*)))
                0x1000a4a8                . = ALIGN (0x4)

.rel.dyn        0x1000a4a8        0x0
 .rel.iplt      0x1000a4a8        0x0 d:/program files (x86)/arm gnu toolchain arm-none-eabi/12.2 rel1/bin/../lib/gcc/arm-none-eabi/12.2.1/thumb/v6-m/nofp/crtbegin.o

.ARM.extab
 *(.ARM.extab* .gnu.linkonce.armextab.*)
                0x1000a4a8                __exidx_start = .

.ARM.exidx
 *(.ARM.exidx* .gnu.linkonce.armexidx.*)
                0x1000a4a8                __exidx_end = .
                0x1000a4a8                . = ALIGN (0x4)
                0x1000a4a8                __binary_info_start = .

.binary_info    0x1000a4a8       0x24
 *(.binary_info.keep.*)
 .binary_info.keep.__bi_ptr81
                0x1000a4a8        0x4 CMakeFiles/pico-timer.dir/D_/Pico/pico-sdk/src/rp2_common/pico_standard_link/binary_info.c.obj
 .binary_info.keep.__bi_ptr75
                0x1000a4ac        0x4 CMakeFiles/pico-timer.dir/D_/Pico/pico-sdk/src/rp2_common/pico_standard_link/binary_info.c.obj
 .binary_info.keep.__bi_ptr56
                0x1000a4b0        0x4 CMakeFiles/pico-timer.dir/D_/Pico/pico-sdk/src/rp2_common/pico_standard_link/binary_info.c.obj
 .binary_info.keep.__bi_ptr50
                0x1000a4b4        0x4 CMakeFiles/pico-timer.dir/D_/Pico/pico-sdk/src/rp2_common/pico_standard_link/binary_info.c.obj
 .binary_info.keep.__bi_ptr44
                0x1000a4b8        0x4 CMakeFiles/pico-timer.dir/D_/Pico/pico-sdk/src/rp2_common/pico_standard_link/binary_info.c.obj
 .binary_info.keep.__bi_ptr38
                0x1000a4bc        0x4 CMakeFiles/pico-timer.dir/D_/Pico/pico-sdk/src/rp2_common/pico_standard_link/binary_info.c.obj
 .binary_info.keep.__bi_ptr30
                0x1000a4c0        0x4 CMakeFiles/pico-timer.dir/D_/Pico/pico-sdk/src/rp2_common/pico_standard_link/binary_info.c.obj
 .binary_info.keep.__bi_ptr22
                0x1000a4c4        0x4 CMakeFiles/pico-timer.dir/D_/Pico/pico-sdk/src/rp2_common/pico_standard_link/binary_info.c.obj
 *(.binary_info.*)
 .binary_info.__bi_ptr118
                0x1000a4c8        0x4 CMakeFiles/pico-timer.dir/D_/Pico/pico-sdk/src/rp2_common/pico_stdio_usb/stdio_usb.c.obj
                0x1000a4cc                __binary_info_end = .
                0x1000a4cc                . = ALIGN (0x4)
                0x1000a4cc                __etext = .

.ram_vector_table
                0x20000000       0xc0
 *(.ram_vector_table)
 .ram_vector_table
                0x20000000       0xc0 CMakeFiles/pico-timer.dir/D_/Pico/pico-sdk/src/rp2_common/pico_runtime/runtime.c.obj
                0x20000000                ram_vector_table

.data           0x200000c0    0x18b50 load address 0x1000a4cc
                0x200000c0                __data_start__ = .
 *(vtable)
 *(.time_critical*)
 .time_critical.sem_acquire_blocking
                0x200000c0       0x44 CMakeFiles/pico-timer.dir/D_/Pico/pico-sdk/src/common/pico_sync/sem.c.obj
                0x200000c0                sem_acquire_blocking
 .time_critical.sem_release
                0x20000104       0x4c CMakeFiles/pico-timer.dir/D_/Pico/pico-sdk/src/common/pico_sync/sem.c.obj
                0x20000104                sem_release
 .time_critical.mutex_enter_blocking
                0x20000150       0x48 CMakeFiles/pico-timer.dir/D_/Pico/pico-sdk/src/common/pico_sync/mutex.c.obj
                0x20000150                mutex_enter_blocking
 .time_critical.mutex_try_enter
                0x20000198       0x40 CMakeFiles/pico-timer.dir/D_/Pico/pico-sdk/src/common/pico_sync/mutex.c.obj
                0x20000198                mutex_try_enter
 .time_critical.mutex_enter_timeout_ms
                0x200001d8       0xa0 CMakeFiles/pico-timer.dir/D_/Pico/pico-sdk/src/common/pico_sync/mutex.c.obj
                0x200001d8                mutex_enter_timeout_ms
 .time_critical.mutex_exit
                0x20000278       0x28 CMakeFiles/pico-timer.dir/D_/Pico/pico-sdk/src/common/pico_sync/mutex.c.obj
                0x20000278                mutex_exit
 .time_critical.flash_init_boot2_copyout
                0x200002a0       0x30 CMakeFiles/pico-timer.dir/D_/Pico/pico-sdk/src/rp2_common/hardware_flash/flash.c.obj
 .time_critical.flash_enable_xip_via_boot2
                0x200002d0        0xc CMakeFiles/pico-timer.dir/D_/Pico/pico-sdk/src/rp2_common/hardware_flash/flash.c.obj
 .time_critical.flash_cs_force
                0x200002dc       0x38 CMakeFiles/pico-timer.dir/D_/Pico/pico-sdk/src/rp2_common/hardware_flash/flash.c.obj
 .time_critical.flash_do_cmd
                0x20000314       0xc0 CMakeFiles/pico-timer.dir/D_/Pico/pico-sdk/src/rp2_common/hardware_flash/flash.c.obj
                0x20000314                flash_do_cmd
 *(.text*)
 .text          0x200003d4        0x4 d:/program files (x86)/arm gnu toolchain arm-none-eabi/12.2 rel1/bin/../lib/gcc/arm-none-eabi/12.2.1/thumb/v6-m/nofp\libgcc.a(_dvmd_tls.o)
                0x200003d4                __aeabi_idiv0
                0x200003d4                __aeabi_ldiv0
 .text.__stub   0x200003d8       0x30 linker stubs
                0x20000408                . = ALIGN (0x4)
 *(.rodata*)
                0x20000408                . = ALIGN (0x4)
 *(.data*)
 .data._ZZ12note_controlbhhbE5first
                0x20000408        0x1 CMakeFiles/pico-timer.dir/pico-timer.cpp.obj
 *fill*         0x20000409        0x3 
 .data._ZL16midi_liebestraum
                0x2000040c     0x5ce6 CMakeFiles/pico-timer.dir/pico-timer.cpp.obj
 *fill*         0x200060f2        0x2 
 .data._ZL18midi_la_campanella
                0x200060f4     0x96f5 CMakeFiles/pico-timer.dir/pico-timer.cpp.obj
 *fill*         0x2000f7e9        0x3 
 .data._ZL15midi_chopin10_4
                0x2000f7ec     0x50be CMakeFiles/pico-timer.dir/pico-timer.cpp.obj
 *fill*         0x200148aa        0x2 
 .data._ZL10midi_koinu
                0x200148ac     0x3b28 CMakeFiles/pico-timer.dir/pico-timer.cpp.obj
 .data.freq_table
                0x200183d4      0x200 CMakeFiles/pico-timer.dir/buzzer.cpp.obj
                0x200183d4                freq_table
 .data.striped_spin_lock_num
                0x200185d4        0x1 CMakeFiles/pico-timer.dir/D_/Pico/pico-sdk/src/rp2_common/hardware_sync/sync.c.obj
 *fill*         0x200185d5        0x3 
 .data          0x200185d8       0x48 CMakeFiles/pico-timer.dir/D_/Pico/pico-sdk/src/rp2_common/hardware_irq/irq_handler_chain.S.obj
                0x200185d8                irq_handler_chain_slots
                0x20018608                irq_handler_chain_first_slot
                0x20018612                irq_handler_chain_remove_tail
 .data.default_alarm_pool
                0x20018620       0x18 CMakeFiles/pico-timer.dir/D_/Pico/pico-sdk/src/common/pico_time/time.c.obj
 .data.default_alarm_pool_heap
                0x20018638       0x10 CMakeFiles/pico-timer.dir/D_/Pico/pico-sdk/src/common/pico_time/time.c.obj
 *fill*         0x20018648        0x8 
 .data.aeabi_bits_funcs
                0x20018650       0x10 CMakeFiles/pico-timer.dir/D_/Pico/pico-sdk/src/rp2_common/pico_bit_ops/bit_ops_aeabi.S.obj
                0x20018650                aeabi_bits_funcs
                0x20018660                aeabi_bits_funcs_end
 .data.aeabi_mem_funcs
                0x20018660       0x10 CMakeFiles/pico-timer.dir/D_/Pico/pico-sdk/src/rp2_common/pico_mem_ops/mem_ops_aeabi.S.obj
                0x20018660                aeabi_mem_funcs
                0x20018670                aeabi_mem_funcs_end
 .data.stdio_usb
                0x20018670       0x14 CMakeFiles/pico-timer.dir/D_/Pico/pico-sdk/src/rp2_common/pico_stdio_usb/stdio_usb.c.obj
                0x20018670                stdio_usb
 .data.ep_dir_string
                0x20018684        0x8 CMakeFiles/pico-timer.dir/D_/Pico/pico-sdk/lib/tinyusb/src/portable/raspberrypi/rp2040/rp2040_usb.c.obj
                0x20018684                ep_dir_string
 .data._usbd_qdef
                0x2001868c       0x24 CMakeFiles/pico-timer.dir/D_/Pico/pico-sdk/lib/tinyusb/src/device/usbd.c.obj
                0x2001868c                _usbd_qdef
 .data.__malloc_sbrk_base
                0x200186b0        0x4 d:/program files (x86)/arm gnu toolchain arm-none-eabi/12.2 rel1/bin/../lib/gcc/arm-none-eabi/12.2.1/thumb/v6-m/nofp\libc.a(libc_a-mallocr.o)
                0x200186b0                __malloc_sbrk_base
 .data.__malloc_trim_threshold
                0x200186b4        0x4 d:/program files (x86)/arm gnu toolchain arm-none-eabi/12.2 rel1/bin/../lib/gcc/arm-none-eabi/12.2.1/thumb/v6-m/nofp\libc.a(libc_a-mallocr.o)
                0x200186b4                __malloc_trim_threshold
 .data.__malloc_av_
                0x200186b8      0x408 d:/program files (x86)/arm gnu toolchain arm-none-eabi/12.2 rel1/bin/../lib/gcc/arm-none-eabi/12.2.1/thumb/v6-m/nofp\libc.a(libc_a-mallocr.o)
                0x200186b8                __malloc_av_
 .data._impure_ptr
                0x20018ac0        0x4 d:/program files (x86)/arm gnu toolchain arm-none-eabi/12.2 rel1/bin/../lib/gcc/arm-none-eabi/12.2.1/thumb/v6-m/nofp\libc.a(libc_a-impure.o)
                0x20018ac0                _impure_ptr
 *fill*         0x20018ac4        0x4 
 .data._impure_data
                0x20018ac8      0x120 d:/program files (x86)/arm gnu toolchain arm-none-eabi/12.2 rel1/bin/../lib/gcc/arm-none-eabi/12.2.1/thumb/v6-m/nofp\libc.a(libc_a-impure.o)
                0x20018ac8                _impure_data
                0x20018be8                . = ALIGN (0x4)
 *(.after_data.*)
                0x20018be8                . = ALIGN (0x4)
                0x20018be8                PROVIDE (__mutex_array_start = .)
 *(SORT_BY_NAME(.mutex_array.*))
 *(.mutex_array)
 .mutex_array   0x20018be8        0x8 CMakeFiles/pico-timer.dir/D_/Pico/pico-sdk/src/rp2_common/pico_malloc/pico_malloc.c.obj
 .mutex_array   0x20018bf0        0x8 CMakeFiles/pico-timer.dir/D_/Pico/pico-sdk/src/rp2_common/pico_stdio/stdio.c.obj
                0x20018bf8                PROVIDE (__mutex_array_end = .)
                0x20018bf8                . = ALIGN (0x4)
                0x20018bf8                PROVIDE (__preinit_array_start = .)
 *(SORT_BY_NAME(.preinit_array.*))
 .preinit_array.00001
                0x20018bf8        0x4 CMakeFiles/pico-timer.dir/D_/Pico/pico-sdk/src/rp2_common/pico_mem_ops/mem_ops_aeabi.S.obj
 .preinit_array.00010
                0x20018bfc        0x4 CMakeFiles/pico-timer.dir/D_/Pico/pico-sdk/src/rp2_common/pico_bit_ops/bit_ops_aeabi.S.obj
 .preinit_array.00020
                0x20018c00        0x4 CMakeFiles/pico-timer.dir/D_/Pico/pico-sdk/src/rp2_common/pico_double/double_aeabi.S.obj
 .preinit_array.00020
                0x20018c04        0x4 CMakeFiles/pico-timer.dir/D_/Pico/pico-sdk/src/rp2_common/pico_float/float_aeabi.S.obj
 *(.preinit_array)
                0x20018c08                PROVIDE (__preinit_array_end = .)
                0x20018c08                . = ALIGN (0x4)
                0x20018c08                PROVIDE (__init_array_start = .)
 *(SORT_BY_NAME(.init_array.*))
 *(.init_array)
 .init_array    0x20018c08        0x4 d:/program files (x86)/arm gnu toolchain arm-none-eabi/12.2 rel1/bin/../lib/gcc/arm-none-eabi/12.2.1/thumb/v6-m/nofp/crtbegin.o
 .init_array    0x20018c0c        0x4 CMakeFiles/pico-timer.dir/D_/Pico/pico-sdk/src/rp2_common/pico_unique_id/unique_id.c.obj
                0x20018c10                PROVIDE (__init_array_end = .)
                0x20018c10                . = ALIGN (0x4)
                [!provide]                PROVIDE (__fini_array_start = .)
 *(SORT_BY_NAME(.fini_array.*))
 *(.fini_array)
                [!provide]                PROVIDE (__fini_array_end = .)
 *(.jcr)
                0x20018c10                . = ALIGN (0x4)
                0x20018c10                __data_end__ = .

.tm_clone_table
                0x20018c10        0x0 load address 0x1002301c
 .tm_clone_table
                0x20018c10        0x0 d:/program files (x86)/arm gnu toolchain arm-none-eabi/12.2 rel1/bin/../lib/gcc/arm-none-eabi/12.2.1/thumb/v6-m/nofp/crtbegin.o
 .tm_clone_table
                0x20018c10        0x0 d:/program files (x86)/arm gnu toolchain arm-none-eabi/12.2 rel1/bin/../lib/gcc/arm-none-eabi/12.2.1/thumb/v6-m/nofp/crtend.o

.igot.plt       0x20018c10        0x0 load address 0x1002301c
 .igot.plt      0x20018c10        0x0 d:/program files (x86)/arm gnu toolchain arm-none-eabi/12.2 rel1/bin/../lib/gcc/arm-none-eabi/12.2.1/thumb/v6-m/nofp/crtbegin.o

.uninitialized_data
                0x20018c10        0x0 load address 0x1002301c
                0x20018c10                . = ALIGN (0x4)
 *(.uninitialized_data*)

.scratch_x      0x20040000        0x0 load address 0x1002301c
                0x20040000                __scratch_x_start__ = .
 *(.scratch_x.*)
                0x20040000                . = ALIGN (0x4)
                0x20040000                __scratch_x_end__ = .
                0x1002301c                __scratch_x_source__ = LOADADDR (.scratch_x)

.scratch_y      0x20041000        0x0 load address 0x1002301c
                0x20041000                __scratch_y_start__ = .
 *(.scratch_y.*)
                0x20041000                . = ALIGN (0x4)
                0x20041000                __scratch_y_end__ = .
                0x1002301c                __scratch_y_source__ = LOADADDR (.scratch_y)

.bss            0x20018c10      0xfb0
                0x20018c10                . = ALIGN (0x4)
                0x20018c10                __bss_start__ = .
 *(SORT_BY_ALIGNMENT(SORT_BY_NAME(.bss*)))
 .bss.configured_freq
                0x20018c10       0x28 CMakeFiles/pico-timer.dir/D_/Pico/pico-sdk/src/rp2_common/hardware_clocks/clocks.c.obj
 .bss.default_alarm_pool_entries
                0x20018c38      0x100 CMakeFiles/pico-timer.dir/D_/Pico/pico-sdk/src/common/pico_time/time.c.obj
 .bss.last_avail_time.1
                0x20018d38        0x8 CMakeFiles/pico-timer.dir/D_/Pico/pico-sdk/src/rp2_common/pico_stdio_usb/stdio_usb.c.obj
 .bss.sd_table  0x20018d40      0x100 CMakeFiles/pico-timer.dir/D_/Pico/pico-sdk/src/rp2_common/pico_double/double_init_rom.c.obj
                0x20018d40                sd_table
 .bss.sf_table  0x20018e40      0x100 CMakeFiles/pico-timer.dir/D_/Pico/pico-sdk/src/rp2_common/pico_float/float_init_rom.c.obj
                0x20018e40                sf_table
 .bss._ZL7led_bin
                0x20018f40        0x4 CMakeFiles/pico-timer.dir/pico-timer.cpp.obj
 .bss._ZL8core_sem
                0x20018f44        0x8 CMakeFiles/pico-timer.dir/pico-timer.cpp.obj
 .bss._ZZ12note_controlbhhbE9velo_list
                0x20018f4c       0x80 CMakeFiles/pico-timer.dir/pico-timer.cpp.obj
 .bss.__lock___malloc_recursive_mutex
                0x20018fcc        0x1 d:/program files (x86)/arm gnu toolchain arm-none-eabi/12.2 rel1/bin/../lib/gcc/arm-none-eabi/12.2.1/thumb/v6-m/nofp\libc.a(libc_a-lock.o)
                0x20018fcc                __lock___malloc_recursive_mutex
 *fill*         0x20018fcd        0x3 
 .bss.__malloc_current_mallinfo
                0x20018fd0       0x28 d:/program files (x86)/arm gnu toolchain arm-none-eabi/12.2 rel1/bin/../lib/gcc/arm-none-eabi/12.2.1/thumb/v6-m/nofp\libc.a(libc_a-mallocr.o)
                0x20018fd0                __malloc_current_mallinfo
 .bss.__malloc_max_sbrked_mem
                0x20018ff8        0x4 d:/program files (x86)/arm gnu toolchain arm-none-eabi/12.2 rel1/bin/../lib/gcc/arm-none-eabi/12.2.1/thumb/v6-m/nofp\libc.a(libc_a-mallocr.o)
                0x20018ff8                __malloc_max_sbrked_mem
 .bss.__malloc_max_total_mem
                0x20018ffc        0x4 d:/program files (x86)/arm gnu toolchain arm-none-eabi/12.2 rel1/bin/../lib/gcc/arm-none-eabi/12.2.1/thumb/v6-m/nofp\libc.a(libc_a-mallocr.o)
                0x20018ffc                __malloc_max_total_mem
 .bss.__malloc_top_pad
                0x20019000        0x4 d:/program files (x86)/arm gnu toolchain arm-none-eabi/12.2 rel1/bin/../lib/gcc/arm-none-eabi/12.2.1/thumb/v6-m/nofp\libc.a(libc_a-mallocr.o)
                0x20019000                __malloc_top_pad
 .bss.__sf      0x20019004      0x138 d:/program files (x86)/arm gnu toolchain arm-none-eabi/12.2 rel1/bin/../lib/gcc/arm-none-eabi/12.2.1/thumb/v6-m/nofp\libc.a(libc_a-findfp.o)
                0x20019004                __sf
 .bss._app_driver
                0x2001913c        0x4 CMakeFiles/pico-timer.dir/D_/Pico/pico-sdk/lib/tinyusb/src/device/usbd.c.obj
 .bss._cdcd_itf
                0x20019140      0x2d8 CMakeFiles/pico-timer.dir/D_/Pico/pico-sdk/lib/tinyusb/src/class/cdc/cdc_device.c.obj
 .bss._ctrl_xfer
                0x20019418       0x14 CMakeFiles/pico-timer.dir/D_/Pico/pico-sdk/lib/tinyusb/src/device/usbd_control.c.obj
 .bss._ubsd_mutexdef
                0x2001942c        0x8 CMakeFiles/pico-timer.dir/D_/Pico/pico-sdk/lib/tinyusb/src/device/usbd.c.obj
 .bss._usbd_ctrl_buf
                0x20019434       0x40 CMakeFiles/pico-timer.dir/D_/Pico/pico-sdk/lib/tinyusb/src/device/usbd_control.c.obj
 .bss._usbd_dev
                0x20019474       0x53 CMakeFiles/pico-timer.dir/D_/Pico/pico-sdk/lib/tinyusb/src/device/usbd.c.obj
 *fill*         0x200194c7        0x1 
 .bss._usbd_mutex
                0x200194c8        0x4 CMakeFiles/pico-timer.dir/D_/Pico/pico-sdk/lib/tinyusb/src/device/usbd.c.obj
 .bss._usbd_q   0x200194cc        0x4 CMakeFiles/pico-timer.dir/D_/Pico/pico-sdk/lib/tinyusb/src/device/usbd.c.obj
 .bss._usbd_qdef_buf
                0x200194d0       0xc0 CMakeFiles/pico-timer.dir/D_/Pico/pico-sdk/lib/tinyusb/src/device/usbd.c.obj
                0x200194d0                _usbd_qdef_buf
 .bss.alarm_callbacks
                0x20019590       0x10 CMakeFiles/pico-timer.dir/D_/Pico/pico-sdk/src/rp2_common/hardware_timer/timer.c.obj
 .bss.boot2_copyout
                0x200195a0      0x100 CMakeFiles/pico-timer.dir/D_/Pico/pico-sdk/src/rp2_common/hardware_flash/flash.c.obj
 .bss.btn_e_time
                0x200196a0        0x4 CMakeFiles/pico-timer.dir/pico-timer.cpp.obj
                0x200196a0                btn_e_time
 .bss.btn_m_time
                0x200196a4        0x4 CMakeFiles/pico-timer.dir/pico-timer.cpp.obj
                0x200196a4                btn_m_time
 .bss.btn_s_time
                0x200196a8        0x4 CMakeFiles/pico-timer.dir/pico-timer.cpp.obj
                0x200196a8                btn_s_time
 .bss.buz0      0x200196ac        0x4 CMakeFiles/pico-timer.dir/pico-timer.cpp.obj
                0x200196ac                buz0
 .bss.buz1      0x200196b0        0x4 CMakeFiles/pico-timer.dir/pico-timer.cpp.obj
                0x200196b0                buz1
 .bss.callbacks
                0x200196b4        0x8 CMakeFiles/pico-timer.dir/D_/Pico/pico-sdk/src/rp2_common/hardware_gpio/gpio.c.obj
 .bss.claimed   0x200196bc        0x4 CMakeFiles/pico-timer.dir/D_/Pico/pico-sdk/src/rp2_common/hardware_sync/sync.c.obj
 .bss.default_alarm_pool_entry_ids_high
                0x200196c0       0x10 CMakeFiles/pico-timer.dir/D_/Pico/pico-sdk/src/common/pico_time/time.c.obj
 .bss.default_alarm_pool_heap_nodes
                0x200196d0       0x30 CMakeFiles/pico-timer.dir/D_/Pico/pico-sdk/src/common/pico_time/time.c.obj
 .bss.desc_str.0
                0x20019700       0x28 CMakeFiles/pico-timer.dir/D_/Pico/pico-sdk/src/rp2_common/pico_stdio_usb/stdio_usb_descriptors.c.obj
 .bss.drivers   0x20019728        0x4 CMakeFiles/pico-timer.dir/D_/Pico/pico-sdk/src/rp2_common/pico_stdio/stdio.c.obj
 .bss.errno     0x2001972c        0x4 d:/program files (x86)/arm gnu toolchain arm-none-eabi/12.2 rel1/bin/../lib/gcc/arm-none-eabi/12.2.1/thumb/v6-m/nofp\libc.a(libc_a-reent.o)
                0x2001972c                errno
 .bss.filter    0x20019730        0x4 CMakeFiles/pico-timer.dir/D_/Pico/pico-sdk/src/rp2_common/pico_stdio/stdio.c.obj
 .bss.heap_end.0
                0x20019734        0x4 CMakeFiles/pico-timer.dir/D_/Pico/pico-sdk/src/rp2_common/pico_runtime/runtime.c.obj
 .bss.hw_endpoints
                0x20019738      0x400 CMakeFiles/pico-timer.dir/D_/Pico/pico-sdk/lib/tinyusb/src/portable/raspberrypi/rp2040/dcd_rp2040.c.obj
 .bss.lazy_vsnprintf
                0x20019b38        0x4 CMakeFiles/pico-timer.dir/D_/Pico/pico-sdk/src/rp2_common/pico_printf/printf.c.obj
 .bss.load_value
                0x20019b3c        0x4 CMakeFiles/pico-timer.dir/D_/Pico/pico-sdk/src/rp2_common/hardware_watchdog/watchdog.c.obj
 .bss.next_buffer_ptr
                0x20019b40        0x4 CMakeFiles/pico-timer.dir/D_/Pico/pico-sdk/lib/tinyusb/src/portable/raspberrypi/rp2040/dcd_rp2040.c.obj
 .bss.object.0  0x20019b44       0x18 d:/program files (x86)/arm gnu toolchain arm-none-eabi/12.2 rel1/bin/../lib/gcc/arm-none-eabi/12.2.1/thumb/v6-m/nofp/crtbegin.o
 .bss.pools     0x20019b5c       0x10 CMakeFiles/pico-timer.dir/D_/Pico/pico-sdk/src/common/pico_time/time.c.obj
 .bss.raw_irq_mask
                0x20019b6c        0x8 CMakeFiles/pico-timer.dir/D_/Pico/pico-sdk/src/rp2_common/hardware_gpio/gpio.c.obj
 .bss.retrieved_id
                0x20019b74        0x8 CMakeFiles/pico-timer.dir/D_/Pico/pico-sdk/src/rp2_common/pico_unique_id/unique_id.c.obj
 .bss.sf_clz_func
                0x20019b7c        0x4 CMakeFiles/pico-timer.dir/D_/Pico/pico-sdk/src/rp2_common/pico_double/double_init_rom.c.obj
                0x20019b7c                sf_clz_func
 .bss.sleep_notifier
                0x20019b80        0x4 CMakeFiles/pico-timer.dir/D_/Pico/pico-sdk/src/common/pico_time/time.c.obj
 .bss.stdio_usb_mutex
                0x20019b84        0x8 CMakeFiles/pico-timer.dir/D_/Pico/pico-sdk/src/rp2_common/pico_stdio_usb/stdio_usb.c.obj
 .bss.target_hi
                0x20019b8c       0x10 CMakeFiles/pico-timer.dir/D_/Pico/pico-sdk/src/rp2_common/hardware_timer/timer.c.obj
 .bss.usbd_serial_str
                0x20019b9c       0x11 CMakeFiles/pico-timer.dir/D_/Pico/pico-sdk/src/rp2_common/pico_stdio_usb/stdio_usb_descriptors.c.obj
 *fill*         0x20019bad        0x3 
 .bss.user_irq_claimed
                0x20019bb0        0x2 CMakeFiles/pico-timer.dir/D_/Pico/pico-sdk/src/rp2_common/hardware_irq/irq.c.obj
 .bss._ZL9core_exit
                0x20019bb2        0x1 CMakeFiles/pico-timer.dir/pico-timer.cpp.obj
 .bss._ZL9core_song
                0x20019bb3        0x1 CMakeFiles/pico-timer.dir/pico-timer.cpp.obj
 .bss._ZZ13timer_dynamicP15repeating_timerE5phase
                0x20019bb4        0x1 CMakeFiles/pico-timer.dir/pico-timer.cpp.obj
 .bss._app_driver_count
                0x20019bb5        0x1 CMakeFiles/pico-timer.dir/D_/Pico/pico-sdk/lib/tinyusb/src/device/usbd.c.obj
 .bss._usbd_initialized
                0x20019bb6        0x1 CMakeFiles/pico-timer.dir/D_/Pico/pico-sdk/lib/tinyusb/src/device/usbd.c.obj
 .bss.boot2_copyout_valid
                0x20019bb7        0x1 CMakeFiles/pico-timer.dir/D_/Pico/pico-sdk/src/rp2_common/hardware_flash/flash.c.obj
 .bss.claimed   0x20019bb8        0x1 CMakeFiles/pico-timer.dir/D_/Pico/pico-sdk/src/rp2_common/hardware_timer/timer.c.obj
 .bss.irq_hander_chain_free_slot_head
                0x20019bb9        0x1 CMakeFiles/pico-timer.dir/D_/Pico/pico-sdk/src/rp2_common/hardware_irq/irq.c.obj
 .bss.itf_num   0x20019bba        0x1 CMakeFiles/pico-timer.dir/D_/Pico/pico-sdk/src/rp2_common/pico_stdio_usb/reset_interface.c.obj
 .bss.low_priority_irq_num
                0x20019bbb        0x1 CMakeFiles/pico-timer.dir/D_/Pico/pico-sdk/src/rp2_common/pico_stdio_usb/stdio_usb.c.obj
 .bss.timer_callbacks_pending
                0x20019bbc        0x1 CMakeFiles/pico-timer.dir/D_/Pico/pico-sdk/src/rp2_common/hardware_timer/timer.c.obj
 *(COMMON)
                0x20019bc0                . = ALIGN (0x4)
 *fill*         0x20019bbd        0x3 
                0x20019bc0                __bss_end__ = .

.heap           0x20019bc0      0x800
                0x20019bc0                __end__ = .
                0x20019bc0                end = __end__
 *(.heap*)
 .heap          0x20019bc0      0x800 CMakeFiles/pico-timer.dir/D_/Pico/pico-sdk/src/rp2_common/pico_standard_link/crt0.S.obj
                0x2001a3c0                __HeapLimit = .

.stack1_dummy   0x20040000      0x800
 *(.stack1*)
 .stack1        0x20040000      0x800 CMakeFiles/pico-timer.dir/D_/Pico/pico-sdk/src/rp2_common/pico_multicore/multicore.c.obj

.stack_dummy    0x20041000      0x800
 *(.stack*)
 .stack         0x20041000      0x800 CMakeFiles/pico-timer.dir/D_/Pico/pico-sdk/src/rp2_common/pico_standard_link/crt0.S.obj

.flash_end      0x1002301c        0x0
                0x1002301c                __flash_binary_end = .
                0x20040000                __StackLimit = (ORIGIN (RAM) + LENGTH (RAM))
                0x20041000                __StackOneTop = (ORIGIN (SCRATCH_X) + LENGTH (SCRATCH_X))
                0x20042000                __StackTop = (ORIGIN (SCRATCH_Y) + LENGTH (SCRATCH_Y))
                0x20040800                __StackOneBottom = (__StackOneTop - SIZEOF (.stack1_dummy))
                0x20041800                __StackBottom = (__StackTop - SIZEOF (.stack_dummy))
                0x20042000                PROVIDE (__stack = __StackTop)
                0x00000001                ASSERT ((__StackLimit >= __HeapLimit), region RAM overflowed)
                0x00000001                ASSERT (((__binary_info_header_end - __logical_binary_start) <= 0x100), Binary info must be in first 256 bytes of the binary)
LOAD CMakeFiles/pico-timer.dir/pico-timer.cpp.obj
LOAD CMakeFiles/pico-timer.dir/buzzer.cpp.obj
LOAD CMakeFiles/pico-timer.dir/midi.cpp.obj
LOAD CMakeFiles/pico-timer.dir/D_/Pico/pico-sdk/src/rp2_common/pico_stdlib/stdlib.c.obj
LOAD CMakeFiles/pico-timer.dir/D_/Pico/pico-sdk/src/rp2_common/hardware_gpio/gpio.c.obj
LOAD CMakeFiles/pico-timer.dir/D_/Pico/pico-sdk/src/rp2_common/hardware_claim/claim.c.obj
LOAD CMakeFiles/pico-timer.dir/D_/Pico/pico-sdk/src/rp2_common/pico_platform/platform.c.obj
LOAD CMakeFiles/pico-timer.dir/D_/Pico/pico-sdk/src/rp2_common/hardware_sync/sync.c.obj
LOAD CMakeFiles/pico-timer.dir/D_/Pico/pico-sdk/src/rp2_common/hardware_irq/irq.c.obj
LOAD CMakeFiles/pico-timer.dir/D_/Pico/pico-sdk/src/rp2_common/hardware_irq/irq_handler_chain.S.obj
LOAD CMakeFiles/pico-timer.dir/D_/Pico/pico-sdk/src/common/pico_sync/sem.c.obj
LOAD CMakeFiles/pico-timer.dir/D_/Pico/pico-sdk/src/common/pico_sync/lock_core.c.obj
LOAD CMakeFiles/pico-timer.dir/D_/Pico/pico-sdk/src/common/pico_time/time.c.obj
LOAD CMakeFiles/pico-timer.dir/D_/Pico/pico-sdk/src/common/pico_time/timeout_helper.c.obj
LOAD CMakeFiles/pico-timer.dir/D_/Pico/pico-sdk/src/rp2_common/hardware_timer/timer.c.obj
LOAD CMakeFiles/pico-timer.dir/D_/Pico/pico-sdk/src/common/pico_util/datetime.c.obj
LOAD CMakeFiles/pico-timer.dir/D_/Pico/pico-sdk/src/common/pico_util/pheap.c.obj
LOAD CMakeFiles/pico-timer.dir/D_/Pico/pico-sdk/src/common/pico_util/queue.c.obj
LOAD CMakeFiles/pico-timer.dir/D_/Pico/pico-sdk/src/common/pico_sync/mutex.c.obj
LOAD CMakeFiles/pico-timer.dir/D_/Pico/pico-sdk/src/common/pico_sync/critical_section.c.obj
LOAD CMakeFiles/pico-timer.dir/D_/Pico/pico-sdk/src/rp2_common/hardware_uart/uart.c.obj
LOAD CMakeFiles/pico-timer.dir/D_/Pico/pico-sdk/src/rp2_common/hardware_divider/divider.S.obj
LOAD CMakeFiles/pico-timer.dir/D_/Pico/pico-sdk/src/rp2_common/pico_runtime/runtime.c.obj
LOAD CMakeFiles/pico-timer.dir/D_/Pico/pico-sdk/src/rp2_common/hardware_clocks/clocks.c.obj
LOAD CMakeFiles/pico-timer.dir/D_/Pico/pico-sdk/src/rp2_common/hardware_pll/pll.c.obj
LOAD CMakeFiles/pico-timer.dir/D_/Pico/pico-sdk/src/rp2_common/hardware_vreg/vreg.c.obj
LOAD CMakeFiles/pico-timer.dir/D_/Pico/pico-sdk/src/rp2_common/hardware_watchdog/watchdog.c.obj
LOAD CMakeFiles/pico-timer.dir/D_/Pico/pico-sdk/src/rp2_common/hardware_xosc/xosc.c.obj
LOAD CMakeFiles/pico-timer.dir/D_/Pico/pico-sdk/src/rp2_common/pico_printf/printf.c.obj
LOAD CMakeFiles/pico-timer.dir/D_/Pico/pico-sdk/src/rp2_common/pico_bit_ops/bit_ops_aeabi.S.obj
LOAD CMakeFiles/pico-timer.dir/D_/Pico/pico-sdk/src/rp2_common/pico_bootrom/bootrom.c.obj
LOAD CMakeFiles/pico-timer.dir/D_/Pico/pico-sdk/src/rp2_common/pico_divider/divider.S.obj
LOAD CMakeFiles/pico-timer.dir/D_/Pico/pico-sdk/src/rp2_common/pico_double/double_aeabi.S.obj
LOAD CMakeFiles/pico-timer.dir/D_/Pico/pico-sdk/src/rp2_common/pico_double/double_init_rom.c.obj
LOAD CMakeFiles/pico-timer.dir/D_/Pico/pico-sdk/src/rp2_common/pico_double/double_math.c.obj
LOAD CMakeFiles/pico-timer.dir/D_/Pico/pico-sdk/src/rp2_common/pico_double/double_v1_rom_shim.S.obj
LOAD CMakeFiles/pico-timer.dir/D_/Pico/pico-sdk/src/rp2_common/pico_int64_ops/pico_int64_ops_aeabi.S.obj
LOAD CMakeFiles/pico-timer.dir/D_/Pico/pico-sdk/src/rp2_common/pico_float/float_aeabi.S.obj
LOAD CMakeFiles/pico-timer.dir/D_/Pico/pico-sdk/src/rp2_common/pico_float/float_init_rom.c.obj
LOAD CMakeFiles/pico-timer.dir/D_/Pico/pico-sdk/src/rp2_common/pico_float/float_math.c.obj
LOAD CMakeFiles/pico-timer.dir/D_/Pico/pico-sdk/src/rp2_common/pico_float/float_v1_rom_shim.S.obj
LOAD CMakeFiles/pico-timer.dir/D_/Pico/pico-sdk/src/rp2_common/pico_malloc/pico_malloc.c.obj
LOAD CMakeFiles/pico-timer.dir/D_/Pico/pico-sdk/src/rp2_common/pico_mem_ops/mem_ops_aeabi.S.obj
LOAD CMakeFiles/pico-timer.dir/D_/Pico/pico-sdk/src/rp2_common/pico_standard_link/crt0.S.obj
LOAD CMakeFiles/pico-timer.dir/D_/Pico/pico-sdk/src/rp2_common/pico_standard_link/new_delete.cpp.obj
LOAD CMakeFiles/pico-timer.dir/D_/Pico/pico-sdk/src/rp2_common/pico_standard_link/binary_info.c.obj
LOAD CMakeFiles/pico-timer.dir/D_/Pico/pico-sdk/src/rp2_common/pico_stdio/stdio.c.obj
LOAD CMakeFiles/pico-timer.dir/D_/Pico/pico-sdk/src/rp2_common/pico_stdio_usb/reset_interface.c.obj
LOAD CMakeFiles/pico-timer.dir/D_/Pico/pico-sdk/src/rp2_common/pico_stdio_usb/stdio_usb.c.obj
LOAD CMakeFiles/pico-timer.dir/D_/Pico/pico-sdk/src/rp2_common/pico_stdio_usb/stdio_usb_descriptors.c.obj
LOAD CMakeFiles/pico-timer.dir/D_/Pico/pico-sdk/lib/tinyusb/src/portable/raspberrypi/rp2040/dcd_rp2040.c.obj
LOAD CMakeFiles/pico-timer.dir/D_/Pico/pico-sdk/lib/tinyusb/src/portable/raspberrypi/rp2040/rp2040_usb.c.obj
LOAD CMakeFiles/pico-timer.dir/D_/Pico/pico-sdk/lib/tinyusb/src/device/usbd.c.obj
LOAD CMakeFiles/pico-timer.dir/D_/Pico/pico-sdk/lib/tinyusb/src/device/usbd_control.c.obj
LOAD CMakeFiles/pico-timer.dir/D_/Pico/pico-sdk/lib/tinyusb/src/class/audio/audio_device.c.obj
LOAD CMakeFiles/pico-timer.dir/D_/Pico/pico-sdk/lib/tinyusb/src/class/cdc/cdc_device.c.obj
LOAD CMakeFiles/pico-timer.dir/D_/Pico/pico-sdk/lib/tinyusb/src/class/dfu/dfu_device.c.obj
LOAD CMakeFiles/pico-timer.dir/D_/Pico/pico-sdk/lib/tinyusb/src/class/dfu/dfu_rt_device.c.obj
LOAD CMakeFiles/pico-timer.dir/D_/Pico/pico-sdk/lib/tinyusb/src/class/hid/hid_device.c.obj
LOAD CMakeFiles/pico-timer.dir/D_/Pico/pico-sdk/lib/tinyusb/src/class/midi/midi_device.c.obj
LOAD CMakeFiles/pico-timer.dir/D_/Pico/pico-sdk/lib/tinyusb/src/class/msc/msc_device.c.obj
LOAD CMakeFiles/pico-timer.dir/D_/Pico/pico-sdk/lib/tinyusb/src/class/net/ecm_rndis_device.c.obj
LOAD CMakeFiles/pico-timer.dir/D_/Pico/pico-sdk/lib/tinyusb/src/class/net/ncm_device.c.obj
LOAD CMakeFiles/pico-timer.dir/D_/Pico/pico-sdk/lib/tinyusb/src/class/usbtmc/usbtmc_device.c.obj
LOAD CMakeFiles/pico-timer.dir/D_/Pico/pico-sdk/lib/tinyusb/src/class/vendor/vendor_device.c.obj
LOAD CMakeFiles/pico-timer.dir/D_/Pico/pico-sdk/lib/tinyusb/src/class/video/video_device.c.obj
LOAD CMakeFiles/pico-timer.dir/D_/Pico/pico-sdk/lib/tinyusb/src/tusb.c.obj
LOAD CMakeFiles/pico-timer.dir/D_/Pico/pico-sdk/lib/tinyusb/src/common/tusb_fifo.c.obj
LOAD CMakeFiles/pico-timer.dir/D_/Pico/pico-sdk/src/rp2_common/pico_fix/rp2040_usb_device_enumeration/rp2040_usb_device_enumeration.c.obj
LOAD CMakeFiles/pico-timer.dir/D_/Pico/pico-sdk/src/rp2_common/pico_unique_id/unique_id.c.obj
LOAD CMakeFiles/pico-timer.dir/D_/Pico/pico-sdk/src/rp2_common/hardware_flash/flash.c.obj
LOAD CMakeFiles/pico-timer.dir/D_/Pico/pico-sdk/src/rp2_common/pico_multicore/multicore.c.obj
LOAD C:\Users\junso\AppData\Local\Temp\ccw1lrt3.o
LOAD d:/program files (x86)/arm gnu toolchain arm-none-eabi/12.2 rel1/bin/../lib/gcc/arm-none-eabi/12.2.1/thumb/v6-m/nofp\libstdc++.a
LOAD d:/program files (x86)/arm gnu toolchain arm-none-eabi/12.2 rel1/bin/../lib/gcc/arm-none-eabi/12.2.1/thumb/v6-m/nofp\libm.a
START GROUP
LOAD d:/program files (x86)/arm gnu toolchain arm-none-eabi/12.2 rel1/bin/../lib/gcc/arm-none-eabi/12.2.1/thumb/v6-m/nofp\libgcc.a
LOAD d:/program files (x86)/arm gnu toolchain arm-none-eabi/12.2 rel1/bin/../lib/gcc/arm-none-eabi/12.2.1/thumb/v6-m/nofp\libc.a
END GROUP
START GROUP
LOAD d:/program files (x86)/arm gnu toolchain arm-none-eabi/12.2 rel1/bin/../lib/gcc/arm-none-eabi/12.2.1/thumb/v6-m/nofp\libgcc.a